04-23 13:25:04.397 V/WindowManager( 1426):    ChangeInfo{18bb2e6 container=ActivityRecord{110282812 u0 com.toov1.dovizaltin/.MainActivity t-1 f}} flags=0x0}
04-23 13:25:04.397 V/WindowManager( 1426):    ChangeInfo{ce17027 container=Task{fe9b9c5 #6210 type=standard A=10472:com.toov1.dovizaltin} flags=0x0}
04-23 13:25:04.397 I/SurfaceFlinger( 1101): id=5873 Removed ActivityRecord{110282812 u0 com.toov1.dovizaltin/.MainActivity t6210}#5873 (144)
04-23 13:25:04.398 D/ChangeTransitionController( 1426):    ChangeInfo{18bb2e6 container=ActivityRecord{110282812 u0 com.toov1.dovizaltin/.MainActivity t-1 f}} flags=0x0}
04-23 13:25:04.398 D/ChangeTransitionController( 1426):    ChangeInfo{ce17027 container=Task{fe9b9c5 #6210 type=standard A=10472:com.toov1.dovizaltin} flags=0x0}
04-23 13:25:04.401 I/SurfaceFlinger( 1101): destroyed ActivityRecord{110282812 u0 com.toov1.dovizaltin/.MainActivity t6210}#5873
04-23 13:25:04.401 I/SurfaceFlinger( 1101): destroyed 678400e ActivityRecordInputSink com.toov1.dovizaltin/.MainActivity#5877
04-23 13:25:04.401 I/Layer   ( 1101): id=5873 Destroyed ActivityRecord{110282812 u0 com.toov1.dovizaltin/.MainActivity t6210}#5873
04-23 13:25:04.401 I/Layer   ( 1101): id=5877 Destroyed 678400e ActivityRecordInputSink com.toov1.dovizaltin/.MainActivity#5877
04-23 13:25:04.411 D/SGM:FgCheckThread( 1426): getForegroundApp(), foregroundPkgName=com.sec.android.app.launcher
04-23 13:25:04.412 D/SGM:FgCheckThread( 1426): pkgName: com.sec.android.app.launcher is in foreground
04-23 13:25:04.964 I/HoneySpace.SALoggingUtils(23211): SA Logging screenID: 101 eventId: 1003 detail: {PackageName=com.toov1.dovizaltin, det=1} value: -1
04-23 13:25:04.969 I/HoneySpace.WidgetInteractionHandlerImpl(23211): [findHostViewAncestor] - com.honeyspace.ui.common.widget.HoneyAppWidgetHostView{4c3860a VFE...... R....... 30,30-1158,299} - span boundary: (4, 1) ~ (4, 6), appWidgetSize: 0, flag: 1, lastAppliedInfo: RemoteViewInfo(packages=com.toov1.dovizaltin), cachedImageView: false
04-23 13:25:04.969 I/HoneySpace.WidgetInteractionHandlerImpl(23211): [getActivityLaunchOptions] hostView-com.honeyspace.ui.common.widget.HoneyAppWidgetHostView{4c3860a VFE...... R....... 30,30-1158,299} - span boundary: (4, 1) ~ (4, 6), appWidgetSize: 0, flag: 1, lastAppliedInfo: RemoteViewInfo(packages=com.toov1.dovizaltin), cachedImageView: false, targetView-com.honeyspace.ui.common.widget.WidgetHostViewContainer{a56da4f VFE...CL. ........ 0,0-1000,284} - Çarşı Piyasa - Canlı Döviz & Altın, appWidgetId=25, alpha=1.0, spanX=4, spanY=1, isStandardized: false, lastLabel: null, lastCornerRadius: null, lastBackgroundOpacity: 0, lastTransparent: true, x=0, y=0, cookieId-36881, intent-Intent { cmp=com.toov1.dovizaltin/.widget.PriceWidget }
04-23 13:25:04.974 D/ActivityManager( 1426): Received BROADCAST intent 0x9589b93 Key{broadcastIntent pkg=com.toov1.dovizaltin intent=act=com.toov1.dovizaltin.WIDGET_CLICK xflg=0x4 cmp=com.toov1.dovizaltin/.widget.PriceWidget flags=0x2000000 u=0} requestCode=-1176559709 sent=0 from uid 10153
04-23 13:25:04.979 D/AppWidgetProvider( 7922): onReceive:com.toov1.dovizaltin.WIDGET_CLICK
04-23 13:25:04.981 I/AppWidgetServiceImpl( 1426): getInstalledProvidersForProfiles lock in com.toov1.dovizaltin
04-23 13:25:04.999 D/PackageManager( 1426): setEnabledSetting : userId = 0 packageName = com.toov1.dovizaltin cmp = androidx.work.impl.background.systemalarm.RescheduleReceiver newState = 1 callingPackage = com.toov1.dovizaltin
04-23 13:25:04.999 D/ApplicationPolicy( 1426): getApplicationStateEnabled : pkg = com.toov1.dovizaltin userId : 0
04-23 13:25:04.999 D/ApplicationPolicy( 1426): getApplicationComponentState : pkg = com.toov1.dovizaltin userId : 0
04-23 13:25:05.012 D/PackageManager( 1426): setEnabledSetting : userId = 0 packageName = com.toov1.dovizaltin cmp = androidx.work.impl.background.systemalarm.RescheduleReceiver newState = 1 callingPackage = com.toov1.dovizaltin
04-23 13:25:05.012 D/ApplicationPolicy( 1426): getApplicationStateEnabled : pkg = com.toov1.dovizaltin userId : 0
04-23 13:25:05.012 D/ApplicationPolicy( 1426): getApplicationComponentState : pkg = com.toov1.dovizaltin userId : 0
04-23 13:25:05.021 W/JobInfo ( 7922): Requested important-while-foreground flag for job103 is ignored and takes no effect
04-23 13:25:05.042 I/ReactNativeJS( 7922): [CARSI-WIDGET] taskHandler ENTER action=WIDGET_CLICK id=25 name=PriceWidget w=401 h=95
04-23 13:25:05.085 I/ReactNativeJS( 7922): [CARSI-WIDGET] renderWidget OK stage=cache+refreshing field=sell rows=4 loading=false err=-
04-23 13:25:05.085 I/ReactNativeJS( 7922): [CARSI-WIDGET] fetching prices… codes=USD,EUR,ALTIN,CEYREK
04-23 13:25:05.134 I/Kumiho-Kumiho( 7922): getPackageName: com.toov1.dovizaltin
04-23 13:25:05.454 I/Kumiho-Kumiho( 7922): getPackageName: com.toov1.dovizaltin
04-23 13:25:05.617 I/Kumiho-Kumiho( 7922): getPackageName: com.toov1.dovizaltin
04-23 13:25:05.874 I/Kumiho-Kumiho( 7922): getPackageName: com.toov1.dovizaltin
04-23 13:25:06.037 D/AppWidgetServiceImpl( 1426): Trying to notify widget update for package com.toov1.dovizaltin with widget id: 25
04-23 13:25:06.039 I/AppWidgetHost(23211): updateAppWidgetView, appWidgetId = 25, v = com.honeyspace.ui.common.widget.HoneyAppWidgetHostView{4c3860a VFE...... R....... 30,30-1158,299} - span boundary: (4, 1) ~ (4, 6), appWidgetSize: 0, flag: 1, lastAppliedInfo: RemoteViewInfo(packages=com.toov1.dovizaltin), cachedImageView: false
04-23 13:25:06.622 I/ReactNativeJS( 7922): [CARSI-WIDGET] taskHandler ENTER action=WIDGET_CLICK id=25 name=PriceWidget w=401 h=95
04-23 13:25:06.670 I/ReactNativeJS( 7922): [CARSI-WIDGET] renderWidget OK stage=cache+refreshing field=sell rows=4 loading=false err=-
04-23 13:25:06.671 I/ReactNativeJS( 7922): [CARSI-WIDGET] fetching prices… codes=USD,EUR,ALTIN,CEYREK
04-23 13:25:06.677 W/NotifeeHeadlessJS( 7922): Failed to find taskId: 27
04-23 13:25:06.728 I/Kumiho-Kumiho( 7922): getPackageName: com.toov1.dovizaltin
04-23 13:25:06.986 I/Kumiho-Kumiho( 7922): getPackageName: com.toov1.dovizaltin
04-23 13:25:07.138 I/Kumiho-Kumiho( 7922): getPackageName: com.toov1.dovizaltin
04-23 13:25:07.381 I/Kumiho-Kumiho( 7922): getPackageName: com.toov1.dovizaltin
04-23 13:25:07.547 D/AppWidgetServiceImpl( 1426): Trying to notify widget update for package com.toov1.dovizaltin with widget id: 25
04-23 13:25:07.550 I/AppWidgetHost(23211): updateAppWidgetView, appWidgetId = 25, v = com.honeyspace.ui.common.widget.HoneyAppWidgetHostView{4c3860a VFE...... R....... 30,30-1158,299} - span boundary: (4, 1) ~ (4, 6), appWidgetSize: 0, flag: 1, lastAppliedInfo: RemoteViewInfo(packages=com.toov1.dovizaltin), cachedImageView: false
