04-23 13:24:43.099 D/VibratorManagerService( 1426): Check AppOp mode VIBRATE for uid 10472 and package com.toov1.dovizaltin returned audio=allow, op=allow
04-23 13:24:43.100 D/VibratorManagerService( 1426): Start AppOp mode VIBRATE for uid 10472 and package com.toov1.dovizaltin returned allow
04-23 13:24:43.152 I/Kumiho-Kumiho( 7922): getPackageName: com.toov1.dovizaltin
04-23 13:24:43.157 D/VibratorManagerService( 1426): Finish AppOp mode VIBRATE for uid 10472 and package com.toov1.dovizaltin
04-23 13:24:43.191 I/Kumiho-Kumiho( 7922): getPackageName: com.toov1.dovizaltin
04-23 13:24:43.250 I/Kumiho-Kumiho( 7922): getPackageName: com.toov1.dovizaltin
04-23 13:24:43.279 I/Kumiho-Kumiho( 7922): getPackageName: com.toov1.dovizaltin
04-23 13:24:43.338 I/Kumiho-Kumiho( 7922): getPackageName: com.toov1.dovizaltin
04-23 13:24:43.373 I/Kumiho-Kumiho( 7922): getPackageName: com.toov1.dovizaltin
04-23 13:24:43.432 I/Kumiho-Kumiho( 7922): getPackageName: com.toov1.dovizaltin
04-23 13:24:43.461 I/Kumiho-Kumiho( 7922): getPackageName: com.toov1.dovizaltin
04-23 13:24:43.480 I/LayerHistory( 1101): com.toov1.dovizaltin/com.toov1.dovizaltin.MainActivity$_7922#6000 voted ExplicitCategory with category: HighHint
04-23 13:24:43.520 I/Kumiho-Kumiho( 7922): getPackageName: com.toov1.dovizaltin
04-23 13:24:43.573 D/ActivityManager( 1426): Stop FGS timeout: ServiceRecord{6cb8ce8 u0 com.toov1.dovizaltin/app.notifee.core.ForegroundService c:com.toov1.dovizaltin}
04-23 13:24:43.574 W/ForegroundServiceTypeLoggerModule( 1426): FGS stop call for: 10472 has no types!
04-23 13:24:43.574 D/EdgeLightingManager( 1426): hideForNotification : packageName = com.toov1.dovizaltin
04-23 13:24:43.574 D/EdgeLightingPolicyManager:NotificationGroup( 1426): remove : sbn : StatusBarNotification(pkg=com.toov1.dovizaltin user=UserHandle{0} id=-169915944 tag=null key=0|com.toov1.dovizaltin|-169915944|null|10472: Notification(channel=carsi-ongoing shortcut=null contentView=null vibrate=null sound=null defaults=0 flags=ONGOING_EVENT|ONLY_ALERT_ONCE|NO_CLEAR|FOREGROUND_SERVICE color=0xff0b3d91 vis=PRIVATE semFlags=0x0 semPriority=0 semMissedCount=0))
04-23 13:24:43.575 D/SecFgsManagerController( 1865): onForegroundStateChanged: [dialog:false]:[isForeground:false]:[packageName:com.toov1.dovizaltin]:[token:android.os.BinderProxy@7190934]:[userId:0]
04-23 13:24:43.578 D/NotificationService( 1426): removeFlagFromNotificationLocked pkg = com.toov1.dovizaltin notificationId = -169915944, flag = 64
04-23 13:24:43.578 D/NotificationReminder( 1426): removeFromNotificationList record com.toov1.dovizaltin
04-23 13:24:43.579 D/S.S.N.  ( 1865): onEntryRemoved parent : 0|com.toov1.dovizaltin|-169915944|null|10472
04-23 13:24:43.579 D/InsignificantCoordinator( 1865): onEntryRemoved :0|com.toov1.dovizaltin|-169915944|null|10472 flags: 0 entrySize:0
04-23 13:24:43.580 I/HoneySpace.NotificationListener(23211): onNotificationRemoved com.toov1.dovizaltin: 0|com.toov1.dovizaltin|-169915944|null|10472: 0
04-23 13:24:43.580 I/HoneySpace.NotificationListener(23211): onNotificationRemoved sbn : StatusBarNotification(pkg=com.toov1.dovizaltin user=UserHandle{0} id=-169915944 tag=null key=0|com.toov1.dovizaltin|-169915944|null|10472: Notification(channel=carsi-ongoing shortcut=null contentView=null vibrate=null sound=null defaults=0 flags=ONGOING_EVENT|ONLY_ALERT_ONCE|NO_CLEAR|FOREGROUND_SERVICE color=0xff0b3d91 vis=PRIVATE semFlags=0x0 semPriority=0 semMissedCount=0)), reason : 8
04-23 13:24:43.581 I/HoneySpace.PackageEventOperator(23211): [ApplistViewModel] badge count is updated. com.toov1.dovizaltin/.MainActivity#UserHandle{0}|36880 : 0
04-23 13:24:43.598 D/StackScroller( 1865): generateRemoveAnimation 0|com.toov1.dovizaltin|-169915944|null|10472
04-23 13:24:43.598 D/StackScroller( 1865): generateRemoveAnimation 0|com.toov1.dovizaltin|-169915944|null|10472 mIsExpanded false mAnimationsEnabled true
04-23 13:24:43.598 D/StackScroller( 1865): onViewRemovedInternal remove child without animation 0|com.toov1.dovizaltin|-169915944|null|10472
04-23 13:24:43.600 I/View    ( 1865): setRequestedFrameRate frameRate=-2.0, this=StatusBarIconView(slot='com.toov1.dovizaltin/0xf5df49d8' alpha=1.0 icon=StatusBarIcon(icon=Icon(typ=RESOURCE pkg=com.toov1.dovizaltin id=0x7f070106) visible user=0 ) visibleState=ICON iconColor=#0 staticDrawableColor=#0 decorColor=#ffffffff animationStartColor=#0 currentSetColor=#0 notification=StatusBarNotification(pkg=com.toov1.dovizaltin user=UserHandle{0} id=-169915944 tag=null key=0|com.toov1.dovizaltin|-169915944|null|10472: Notification(channel=carsi-ongoing shortcut=null contentView=null vibrate=null sound=null defaults=0 flags=ONGOING_EVENT|ONLY_ALERT_ONCE|NO_CLEAR|FOREGROUND_SERVICE color=0xff0b3d91 vis=PRIVATE semFlags=0x0 semPriority=0 semMissedCount=0))), caller=com.android.systemui.statusbar.StatusBarIconView.onAttachedToWindow:6 android.view.View.dispatchAttachedToWindow:24320 android.view.ViewGroup.addTransientView:5172 com.android.systemui.statusbar.phone.NotificationIconContainer.onViewRemoved:108 android.view.ViewGroup.dispatchViewRemoved:5433 
04-23 13:24:43.602 I/View    ( 1865): setRequestedFrameRate frameRate=-2.0, this=StatusBarIconView(slot='com.toov1.dovizaltin/0xf5df49d8' alpha=1.0 icon=StatusBarIcon(icon=Icon(typ=RESOURCE pkg=com.toov1.dovizaltin id=0x7f070106) visible user=0 ) visibleState=ICON iconColor=#0 staticDrawableColor=#0 decorColor=#fffafaff animationStartColor=#0 currentSetColor=#0 notification=StatusBarNotification(pkg=com.toov1.dovizaltin user=UserHandle{0} id=-169915944 tag=null key=0|com.toov1.dovizaltin|-169915944|null|10472: Notification(channel=carsi-ongoing shortcut=null contentView=null vibrate=null sound=null defaults=0 flags=ONGOING_EVENT|ONLY_ALERT_ONCE|NO_CLEAR|FOREGROUND_SERVICE color=0xff0b3d91 vis=PRIVATE semFlags=0x0 semPriority=0 semMissedCount=0))), caller=com.android.systemui.statusbar.StatusBarIconView.onAttachedToWindow:6 android.view.View.dispatchAttachedToWindow:24320 android.view.ViewGroup.addTransientView:5172 com.android.systemui.statusbar.phone.NotificationIconContainer.onViewRemoved:108 android.view.ViewGroup.dispatchViewRemoved:5433 
04-23 13:24:43.621 I/LayerHistory( 1101): com.toov1.dovizaltin/com.toov1.dovizaltin.MainActivity$_7922#6000 voted ExplicitCategory with category: HighHint
04-23 13:24:43.647 I/NOTIFEE ( 7922): (NotificationManager): Removing notification with id carsi-ongoing
04-23 13:24:43.648 I/NOTIFEE ( 7922): (NotificationManager): Removing notification with id carsi-ongoing
04-23 13:24:43.651 I/ReactNativeJS( 7922): [CARSI-WIDGET] refresh OK field=sell rows=4 err=-
04-23 13:24:43.660 I/Kumiho-Kumiho( 7922): getPackageName: com.toov1.dovizaltin
04-23 13:24:43.737 I/Kumiho-Kumiho( 7922): getPackageName: com.toov1.dovizaltin
04-23 13:24:43.768 I/Kumiho-Kumiho( 7922): getPackageName: com.toov1.dovizaltin
04-23 13:24:43.828 I/Kumiho-Kumiho( 7922): getPackageName: com.toov1.dovizaltin
04-23 13:24:43.867 I/ActivityManager( 1426): Background started FGS: Allowed [callingPackage: com.toov1.dovizaltin; callingUid: 10472; uidState: TOP ; uidBFSL: [BFSL]; intent: Intent { act=app.notifee.core.ForegroundService.START xflg=0x4 cmp=com.toov1.dovizaltin/app.notifee.core.ForegroundService (has extras) }; code:PROC_STATE_TOP; tempAllowListReason:<null>; allowWiu:12; targetSdkVersion:36; callerTargetSdkVersion:36; startForegroundCount:0; bindFromPackage:null: isBindService:false]
04-23 13:24:43.870 I/ActivityManager( 1426): Background started FGS: Allowed [callingPackage: com.toov1.dovizaltin; callingUid: 10472; uidState: TOP ; uidBFSL: [BFSL]; intent: Intent { act=app.notifee.core.ForegroundService.START cmp=com.toov1.dovizaltin/app.notifee.core.ForegroundService }; code:PROC_STATE_TOP; tempAllowListReason:<null>; allowWiu:12; targetSdkVersion:36; callerTargetSdkVersion:36; startForegroundCount:0; bindFromPackage:null: isBindService:false]
04-23 13:24:43.870 W/ForegroundServiceTypeLoggerModule( 1426): Foreground service start for UID: 10472 does not have any types
04-23 13:24:43.871 D/SecFgsManagerController( 1865): onForegroundStateChanged: [dialog:false]:[isForeground:true]:[packageName:com.toov1.dovizaltin]:[token:android.os.BinderProxy@cca69ad]:[userId:0]
04-23 13:24:43.873 D/SecFgsManagerController( 1865): updateUiControl[com.toov1.dovizaltin]: -1
04-23 13:24:43.873 D/NotifeeHeadlessJS( 7922): taskId: 28
04-23 13:24:43.997 I/LayerHistory( 1101): com.toov1.dovizaltin/com.toov1.dovizaltin.MainActivity$_7922#6000 voted ExplicitCategory with category: HighHint
04-23 13:24:44.255 I/LayerHistory( 1101): com.toov1.dovizaltin/com.toov1.dovizaltin.MainActivity$_7922#6000 voted ExplicitCategory with category: HighHint
04-23 13:24:44.504 I/LayerHistory( 1101): com.toov1.dovizaltin/com.toov1.dovizaltin.MainActivity$_7922#6000 voted ExplicitCategory with category: HighHint
04-23 13:24:44.575 D/ForegroundServiceMgr( 1426): op [android:system_alert_window] access time
04-23 13:24:44.575 D/ForegroundServiceMgr( 1426): op [android:vibrate] access time
04-23 13:24:44.575 D/ForegroundServiceMgr( 1426): op [android:wake_lock] access time
04-23 13:24:44.575 D/ForegroundServiceMgr( 1426): op [android:start_foreground] access time
04-23 13:24:44.576 D/ForegroundServiceMgr( 1426): op [android:access_restricted_settings] access time
04-23 13:24:44.748 I/LayerHistory( 1101): com.toov1.dovizaltin/com.toov1.dovizaltin.MainActivity$_7922#6000 voted ExplicitCategory with category: HighHint
04-23 13:24:44.998 I/LayerHistory( 1101): com.toov1.dovizaltin/com.toov1.dovizaltin.MainActivity$_7922#6000 voted ExplicitCategory with category: HighHint
04-23 13:24:45.408 I/LayerHistory( 1101): com.toov1.dovizaltin/com.toov1.dovizaltin.MainActivity$_7922#6000 voted ExplicitCategory with category: HighHint
04-23 13:24:45.481 D/VibratorManagerService( 1426): vibrate - uid: 10472, opPkg: com.toov1.dovizaltin, effect: Mono{mEffect=Composed{segments=[Step{amplitude=0.0, frequencyHz=0.0, duration=0}, Step{amplitude=0.11764706, frequencyHz=0.0, duration=50}], repeat=-1, mMagnitudeType=TYPE_EXTRA}}, attrs: VibrationAttributes{mUsage=TOUCH, mAudioUsage= USAGE_UNKNOWN, mFlags=0, tags=}, reason: null, token: android.os.BinderProxy@592fb01
04-23 13:24:45.482 D/VibratorManagerService( 1426): Check AppOp mode VIBRATE for uid 10472 and package com.toov1.dovizaltin returned audio=allow, op=allow
04-23 13:24:45.482 D/VibratorManagerService( 1426): Start AppOp mode VIBRATE for uid 10472 and package com.toov1.dovizaltin returned allow
04-23 13:24:45.485 D/ActivityTaskManager( 1426): DesktopModeLaunchParamsModifier: task=Task{fe9b9c5 #6210 type=standard A=10472:com.toov1.dovizaltin} activity=ActivityRecord{225294762 u0 com.google.android.permissioncontroller/com.android.permissioncontroller.permission.ui.GrantPermissionsActivity t-1} non-desktop, skipping
04-23 13:24:45.485 D/ActivityTaskManager( 1426): TaskLaunchParamsModifier:task=Task{fe9b9c5 #6210 type=standard A=10472:com.toov1.dovizaltin} activity=ActivityRecord{225294762 u0 com.google.android.permissioncontroller/com.android.permissioncontroller.permission.ui.GrantPermissionsActivity t-1} display-area-from-source=DefaultTaskDisplayArea_d0@11789331 display-id=0 task-display-area-windowing-mode=1 suggested-display-area=DefaultTaskDisplayArea_d0@11789331 inherit-from-source=fullscreen non-freeform-task-display-area display-area=DefaultTaskDisplayArea_d0@11789331 activity-requested-portrait freeform-size-mismatch=Rect(81, 557 - 999, 1727)
04-23 13:24:45.485 D/ActivityTaskManager( 1426): DesktopModeLaunchParamsModifier: task=Task{fe9b9c5 #6210 type=standard A=10472:com.toov1.dovizaltin} activity=ActivityRecord{225294762 u0 com.google.android.permissioncontroller/com.android.permissioncontroller.permission.ui.GrantPermissionsActivity t-1} non-desktop, skipping
04-23 13:24:45.485 D/ActivityTaskManager( 1426): TaskLaunchParamsModifier:task=Task{fe9b9c5 #6210 type=standard A=10472:com.toov1.dovizaltin} activity=ActivityRecord{225294762 u0 com.google.android.permissioncontroller/com.android.permissioncontroller.permission.ui.GrantPermissionsActivity t-1} display-area-from-source=DefaultTaskDisplayArea_d0@11789331 display-id=0 task-display-area-windowing-mode=1 suggested-display-area=DefaultTaskDisplayArea_d0@11789331 inherit-from-source=fullscreen non-freeform-task-display-area display-area=DefaultTaskDisplayArea_d0@11789331 activity-requested-portrait freeform-size-mismatch=Rect(81, 557 - 999, 1727)
04-23 13:24:45.491 D/ActivityTaskManager( 1426): scheduleTopResumedActivityChanged, onTop=false, r=ActivityRecord{110282812 u0 com.toov1.dovizaltin/.MainActivity t6210}, caller=com.android.server.wm.ActivityTaskSupervisor.scheduleTopResumedActivityStateLossIfNeeded:19 com.android.server.wm.ActivityTaskSupervisor.updateTopResumedActivityIfNeeded:20 com.android.server.wm.TaskFragment.setResumedActivity:30 com.android.server.wm.ActivityRecord.setState:91 com.android.server.wm.TaskFragment.startPausing$1:209 com.android.server.wm.TaskFragment.resumeTopActivity:699 
04-23 13:24:45.492 V/WindowManager( 1426):    ChangeInfo{f573f50 container=Task{fe9b9c5 #6210 type=standard A=10472:com.toov1.dovizaltin} flags=0x0}
04-23 13:24:45.493 V/WindowManagerShell( 1865): Transition requested (#471): android.os.BinderProxy@4d5c190 TransitionRequestInfo { type = OPEN, triggerTask = TaskInfo{userId=0 taskId=6210 effectiveUid=10472 displayId=0 isRunning=true baseIntent=Intent { act=android.intent.action.MAIN cat=[android.intent.category.LAUNCHER] flg=0x10200000 cmp=com.toov1.dovizaltin/.MainActivity } baseActivity=ComponentInfo{com.toov1.dovizaltin/com.toov1.dovizaltin.MainActivity} topActivity=ComponentInfo{com.google.android.permissioncontroller/com.android.permissioncontroller.permission.ui.GrantPermissionsActivity} origActivity=null realActivity=ComponentInfo{com.toov1.dovizaltin/com.toov1.dovizaltin.MainActivity} numActivities=2 lastActiveTime=42049792 supportsMultiWindow=true resizeMode=1 isResizeable=true minWidth=-1 minHeight=-1 maxWidth=-1 maxHeight=-1 defaultMinSize=220 desktopDefaultMinSize=304 token=WCT{android.window.IWindowContainerToken$Stub$Proxy@55d7a89} topActivityType=1 pictureInPictureParams=null shouldDockBigOverlays=false launchIntoPipHostTaskId=-1 lastParentTaskIdBeforePip=-1 displayCutoutSafeInsets=Rect(0, 0 - 0, 0) topActivityInfo=ActivityInfo{3191a8e com.android.permissioncontroller.permission.ui.GrantPermissionsActivity} launchCookies=[android.os.BinderProxy@2f8373d] positionInParent=Point(0, 0) parentTaskId=-1 isFocused=true isVisible=true isVisibleRequested=true isTopActivityNoDisplay=false isSleeping=false locusId=null displayAreaFeatureId=1 isTopActivityTransparent=true isActivityStackTransparent=false lastNonFullscreenBounds=Rect(81, 557 - 999, 1727) capturedLink=null capturedLinkTimestamp=0 requestedVisibleTypes=-9 topActivityRequestOpenInBrowserEducationTimestamp=0 appCompatTaskInfo=AppCompatTaskInfo { topActivityInSizeCompat=false eligibleForLetterboxEducation= false isLetterboxEducationEnabled= false isLetterboxDoubleTapEnabled= false eligibleForUserAspectRatioButton= false topActivityBoundsLetterboxed= false isFromLetterboxDoubleTap= false topActivityLetterboxVerticalPosition= -1 topActivityLetterboxHorizontalPosition= -1 topActivityLetterboxWidth=-1 topActivityLetterboxHeight=-1 topActivityAppBounds=Rect(0, 0 - 1080, 2340) isUserFullscreenOverrideEnabled=false isSystemFullscreenOverrideEnabled=false hasMinAspectRatioOverride=false topActivityLetterboxBounds=null cameraCompatTaskInfo=CameraCompatTaskInfo { freeformCameraCompatMode=inactive} topActivityBounds=null topActivityInDisplayCompat=false singleTapFromLetterbox=false} topActivityMainWindowFrame=null originallySupportedMultiWindow=true hasWallpaper=false rootAffinity=10472:com.toov1.dovizaltin isTopTaskInStage=false CoverLauncherWidgetTask=false LaunchedFromAppsCoverLauncherTask=false LaunchedFromMultistarCoverLauncherTask=false isAllowedSeamlessRotation=false isTopTransparentActivity=false isAliasManaged=false hasConfigChanged=false snappingGuideBounds=null isAiKeyRemoveAppTask=false lastDesktopWindowingBounds=null lastExternalDesktopWindowingBounds=null safeCutoutInsets=null}, pipChange = null, remoteTransition = null, displayChange = null, flags = 0, debugId = 471 }
04-23 13:24:45.508 D/SurfaceComposerClient( 1426): setCornerRadius ## 3baeb93 com.toov1.dovizaltin/com.toov1.dovizaltin.MainActivity#5881 cornerRadius=0.000000
04-23 13:24:45.509 D/SurfaceComposerClient( 1426): setCornerRadius ## 3baeb93 com.toov1.dovizaltin/com.toov1.dovizaltin.MainActivity#5881 cornerRadius=0.000000
04-23 13:24:45.511 D/SGM:FgCheckThread( 1426): notePauseComponent(), received pkgName: com.toov1.dovizaltin, userId: 0
04-23 13:24:45.512 D/SurfaceComposerClient( 1426): setCornerRadius ## 3baeb93 com.toov1.dovizaltin/com.toov1.dovizaltin.MainActivity#5881 cornerRadius=0.000000
04-23 13:24:45.523 D/SGM:GameManager( 1426): identifyForegroundApp. com.toov1.dovizaltin, mCurrentUserId: 0, callerUserId: 0
04-23 13:24:45.523 D/SGM:SemGameManager( 1426): isForegroundGame(), ret=false
04-23 13:24:45.524 D/PkgPredictorService-SecIpmManagerServiceImpl( 1426): onForegroundActivitiesChanged pid:28050 uid:10302
04-23 13:24:45.524 D/SGM:GameManager( 1426): identifyForegroundApp. com.toov1.dovizaltin, mCurrentUserId: 0, callerUserId: 0
04-23 13:24:45.524 D/SGM:SemGameManager( 1426): isForegroundGame(), ret=false
04-23 13:24:45.525 V/PkgPredictorService-SecIpmManagerServiceImpl( 1426): discard foreground app:com.google.android.permissioncontroller 1|true
04-23 13:24:45.526 D/SGM:GameManager( 1426): identifyForegroundApp. com.toov1.dovizaltin, mCurrentUserId: 0, callerUserId: 0
04-23 13:24:45.543 D/VibratorManagerService( 1426): Finish AppOp mode VIBRATE for uid 10472 and package com.toov1.dovizaltin
04-23 13:24:45.567 D/WindowManager( 1426): Changing focus from Window{3baeb93 u0 com.toov1.dovizaltin/com.toov1.dovizaltin.MainActivity} to null displayId=0 Callers=com.android.server.wm.ActivityTaskManagerService.setLastResumedActivityUncheckLocked:264 com.android.server.wm.ActivityTaskSupervisor.updateTopResumedActivityIfNeeded:51 com.android.server.wm.TaskFragment.setResumedActivity:30 com.android.server.wm.ActivityRecord.setState:100 
04-23 13:24:45.568 D/SurfaceComposerClient( 1426): setCornerRadius ## 3baeb93 com.toov1.dovizaltin/com.toov1.dovizaltin.MainActivity#5881 cornerRadius=0.000000
04-23 13:24:45.583 D/InputDispatcher( 1426): Focus left window (0): 3baeb93 com.toov1.dovizaltin/com.toov1.dovizaltin.MainActivity
04-23 13:24:45.694 D/SurfaceComposerClient( 1426): setCornerRadius ## 3baeb93 com.toov1.dovizaltin/com.toov1.dovizaltin.MainActivity#5881 cornerRadius=0.000000
04-23 13:24:45.694 D/SurfaceComposerClient( 1426): setCornerRadius ## 3baeb93 com.toov1.dovizaltin/com.toov1.dovizaltin.MainActivity#5881 cornerRadius=0.000000
04-23 13:24:45.697 D/WindowManager( 1426): updateSystemBarAttributes: displayId=0, focusedCanBeNavColorWin=false, win=Window{4025091 u0 com.google.android.permissioncontroller/com.android.permissioncontroller.permission.ui.GrantPermissionsActivity}, navColorWin=Window{3baeb93 u0 com.toov1.dovizaltin/com.toov1.dovizaltin.MainActivity}, caller=com.android.server.wm.WindowManagerService.updateFocusedWindowLocked:372 com.android.server.wm.WindowManagerService.relayoutWindow:1350 com.android.server.wm.Session.relayout:27 
04-23 13:24:45.704 D/SurfaceComposerClient( 1426): setCornerRadius ## 3baeb93 com.toov1.dovizaltin/com.toov1.dovizaltin.MainActivity#5881 cornerRadius=0.000000
04-23 13:24:45.705 D/SurfaceComposerClient( 1426): setCornerRadius ## 3baeb93 com.toov1.dovizaltin/com.toov1.dovizaltin.MainActivity#5881 cornerRadius=0.000000
04-23 13:24:45.705 D/ChangeTransitionController( 1426):    ChangeInfo{f573f50 container=Task{fe9b9c5 #6210 type=standard A=10472:com.toov1.dovizaltin} flags=0x0}
04-23 13:24:45.708 D/SurfaceComposerClient( 1426): setCornerRadius ## 3baeb93 com.toov1.dovizaltin/com.toov1.dovizaltin.MainActivity#5881 cornerRadius=0.000000
04-23 13:24:45.708 D/SurfaceComposerClient( 1426): setCornerRadius ## 3baeb93 com.toov1.dovizaltin/com.toov1.dovizaltin.MainActivity#5881 cornerRadius=0.000000
04-23 13:24:45.710 D/PkgPredictorService-SecIpmManagerServiceImpl( 1426): ACTION_FOREGROUND_FINISH_EVENT sCurForegroundApp :com.google.android.permissioncontroller
04-23 13:24:45.710 V/WindowManager( 1426): Sent Transition (#471) createdAt=04-23 13:24:45.484 via request=TransitionRequestInfo { type = OPEN, triggerTask = TaskInfo{userId=0 taskId=6210 effectiveUid=10472 displayId=0 isRunning=true baseIntent=Intent { act=android.intent.action.MAIN cat=[android.intent.category.LAUNCHER] flg=0x10200000 cmp=com.toov1.dovizaltin/.MainActivity } baseActivity=ComponentInfo{com.toov1.dovizaltin/com.toov1.dovizaltin.MainActivity} topActivity=ComponentInfo{com.google.android.permissioncontroller/com.android.permissioncontroller.permission.ui.GrantPermissionsActivity} origActivity=null realActivity=ComponentInfo{com.toov1.dovizaltin/com.toov1.dovizaltin.MainActivity} numActivities=2 lastActiveTime=42049792 supportsMultiWindow=true resizeMode=1 isResizeable=true minWidth=-1 minHeight=-1 maxWidth=-1 maxHeight=-1 defaultMinSize=220 desktopDefaultMinSize=304 token=WCT{RemoteToken{e00f6a0 Task{fe9b9c5 #6210 type=standard A=10472:com.toov1.dovizaltin}}} topActivityType=1 pictureInPictureParams=null shouldDockBigOverlays=false launchIntoPipHostTaskId=-1 lastParentTaskIdBeforePip=-1 displayCutoutSafeInsets=Rect(0, 0 - 0, 0) topActivityInfo=ActivityInfo{67ab22c com.android.permissioncontroller.permission.ui.GrantPermissionsActivity} launchCookies=[android.os.BinderProxy@9e1f22f] positionInParent=Point(0, 0) parentTaskId=-1 isFocused=true isVisible=true isVisibleRequested=true isTopActivityNoDisplay=false isSleeping=false locusId=null displayAreaFeatureId=1 isTopActivityTransparent=true isActivityStackTransparent=false lastNonFullscreenBounds=Rect(81, 557 - 999, 1727) capturedLink=null capturedLinkTimestamp=0 requestedVisibleTypes=-9 topActivityRequestOpenInBrowserEducationTimestamp=0 appCompatTaskInfo=AppCompatTaskInfo { topActivityInSizeCompat=false eligibleForLetterboxEducation= false isLetterboxEducationEnabled= false isLetterboxDoubleTapEnabled= false eligibleForUserAspectRatioButton= false topActivityBoundsLetterboxed= false isFromLetterboxDoubleTap= false topActivityLetterboxVerticalPosition= -1 topActivityLetterboxHorizontalPosition= -1 topActivityLetterboxWidth=-1 topActivityLetterboxHeight=-1 topActivityAppBounds=Rect(0, 0 - 1080, 2340) isUserFullscreenOverrideEnabled=false isSystemFullscreenOverrideEnabled=false hasMinAspectRatioOverride=false topActivityLetterboxBounds=null cameraCompatTaskInfo=CameraCompatTaskInfo { freeformCameraCompatMode=inactive} topActivityBounds=null topActivityInDisplayCompat=false singleTapFromLetterbox=false} topActivityMainWindowFrame=null originallySupportedMultiWindow=true hasWallpaper=false rootAffinity=10472:com.toov1.dovizaltin isTopTaskInStage=false CoverLauncherWidgetTask=false LaunchedFromAppsCoverLauncherTask=false LaunchedFromMultistarCoverLauncherTask=false isAllowedSeamlessRotation=false isTopTransparentActivity=false isAliasManaged=false hasConfigChanged=false snappingGuideBounds=null isAiKeyRemoveAppTask=false lastDesktopWindowingBounds=null lastExternalDesktopWindowingBounds=null safeCutoutInsets=null}, pipChange = null, remoteTransition = null, displayChange = null, flags = 0, debugId = 471 }
04-23 13:24:45.712 V/WindowManager( 1426):    ChangeInfo{f573f50 container=Task{fe9b9c5 #6210 type=standard A=10472:com.toov1.dovizaltin} flags=0x0}
04-23 13:24:45.713 D/ChangeTransitionController( 1426):    ChangeInfo{f573f50 container=Task{fe9b9c5 #6210 type=standard A=10472:com.toov1.dovizaltin} flags=0x0}
04-23 13:24:45.716 W/libprocessgroup( 1426): SetCgroup::ExecuteForProcess: failed to open /dev/cpuctl/foreground-boost/cgroup.procs: No such file or directory
04-23 13:24:45.718 D/SurfaceFlinger( 1101):        DEVICE |           34024730918919 | 00002102 | RGBA_8888    |    0.0    0.0 1080.0 2340.0 |    0    0 1080 2340 | com.toov1.dovizaltin/com.toov1.dovizaltin.MainActivity$_7922#6000 (5)
04-23 13:24:45.719 D/SurfaceComposerClient( 1426): setCornerRadius ## 3baeb93 com.toov1.dovizaltin/com.toov1.dovizaltin.MainActivity#5881 cornerRadius=0.000000
04-23 13:24:45.725 D/SurfaceComposerClient( 1426): setCornerRadius ## 3baeb93 com.toov1.dovizaltin/com.toov1.dovizaltin.MainActivity#5881 cornerRadius=0.000000
04-23 13:24:45.730 D/SurfaceComposerClient( 1426): setCornerRadius ## 3baeb93 com.toov1.dovizaltin/com.toov1.dovizaltin.MainActivity#5881 cornerRadius=0.000000
04-23 13:24:45.747 D/SurfaceComposerClient( 1426): setCornerRadius ## 3baeb93 com.toov1.dovizaltin/com.toov1.dovizaltin.MainActivity#5881 cornerRadius=0.000000
04-23 13:24:45.750 D/InputDispatcher( 1426): Focused application(0): ActivityRecord{110282812 u0 com.toov1.dovizaltin/.MainActivity t6210}
04-23 13:24:45.750 D/WindowManager( 1426): Changing focus from Window{4025091 u0 com.google.android.permissioncontroller/com.android.permissioncontroller.permission.ui.GrantPermissionsActivity} to Window{3baeb93 u0 com.toov1.dovizaltin/com.toov1.dovizaltin.MainActivity} displayId=0 Callers=com.android.server.wm.ActivityTaskManagerService.setLastResumedActivityUncheckLocked:264 com.android.server.wm.ActivityTaskSupervisor.updateTopResumedActivityIfNeeded:51 com.android.server.wm.TaskFragment.setResumedActivity:30 com.android.server.wm.ActivityRecord.setState:100 
04-23 13:24:45.751 D/InsetsSourceProvider( 1426): updateControlForTarget: control=InsetsSourceControl: {8470000 mType=statusBars initiallyVisible mSurfacePosition=Point(0, 0) mInsetsHint=Insets{left=0, top=80, right=0, bottom=0}}, target=Window{3baeb93 u0 com.toov1.dovizaltin/com.toov1.dovizaltin.MainActivity}, from=com.android.server.wm.InsetsStateController.onControlTargetChanged:83 com.android.server.wm.InsetsPolicy.updateBarControlTarget:212 com.android.server.wm.DisplayPolicy.updateSystemBarAttributes:262 com.android.server.wm.WindowManagerService.updateFocusedWindowLocked:372 com.android.server.wm.ActivityTaskManagerService.setLastResumedActivityUncheckLocked:264 
04-23 13:24:45.752 D/InsetsSourceProvider( 1426): updateControlForTarget: control=InsetsSourceControl: {83d80001 mType=navigationBars initiallyVisible mSurfacePosition=Point(0, 2205) mInsetsHint=Insets{left=0, top=0, right=0, bottom=135}}, target=Window{3baeb93 u0 com.toov1.dovizaltin/com.toov1.dovizaltin.MainActivity}, from=com.android.server.wm.InsetsStateController.onControlTargetChanged:83 com.android.server.wm.InsetsPolicy.updateBarControlTarget:225 com.android.server.wm.DisplayPolicy.updateSystemBarAttributes:262 com.android.server.wm.WindowManagerService.updateFocusedWindowLocked:372 com.android.server.wm.ActivityTaskManagerService.setLastResumedActivityUncheckLocked:264 
04-23 13:24:45.752 D/WindowManager( 1426): updateSystemBarAttributes: displayId=0, focusedCanBeNavColorWin=false, win=Window{3baeb93 u0 com.toov1.dovizaltin/com.toov1.dovizaltin.MainActivity}, navColorWin=Window{4025091 u0 com.google.android.permissioncontroller/com.android.permissioncontroller.permission.ui.GrantPermissionsActivity}, caller=com.android.server.wm.WindowManagerService.updateFocusedWindowLocked:372 com.android.server.wm.ActivityTaskManagerService.setLastResumedActivityUncheckLocked:264 com.android.server.wm.ActivityTaskSupervisor.updateTopResumedActivityIfNeeded:51 
04-23 13:24:45.752 V/SystemKeyManager( 1426): updateFocusedWindow() is called, com.toov1.dovizaltin/com.toov1.dovizaltin.MainActivity
04-23 13:24:45.752 D/ActivityTaskManager( 1426): scheduleTopResumedActivityChanged, onTop=true, r=ActivityRecord{110282812 u0 com.toov1.dovizaltin/.MainActivity t6210}, caller=com.android.server.wm.ActivityTaskSupervisor.scheduleTopResumedActivityStateIfNeeded:18 com.android.server.wm.ActivityTaskSupervisor.updateTopResumedActivityIfNeeded:54 com.android.server.wm.TaskFragment.setResumedActivity:30 com.android.server.wm.ActivityRecord.setState:100 com.android.server.wm.TaskFragment.resumeTopActivity:1705 com.android.server.wm.Task.resumeTopActivityInnerLocked:119 
04-23 13:24:45.754 D/SurfaceComposerClient( 1426): setCornerRadius ## 3baeb93 com.toov1.dovizaltin/com.toov1.dovizaltin.MainActivity#5881 cornerRadius=0.000000
04-23 13:24:45.754 D/SurfaceComposerClient( 1426): setCornerRadius ## 3baeb93 com.toov1.dovizaltin/com.toov1.dovizaltin.MainActivity#5881 cornerRadius=0.000000
04-23 13:24:45.754 D/ChangeTransitionController( 1426):    ChangeInfo{81bc806 container=Task{fe9b9c5 #6210 type=standard A=10472:com.toov1.dovizaltin} flags=0x0}
04-23 13:24:45.758 D/SGM:FgCheckThread( 1426): noteResumeComponent(), received pkgName: com.toov1.dovizaltin, userId: 0
04-23 13:24:45.758 D/SGM:FgCheckThread( 1426): onLooperPrepared(), msg: MSG_APP_RESUME, pkgName: com.toov1.dovizaltin, userid: 0
04-23 13:24:45.759 D/SGM:FgCheckThread( 1426):   handleResume(). pkgName: com.toov1.dovizaltin, userId: 0, category: non-game
04-23 13:24:45.759 D/SGM:FgCheckThread( 1426): notifyFocusInOut(). of pkg: com.toov1.dovizaltin, type: 4, isSecGameFamily: false, userId: 0
04-23 13:24:45.760 V/WindowManager( 1426):    ChangeInfo{81bc806 container=Task{fe9b9c5 #6210 type=standard A=10472:com.toov1.dovizaltin} flags=0x0}
04-23 13:24:45.760 D/ChangeTransitionController( 1426):    ChangeInfo{81bc806 container=Task{fe9b9c5 #6210 type=standard A=10472:com.toov1.dovizaltin} flags=0x0}
04-23 13:24:45.762 I/SDHMS:k ( 3856): handleResumeComponent : put = com.toov1.dovizaltin, userid = 0 instanceid =14822440
04-23 13:24:45.762 I/HoneySpace.EdgePanel.EdgePanelContainerViewModel(23211): cocktailHostRepository.edgePanelOperation NoteResumeComponent(componentName=ComponentInfo{com.toov1.dovizaltin/com.toov1.dovizaltin.MainActivity})
04-23 13:24:45.762 D/SurfaceComposerClient( 1426): setCornerRadius ## 3baeb93 com.toov1.dovizaltin/com.toov1.dovizaltin.MainActivity#5881 cornerRadius=0.000000
04-23 13:24:45.763 I/HoneySpace.EdgePanel.ActivityUtils(23211): HomePackage : com.sec.android.app.launcher, resumePackageName : com.toov1.dovizaltin, className : com.toov1.dovizaltin.MainActivity
04-23 13:24:45.764 D/SGM:GameManager( 1426): identifyForegroundApp. com.toov1.dovizaltin, mCurrentUserId: 0, callerUserId: 0
04-23 13:24:45.764 D/SGM:SemGameManager( 1426): isForegroundGame(), ret=false
04-23 13:24:45.767 D/SGM:GameManager( 1426): identifyForegroundApp. com.toov1.dovizaltin, mCurrentUserId: 0, callerUserId: 0
04-23 13:24:45.767 D/SGM:SemGameManager( 1426): isForegroundGame(), ret=false
04-23 13:24:45.768 D/SurfaceFlinger( 1101):        DEVICE |           34024730918918 | 00002102 | RGBA_8888    |    0.0    0.0 1080.0 2340.0 |    0    0 1080 2340 | com.toov1.dovizaltin/com.toov1.dovizaltin.MainActivity$_7922#6000 (6)
04-23 13:24:45.768 D/SurfaceComposerClient( 1426): setCornerRadius ## 3baeb93 com.toov1.dovizaltin/com.toov1.dovizaltin.MainActivity#5881 cornerRadius=0.000000
04-23 13:24:45.769 D/SurfaceFlinger( 1101): [input] setFocusedWindow: 3baeb93 com.toov1.dovizaltin/com.toov1.dovizaltin.MainActivity
04-23 13:24:45.769 D/InputDispatcher( 1426): Once focus requested (0): 3baeb93 com.toov1.dovizaltin/com.toov1.dovizaltin.MainActivity
04-23 13:24:45.769 D/InputDispatcher( 1426): Focus entered window (0): 3baeb93 com.toov1.dovizaltin/com.toov1.dovizaltin.MainActivity
04-23 13:24:45.769 I/InsetsSourceConsumer( 7922): applyRequestedVisibilityToControl: visible=true, type=statusBars, host=com.toov1.dovizaltin/com.toov1.dovizaltin.MainActivity
04-23 13:24:45.769 I/InsetsSourceConsumer( 7922): applyRequestedVisibilityToControl: visible=true, type=navigationBars, host=com.toov1.dovizaltin/com.toov1.dovizaltin.MainActivity
04-23 13:24:45.771 I/ImeTracker( 1426): com.toov1.dovizaltin:648737aa: onRequestHide at ORIGIN_SERVER reason HIDE_UNSPECIFIED_WINDOW fromUser false
04-23 13:24:45.771 I/ImeTracker( 7922): com.toov1.dovizaltin:648737aa: onCancelled at PHASE_CLIENT_ALREADY_HIDDEN
04-23 13:24:45.775 D/InsetsSourceProvider( 1426): updateControlForTarget: control=InsetsSourceControl: {3 mType=ime mSurfacePosition=Point(0, 80) mInsetsHint=Insets{left=0, top=0, right=0, bottom=1008}}, target=Window{3baeb93 u0 com.toov1.dovizaltin/com.toov1.dovizaltin.MainActivity}, from=com.android.server.wm.ImeInsetsSourceProvider.updateControlForTarget:17 com.android.server.wm.InsetsStateController.onControlTargetChanged:83 com.android.server.wm.DisplayContent.updateImeControlTarget:21 com.android.server.wm.DisplayContent.updateImeInputAndControlTarget:156 com.android.server.wm.WindowManagerService$LocalService.updateInputMethodTargetWindow:64 
04-23 13:24:45.775 D/SurfaceComposerClient( 1426): setCornerRadius ## 3baeb93 com.toov1.dovizaltin/com.toov1.dovizaltin.MainActivity#5881 cornerRadius=0.000000
04-23 13:24:45.779 D/SurfaceComposerClient( 1426): setCornerRadius ## 3baeb93 com.toov1.dovizaltin/com.toov1.dovizaltin.MainActivity#5881 cornerRadius=0.000000
04-23 13:24:45.779 D/SurfaceComposerClient( 1426): setCornerRadius ## 3baeb93 com.toov1.dovizaltin/com.toov1.dovizaltin.MainActivity#5881 cornerRadius=0.000000
04-23 13:24:45.783 D/SGM:FgCheckThread( 1426): getForegroundApp(), foregroundPkgName=com.toov1.dovizaltin
04-23 13:24:45.783 D/SGM:FgCheckThread( 1426): pkgName: com.google.android.permissioncontroller is not in foreground
04-23 13:24:45.783 D/SGM:FgCheckThread( 1426): noteStopComponent(), received pkgName: com.google.android.permissioncontroller, focusedPkgName: com.toov1.dovizaltin, userId: 0
04-23 13:24:45.788 I/SurfaceFlinger( 1101): [LayerHierarchy{RequestedLayerState{ImeContainer#15 parentId=5873 relativeParentId=5881 z=1} 1 children}] reparent to LayerHierarchy{RequestedLayerState{ActivityRecord{110282812 u0 com.toov1.dovizaltin/.MainActivity t6210}#5873 parentId=5872} 3 children}
04-23 13:24:45.788 I/SurfaceFlinger( 1101): [LayerHierarchy{RequestedLayerState{ImeContainer#15 parentId=5873 relativeParentId=5881 z=1} 1 children}] RelativeParent to LayerHierarchy{RequestedLayerState{3baeb93 com.toov1.dovizaltin/com.toov1.dovizaltin.MainActivity#5881 parentId=5873} 2 children}
04-23 13:24:45.898 D/MdnieScenarioControlService( 1426):  packageName : com.toov1.dovizaltin    className : com.toov1.dovizaltin.MainActivity
04-23 13:24:45.908 I/NotificationManager( 7922): com.toov1.dovizaltin: notify(-169915944, null, Notification(channel=carsi-ongoing shortcut=null contentView=null vibrate=null sound=null defaults=0 flags=ONGOING_EVENT|ONLY_ALERT_ONCE color=0xff0b3d91 vis=PRIVATE semFlags=0x0 semPriority=0 semMissedCount=0)) as user
04-23 13:24:45.909 D/NotificationManager( 7922): BOOTING pkg =com.toov1.dovizaltin mBlockedChannelsForOverflowNoti=[]
04-23 13:24:46.179 I/LayerHistory( 1101): com.toov1.dovizaltin/com.toov1.dovizaltin.MainActivity$_7922#6000 voted ExplicitCategory with category: HighHint
04-23 13:24:46.275 D/SGM:GameManager( 1426): identifyForegroundApp. com.toov1.dovizaltin, mCurrentUserId: 0, callerUserId: 0
04-23 13:24:46.275 D/SGM:SemGameManager( 1426): isForegroundGame(), ret=false
04-23 13:24:47.310 I/LayerHistory( 1101): com.toov1.dovizaltin/com.toov1.dovizaltin.MainActivity$_7922#6000 voted ExplicitCategory with category: HighHint
04-23 13:24:47.364 D/VibratorManagerService( 1426): vibrate - uid: 10472, opPkg: com.toov1.dovizaltin, effect: Mono{mEffect=Composed{segments=[Step{amplitude=0.0, frequencyHz=0.0, duration=0}, Step{amplitude=0.19607843, frequencyHz=0.0, duration=40}, Step{amplitude=0.0, frequencyHz=0.0, duration=100}, Step{amplitude=0.23529412, frequencyHz=0.0, duration=40}], repeat=-1, mMagnitudeType=TYPE_EXTRA}}, attrs: VibrationAttributes{mUsage=MEDIA, mAudioUsage= USAGE_UNKNOWN, mFlags=0, tags=}, reason: null, token: android.os.BinderProxy@2cd9e89
04-23 13:24:47.365 D/VibratorManagerService( 1426): Check AppOp mode VIBRATE for uid 10472 and package com.toov1.dovizaltin returned audio=allow, op=allow
04-23 13:24:47.365 D/VibratorManagerService( 1426): Start AppOp mode VIBRATE for uid 10472 and package com.toov1.dovizaltin returned allow
04-23 13:24:47.549 I/ReactNativeJS( 7922): [CARSI-WIDGET] refresh OK field=sell rows=4 err=-
04-23 13:24:47.552 D/VibratorManagerService( 1426): Finish AppOp mode VIBRATE for uid 10472 and package com.toov1.dovizaltin
04-23 13:24:47.565 I/Kumiho-Kumiho( 7922): getPackageName: com.toov1.dovizaltin
04-23 13:24:47.644 I/Kumiho-Kumiho( 7922): getPackageName: com.toov1.dovizaltin
04-23 13:24:47.677 I/Kumiho-Kumiho( 7922): getPackageName: com.toov1.dovizaltin
04-23 13:24:47.738 I/Kumiho-Kumiho( 7922): getPackageName: com.toov1.dovizaltin
04-23 13:24:47.755 I/LayerHistory( 1101): com.toov1.dovizaltin/com.toov1.dovizaltin.MainActivity$_7922#6000 voted ExplicitCategory with category: HighHint
04-23 13:24:48.112 I/LayerHistory( 1101): com.toov1.dovizaltin/com.toov1.dovizaltin.MainActivity$_7922#6000 voted ExplicitCategory with category: HighHint
04-23 13:24:48.191 D/ActivityTaskManager( 1426): scheduleTopResumedActivityChanged, onTop=false, r=ActivityRecord{110282812 u0 com.toov1.dovizaltin/.MainActivity t6210}, caller=com.android.server.wm.ActivityTaskSupervisor.scheduleTopResumedActivityStateLossIfNeeded:19 com.android.server.wm.ActivityTaskSupervisor.updateTopResumedActivityIfNeeded:20 com.android.server.wm.TaskDisplayArea.positionChildAt:252 com.android.server.wm.WindowContainer.positionChildAt:84 com.android.server.wm.Task.positionChildAt:19 com.android.server.wm.Task.moveToFront:40 
04-23 13:24:48.192 V/WindowManager( 1426): Collecting in transition 473: ActivityRecord{110282812 u0 com.toov1.dovizaltin/.MainActivity t6210}, caller=com.android.server.wm.TransitionController.collect:7 com.android.server.wm.ActivityRecord.setVisibility:132 com.android.server.wm.ActivityRecord.makeInvisible:32 com.android.server.wm.EnsureActivitiesVisibleHelper.process:542 com.android.server.wm.TaskFragment.updateActivityVisibilities:12 
04-23 13:24:48.192 D/WindowManager( 1426): prepareSync <SYNC_STATE_WAITING_FOR_DRAW>, mPrepareSyncSeqId=0, win=Window{3baeb93 u0 com.toov1.dovizaltin/com.toov1.dovizaltin.MainActivity}
04-23 13:24:48.193 D/AS.MultiSoundManager( 1426): mForegroundUid = 10153
04-23 13:24:48.194 D/WindowManager( 1426): Changing focus from Window{3baeb93 u0 com.toov1.dovizaltin/com.toov1.dovizaltin.MainActivity} to null displayId=0 Callers=com.android.server.wm.ActivityTaskManagerService.setLastResumedActivityUncheckLocked:264 com.android.server.wm.ActivityTaskSupervisor.updateTopResumedActivityIfNeeded:51 com.android.server.wm.TaskFragment.setResumedActivity:30 com.android.server.wm.ActivityRecord.setState:100 
04-23 13:24:48.194 V/WindowManager( 1426):    ChangeInfo{a968df2 container=ActivityRecord{110282812 u0 com.toov1.dovizaltin/.MainActivity t6210} flags=0x0}
04-23 13:24:48.194 V/WindowManager( 1426):    ChangeInfo{a7b973e container=Task{fe9b9c5 #6210 type=standard A=10472:com.toov1.dovizaltin} flags=0x0}
04-23 13:24:48.196 D/SGM:FgCheckThread( 1426): notePauseComponent(), received pkgName: com.toov1.dovizaltin, userId: 0
04-23 13:24:48.202 W/libprocessgroup( 1426): SetCgroup::ExecuteForProcess: failed to open /dev/cpuctl/foreground-boost/cgroup.procs: No such file or directory
04-23 13:24:48.215 D/InputDispatcher( 1426): Focus left window (0): 3baeb93 com.toov1.dovizaltin/com.toov1.dovizaltin.MainActivity
04-23 13:24:48.216 D/SGM:GameManager( 1426): identifyForegroundApp. com.sec.android.app.launcher, mCurrentUserId: 0, callerUserId: 0
04-23 13:24:48.216 D/SGM:SemGameManager( 1426): isForegroundGame(), ret=false
04-23 13:24:48.216 D/WindowManager( 1426): updateSystemBarAttributes: displayId=0, focusedCanBeNavColorWin=false, win=Window{f2bbc10 u0 com.sec.android.app.launcher/com.sec.android.app.launcher.activities.LauncherActivity}, navColorWin=Window{3baeb93 u0 com.toov1.dovizaltin/com.toov1.dovizaltin.MainActivity}, caller=com.android.server.wm.WindowManagerService.updateFocusedWindowLocked:372 com.android.server.wm.WindowManagerService.relayoutWindow:1350 com.android.server.wm.Session.relayout:27 
04-23 13:24:48.220 D/PkgPredictorService-SecIpmManagerServiceImpl( 1426): onForegroundActivitiesChanged pid:23211 uid:10153
04-23 13:24:48.220 D/SGM:GameManager( 1426): identifyForegroundApp. com.sec.android.app.launcher, mCurrentUserId: 0, callerUserId: 0
04-23 13:24:48.220 D/SGM:SemGameManager( 1426): isForegroundGame(), ret=false
04-23 13:24:48.220 V/PkgPredictorService-SecIpmManagerServiceImpl( 1426): discard foreground app:com.sec.android.app.launcher 1|true
04-23 13:24:48.225 D/SGM:GameManager( 1426): identifyForegroundApp. com.sec.android.app.launcher, mCurrentUserId: 0, callerUserId: 0
04-23 13:24:48.234 I/AppWidgetHost(23211): updateAppWidgetView, appWidgetId = 25, v = com.honeyspace.ui.common.widget.HoneyAppWidgetHostView{4c3860a VFE...... R....... 30,30-1158,299} - span boundary: (4, 1) ~ (4, 6), appWidgetSize: 0, flag: 1, lastAppliedInfo: RemoteViewInfo(packages=com.toov1.dovizaltin), cachedImageView: false
04-23 13:24:48.235 D/ChangeTransitionController( 1426):    ChangeInfo{a968df2 container=ActivityRecord{110282812 u0 com.toov1.dovizaltin/.MainActivity t6210} flags=0x0}
04-23 13:24:48.235 D/ChangeTransitionController( 1426):    ChangeInfo{a7b973e container=Task{fe9b9c5 #6210 type=standard A=10472:com.toov1.dovizaltin} flags=0x0}
04-23 13:24:48.235 V/WindowManager( 1426): Start calculating TransitionInfo based on participants: {ActivityRecord{35192115 u0 com.sec.android.app.launcher/.activities.LauncherActivity t6198}, ActivityRecord{110282812 u0 com.toov1.dovizaltin/.MainActivity t6210}, Task{8b29e69 #6197 type=home}, Task{a3b88f0 #6198 type=home I=com.sec.android.app.launcher/.activities.LauncherActivity}, WallpaperWindowToken{a7595d3 showWhenLocked=true}_<lock>, ActivityRecord{208987816 u0 com.sec.android.app.launcher/.activities.LauncherActivity t-1}}
04-23 13:24:48.237 V/WindowManager( 1426):   Final targets: [ChangeInfo{c865c43 container=Task{8b29e69 #6197 type=home} flags=0x30}, ChangeInfo{a7b973e container=Task{fe9b9c5 #6210 type=standard A=10472:com.toov1.dovizaltin} flags=0x10}, ChangeInfo{a9088f container=WallpaperWindowToken{a7595d3 showWhenLocked=true}_<lock> flags=0x0}]
04-23 13:24:48.238 V/WindowManager( 1426):         {WCT{RemoteToken{e00f6a0 Task{fe9b9c5 #6210 type=standard A=10472:com.toov1.dovizaltin}}} m=TO_BACK f=NONE leash=Surface(name=Task=6210)/@0x60dc6d2 sb=Rect(0, 0 - 1080, 2340) eb=Rect(0, 0 - 1080, 2340) epz=Point(1080, 2340) d=0 taskParent=-1 inset=Rect(0, 80 - 0, 135)},
04-23 13:24:48.242 I/SurfaceFlinger( 1101): Capture layer list: 	 com.toov1.dovizaltin/com.toov1.dovizaltin.MainActivity$_7922#6000(seamlessTransition:0)
04-23 13:24:48.242 D/RenderEngine( 1101): [SEC_SF_EFFECTS] drawLayersInternal,1494, Rendering layer com.toov1.dovizaltin/com.toov1.dovizaltin.MainActivity$_7922#6000 at index 1
04-23 13:24:48.250 I/HoneySpace.AppCloseAnimationDelegate(23211): findTargetValue [cookie-36880, pkgName-com.toov1.dovizaltin]
04-23 13:24:48.254 D/PkgPredictorService-SecIpmManagerServiceImpl( 1426): ACTION_FOREGROUND_FINISH_EVENT sCurForegroundApp :com.sec.android.app.launcher
04-23 13:24:48.256 V/WindowManager( 1426):         {WCT{RemoteToken{e00f6a0 Task{fe9b9c5 #6210 type=standard A=10472:com.toov1.dovizaltin}}} m=TO_BACK f=NONE leash=Surface(name=Task=6210)/@0x60dc6d2 sb=Rect(0, 0 - 1080, 2340) eb=Rect(0, 0 - 1080, 2340) epz=Point(1080, 2340) d=0 taskParent=-1 inset=Rect(0, 80 - 0, 135)},
04-23 13:24:48.274 D/SurfaceFlinger( 1101):        CLIENT |           34024730918919 | 00002102 | RGBA_8888    |    0.0    0.0 1080.0 2340.0 |    1    2 1079 2338 | com.toov1.dovizaltin/com.toov1.dovizaltin.MainActivity$_7922#6000 (9)
04-23 13:24:48.607 V/WindowManager( 1426):    ChangeInfo{a968df2 container=ActivityRecord{110282812 u0 com.toov1.dovizaltin/.MainActivity t6210} flags=0x0}
04-23 13:24:48.607 V/WindowManager( 1426):    ChangeInfo{a7b973e container=Task{fe9b9c5 #6210 type=standard A=10472:com.toov1.dovizaltin} flags=0x10}
04-23 13:24:48.607 V/WindowManager( 1426): Setting visibility of Window{3baeb93 u0 com.toov1.dovizaltin/com.toov1.dovizaltin.MainActivity}: false, caller=com.android.server.wm.WindowContainer.sendAppVisibilityToClients:19 com.android.server.wm.WindowToken.setClientVisible:48 com.android.server.wm.ActivityRecord.commitVisibility:186 com.android.server.wm.TransitionController.finishTransition:846 com.android.server.wm.WindowOrganizerController.finishTransitionInner:31 
04-23 13:24:48.608 D/ChangeTransitionController( 1426):    ChangeInfo{a968df2 container=ActivityRecord{110282812 u0 com.toov1.dovizaltin/.MainActivity t6210} flags=0x0}
04-23 13:24:48.608 D/ChangeTransitionController( 1426):    ChangeInfo{a7b973e container=Task{fe9b9c5 #6210 type=standard A=10472:com.toov1.dovizaltin} flags=0x10}
04-23 13:24:48.621 I/SurfaceFlinger( 1101): RequestedLayer [com.toov1.dovizaltin/com.toov1.dovizaltin.MainActivity$_7922#6000] hidden!! flag  from(0) --> to(1)
04-23 13:24:48.621 I/SurfaceFlinger( 1101): RequestedLayer [ActivityRecord{110282812 u0 com.toov1.dovizaltin/.MainActivity t6210}#5873] hidden!! flag  from(0) --> to(1)
04-23 13:24:48.627 I/WindowManager( 1426): Relayout Window{3baeb93 u0 com.toov1.dovizaltin/com.toov1.dovizaltin.MainActivity}: viewVisibility=8 req=1080x2340 ty=1 d0
04-23 13:24:48.633 D/VRI[MainActivity]@48f0dcf( 7922): WindowStopped on com.toov1.dovizaltin/com.toov1.dovizaltin.MainActivity set to true
04-23 13:24:48.642 E/WindowManager( 1426): win=Window{3baeb93 u0 com.toov1.dovizaltin/com.toov1.dovizaltin.MainActivity} destroySurfaces: appStopped=true cleanupOnResume=false win.mWindowRemovalAllowed=false win.mRemoveOnExit=false win.mViewVisibility=8 caller=com.android.server.wm.ActivityRecord.destroySurfaces:25 com.android.server.wm.ActivityRecord.activityStopped:192 com.android.server.wm.ActivityClientController.activityStopped:97 android.app.IActivityClientController$Stub.onTransact:740 com.android.server.wm.ActivityClientController.onTransact:1 android.os.Binder.execTransactInternal:1462 android.os.Binder.execTransact:1401 
04-23 13:24:48.642 D/SGM:FgCheckThread( 1426): getForegroundApp(), foregroundPkgName=com.sec.android.app.launcher
04-23 13:24:48.642 D/SGM:FgCheckThread( 1426): pkgName: com.toov1.dovizaltin is in foreground
04-23 13:24:48.642 D/SGM:GameManager( 1426): identifyForegroundApp. com.sec.android.app.launcher, mCurrentUserId: 0, callerUserId: 0
04-23 13:24:48.642 D/SGM:SemGameManager( 1426): isForegroundGame(), ret=false
04-23 13:24:48.643 D/PkgPredictorService-SecIpmManagerServiceImpl( 1426): bg information pid:7922 uid:10472 pkgName:com.toov1.dovizaltin
04-23 13:24:48.643 D/SGM:GameManager( 1426): identifyForegroundApp. com.sec.android.app.launcher, mCurrentUserId: 0, callerUserId: 0
04-23 13:24:48.643 D/SGM:SemGameManager( 1426): isForegroundGame(), ret=false
04-23 13:24:48.646 I/SurfaceFlinger( 1101): [LayerHierarchy{RequestedLayerState{com.toov1.dovizaltin/com.toov1.dovizaltin.MainActivity$_7922#6000} no children}] reparent to OffscreenRoot
04-23 13:24:48.646 I/SurfaceFlinger( 1101): [LayerHierarchy{RequestedLayerState{com.toov1.dovizaltin/com.toov1.dovizaltin.MainActivity$_7922#6000} no children}] RelativeParent to null
04-23 13:24:48.646 I/SurfaceFlinger( 1101): id=6000 Removed com.toov1.dovizaltin/com.toov1.dovizaltin.MainActivity$_7922#6000 (137)
04-23 13:24:48.654 I/SurfaceFlinger( 1101): destroyed com.toov1.dovizaltin/com.toov1.dovizaltin.MainActivity$_7922#6000
04-23 13:24:48.654 I/Layer   ( 1101): id=6000 Destroyed com.toov1.dovizaltin/com.toov1.dovizaltin.MainActivity$_7922#6000
04-23 13:24:52.051 W/libprocessgroup( 1426): SetCgroup::ExecuteForProcess: failed to open /dev/cpuctl/foreground-boost/cgroup.procs: No such file or directory
04-23 13:24:52.127 W/libprocessgroup( 1426): SetCgroup::ExecuteForProcess: failed to open /dev/cpuctl/foreground-boost/cgroup.procs: No such file or directory
04-23 13:24:52.130 W/libprocessgroup( 1426): SetCgroup::ExecuteForProcess: failed to open /dev/cpuctl/foreground-boost/cgroup.procs: No such file or directory
04-23 13:24:53.417 D/AS.MultiSoundManager( 1426): mForegroundUid = 10153
04-23 13:24:53.466 I/HoneySpace.SuggestedItemsFacade(23211): DPS items : Çarşı Piyasa - Canlı Döviz & Altın, com.toov1.dovizaltin/.MainActivity#UserHandle{0}
04-23 13:24:53.466 I/HoneySpace.FilteredItemProvider(23211): collect filtered items l, [PK(p='com.toov1.dovizaltin', u=UserHandle{0})]
04-23 13:24:53.467 I/HoneySpace.SuggestedItemsFacade(23211): filteredItem : PK(p='com.toov1.dovizaltin', u=UserHandle{0})
04-23 13:24:53.467 I/HoneySpace.SuggestedItemsFacade(23211): item removed by filter - PK(p='com.toov1.dovizaltin', u=UserHandle{0})
04-23 13:24:53.479 I/HoneySpace.RecentDataListRepositoryImpl[11905922](23211): rawData: [RecentData(items=[DefaultTaskData([#taskId 6210 : com.toov1.dovizaltin])], displayId=0, deskId=-1, type=1, name=)]
04-23 13:24:53.479 I/HoneySpace.RecentDataListRepositoryImpl[11905922](23211): visibleData: [RecentData(items=[DefaultTaskData([#taskId 6210 : com.toov1.dovizaltin])], displayId=0, deskId=-1, type=1, name=)]
04-23 13:24:53.479 I/HoneySpace.TaskListViewModel[70565405](23211): recentDataState: RecentDataState(recentData=[RecentData(items=[DefaultTaskData([#taskId 6210 : com.toov1.dovizaltin])], displayId=0, deskId=-1, type=1, name=)], changeState=Load)
04-23 13:24:53.479 I/HoneySpace.TaskListPot[3302eec](23211): recentDataState: RecentDataState(recentData=[RecentData(items=[DefaultTaskData([#taskId 6210 : com.toov1.dovizaltin])], displayId=0, deskId=-1, type=1, name=)], changeState=Load)
04-23 13:24:53.479 I/HoneySpace.RecentAdapter[a18cd9f](23211): notifyDataSetChanged, new: Load, [RecentData(items=[DefaultTaskData([#taskId 6210 : com.toov1.dovizaltin])], displayId=0, deskId=-1, type=1, name=)]
04-23 13:24:53.482 I/HoneySpace.TaskDataRepositoryImpl(23211): Request icon and label, id=6210, iconAndLabel: IconAndLabel(icon=android.graphics.Bitmap@34ccca5, label=Çarşı Piyasa - Canlı Döviz & Altın), componentKey: com.toov1.dovizaltin/.MainActivity#UserHandle{0}
