04-23 13:24:55.874 V/WindowManagerShell( 1865): Transition requested (#476): android.os.BinderProxy@f5553e6 TransitionRequestInfo { type = OPEN, triggerTask = TaskInfo{userId=0 taskId=6210 effectiveUid=10472 displayId=0 isRunning=true baseIntent=Intent { act=android.intent.action.MAIN cat=[android.intent.category.LAUNCHER] flg=0x10200000 cmp=com.toov1.dovizaltin/.MainActivity } baseActivity=ComponentInfo{com.toov1.dovizaltin/com.toov1.dovizaltin.MainActivity} topActivity=ComponentInfo{com.google.android.permissioncontroller/com.android.permissioncontroller.permission.ui.GrantPermissionsActivity} origActivity=null realActivity=ComponentInfo{com.toov1.dovizaltin/com.toov1.dovizaltin.MainActivity} numActivities=2 lastActiveTime=42060172 supportsMultiWindow=true resizeMode=1 isResizeable=true minWidth=-1 minHeight=-1 maxWidth=-1 maxHeight=-1 defaultMinSize=220 desktopDefaultMinSize=304 token=WCT{android.window.IWindowContainerToken$Stub$Proxy@c8fd27} topActivityType=1 pictureInPictureParams=null shouldDockBigOverlays=false launchIntoPipHostTaskId=-1 lastParentTaskIdBeforePip=-1 displayCutoutSafeInsets=Rect(0, 0 - 0, 0) topActivityInfo=ActivityInfo{5dfdbd4 com.android.permissioncontroller.permission.ui.GrantPermissionsActivity} launchCookies=[android.os.BinderProxy@6c9d6e8] positionInParent=Point(0, 0) parentTaskId=-1 isFocused=true isVisible=true isVisibleRequested=true isTopActivityNoDisplay=false isSleeping=false locusId=null displayAreaFeatureId=1 isTopActivityTransparent=true isActivityStackTransparent=false lastNonFullscreenBounds=Rect(81, 557 - 999, 1727) capturedLink=null capturedLinkTimestamp=0 requestedVisibleTypes=-9 topActivityRequestOpenInBrowserEducationTimestamp=0 appCompatTaskInfo=AppCompatTaskInfo { topActivityInSizeCompat=false eligibleForLetterboxEducation= false isLetterboxEducationEnabled= false isLetterboxDoubleTapEnabled= false eligibleForUserAspectRatioButton= false topActivityBoundsLetterboxed= false isFromLetterboxDoubleTap= false topActivityLetterboxVerticalPosition= -1 topActivityLetterboxHorizontalPosition= -1 topActivityLetterboxWidth=-1 topActivityLetterboxHeight=-1 topActivityAppBounds=Rect(0, 0 - 1080, 2340) isUserFullscreenOverrideEnabled=false isSystemFullscreenOverrideEnabled=false hasMinAspectRatioOverride=false topActivityLetterboxBounds=null cameraCompatTaskInfo=CameraCompatTaskInfo { freeformCameraCompatMode=inactive} topActivityBounds=null topActivityInDisplayCompat=false singleTapFromLetterbox=false} topActivityMainWindowFrame=null originallySupportedMultiWindow=true hasWallpaper=false rootAffinity=10472:com.toov1.dovizaltin isTopTaskInStage=false CoverLauncherWidgetTask=false LaunchedFromAppsCoverLauncherTask=false LaunchedFromMultistarCoverLauncherTask=false isAllowedSeamlessRotation=false isTopTransparentActivity=false isAliasManaged=false hasConfigChanged=false snappingGuideBounds=null isAiKeyRemoveAppTask=false lastDesktopWindowingBounds=null lastExternalDesktopWindowingBounds=null safeCutoutInsets=null}, pipChange = null, remoteTransition = null, displayChange = null, flags = 0, debugId = 476 }
04-23 13:24:55.877 D/SGM:FgCheckThread( 1426): notePauseComponent(), received pkgName: com.toov1.dovizaltin, userId: 0
04-23 13:24:55.881 D/WindowManager( 1426): Changing focus from Window{3baeb93 u0 com.toov1.dovizaltin/com.toov1.dovizaltin.MainActivity} to null displayId=0 Callers=com.android.server.wm.ActivityTaskManagerService.setLastResumedActivityUncheckLocked:264 com.android.server.wm.ActivityTaskSupervisor.updateTopResumedActivityIfNeeded:51 com.android.server.wm.TaskFragment.setResumedActivity:30 com.android.server.wm.ActivityRecord.setState:100 
04-23 13:24:55.883 D/SurfaceComposerClient( 1426): setCornerRadius ## 3baeb93 com.toov1.dovizaltin/com.toov1.dovizaltin.MainActivity#5881 cornerRadius=0.000000
04-23 13:24:55.884 D/SurfaceComposerClient( 1426): setCornerRadius ## 3baeb93 com.toov1.dovizaltin/com.toov1.dovizaltin.MainActivity#5881 cornerRadius=0.000000
04-23 13:24:55.886 D/SGM:GameManager( 1426): identifyForegroundApp. com.toov1.dovizaltin, mCurrentUserId: 0, callerUserId: 0
04-23 13:24:55.886 D/SGM:SemGameManager( 1426): isForegroundGame(), ret=false
04-23 13:24:55.890 D/SurfaceComposerClient( 1426): setCornerRadius ## 3baeb93 com.toov1.dovizaltin/com.toov1.dovizaltin.MainActivity#5881 cornerRadius=0.000000
04-23 13:24:55.892 D/PkgPredictorService-SecIpmManagerServiceImpl( 1426): onForegroundActivitiesChanged pid:28050 uid:10302
04-23 13:24:55.892 D/SGM:GameManager( 1426): identifyForegroundApp. com.toov1.dovizaltin, mCurrentUserId: 0, callerUserId: 0
04-23 13:24:55.892 D/SGM:SemGameManager( 1426): isForegroundGame(), ret=false
04-23 13:24:55.893 V/PkgPredictorService-SecIpmManagerServiceImpl( 1426): discard foreground app:com.google.android.permissioncontroller 1|true
04-23 13:24:55.893 D/SurfaceComposerClient( 1426): setCornerRadius ## 3baeb93 com.toov1.dovizaltin/com.toov1.dovizaltin.MainActivity#5881 cornerRadius=0.000000
04-23 13:24:55.895 D/SGM:GameManager( 1426): identifyForegroundApp. com.toov1.dovizaltin, mCurrentUserId: 0, callerUserId: 0
04-23 13:24:55.897 D/InputDispatcher( 1426): Focus left window (0): 3baeb93 com.toov1.dovizaltin/com.toov1.dovizaltin.MainActivity
04-23 13:24:55.916 D/SurfaceComposerClient( 1426): setCornerRadius ## 3baeb93 com.toov1.dovizaltin/com.toov1.dovizaltin.MainActivity#5881 cornerRadius=0.000000
04-23 13:24:55.917 D/SurfaceComposerClient( 1426): setCornerRadius ## 3baeb93 com.toov1.dovizaltin/com.toov1.dovizaltin.MainActivity#5881 cornerRadius=0.000000
04-23 13:24:55.919 D/WindowManager( 1426): updateSystemBarAttributes: displayId=0, focusedCanBeNavColorWin=false, win=Window{5c1dc72 u0 com.google.android.permissioncontroller/com.android.permissioncontroller.permission.ui.GrantPermissionsActivity}, navColorWin=Window{3baeb93 u0 com.toov1.dovizaltin/com.toov1.dovizaltin.MainActivity}, caller=com.android.server.wm.WindowManagerService.updateFocusedWindowLocked:372 com.android.server.wm.WindowManagerService.relayoutWindow:1350 com.android.server.wm.Session.relayout:27 
04-23 13:24:55.924 D/SurfaceComposerClient( 1426): setCornerRadius ## 3baeb93 com.toov1.dovizaltin/com.toov1.dovizaltin.MainActivity#5881 cornerRadius=0.000000
04-23 13:24:55.924 D/SurfaceComposerClient( 1426): setCornerRadius ## 3baeb93 com.toov1.dovizaltin/com.toov1.dovizaltin.MainActivity#5881 cornerRadius=0.000000
04-23 13:24:55.925 D/ChangeTransitionController( 1426):    ChangeInfo{cd546d1 container=Task{fe9b9c5 #6210 type=standard A=10472:com.toov1.dovizaltin} flags=0x0}
04-23 13:24:55.926 D/VibratorManagerService( 1426): Finish AppOp mode VIBRATE for uid 10472 and package com.toov1.dovizaltin
04-23 13:24:55.927 D/SurfaceComposerClient( 1426): setCornerRadius ## 3baeb93 com.toov1.dovizaltin/com.toov1.dovizaltin.MainActivity#5881 cornerRadius=0.000000
04-23 13:24:55.930 V/WindowManager( 1426): Sent Transition (#476) createdAt=04-23 13:24:55.865 via request=TransitionRequestInfo { type = OPEN, triggerTask = TaskInfo{userId=0 taskId=6210 effectiveUid=10472 displayId=0 isRunning=true baseIntent=Intent { act=android.intent.action.MAIN cat=[android.intent.category.LAUNCHER] flg=0x10200000 cmp=com.toov1.dovizaltin/.MainActivity } baseActivity=ComponentInfo{com.toov1.dovizaltin/com.toov1.dovizaltin.MainActivity} topActivity=ComponentInfo{com.google.android.permissioncontroller/com.android.permissioncontroller.permission.ui.GrantPermissionsActivity} origActivity=null realActivity=ComponentInfo{com.toov1.dovizaltin/com.toov1.dovizaltin.MainActivity} numActivities=2 lastActiveTime=42060172 supportsMultiWindow=true resizeMode=1 isResizeable=true minWidth=-1 minHeight=-1 maxWidth=-1 maxHeight=-1 defaultMinSize=220 desktopDefaultMinSize=304 token=WCT{RemoteToken{e00f6a0 Task{fe9b9c5 #6210 type=standard A=10472:com.toov1.dovizaltin}}} topActivityType=1 pictureInPictureParams=null shouldDockBigOverlays=false launchIntoPipHostTaskId=-1 lastParentTaskIdBeforePip=-1 displayCutoutSafeInsets=Rect(0, 0 - 0, 0) topActivityInfo=ActivityInfo{146a26e com.android.permissioncontroller.permission.ui.GrantPermissionsActivity} launchCookies=[android.os.BinderProxy@fa4dd0f] positionInParent=Point(0, 0) parentTaskId=-1 isFocused=true isVisible=true isVisibleRequested=true isTopActivityNoDisplay=false isSleeping=false locusId=null displayAreaFeatureId=1 isTopActivityTransparent=true isActivityStackTransparent=false lastNonFullscreenBounds=Rect(81, 557 - 999, 1727) capturedLink=null capturedLinkTimestamp=0 requestedVisibleTypes=-9 topActivityRequestOpenInBrowserEducationTimestamp=0 appCompatTaskInfo=AppCompatTaskInfo { topActivityInSizeCompat=false eligibleForLetterboxEducation= false isLetterboxEducationEnabled= false isLetterboxDoubleTapEnabled= false eligibleForUserAspectRatioButton= false topActivityBoundsLetterboxed= false isFromLetterboxDoubleTap= false topActivityLetterboxVerticalPosition= -1 topActivityLetterboxHorizontalPosition= -1 topActivityLetterboxWidth=-1 topActivityLetterboxHeight=-1 topActivityAppBounds=Rect(0, 0 - 1080, 2340) isUserFullscreenOverrideEnabled=false isSystemFullscreenOverrideEnabled=false hasMinAspectRatioOverride=false topActivityLetterboxBounds=null cameraCompatTaskInfo=CameraCompatTaskInfo { freeformCameraCompatMode=inactive} topActivityBounds=null topActivityInDisplayCompat=false singleTapFromLetterbox=false} topActivityMainWindowFrame=null originallySupportedMultiWindow=true hasWallpaper=false rootAffinity=10472:com.toov1.dovizaltin isTopTaskInStage=false CoverLauncherWidgetTask=false LaunchedFromAppsCoverLauncherTask=false LaunchedFromMultistarCoverLauncherTask=false isAllowedSeamlessRotation=false isTopTransparentActivity=false isAliasManaged=false hasConfigChanged=false snappingGuideBounds=null isAiKeyRemoveAppTask=false lastDesktopWindowingBounds=null lastExternalDesktopWindowingBounds=null safeCutoutInsets=null}, pipChange = null, remoteTransition = null, displayChange = null, flags = 0, debugId = 476 }
04-23 13:24:55.930 D/PkgPredictorService-SecIpmManagerServiceImpl( 1426): ACTION_FOREGROUND_FINISH_EVENT sCurForegroundApp :com.google.android.permissioncontroller
04-23 13:24:55.931 D/SurfaceComposerClient( 1426): setCornerRadius ## 3baeb93 com.toov1.dovizaltin/com.toov1.dovizaltin.MainActivity#5881 cornerRadius=0.000000
04-23 13:24:55.932 V/WindowManager( 1426):    ChangeInfo{cd546d1 container=Task{fe9b9c5 #6210 type=standard A=10472:com.toov1.dovizaltin} flags=0x0}
04-23 13:24:55.934 D/ChangeTransitionController( 1426):    ChangeInfo{cd546d1 container=Task{fe9b9c5 #6210 type=standard A=10472:com.toov1.dovizaltin} flags=0x0}
04-23 13:24:55.941 D/SurfaceComposerClient( 1426): setCornerRadius ## 3baeb93 com.toov1.dovizaltin/com.toov1.dovizaltin.MainActivity#5881 cornerRadius=0.000000
04-23 13:24:55.942 D/SurfaceFlinger( 1101):        DEVICE |           34024730918922 | 00002102 | RGBA_8888    |    0.0    0.0 1080.0 2340.0 |    0    0 1080 2340 | com.toov1.dovizaltin/com.toov1.dovizaltin.MainActivity$_7922#6046 (5)
04-23 13:24:55.943 D/SurfaceComposerClient( 1426): setCornerRadius ## 3baeb93 com.toov1.dovizaltin/com.toov1.dovizaltin.MainActivity#5881 cornerRadius=0.000000
04-23 13:24:55.945 D/InputDispatcher( 1426): Focused application(0): ActivityRecord{110282812 u0 com.toov1.dovizaltin/.MainActivity t6210}
04-23 13:24:55.946 D/WindowManager( 1426): Changing focus from Window{5c1dc72 u0 com.google.android.permissioncontroller/com.android.permissioncontroller.permission.ui.GrantPermissionsActivity} to Window{3baeb93 u0 com.toov1.dovizaltin/com.toov1.dovizaltin.MainActivity} displayId=0 Callers=com.android.server.wm.ActivityTaskManagerService.setLastResumedActivityUncheckLocked:264 com.android.server.wm.ActivityTaskSupervisor.updateTopResumedActivityIfNeeded:51 com.android.server.wm.TaskFragment.setResumedActivity:30 com.android.server.wm.ActivityRecord.setState:100 
04-23 13:24:55.948 D/InsetsSourceProvider( 1426): updateControlForTarget: control=InsetsSourceControl: {8470000 mType=statusBars initiallyVisible mSurfacePosition=Point(0, 0) mInsetsHint=Insets{left=0, top=80, right=0, bottom=0}}, target=Window{3baeb93 u0 com.toov1.dovizaltin/com.toov1.dovizaltin.MainActivity}, from=com.android.server.wm.InsetsStateController.onControlTargetChanged:83 com.android.server.wm.InsetsPolicy.updateBarControlTarget:212 com.android.server.wm.DisplayPolicy.updateSystemBarAttributes:262 com.android.server.wm.WindowManagerService.updateFocusedWindowLocked:372 com.android.server.wm.ActivityTaskManagerService.setLastResumedActivityUncheckLocked:264 
04-23 13:24:55.950 D/InsetsSourceProvider( 1426): updateControlForTarget: control=InsetsSourceControl: {83d80001 mType=navigationBars initiallyVisible mSurfacePosition=Point(0, 2205) mInsetsHint=Insets{left=0, top=0, right=0, bottom=135}}, target=Window{3baeb93 u0 com.toov1.dovizaltin/com.toov1.dovizaltin.MainActivity}, from=com.android.server.wm.InsetsStateController.onControlTargetChanged:83 com.android.server.wm.InsetsPolicy.updateBarControlTarget:225 com.android.server.wm.DisplayPolicy.updateSystemBarAttributes:262 com.android.server.wm.WindowManagerService.updateFocusedWindowLocked:372 com.android.server.wm.ActivityTaskManagerService.setLastResumedActivityUncheckLocked:264 
04-23 13:24:55.950 D/WindowManager( 1426): updateSystemBarAttributes: displayId=0, focusedCanBeNavColorWin=false, win=Window{3baeb93 u0 com.toov1.dovizaltin/com.toov1.dovizaltin.MainActivity}, navColorWin=Window{5c1dc72 u0 com.google.android.permissioncontroller/com.android.permissioncontroller.permission.ui.GrantPermissionsActivity}, caller=com.android.server.wm.WindowManagerService.updateFocusedWindowLocked:372 com.android.server.wm.ActivityTaskManagerService.setLastResumedActivityUncheckLocked:264 com.android.server.wm.ActivityTaskSupervisor.updateTopResumedActivityIfNeeded:51 
04-23 13:24:55.950 V/SystemKeyManager( 1426): updateFocusedWindow() is called, com.toov1.dovizaltin/com.toov1.dovizaltin.MainActivity
04-23 13:24:55.950 D/ActivityTaskManager( 1426): scheduleTopResumedActivityChanged, onTop=true, r=ActivityRecord{110282812 u0 com.toov1.dovizaltin/.MainActivity t6210}, caller=com.android.server.wm.ActivityTaskSupervisor.scheduleTopResumedActivityStateIfNeeded:18 com.android.server.wm.ActivityTaskSupervisor.updateTopResumedActivityIfNeeded:54 com.android.server.wm.TaskFragment.setResumedActivity:30 com.android.server.wm.ActivityRecord.setState:100 com.android.server.wm.TaskFragment.resumeTopActivity:1705 com.android.server.wm.Task.resumeTopActivityInnerLocked:119 
04-23 13:24:55.951 D/SurfaceComposerClient( 1426): setCornerRadius ## 3baeb93 com.toov1.dovizaltin/com.toov1.dovizaltin.MainActivity#5881 cornerRadius=0.000000
04-23 13:24:55.952 D/SurfaceComposerClient( 1426): setCornerRadius ## 3baeb93 com.toov1.dovizaltin/com.toov1.dovizaltin.MainActivity#5881 cornerRadius=0.000000
04-23 13:24:55.952 D/ChangeTransitionController( 1426):    ChangeInfo{106451b container=Task{fe9b9c5 #6210 type=standard A=10472:com.toov1.dovizaltin} flags=0x0}
04-23 13:24:55.959 D/SGM:FgCheckThread( 1426): noteResumeComponent(), received pkgName: com.toov1.dovizaltin, userId: 0
04-23 13:24:55.959 I/SDHMS:k ( 3856): handleResumeComponent : put = com.toov1.dovizaltin, userid = 0 instanceid =14822440
04-23 13:24:55.959 D/SGM:FgCheckThread( 1426): onLooperPrepared(), msg: MSG_APP_RESUME, pkgName: com.toov1.dovizaltin, userid: 0
04-23 13:24:55.959 D/SGM:FgCheckThread( 1426):   handleResume(). pkgName: com.toov1.dovizaltin, userId: 0, category: non-game
04-23 13:24:55.959 D/SGM:FgCheckThread( 1426): notifyFocusInOut(). of pkg: com.toov1.dovizaltin, type: 4, isSecGameFamily: false, userId: 0
04-23 13:24:55.959 I/HoneySpace.EdgePanel.EdgePanelContainerViewModel(23211): cocktailHostRepository.edgePanelOperation NoteResumeComponent(componentName=ComponentInfo{com.toov1.dovizaltin/com.toov1.dovizaltin.MainActivity})
04-23 13:24:55.960 I/HoneySpace.EdgePanel.ActivityUtils(23211): HomePackage : com.sec.android.app.launcher, resumePackageName : com.toov1.dovizaltin, className : com.toov1.dovizaltin.MainActivity
04-23 13:24:55.960 V/WindowManager( 1426):    ChangeInfo{106451b container=Task{fe9b9c5 #6210 type=standard A=10472:com.toov1.dovizaltin} flags=0x0}
04-23 13:24:55.961 D/ChangeTransitionController( 1426):    ChangeInfo{106451b container=Task{fe9b9c5 #6210 type=standard A=10472:com.toov1.dovizaltin} flags=0x0}
04-23 13:24:55.962 I/SurfaceFlinger( 1101): [LayerHierarchy{RequestedLayerState{ImeContainer#15 parentId=5873 relativeParentId=5881 z=1} 1 children}] RelativeParent to LayerHierarchy{RequestedLayerState{3baeb93 com.toov1.dovizaltin/com.toov1.dovizaltin.MainActivity#5881 parentId=5873} 2 children}
04-23 13:24:55.964 D/SGM:GameManager( 1426): identifyForegroundApp. com.toov1.dovizaltin, mCurrentUserId: 0, callerUserId: 0
04-23 13:24:55.964 D/SGM:SemGameManager( 1426): isForegroundGame(), ret=false
04-23 13:24:55.965 D/SGM:GameManager( 1426): identifyForegroundApp. com.toov1.dovizaltin, mCurrentUserId: 0, callerUserId: 0
04-23 13:24:55.965 D/SGM:SemGameManager( 1426): isForegroundGame(), ret=false
04-23 13:24:55.965 D/SurfaceComposerClient( 1426): setCornerRadius ## 3baeb93 com.toov1.dovizaltin/com.toov1.dovizaltin.MainActivity#5881 cornerRadius=0.000000
04-23 13:24:55.965 D/SurfaceComposerClient( 1426): setCornerRadius ## 3baeb93 com.toov1.dovizaltin/com.toov1.dovizaltin.MainActivity#5881 cornerRadius=0.000000
04-23 13:24:55.967 D/SurfaceFlinger( 1101):        DEVICE |           34024730918922 | 00002102 | RGBA_8888    |    0.0    0.0 1080.0 2340.0 |    0    0 1080 2340 | com.toov1.dovizaltin/com.toov1.dovizaltin.MainActivity$_7922#6046 (5)
04-23 13:24:55.969 I/InsetsSourceConsumer( 7922): applyRequestedVisibilityToControl: visible=true, type=statusBars, host=com.toov1.dovizaltin/com.toov1.dovizaltin.MainActivity
04-23 13:24:55.969 I/InsetsSourceConsumer( 7922): applyRequestedVisibilityToControl: visible=true, type=navigationBars, host=com.toov1.dovizaltin/com.toov1.dovizaltin.MainActivity
04-23 13:24:55.969 D/SurfaceComposerClient( 1426): setCornerRadius ## 3baeb93 com.toov1.dovizaltin/com.toov1.dovizaltin.MainActivity#5881 cornerRadius=0.000000
04-23 13:24:55.973 D/SurfaceFlinger( 1101): [input] setFocusedWindow: 3baeb93 com.toov1.dovizaltin/com.toov1.dovizaltin.MainActivity
04-23 13:24:55.974 D/InputDispatcher( 1426): Once focus requested (0): 3baeb93 com.toov1.dovizaltin/com.toov1.dovizaltin.MainActivity
04-23 13:24:55.974 D/InputDispatcher( 1426): Focus entered window (0): 3baeb93 com.toov1.dovizaltin/com.toov1.dovizaltin.MainActivity
04-23 13:24:55.975 I/ImeTracker( 1426): com.toov1.dovizaltin:ed45705f: onRequestHide at ORIGIN_SERVER reason HIDE_SAME_WINDOW_FOCUSED_WITHOUT_EDITOR fromUser false
04-23 13:24:55.975 I/ImeTracker( 7922): com.toov1.dovizaltin:ed45705f: onCancelled at PHASE_CLIENT_ALREADY_HIDDEN
04-23 13:24:55.978 I/HBD     ( 4353): b [AiWriter] setContact : com.toov1.dovizaltin
04-23 13:24:55.984 D/SurfaceComposerClient( 1426): setCornerRadius ## 3baeb93 com.toov1.dovizaltin/com.toov1.dovizaltin.MainActivity#5881 cornerRadius=0.000000
04-23 13:24:55.984 D/SurfaceComposerClient( 1426): setCornerRadius ## 3baeb93 com.toov1.dovizaltin/com.toov1.dovizaltin.MainActivity#5881 cornerRadius=0.000000
04-23 13:24:55.985 D/SGM:FgCheckThread( 1426): getForegroundApp(), foregroundPkgName=com.toov1.dovizaltin
04-23 13:24:55.986 D/SGM:FgCheckThread( 1426): pkgName: com.google.android.permissioncontroller is not in foreground
04-23 13:24:55.986 D/SGM:FgCheckThread( 1426): noteStopComponent(), received pkgName: com.google.android.permissioncontroller, focusedPkgName: com.toov1.dovizaltin, userId: 0
04-23 13:24:56.095 D/MdnieScenarioControlService( 1426):  packageName : com.toov1.dovizaltin    className : com.toov1.dovizaltin.MainActivity
04-23 13:24:56.262 I/LayerHistory( 1101): com.toov1.dovizaltin/com.toov1.dovizaltin.MainActivity$_7922#6046 voted ExplicitCategory with category: HighHint
04-23 13:24:56.296 I/ActivityManager( 1426): Background started FGS: Allowed [callingPackage: com.toov1.dovizaltin; callingUid: 10472; uidState: TOP ; uidBFSL: [BFSL]; intent: Intent { act=app.notifee.core.ForegroundService.START xflg=0x4 cmp=com.toov1.dovizaltin/app.notifee.core.ForegroundService (has extras) }; code:PROC_STATE_TOP; tempAllowListReason:<null>; allowWiu:12; targetSdkVersion:36; callerTargetSdkVersion:36; startForegroundCount:0; bindFromPackage:null: isBindService:false]
04-23 13:24:56.298 I/ActivityManager( 1426): Background started FGS: Allowed [callingPackage: com.toov1.dovizaltin; callingUid: 10472; uidState: TOP ; uidBFSL: [BFSL]; intent: Intent { act=app.notifee.core.ForegroundService.START cmp=com.toov1.dovizaltin/app.notifee.core.ForegroundService }; code:PROC_STATE_TOP; tempAllowListReason:<null>; allowWiu:12; targetSdkVersion:36; callerTargetSdkVersion:36; startForegroundCount:0; bindFromPackage:null: isBindService:false]
04-23 13:24:56.298 W/ForegroundServiceTypeLoggerModule( 1426): Foreground service start for UID: 10472 does not have any types
04-23 13:24:56.298 D/SecFgsManagerController( 1865): onForegroundStateChanged: [dialog:false]:[isForeground:true]:[packageName:com.toov1.dovizaltin]:[token:android.os.BinderProxy@2c0f9be]:[userId:0]
04-23 13:24:56.299 D/NotifeeHeadlessJS( 7922): taskId: 29
04-23 13:24:56.299 D/SecFgsManagerController( 1865): updateUiControl[com.toov1.dovizaltin]: -1
04-23 13:24:56.337 I/LayerHistory( 1101): com.toov1.dovizaltin/com.toov1.dovizaltin.MainActivity$_7922#6046 voted ExplicitCategory with category: HighHint
04-23 13:24:56.478 D/SGM:GameManager( 1426): identifyForegroundApp. com.toov1.dovizaltin, mCurrentUserId: 0, callerUserId: 0
04-23 13:24:56.478 D/SGM:SemGameManager( 1426): isForegroundGame(), ret=false
04-23 13:24:56.487 D/FreecessHandler( 1426): freeze com.toov1.dovizaltin(10472) result : 37
04-23 13:24:56.503 D/NotificationReminder( 1426): addNotificationRecord record com.toov1.dovizaltin
04-23 13:24:56.505 D/InterruptionStateProvider( 1865):  no Heads up : edgelighting enabled app. 0|com.toov1.dovizaltin|-169915944|null|10472
04-23 13:24:56.506 I/HoneySpace.NotificationListener(23211): onNotificationPosted com.toov1.dovizaltin: 0|com.toov1.dovizaltin|-169915944|null|10472: 0
04-23 13:24:56.506 I/HoneySpace.BadgeDataSourceImpl(23211): Get notification count. PK(p='com.toov1.dovizaltin', u=UserHandle{0}) - forceBadgeCount: false, notification listener: 1, badge provider: 0
04-23 13:24:56.506 I/HoneySpace.PackageEventOperator(23211): [ApplistViewModel] badge count is updated. com.toov1.dovizaltin/.MainActivity#UserHandle{0}|36880 : 1
04-23 13:24:56.506 D/InterruptionStateProvider( 1865):  no Heads up : edgelighting enabled app. 0|com.toov1.dovizaltin|-169915944|null|10472
04-23 13:24:56.524 I/AppIconSolution( 1865): return adaptive icon for com.toov1.dovizaltin, isNight = true
04-23 13:24:56.529 D/ExpandableNotifRow( 1865): mMaxSmallHeight different before reInflateViews mMaxSmallHeight: 203 mTempSmallHeight:0 0|com.toov1.dovizaltin|-169915944|null|10472
04-23 13:24:56.529 D/ExpandableNotifRow( 1865): mMaxSmallHeight different before reInflateViews mMaxSmallHeight: 203 mTempSmallHeight:0 0|com.toov1.dovizaltin|-169915944|null|10472
04-23 13:24:56.529 D/ExpandableNotifRow( 1865): mMaxSmallHeight different before reInflateViews mMaxSmallHeight: 203 mTempSmallHeight:0 0|com.toov1.dovizaltin|-169915944|null|10472
04-23 13:24:56.529 D/ExpandableNotifRow( 1865): mMaxSmallHeight different before reInflateViews mMaxSmallHeight: 203 mTempSmallHeight:0 0|com.toov1.dovizaltin|-169915944|null|10472
04-23 13:24:56.530 D/S.S.N.  ( 1865): entryViewBound parent :0|com.toov1.dovizaltin|-169915944|null|10472
04-23 13:24:56.531 I/AppIconSolution( 1865): return adaptive icon for com.toov1.dovizaltin, isNight = true
04-23 13:24:56.538 I/View    ( 1865): setRequestedFrameRate frameRate=-2.0, this=StatusBarIconView(slot='com.toov1.dovizaltin/0xf5df49d8' alpha=1.0 icon=StatusBarIcon(icon=Icon(typ=RESOURCE pkg=com.toov1.dovizaltin id=0x7f070106) visible user=0 ) visibleState=ICON iconColor=#0 staticDrawableColor=#0 decorColor=#ff1b6cf7 animationStartColor=#0 currentSetColor=#0 notification=StatusBarNotification(pkg=com.toov1.dovizaltin user=UserHandle{0} id=-169915944 tag=null key=0|com.toov1.dovizaltin|-169915944|null|10472: Notification(channel=carsi-ongoing shortcut=null contentView=null vibrate=null sound=null defaults=0 flags=ONGOING_EVENT|ONLY_ALERT_ONCE|NO_CLEAR|FOREGROUND_SERVICE color=0xff0b3d91 vis=PRIVATE semFlags=0x0 semPriority=0 semMissedCount=0))), caller=com.android.systemui.statusbar.StatusBarIconView.onAttachedToWindow:6 android.view.View.dispatchAttachedToWindow:24320 android.view.ViewGroup.addViewInner:5582 android.view.ViewGroup.addView:5358 com.android.systemui.statusbar.phone.LegacyNotificationIconAreaControllerImpl.updateIconsForLayout:468 
04-23 13:24:56.538 I/View    ( 1865): setRequestedFrameRate frameRate=-2.0, this=StatusBarIconView(slot='com.toov1.dovizaltin/0xf5df49d8' alpha=1.0 icon=StatusBarIcon(icon=Icon(typ=RESOURCE pkg=com.toov1.dovizaltin id=0x7f070106) visible user=0 ) visibleState=ICON iconColor=#0 staticDrawableColor=#0 decorColor=#ff1b6cf7 animationStartColor=#0 currentSetColor=#0 notification=StatusBarNotification(pkg=com.toov1.dovizaltin user=UserHandle{0} id=-169915944 tag=null key=0|com.toov1.dovizaltin|-169915944|null|10472: Notification(channel=carsi-ongoing shortcut=null contentView=null vibrate=null sound=null defaults=0 flags=ONGOING_EVENT|ONLY_ALERT_ONCE|NO_CLEAR|FOREGROUND_SERVICE color=0xff0b3d91 vis=PRIVATE semFlags=0x0 semPriority=0 semMissedCount=0))), caller=com.android.systemui.statusbar.StatusBarIconView.onAttachedToWindow:6 android.view.View.dispatchAttachedToWindow:24320 android.view.ViewGroup.addViewInner:5582 android.view.ViewGroup.addView:5358 com.android.systemui.statusbar.phone.LegacyNotificationIconAreaControllerImpl.updateIconsForLayout:468 
04-23 13:24:56.541 D/ExpandableNotifRow( 1865): mMaxSmallHeight different before reInflateViews mMaxSmallHeight: 203 mTempSmallHeight:0 0|com.toov1.dovizaltin|-169915944|null|10472
04-23 13:24:56.541 D/ExpandableNotifRow( 1865): mMaxSmallHeight different before reInflateViews mMaxSmallHeight: 203 mTempSmallHeight:0 0|com.toov1.dovizaltin|-169915944|null|10472
04-23 13:24:57.013 I/LayerHistory( 1101): com.toov1.dovizaltin/com.toov1.dovizaltin.MainActivity$_7922#6046 voted ExplicitCategory with category: HighHint
04-23 13:24:57.047 I/LayerHistory( 1101): com.toov1.dovizaltin/com.toov1.dovizaltin.MainActivity$_7922#6046 voted ExplicitCategory with category: HighHint
04-23 13:24:57.166 D/ActivityTaskManager( 1426): scheduleTopResumedActivityChanged, onTop=false, r=ActivityRecord{110282812 u0 com.toov1.dovizaltin/.MainActivity t6210}, caller=com.android.server.wm.ActivityTaskSupervisor.scheduleTopResumedActivityStateLossIfNeeded:19 com.android.server.wm.ActivityTaskSupervisor.updateTopResumedActivityIfNeeded:20 com.android.server.wm.TaskDisplayArea.positionChildAt:252 com.android.server.wm.WindowContainer.positionChildAt:84 com.android.server.wm.Task.positionChildAt:19 com.android.server.wm.Task.moveToFront:40 
04-23 13:24:57.166 V/WindowManager( 1426): Collecting in transition 478: ActivityRecord{110282812 u0 com.toov1.dovizaltin/.MainActivity t6210}, caller=com.android.server.wm.TransitionController.collect:7 com.android.server.wm.ActivityRecord.setVisibility:132 com.android.server.wm.ActivityRecord.makeInvisible:32 com.android.server.wm.EnsureActivitiesVisibleHelper.process:542 com.android.server.wm.TaskFragment.updateActivityVisibilities:12 
04-23 13:24:57.167 D/WindowManager( 1426): prepareSync <SYNC_STATE_WAITING_FOR_DRAW>, mPrepareSyncSeqId=0, win=Window{3baeb93 u0 com.toov1.dovizaltin/com.toov1.dovizaltin.MainActivity}
04-23 13:24:57.168 D/AS.MultiSoundManager( 1426): mForegroundUid = 10153
04-23 13:24:57.168 D/WindowManager( 1426): Changing focus from Window{3baeb93 u0 com.toov1.dovizaltin/com.toov1.dovizaltin.MainActivity} to null displayId=0 Callers=com.android.server.wm.ActivityTaskManagerService.setLastResumedActivityUncheckLocked:264 com.android.server.wm.ActivityTaskSupervisor.updateTopResumedActivityIfNeeded:51 com.android.server.wm.TaskFragment.setResumedActivity:30 com.android.server.wm.ActivityRecord.setState:100 
04-23 13:24:57.169 V/WindowManager( 1426):    ChangeInfo{6dfe4e2 container=ActivityRecord{110282812 u0 com.toov1.dovizaltin/.MainActivity t6210} flags=0x0}
04-23 13:24:57.169 V/WindowManager( 1426):    ChangeInfo{71b6d2e container=Task{fe9b9c5 #6210 type=standard A=10472:com.toov1.dovizaltin} flags=0x0}
04-23 13:24:57.171 D/SGM:FgCheckThread( 1426): notePauseComponent(), received pkgName: com.toov1.dovizaltin, userId: 0
04-23 13:24:57.177 D/SGM:GameManager( 1426): identifyForegroundApp. com.sec.android.app.launcher, mCurrentUserId: 0, callerUserId: 0
04-23 13:24:57.177 D/SGM:SemGameManager( 1426): isForegroundGame(), ret=false
04-23 13:24:57.182 D/PkgPredictorService-SecIpmManagerServiceImpl( 1426): onForegroundActivitiesChanged pid:23211 uid:10153
04-23 13:24:57.182 V/PkgPredictorService-SecIpmManagerServiceImpl( 1426): discard foreground app:com.sec.android.app.launcher 1|true
04-23 13:24:57.182 D/SGM:GameManager( 1426): identifyForegroundApp. com.sec.android.app.launcher, mCurrentUserId: 0, callerUserId: 0
04-23 13:24:57.182 D/SGM:SemGameManager( 1426): isForegroundGame(), ret=false
04-23 13:24:57.185 D/WindowManager( 1426): updateSystemBarAttributes: displayId=0, focusedCanBeNavColorWin=false, win=Window{f2bbc10 u0 com.sec.android.app.launcher/com.sec.android.app.launcher.activities.LauncherActivity}, navColorWin=Window{3baeb93 u0 com.toov1.dovizaltin/com.toov1.dovizaltin.MainActivity}, caller=com.android.server.wm.WindowManagerService.updateFocusedWindowLocked:372 com.android.server.wm.WindowManagerService.relayoutWindow:1350 com.android.server.wm.Session.relayout:27 
04-23 13:24:57.196 D/InputDispatcher( 1426): Focus left window (0): 3baeb93 com.toov1.dovizaltin/com.toov1.dovizaltin.MainActivity
04-23 13:24:57.200 I/AppWidgetHost(23211): updateAppWidgetView, appWidgetId = 25, v = com.honeyspace.ui.common.widget.HoneyAppWidgetHostView{4c3860a VFE...... R....... 30,30-1158,299} - span boundary: (4, 1) ~ (4, 6), appWidgetSize: 0, flag: 1, lastAppliedInfo: RemoteViewInfo(packages=com.toov1.dovizaltin), cachedImageView: false
04-23 13:24:57.203 W/libprocessgroup( 1426): SetCgroup::ExecuteForProcess: failed to open /dev/cpuctl/foreground-boost/cgroup.procs: No such file or directory
04-23 13:24:57.205 D/ChangeTransitionController( 1426):    ChangeInfo{6dfe4e2 container=ActivityRecord{110282812 u0 com.toov1.dovizaltin/.MainActivity t6210} flags=0x0}
04-23 13:24:57.205 D/ChangeTransitionController( 1426):    ChangeInfo{71b6d2e container=Task{fe9b9c5 #6210 type=standard A=10472:com.toov1.dovizaltin} flags=0x0}
04-23 13:24:57.206 V/WindowManager( 1426): Start calculating TransitionInfo based on participants: {ActivityRecord{35192115 u0 com.sec.android.app.launcher/.activities.LauncherActivity t6198}, ActivityRecord{110282812 u0 com.toov1.dovizaltin/.MainActivity t6210}, ActivityRecord{136431473 u0 com.sec.android.app.launcher/.activities.LauncherActivity t-1}, Task{8b29e69 #6197 type=home}, Task{a3b88f0 #6198 type=home I=com.sec.android.app.launcher/.activities.LauncherActivity}, WallpaperWindowToken{a7595d3 showWhenLocked=true}_<lock>}
04-23 13:24:57.206 V/WindowManager( 1426):   Final targets: [ChangeInfo{64eb30 container=Task{8b29e69 #6197 type=home} flags=0x30}, ChangeInfo{71b6d2e container=Task{fe9b9c5 #6210 type=standard A=10472:com.toov1.dovizaltin} flags=0x10}, ChangeInfo{a9a6bbf container=WallpaperWindowToken{a7595d3 showWhenLocked=true}_<lock> flags=0x0}]
04-23 13:24:57.209 V/WindowManager( 1426):         {WCT{RemoteToken{e00f6a0 Task{fe9b9c5 #6210 type=standard A=10472:com.toov1.dovizaltin}}} m=TO_BACK f=NONE leash=Surface(name=Task=6210)/@0x60dc6d2 sb=Rect(0, 0 - 1080, 2340) eb=Rect(0, 0 - 1080, 2340) epz=Point(1080, 2340) d=0 taskParent=-1 inset=Rect(0, 80 - 0, 135)},
04-23 13:24:57.211 D/PkgPredictorService-SecIpmManagerServiceImpl( 1426): ACTION_FOREGROUND_FINISH_EVENT sCurForegroundApp :com.sec.android.app.launcher
04-23 13:24:57.215 I/SurfaceFlinger( 1101): Capture layer list: 	 com.toov1.dovizaltin/com.toov1.dovizaltin.MainActivity$_7922#6046(seamlessTransition:0)
04-23 13:24:57.216 D/RenderEngine( 1101): [SEC_SF_EFFECTS] drawLayersInternal,1494, Rendering layer com.toov1.dovizaltin/com.toov1.dovizaltin.MainActivity$_7922#6046 at index 1
04-23 13:24:57.222 V/WindowManager( 1426):         {WCT{RemoteToken{e00f6a0 Task{fe9b9c5 #6210 type=standard A=10472:com.toov1.dovizaltin}}} m=TO_BACK f=NONE leash=Surface(name=Task=6210)/@0x60dc6d2 sb=Rect(0, 0 - 1080, 2340) eb=Rect(0, 0 - 1080, 2340) epz=Point(1080, 2340) d=0 taskParent=-1 inset=Rect(0, 80 - 0, 135)},
04-23 13:24:57.226 I/HoneySpace.AppCloseAnimationDelegate(23211): findTargetValue [cookie--1, pkgName-com.toov1.dovizaltin]
04-23 13:24:57.227 D/SGM:GameManager( 1426): identifyForegroundApp. com.sec.android.app.launcher, mCurrentUserId: 0, callerUserId: 0
04-23 13:24:57.257 D/SurfaceFlinger( 1101):        CLIENT |           34024730918921 | 00002102 | RGBA_8888    |    0.0    0.0 1080.0 2340.0 |    1    2 1079 2338 | com.toov1.dovizaltin/com.toov1.dovizaltin.MainActivity$_7922#6046 (7)
04-23 13:24:57.300 W/JobInfo (26029): Requested important-while-foreground flag for job43772 is ignored and takes no effect
04-23 13:24:57.588 V/WindowManager( 1426):    ChangeInfo{6dfe4e2 container=ActivityRecord{110282812 u0 com.toov1.dovizaltin/.MainActivity t6210} flags=0x0}
04-23 13:24:57.588 V/WindowManager( 1426):    ChangeInfo{71b6d2e container=Task{fe9b9c5 #6210 type=standard A=10472:com.toov1.dovizaltin} flags=0x10}
04-23 13:24:57.588 V/WindowManager( 1426): Setting visibility of Window{3baeb93 u0 com.toov1.dovizaltin/com.toov1.dovizaltin.MainActivity}: false, caller=com.android.server.wm.WindowContainer.sendAppVisibilityToClients:19 com.android.server.wm.WindowToken.setClientVisible:48 com.android.server.wm.ActivityRecord.commitVisibility:186 com.android.server.wm.TransitionController.finishTransition:846 com.android.server.wm.WindowOrganizerController.finishTransitionInner:31 
04-23 13:24:57.589 D/ChangeTransitionController( 1426):    ChangeInfo{6dfe4e2 container=ActivityRecord{110282812 u0 com.toov1.dovizaltin/.MainActivity t6210} flags=0x0}
04-23 13:24:57.589 D/ChangeTransitionController( 1426):    ChangeInfo{71b6d2e container=Task{fe9b9c5 #6210 type=standard A=10472:com.toov1.dovizaltin} flags=0x10}
04-23 13:24:57.603 I/SurfaceFlinger( 1101): RequestedLayer [com.toov1.dovizaltin/com.toov1.dovizaltin.MainActivity$_7922#6046] hidden!! flag  from(0) --> to(1)
04-23 13:24:57.603 I/SurfaceFlinger( 1101): RequestedLayer [ActivityRecord{110282812 u0 com.toov1.dovizaltin/.MainActivity t6210}#5873] hidden!! flag  from(0) --> to(1)
04-23 13:24:57.604 I/WindowManager( 1426): Relayout Window{3baeb93 u0 com.toov1.dovizaltin/com.toov1.dovizaltin.MainActivity}: viewVisibility=8 req=1080x2340 ty=1 d0
04-23 13:24:57.609 D/VRI[MainActivity]@48f0dcf( 7922): WindowStopped on com.toov1.dovizaltin/com.toov1.dovizaltin.MainActivity set to true
04-23 13:24:57.615 E/WindowManager( 1426): win=Window{3baeb93 u0 com.toov1.dovizaltin/com.toov1.dovizaltin.MainActivity} destroySurfaces: appStopped=true cleanupOnResume=false win.mWindowRemovalAllowed=false win.mRemoveOnExit=false win.mViewVisibility=8 caller=com.android.server.wm.ActivityRecord.destroySurfaces:25 com.android.server.wm.ActivityRecord.activityStopped:192 com.android.server.wm.ActivityClientController.activityStopped:97 android.app.IActivityClientController$Stub.onTransact:740 com.android.server.wm.ActivityClientController.onTransact:1 android.os.Binder.execTransactInternal:1462 android.os.Binder.execTransact:1401 
04-23 13:24:57.615 D/SGM:FgCheckThread( 1426): getForegroundApp(), foregroundPkgName=com.sec.android.app.launcher
04-23 13:24:57.615 D/SGM:FgCheckThread( 1426): pkgName: com.toov1.dovizaltin is in foreground
04-23 13:24:57.616 D/SGM:GameManager( 1426): identifyForegroundApp. com.sec.android.app.launcher, mCurrentUserId: 0, callerUserId: 0
04-23 13:24:57.616 D/SGM:SemGameManager( 1426): isForegroundGame(), ret=false
04-23 13:24:57.616 D/PkgPredictorService-SecIpmManagerServiceImpl( 1426): bg information pid:7922 uid:10472 pkgName:com.toov1.dovizaltin
04-23 13:24:57.617 D/SGM:GameManager( 1426): identifyForegroundApp. com.sec.android.app.launcher, mCurrentUserId: 0, callerUserId: 0
04-23 13:24:57.617 D/SGM:SemGameManager( 1426): isForegroundGame(), ret=false
04-23 13:24:57.619 I/SurfaceFlinger( 1101): [LayerHierarchy{RequestedLayerState{com.toov1.dovizaltin/com.toov1.dovizaltin.MainActivity$_7922#6046} no children}] reparent to OffscreenRoot
04-23 13:24:57.619 I/SurfaceFlinger( 1101): [LayerHierarchy{RequestedLayerState{com.toov1.dovizaltin/com.toov1.dovizaltin.MainActivity$_7922#6046} no children}] RelativeParent to null
04-23 13:24:57.620 I/SurfaceFlinger( 1101): id=6046 Removed com.toov1.dovizaltin/com.toov1.dovizaltin.MainActivity$_7922#6046 (141)
04-23 13:24:57.627 I/SurfaceFlinger( 1101): destroyed com.toov1.dovizaltin/com.toov1.dovizaltin.MainActivity$_7922#6046
04-23 13:24:57.628 I/Layer   ( 1101): id=6046 Destroyed com.toov1.dovizaltin/com.toov1.dovizaltin.MainActivity$_7922#6046
04-23 13:24:58.298 D/FreecessHandler( 1426): freeze com.toov1.dovizaltin(10472) result : 37
04-23 13:24:58.669 D/FreecessHandler( 1426): freeze com.toov1.dovizaltin(10472) result : 40
04-23 13:24:58.669 D/FreecessHandler( 1426): stop trying to freeze com.toov1.dovizaltin
04-23 13:24:58.724 I/HoneySpace.SALoggingUtils(23211): SA Logging screenID: 101 eventId: 1003 detail: {PackageName=com.toov1.dovizaltin, det=1} value: -1
04-23 13:24:58.729 I/HoneySpace.WidgetInteractionHandlerImpl(23211): [findHostViewAncestor] - com.honeyspace.ui.common.widget.HoneyAppWidgetHostView{4c3860a VFE...... R....... 30,30-1158,299} - span boundary: (4, 1) ~ (4, 6), appWidgetSize: 0, flag: 1, lastAppliedInfo: RemoteViewInfo(packages=com.toov1.dovizaltin), cachedImageView: false
04-23 13:24:58.729 I/HoneySpace.WidgetInteractionHandlerImpl(23211): [getActivityLaunchOptions] hostView-com.honeyspace.ui.common.widget.HoneyAppWidgetHostView{4c3860a VFE...... R....... 30,30-1158,299} - span boundary: (4, 1) ~ (4, 6), appWidgetSize: 0, flag: 1, lastAppliedInfo: RemoteViewInfo(packages=com.toov1.dovizaltin), cachedImageView: false, targetView-com.honeyspace.ui.common.widget.WidgetHostViewContainer{a56da4f VFE...CL. ........ 0,0-1000,284} - Çarşı Piyasa - Canlı Döviz & Altın, appWidgetId=25, alpha=1.0, spanX=4, spanY=1, isStandardized: false, lastLabel: null, lastCornerRadius: null, lastBackgroundOpacity: 0, lastTransparent: true, x=0, y=0, cookieId-36881, intent-Intent { cmp=com.toov1.dovizaltin/.widget.PriceWidget }
04-23 13:24:58.734 D/ActivityManager( 1426): Received BROADCAST intent 0x6be8d20 Key{broadcastIntent pkg=com.toov1.dovizaltin intent=act=com.toov1.dovizaltin.WIDGET_CLICK xflg=0x4 cmp=com.toov1.dovizaltin/.widget.PriceWidget flags=0x2000000 u=0} requestCode=-1176566070 sent=0 from uid 10153
04-23 13:24:58.738 D/AppWidgetProvider( 7922): onReceive:com.toov1.dovizaltin.WIDGET_CLICK
04-23 13:24:58.740 I/AppWidgetServiceImpl( 1426): getInstalledProvidersForProfiles lock in com.toov1.dovizaltin
04-23 13:24:58.760 D/PackageManager( 1426): setEnabledSetting : userId = 0 packageName = com.toov1.dovizaltin cmp = androidx.work.impl.background.systemalarm.RescheduleReceiver newState = 1 callingPackage = com.toov1.dovizaltin
04-23 13:24:58.761 D/ApplicationPolicy( 1426): getApplicationStateEnabled : pkg = com.toov1.dovizaltin userId : 0
04-23 13:24:58.761 D/ApplicationPolicy( 1426): getApplicationComponentState : pkg = com.toov1.dovizaltin userId : 0
04-23 13:24:58.782 D/PackageManager( 1426): setEnabledSetting : userId = 0 packageName = com.toov1.dovizaltin cmp = androidx.work.impl.background.systemalarm.RescheduleReceiver newState = 1 callingPackage = com.toov1.dovizaltin
04-23 13:24:58.782 D/ApplicationPolicy( 1426): getApplicationStateEnabled : pkg = com.toov1.dovizaltin userId : 0
04-23 13:24:58.782 D/ApplicationPolicy( 1426): getApplicationComponentState : pkg = com.toov1.dovizaltin userId : 0
04-23 13:24:58.792 W/JobInfo ( 7922): Requested important-while-foreground flag for job101 is ignored and takes no effect
04-23 13:24:58.810 I/ReactNativeJS( 7922): [CARSI-WIDGET] taskHandler ENTER action=WIDGET_CLICK id=25 name=PriceWidget w=401 h=95
04-23 13:24:58.849 I/ReactNativeJS( 7922): [CARSI-WIDGET] renderWidget OK stage=cache+refreshing field=sell rows=4 loading=false err=-
04-23 13:24:58.849 I/ReactNativeJS( 7922): [CARSI-WIDGET] fetching prices… codes=USD,EUR,ALTIN,CEYREK
04-23 13:24:58.899 I/Kumiho-Kumiho( 7922): getPackageName: com.toov1.dovizaltin
04-23 13:24:59.165 I/Kumiho-Kumiho( 7922): getPackageName: com.toov1.dovizaltin
04-23 13:24:59.281 I/Kumiho-Kumiho( 7922): getPackageName: com.toov1.dovizaltin
04-23 13:24:59.553 I/Kumiho-Kumiho( 7922): getPackageName: com.toov1.dovizaltin
04-23 13:24:59.735 D/AppWidgetServiceImpl( 1426): Trying to notify widget update for package com.toov1.dovizaltin with widget id: 25
04-23 13:24:59.738 I/AppWidgetHost(23211): updateAppWidgetView, appWidgetId = 25, v = com.honeyspace.ui.common.widget.HoneyAppWidgetHostView{4c3860a VFE...... R....... 30,30-1158,299} - span boundary: (4, 1) ~ (4, 6), appWidgetSize: 0, flag: 1, lastAppliedInfo: RemoteViewInfo(packages=com.toov1.dovizaltin), cachedImageView: false
04-23 13:24:59.930 I/ReactNativeJS( 7922): [CARSI-WIDGET] fetched rows=4 err=-
04-23 13:24:59.979 I/ReactNativeJS( 7922): [CARSI-WIDGET] renderWidget OK stage=data field=sell rows=4 loading=false err=-
04-23 13:24:59.979 I/ReactNativeJS( 7922): [CARSI-WIDGET] taskHandler EXIT action=WIDGET_CLICK
04-23 13:25:00.024 I/Kumiho-Kumiho( 7922): getPackageName: com.toov1.dovizaltin
04-23 13:25:00.282 I/Kumiho-Kumiho( 7922): getPackageName: com.toov1.dovizaltin
04-23 13:25:00.443 I/Kumiho-Kumiho( 7922): getPackageName: com.toov1.dovizaltin
04-23 13:25:00.692 I/Kumiho-Kumiho( 7922): getPackageName: com.toov1.dovizaltin
04-23 13:25:00.841 D/AppWidgetServiceImpl( 1426): Trying to notify widget update for package com.toov1.dovizaltin with widget id: 25
04-23 13:25:00.844 I/AppWidgetHost(23211): updateAppWidgetView, appWidgetId = 25, v = com.honeyspace.ui.common.widget.HoneyAppWidgetHostView{4c3860a VFE...... R....... 30,30-1158,299} - span boundary: (4, 1) ~ (4, 6), appWidgetSize: 0, flag: 1, lastAppliedInfo: RemoteViewInfo(packages=com.toov1.dovizaltin), cachedImageView: false
04-23 13:25:03.032 D/AS.MultiSoundManager( 1426): mForegroundUid = 10153
04-23 13:25:03.046 I/HoneySpace.TaskDataRepositoryImpl(23211): Request icon and label, id=6210, iconAndLabel: IconAndLabel(icon=android.graphics.Bitmap@34ccca5, label=Çarşı Piyasa - Canlı Döviz & Altın), componentKey: com.toov1.dovizaltin/.MainActivity#UserHandle{0}
04-23 13:25:03.073 I/HoneySpace.BadgeDataSourceImpl(23211): Get notification count. PK(p='com.toov1.dovizaltin', u=UserHandle{0}) - forceBadgeCount: false, notification listener: 1, badge provider: 0
04-23 13:25:03.073 I/HoneySpace.SuggestedItemsFacade(23211): DPS items : Çarşı Piyasa - Canlı Döviz & Altın, com.toov1.dovizaltin/.MainActivity#UserHandle{0}
04-23 13:25:03.073 I/HoneySpace.FilteredItemProvider(23211): collect filtered items l, [PK(p='com.toov1.dovizaltin', u=UserHandle{0})]
04-23 13:25:03.074 I/HoneySpace.SuggestedItemsFacade(23211): filteredItem : PK(p='com.toov1.dovizaltin', u=UserHandle{0})
04-23 13:25:03.074 I/HoneySpace.SuggestedItemsFacade(23211): item removed by filter - PK(p='com.toov1.dovizaltin', u=UserHandle{0})
04-23 13:25:03.075 I/HoneySpace.RecentDataListRepositoryImpl[11905922](23211): rawData: [RecentData(items=[DefaultTaskData([#taskId 6210 : com.toov1.dovizaltin])], displayId=0, deskId=-1, type=1, name=)]
04-23 13:25:03.075 I/HoneySpace.RecentDataListRepositoryImpl[11905922](23211): visibleData: [RecentData(items=[DefaultTaskData([#taskId 6210 : com.toov1.dovizaltin])], displayId=0, deskId=-1, type=1, name=)]
04-23 13:25:03.075 I/HoneySpace.TaskListViewModel[70565405](23211): recentDataState: RecentDataState(recentData=[RecentData(items=[DefaultTaskData([#taskId 6210 : com.toov1.dovizaltin])], displayId=0, deskId=-1, type=1, name=)], changeState=Load)
04-23 13:25:03.075 I/HoneySpace.TaskListPot[3302eec](23211): recentDataState: RecentDataState(recentData=[RecentData(items=[DefaultTaskData([#taskId 6210 : com.toov1.dovizaltin])], displayId=0, deskId=-1, type=1, name=)], changeState=Load)
04-23 13:25:03.075 I/HoneySpace.RecentAdapter[a18cd9f](23211): notifyDataSetChanged, prev: Load, [RecentData(items=[DefaultTaskData([#taskId 6210 : com.toov1.dovizaltin])], displayId=0, deskId=-1, type=1, name=)]
04-23 13:25:03.075 I/HoneySpace.RecentAdapter[a18cd9f](23211): notifyDataSetChanged, new: Load, [RecentData(items=[DefaultTaskData([#taskId 6210 : com.toov1.dovizaltin])], displayId=0, deskId=-1, type=1, name=)]
04-23 13:25:03.084 I/HoneySpace.TaskDataRepositoryImpl(23211): Request icon and label, id=6210, iconAndLabel: IconAndLabel(icon=android.graphics.Bitmap@34ccca5, label=Çarşı Piyasa - Canlı Döviz & Altın), componentKey: com.toov1.dovizaltin/.MainActivity#UserHandle{0}
04-23 13:25:03.414 D/SGM:FgCheckThread( 1426): getForegroundApp(), foregroundPkgName=com.sec.android.app.launcher
04-23 13:25:03.415 D/SGM:FgCheckThread( 1426): pkgName: com.sec.android.app.launcher is in foreground
04-23 13:25:04.079 V/WindowManager( 1426): Cleaning splash screen token=ActivityRecord{110282812 u0 com.toov1.dovizaltin/.MainActivity t6210 f}}
04-23 13:25:04.080 I/HoneySpace.RecentAdapter[a18cd9f](23211): notifyDataChangedOnlyDiff, Load, prev: [RecentData(items=[DefaultTaskData([#taskId 6210 : com.toov1.dovizaltin])], displayId=0, deskId=-1, type=1, name=)]
04-23 13:25:04.094 D/AS.MultiSoundManager( 1426): mForegroundUid = 10153
04-23 13:25:04.100 D/CoreBackPreview( 1426): Window{3baeb93 u0 com.toov1.dovizaltin/com.toov1.dovizaltin.MainActivity}: Setting back callback null
04-23 13:25:04.106 V/WindowManager( 1426): Remove Window{3baeb93 u0 com.toov1.dovizaltin/com.toov1.dovizaltin.MainActivity}: mSurfaceControl=null mAnimatingExit=false mRemoveOnExit=false mHasSurface=false surfaceShowing=false animating=false app-animation=false callers=com.android.server.wm.Session.remove:16 android.view.IWindowSession$Stub.onTransact:804 com.android.server.wm.Session.onTransact:1 android.os.Binder.execTransactInternal:1457 android.os.Binder.execTransact:1401 <bottom of call stack> 
04-23 13:25:04.113 V/WindowManager( 1426): Cleaning splash screen token=ActivityRecord{110282812 u0 com.toov1.dovizaltin/.MainActivity t6210 f}}
04-23 13:25:04.114 V/WindowManager( 1426): Collecting in transition 480: ActivityRecord{110282812 u0 com.toov1.dovizaltin/.MainActivity t6210 f}}, caller=com.android.server.wm.TransitionController.collect:7 com.android.server.wm.ActivityRecord.onRemovedFromDisplay:258 com.android.server.wm.ActivityRecord.removeFromHistory:173 com.android.server.wm.ActivityRecord.destroyed:95 com.android.server.wm.ActivityClientController.activityDestroyed:28 
04-23 13:25:04.114 I/SurfaceFlinger( 1101): id=5877 Removed 678400e ActivityRecordInputSink com.toov1.dovizaltin/.MainActivity#5877 (144)
04-23 13:25:04.121 D/SGM:FgCheckThread( 1426): getForegroundApp(), foregroundPkgName=com.sec.android.app.launcher
04-23 13:25:04.122 W/UsageStatsService( 1426): Unexpected activity event reported! (com.toov1.dovizaltin/com.toov1.dovizaltin.MainActivity event : 23 instanceId : 14822440)
04-23 13:25:04.122 D/SGM:FgCheckThread( 1426): pkgName: com.toov1.dovizaltin is not in foreground
04-23 13:25:04.122 D/SGM:FgCheckThread( 1426): noteStopComponent(), received pkgName: com.toov1.dovizaltin, focusedPkgName: com.sec.android.app.launcher, userId: 0
04-23 13:25:04.126 I/SurfaceFlinger( 1101): [LayerHierarchy{RequestedLayerState{3baeb93 com.toov1.dovizaltin/com.toov1.dovizaltin.MainActivity#5881} no children}] reparent to OffscreenRoot
04-23 13:25:04.126 I/SurfaceFlinger( 1101): [LayerHierarchy{RequestedLayerState{3baeb93 com.toov1.dovizaltin/com.toov1.dovizaltin.MainActivity#5881} no children}] RelativeParent to null
04-23 13:25:04.127 D/ChangeTransitionController( 1426):    ChangeInfo{18bb2e6 container=ActivityRecord{110282812 u0 com.toov1.dovizaltin/.MainActivity t-1 f}} flags=0x0}
04-23 13:25:04.127 D/ChangeTransitionController( 1426):    ChangeInfo{ce17027 container=Task{fe9b9c5 #6210 type=standard A=10472:com.toov1.dovizaltin} flags=0x0}
04-23 13:25:04.127 V/WindowManager( 1426): Start calculating TransitionInfo based on participants: {ActivityRecord{35192115 u0 com.sec.android.app.launcher/.activities.LauncherActivity t6198}, ActivityRecord{110282812 u0 com.toov1.dovizaltin/.MainActivity t-1 f}}, Task{8b29e69 #6197 type=home}, ActivityRecord{160947550 u0 com.sec.android.app.launcher/com.android.quickstep.RecentsActivity t6199}, Task{a3b88f0 #6198 type=home I=com.sec.android.app.launcher/.activities.LauncherActivity}, WallpaperWindowToken{a7595d3 showWhenLocked=true}_<lock>, ActivityRecord{182780245 u0 com.sec.android.app.launcher/.activities.LauncherActivity t-1}}
04-23 13:25:04.128 I/SurfaceFlinger( 1101): id=5881 Removed 3baeb93 com.toov1.dovizaltin/com.toov1.dovizaltin.MainActivity#5881 (146)
04-23 13:25:04.134 I/SurfaceFlinger( 1101): destroyed 3baeb93 com.toov1.dovizaltin/com.toov1.dovizaltin.MainActivity#5881
04-23 13:25:04.135 I/Layer   ( 1101): id=5881 Destroyed 3baeb93 com.toov1.dovizaltin/com.toov1.dovizaltin.MainActivity#5881
04-23 13:25:04.142 I/SurfaceFlinger( 1101): [LayerHierarchy{RequestedLayerState{ActivityRecord{110282812 u0 com.toov1.dovizaltin/.MainActivity t6210}#5873} 1 children}] reparent to OffscreenRoot
04-23 13:25:04.142 I/SurfaceFlinger( 1101): [LayerHierarchy{RequestedLayerState{ActivityRecord{110282812 u0 com.toov1.dovizaltin/.MainActivity t6210}#5873} 1 children}] RelativeParent to null
