04-23 13:24:25.775 D/PluginAODManager( 1865): onNotificationInfoUpdated() 0|com.toov1.dovizaltin|-169915944|null|10472
04-23 13:24:33.744 W/libprocessgroup( 1426): SetCgroup::ExecuteForProcess: failed to open /dev/cpuctl/foreground-boost/cgroup.procs: No such file or directory
04-23 13:24:33.876 W/Looper  ( 1426): Slow dispatch took 144ms main app=system_server main=true group=FOREGROUND h=android.app.ActivityThread$H c=android.app.LoadedApk$ReceiverDispatcher$Args$$ExternalSyntheticLambda0@f5d2134 m=0
04-23 13:24:34.415 W/libprocessgroup( 1426): SetCgroup::ExecuteForProcess: failed to open /dev/cpuctl/foreground-boost/cgroup.procs: No such file or directory
04-23 13:24:34.643 D/AS.MultiSoundManager( 1426): mForegroundUid = 10153
04-23 13:24:34.684 D/SGM:GameManager( 1426): identifyForegroundApp. com.sec.android.app.launcher, mCurrentUserId: 0, callerUserId: 0
04-23 13:24:34.684 D/SGM:SemGameManager( 1426): isForegroundGame(), ret=false
04-23 13:24:34.684 D/SGM:GameManager( 1426): identifyForegroundApp. com.sec.android.app.launcher, mCurrentUserId: 0, callerUserId: 0
04-23 13:24:34.684 D/SGM:SemGameManager( 1426): isForegroundGame(), ret=false
04-23 13:24:34.694 D/PkgPredictorService-SecIpmManagerServiceImpl( 1426): onForegroundActivitiesChanged pid:23211 uid:10153
04-23 13:24:34.694 V/PkgPredictorService-SecIpmManagerServiceImpl( 1426): discard foreground app:com.sec.android.app.launcher 1|true
04-23 13:24:34.694 D/SGM:GameManager( 1426): identifyForegroundApp. com.sec.android.app.launcher, mCurrentUserId: 0, callerUserId: 0
04-23 13:24:34.695 D/SGM:SemGameManager( 1426): isForegroundGame(), ret=false
04-23 13:24:34.702 D/SGM:GameManager( 1426): identifyForegroundApp. com.sec.android.app.launcher, mCurrentUserId: 0, callerUserId: 0
04-23 13:24:34.702 D/SGM:SemGameManager( 1426): isForegroundGame(), ret=false
04-23 13:24:34.848 W/libprocessgroup( 1426): SetCgroup::ExecuteForProcess: failed to open /dev/cpuctl/foreground-boost/cgroup.procs: No such file or directory
04-23 13:24:34.849 W/libprocessgroup( 1426): SetCgroup::ExecuteForProcess: failed to open /dev/cpuctl/foreground-boost/cgroup.procs: No such file or directory
04-23 13:24:35.035 W/libprocessgroup( 1426): SetCgroup::ExecuteForProcess: failed to open /dev/cpuctl/foreground-boost/cgroup.procs: No such file or directory
04-23 13:24:35.646 W/libprocessgroup( 1426): SetCgroup::ExecuteForProcess: failed to open /dev/cpuctl/foreground-boost/cgroup.procs: No such file or directory
04-23 13:24:36.462 I/HoneySpace.SALoggingUtils(23211): SA Logging screenID: 101 eventId: 1003 detail: {PackageName=com.toov1.dovizaltin, det=1} value: -1
04-23 13:24:36.470 I/HoneySpace.WidgetInteractionHandlerImpl(23211): [findHostViewAncestor] - com.honeyspace.ui.common.widget.HoneyAppWidgetHostView{4c3860a VFE...... R....... 30,30-1158,299} - span boundary: (4, 1) ~ (4, 6), appWidgetSize: 0, flag: 1, lastAppliedInfo: RemoteViewInfo(packages=com.toov1.dovizaltin), cachedImageView: false
04-23 13:24:36.472 I/HoneySpace.WidgetInteractionHandlerImpl(23211): [getActivityLaunchOptions] hostView-com.honeyspace.ui.common.widget.HoneyAppWidgetHostView{4c3860a VFE...... R....... 30,30-1158,299} - span boundary: (4, 1) ~ (4, 6), appWidgetSize: 0, flag: 1, lastAppliedInfo: RemoteViewInfo(packages=com.toov1.dovizaltin), cachedImageView: false, targetView-com.honeyspace.ui.common.widget.WidgetHostViewContainer{a56da4f VFE...CL. ........ 0,0-1000,284} - Çarşı Piyasa - Canlı Döviz & Altın, appWidgetId=25, alpha=1.0, spanX=4, spanY=1, isStandardized: false, lastLabel: null, lastCornerRadius: null, lastBackgroundOpacity: 0, lastTransparent: true, x=0, y=0, cookieId-36881, intent-Intent { cmp=com.toov1.dovizaltin/.widget.PriceWidget }
04-23 13:24:36.479 D/ActivityManager( 1426): Received BROADCAST intent 0x93a1826 Key{broadcastIntent pkg=com.toov1.dovizaltin intent=act=com.toov1.dovizaltin.WIDGET_CLICK xflg=0x4 cmp=com.toov1.dovizaltin/.widget.PriceWidget flags=0x2000000 u=0} requestCode=-1176681650 sent=0 from uid 10153
04-23 13:24:36.504 D/AppWidgetProvider( 7922): onReceive:com.toov1.dovizaltin.WIDGET_CLICK
04-23 13:24:36.522 I/AppWidgetServiceImpl( 1426): getInstalledProvidersForProfiles lock in com.toov1.dovizaltin
04-23 13:24:36.578 D/PackageManager( 1426): setEnabledSetting : userId = 0 packageName = com.toov1.dovizaltin cmp = androidx.work.impl.background.systemalarm.RescheduleReceiver newState = 1 callingPackage = com.toov1.dovizaltin
04-23 13:24:36.579 D/ApplicationPolicy( 1426): getApplicationStateEnabled : pkg = com.toov1.dovizaltin userId : 0
04-23 13:24:36.579 D/ApplicationPolicy( 1426): getApplicationComponentState : pkg = com.toov1.dovizaltin userId : 0
04-23 13:24:36.605 D/PackageManager( 1426): setEnabledSetting : userId = 0 packageName = com.toov1.dovizaltin cmp = androidx.work.impl.background.systemalarm.RescheduleReceiver newState = 1 callingPackage = com.toov1.dovizaltin
04-23 13:24:36.606 D/ApplicationPolicy( 1426): getApplicationStateEnabled : pkg = com.toov1.dovizaltin userId : 0
04-23 13:24:36.606 D/ApplicationPolicy( 1426): getApplicationComponentState : pkg = com.toov1.dovizaltin userId : 0
04-23 13:24:36.620 W/JobInfo ( 7922): Requested important-while-foreground flag for job98 is ignored and takes no effect
04-23 13:24:36.680 I/ReactNativeJS( 7922): [CARSI-WIDGET] taskHandler ENTER action=WIDGET_CLICK id=25 name=PriceWidget w=401 h=95
04-23 13:24:36.828 I/ReactNativeJS( 7922): [CARSI-WIDGET] renderWidget OK stage=cache+refreshing field=sell rows=4 loading=false err=-
04-23 13:24:36.828 I/ReactNativeJS( 7922): [CARSI-WIDGET] fetching prices… codes=USD,EUR,ALTIN,CEYREK
04-23 13:24:36.903 I/Kumiho-Kumiho( 7922): getPackageName: com.toov1.dovizaltin
04-23 13:24:37.188 I/Kumiho-Kumiho( 7922): getPackageName: com.toov1.dovizaltin
04-23 13:24:37.398 I/Kumiho-Kumiho( 7922): getPackageName: com.toov1.dovizaltin
04-23 13:24:37.736 I/Kumiho-Kumiho( 7922): getPackageName: com.toov1.dovizaltin
04-23 13:24:37.917 D/AppWidgetServiceImpl( 1426): Trying to notify widget update for package com.toov1.dovizaltin with widget id: 25
04-23 13:24:37.920 I/AppWidgetHost(23211): updateAppWidgetView, appWidgetId = 25, v = com.honeyspace.ui.common.widget.HoneyAppWidgetHostView{4c3860a VFE...... R....... 30,30-1158,299} - span boundary: (4, 1) ~ (4, 6), appWidgetSize: 0, flag: 1, lastAppliedInfo: RemoteViewInfo(packages=com.toov1.dovizaltin), cachedImageView: false
04-23 13:24:41.022 I/Pageboost( 1426): start alp : com.toov1.dovizaltin
04-23 13:24:41.023 I/Pageboost( 1426): alp skip : com.toov1.dovizaltin , 2
04-23 13:24:41.029 D/ShellStartingWindow( 1865): preload Icon com.toov1.dovizaltin
04-23 13:24:41.084 I/Pageboost( 1426): onAppLaunch : com.toov1.dovizaltin
04-23 13:24:41.086 I/AppIconSolution(23211): getThemeIconWithBG called with public API, pkg = com.toov1.dovizaltin, mode = 48
04-23 13:24:41.086 I/AppIconSolution(23211): return adaptive icon for com.toov1.dovizaltin, isNight = true
04-23 13:24:41.086 I/LauncherActivityInfo(23211): packageName: com.toov1.dovizaltin, useThemeIcon: false, height: 288, width: 288, density: 640
04-23 13:24:41.087 V/WindowManager( 1426): Collecting in transition 470: ActivityRecord{70055721 u0 com.toov1.dovizaltin/.MainActivity, caller=com.android.server.wm.TransitionController.collect:7 com.android.server.wm.ActivityStarter.startActivityUnchecked:98 com.android.server.wm.ActivityStarter.executeRequest:3651 com.android.server.wm.ActivityStarter.execute:1752 com.android.server.wm.ActivityTaskManagerService.startActivityAsUser:95 
04-23 13:24:41.087 D/ActivityTaskManager( 1426): DesktopModeLaunchParamsModifier: task=null activity=ActivityRecord{70055721 u0 com.toov1.dovizaltin/.MainActivity t-1} task null, skipping
04-23 13:24:41.087 D/ActivityTaskManager( 1426): TaskLaunchParamsModifier:task=null activity=ActivityRecord{70055721 u0 com.toov1.dovizaltin/.MainActivity t-1} display-from-option=0 display-id=0 task-display-area-windowing-mode=1 suggested-display-area=DefaultTaskDisplayArea_d0@11789331
04-23 13:24:41.087 D/ActivityTaskManager( 1426): DesktopModeLaunchParamsModifier: task=Task{fe9b9c5 #6210 type=standard A=10472:com.toov1.dovizaltin} activity=ActivityRecord{70055721 u0 com.toov1.dovizaltin/.MainActivity t-1} non-desktop, skipping
04-23 13:24:41.087 D/ActivityTaskManager( 1426): TaskLaunchParamsModifier:task=Task{fe9b9c5 #6210 type=standard A=10472:com.toov1.dovizaltin} activity=ActivityRecord{70055721 u0 com.toov1.dovizaltin/.MainActivity t-1} display-from-option=0 display-id=0 task-display-area-windowing-mode=1 suggested-display-area=DefaultTaskDisplayArea_d0@11789331 inherit-from-source=fullscreen non-freeform-task-display-area display-area=DefaultTaskDisplayArea_d0@11789331 activity-requested-portrait freeform-size-mismatch=Rect(81, 557 - 999, 1727)
04-23 13:24:41.088 D/ActivityTaskManager( 1426): DesktopModeLaunchParamsModifier: task=Task{fe9b9c5 #6210 type=standard A=10472:com.toov1.dovizaltin} activity=ActivityRecord{70055721 u0 com.toov1.dovizaltin/.MainActivity t-1} non-desktop, skipping
04-23 13:24:41.088 D/ActivityTaskManager( 1426): TaskLaunchParamsModifier:task=Task{fe9b9c5 #6210 type=standard A=10472:com.toov1.dovizaltin} activity=ActivityRecord{70055721 u0 com.toov1.dovizaltin/.MainActivity t-1} display-from-option=0 display-id=0 task-display-area-windowing-mode=1 suggested-display-area=DefaultTaskDisplayArea_d0@11789331 inherit-from-source=fullscreen non-freeform-task-display-area display-area=DefaultTaskDisplayArea_d0@11789331 activity-requested-portrait freeform-size-mismatch=Rect(81, 557 - 999, 1727)
04-23 13:24:41.088 I/Pageboost( 1426): moveTaskToFront : 10472:com.toov1.dovizaltin
04-23 13:24:41.089 V/WindowManager( 1426): Add starting ActivityRecord{110282812 u0 com.toov1.dovizaltin/.MainActivity t6210}: startingData=SnapshotStartingData{ee204f removeAfterTransaction= 0}
04-23 13:24:41.090 V/WindowManager( 1426): Added starting ActivityRecord{110282812 u0 com.toov1.dovizaltin/.MainActivity t6210}: startingWindow=null startingView=com.android.server.wm.StartingSurfaceController$StartingSurface@4f4dce5
04-23 13:24:41.091 V/WindowManager( 1426): Collecting in transition 470: ActivityRecord{70055721 u0 com.toov1.dovizaltin/.MainActivity t-1}, caller=com.android.server.wm.Transition.collectExistenceChange:40 com.android.server.wm.ActivityStarter.handleStartResult:761 com.android.server.wm.ActivityStarter.startActivityUnchecked:124 com.android.server.wm.ActivityStarter.executeRequest:3651 com.android.server.wm.ActivityStarter.execute:1752 
04-23 13:24:41.091 V/WindowManager( 1426):    ChangeInfo{c16726b container=ActivityRecord{70055721 u0 com.toov1.dovizaltin/.MainActivity t-1} flags=0x0}
04-23 13:24:41.091 I/ActivityTaskManager( 1426): START u0 {act=android.intent.action.MAIN cat=[android.intent.category.LAUNCHER] flg=0x10200000 xflg=0x4 cmp=com.toov1.dovizaltin/.MainActivity bnds=[788,1602][1037,1874]} with LAUNCH_SINGLE_TASK from uid 10153 (sr=35192115) (BAL_ALLOW_VISIBLE_WINDOW) result code=2
04-23 13:24:41.092 V/WindowManagerShell( 1865): Transition requested (#470): android.os.BinderProxy@35e2aa6 TransitionRequestInfo { type = OPEN, triggerTask = TaskInfo{userId=0 taskId=6210 effectiveUid=10472 displayId=0 isRunning=true baseIntent=Intent { act=android.intent.action.MAIN cat=[android.intent.category.LAUNCHER] flg=0x10200000 cmp=com.toov1.dovizaltin/.MainActivity } baseActivity=ComponentInfo{com.toov1.dovizaltin/com.toov1.dovizaltin.MainActivity} topActivity=ComponentInfo{com.toov1.dovizaltin/com.toov1.dovizaltin.MainActivity} origActivity=null realActivity=ComponentInfo{com.toov1.dovizaltin/com.toov1.dovizaltin.MainActivity} numActivities=1 lastActiveTime=41808207 supportsMultiWindow=true resizeMode=1 isResizeable=true minWidth=-1 minHeight=-1 maxWidth=-1 maxHeight=-1 defaultMinSize=220 desktopDefaultMinSize=304 token=WCT{android.window.IWindowContainerToken$Stub$Proxy@27aece7} topActivityType=1 pictureInPictureParams=null shouldDockBigOverlays=false launchIntoPipHostTaskId=-1 lastParentTaskIdBeforePip=-1 displayCutoutSafeInsets=Rect(0, 80 - 0, 0) topActivityInfo=ActivityInfo{42f7094 com.toov1.dovizaltin.MainActivity} launchCookies=[android.os.BinderProxy@2f8373d] positionInParent=Point(0, 0) parentTaskId=-1 isFocused=false isVisible=false isVisibleRequested=false isTopActivityNoDisplay=false isSleeping=false locusId=null displayAreaFeatureId=1 isTopActivityTransparent=false isActivityStackTransparent=false lastNonFullscreenBounds=Rect(81, 557 - 999, 1727) capturedLink=null capturedLinkTimestamp=0 requestedVisibleTypes=-9 topActivityRequestOpenInBrowserEducationTimestamp=0 appCompatTaskInfo=AppCompatTaskInfo { topActivityInSizeCompat=false eligibleForLetterboxEducation= false isLetterboxEducationEnabled= false isLetterboxDoubleTapEnabled= false eligibleForUserAspectRatioButton= false topActivityBoundsLetterboxed= false isFromLetterboxDoubleTap= false topActivityLetterboxVerticalPosition= -1 topActivityLetterboxHorizontalPosition= -1 topActivityLetterboxWidth=-1 topActivityLetterboxHeight=-1 topActivityAppBounds=Rect(0, 0 - 1080, 2340) isUserFullscreenOverrideEnabled=false isSystemFullscreenOverrideEnabled=false hasMinAspectRatioOverride=false topActivityLetterboxBounds=null cameraCompatTaskInfo=CameraCompatTaskInfo { freeformCameraCompatMode=inactive} topActivityBounds=null topActivityInDisplayCompat=false singleTapFromLetterbox=false} topActivityMainWindowFrame=null originallySupportedMultiWindow=true hasWallpaper=false rootAffinity=10472:com.toov1.dovizaltin isTopTaskInStage=false CoverLauncherWidgetTask=false LaunchedFromAppsCoverLauncherTask=false LaunchedFromMultistarCoverLauncherTask=false isAllowedSeamlessRotation=false isTopTransparentActivity=false isAliasManaged=false hasConfigChanged=false snappingGuideBounds=null isAiKeyRemoveAppTask=false lastDesktopWindowingBounds=null lastExternalDesktopWindowingBounds=null safeCutoutInsets=null}, pipChange = null, remoteTransition = RemoteTransition { remoteTransition = android.window.IRemoteTransition$Stub$Proxy@ab24b32, appThread = android.app.IApplicationThread$Stub$Proxy@b7f7083, debugName = QuickstepLaunchflags =NONE }, displayChange = null, flags = 0, debugId = 470 }
04-23 13:24:41.094 D/WindowManagerShell( 1865): onActivityRestartAttempt: topActivity=ComponentInfo{com.toov1.dovizaltin/com.toov1.dovizaltin.MainActivity}, wasVisible=false
04-23 13:24:41.095 I/HoneySpace.SuggestedAppsRepositoryImpl(23211): sendSuggestedAppsLaunchTarget: ComponentInfo{com.toov1.dovizaltin/com.toov1.dovizaltin.MainActivity}
04-23 13:24:41.096 I/HoneySpace.SALoggingUtils(23211): SA Logging screenID: 201 eventId: 1001 detail: {PackageName=com.toov1.dovizaltin, det=3} value: -1
04-23 13:24:41.097 V/WindowManager( 1426): addWindow: ActivityRecord{110282812 u0 com.toov1.dovizaltin/.MainActivity t6210} startingWindow=Window{9cac39d u0 SnapshotStartingWindow for taskId=6210}
04-23 13:24:41.099 V/WindowManager( 1426): Collecting in transition 470: ActivityRecord{110282812 u0 com.toov1.dovizaltin/.MainActivity t6210}, caller=com.android.server.wm.TransitionController.collect:7 com.android.server.wm.ActivityRecord.setVisibility:132 com.android.server.wm.TaskFragment.resumeTopActivity:1662 com.android.server.wm.Task.resumeTopActivityInnerLocked:119 com.android.server.wm.Task.resumeTopActivityUncheckedLocked:23 
04-23 13:24:41.099 D/WindowManager( 1426): prepareSync <SYNC_STATE_WAITING_FOR_DRAW>, mPrepareSyncSeqId=0, win=Window{3baeb93 u0 com.toov1.dovizaltin/com.toov1.dovizaltin.MainActivity}
04-23 13:24:41.099 V/WindowManager( 1426): Setting visibility of Window{3baeb93 u0 com.toov1.dovizaltin/com.toov1.dovizaltin.MainActivity}: true, caller=com.android.server.wm.WindowContainer.sendAppVisibilityToClients:19 com.android.server.wm.WindowToken.setClientVisible:48 com.android.server.wm.ActivityRecord.setVisibility:486 com.android.server.wm.TaskFragment.resumeTopActivity:1662 com.android.server.wm.Task.resumeTopActivityInnerLocked:119 
04-23 13:24:41.100 D/SGM:FgCheckThread( 1426):   sendRunningComponentFocus(), pkgName: com.toov1.dovizaltin, userId: 0
04-23 13:24:41.100 D/InputDispatcher( 1426): Focused application(0): ActivityRecord{110282812 u0 com.toov1.dovizaltin/.MainActivity t6210}
04-23 13:24:41.100 D/SGM:FgCheckThread( 1426): onLooperPrepared(), msg: MSG_TASK_FOCUSED, pkgName: com.toov1.dovizaltin, userId: 0
04-23 13:24:41.100 D/SGM:FgCheckThread( 1426):   handleTaskFocused(), pkgName: com.toov1.dovizaltin, userID:0 mResumedPkgMap does not containsKey.
04-23 13:24:41.100 D/AS.MultiSoundManager( 1426): mForegroundUid = 10472
04-23 13:24:41.100 D/ActivityTaskManager( 1426): scheduleTopResumedActivityChanged, onTop=true, r=ActivityRecord{110282812 u0 com.toov1.dovizaltin/.MainActivity t6210}, caller=com.android.server.wm.ActivityTaskSupervisor.scheduleTopResumedActivityStateIfNeeded:18 com.android.server.wm.ActivityTaskSupervisor.updateTopResumedActivityIfNeeded:54 com.android.server.wm.TaskFragment.setResumedActivity:30 com.android.server.wm.ActivityRecord.setState:100 com.android.server.wm.TaskFragment.resumeTopActivity:1705 com.android.server.wm.Task.resumeTopActivityInnerLocked:119 
04-23 13:24:41.101 D/WindowManager( 1426): rotationForOrientation, orientationSource=ActivityRecord{110282812 u0 com.toov1.dovizaltin/.MainActivity t6210}
04-23 13:24:41.102 D/WindowManagerServiceExt( 1426): updateTaskbarTargetIfNeeded: cn=ComponentInfo{com.toov1.dovizaltin/com.toov1.dovizaltin.MainActivity} occludesParent=true isInSplitScreenMode=false
04-23 13:24:41.102 D/SurfaceComposerClient( 1426): setCornerRadius ## 3baeb93 com.toov1.dovizaltin/com.toov1.dovizaltin.MainActivity#5881 cornerRadius=0.000000
04-23 13:24:41.103 D/BLASTSyncEngine( 1426): SyncGroup 470:  Unfinished container: ActivityRecord{110282812 u0 com.toov1.dovizaltin/.MainActivity t6210} mSyncState=2
04-23 13:24:41.103 D/VRI[MainActivity]@48f0dcf( 7922): WindowStopped on com.toov1.dovizaltin/com.toov1.dovizaltin.MainActivity set to false
04-23 13:24:41.104 I/HoneySpace.TopTaskUseCase(23211): topTasks 6210 ComponentInfo{com.toov1.dovizaltin/com.toov1.dovizaltin.MainActivity}[displayId=0]
04-23 13:24:41.104 D/SurfaceComposerClient( 1426): setCornerRadius ## 3baeb93 com.toov1.dovizaltin/com.toov1.dovizaltin.MainActivity#5881 cornerRadius=0.000000
04-23 13:24:41.104 D/BLASTSyncEngine( 1426): SyncGroup 470:  Unfinished container: ActivityRecord{110282812 u0 com.toov1.dovizaltin/.MainActivity t6210} mSyncState=2
04-23 13:24:41.105 I/SurfaceFlinger( 1101): [9cac39d SnapshotStartingWindow for taskId=6210#5994] attach to parent LayerHierarchy{RequestedLayerState{ActivityRecord{110282812 u0 com.toov1.dovizaltin/.MainActivity t6210}#5873 parentId=5872} 3 children}
04-23 13:24:41.106 D/SurfaceComposerClient( 1426): setCornerRadius ## 3baeb93 com.toov1.dovizaltin/com.toov1.dovizaltin.MainActivity#5881 cornerRadius=0.000000
04-23 13:24:41.106 D/BLASTSyncEngine( 1426): SyncGroup 470:  Unfinished container: ActivityRecord{110282812 u0 com.toov1.dovizaltin/.MainActivity t6210} mSyncState=2
04-23 13:24:41.107 D/SGM:FgCheckThread( 1426): noteResumeComponent(), received pkgName: com.toov1.dovizaltin, userId: 0
04-23 13:24:41.107 I/SDHMS:k ( 3856): handleResumeComponent : put = com.toov1.dovizaltin, userid = 0 instanceid =14822440
04-23 13:24:41.108 I/HoneySpace.EdgePanel.EdgePanelContainerViewModel(23211): cocktailHostRepository.edgePanelOperation NoteResumeComponent(componentName=ComponentInfo{com.toov1.dovizaltin/com.toov1.dovizaltin.MainActivity})
04-23 13:24:41.108 D/SGM:FgCheckThread( 1426): onLooperPrepared(), msg: MSG_APP_RESUME, pkgName: com.toov1.dovizaltin, userid: 0
04-23 13:24:41.108 I/HoneySpace.EdgePanel.ActivityUtils(23211): HomePackage : com.sec.android.app.launcher, resumePackageName : com.toov1.dovizaltin, className : com.toov1.dovizaltin.MainActivity
04-23 13:24:41.108 D/SGM:FgCheckThread( 1426):   handleResume(). pkgName: com.toov1.dovizaltin, userId: 0, category: non-game
04-23 13:24:41.108 D/SGM:FgCheckThread( 1426): notifyFocusInOut(). of pkg: com.toov1.dovizaltin, type: 4, isSecGameFamily: false, userId: 0
04-23 13:24:41.109 D/SGM:GameManager( 1426): identifyForegroundApp. com.toov1.dovizaltin, mCurrentUserId: 0, callerUserId: 0
04-23 13:24:41.109 D/SGM:SemGameManager( 1426): isForegroundGame(), ret=false
04-23 13:24:41.109 D/SurfaceComposerClient( 1426): setCornerRadius ## 3baeb93 com.toov1.dovizaltin/com.toov1.dovizaltin.MainActivity#5881 cornerRadius=0.000000
04-23 13:24:41.110 D/ChangeTransitionController( 1426):    ChangeInfo{c16726b container=ActivityRecord{70055721 u0 com.toov1.dovizaltin/.MainActivity t-1} flags=0x0}
04-23 13:24:41.110 D/ChangeTransitionController( 1426):    ChangeInfo{d7be0a4 container=ActivityRecord{110282812 u0 com.toov1.dovizaltin/.MainActivity t6210} flags=0x0}
04-23 13:24:41.110 D/ChangeTransitionController( 1426):    ChangeInfo{e813e09 container=Task{fe9b9c5 #6210 type=standard A=10472:com.toov1.dovizaltin} flags=0x0}
04-23 13:24:41.110 V/WindowManager( 1426): Start calculating TransitionInfo based on participants: {ActivityRecord{35192115 u0 com.sec.android.app.launcher/.activities.LauncherActivity t6198}, ActivityRecord{70055721 u0 com.toov1.dovizaltin/.MainActivity t-1}, ActivityRecord{110282812 u0 com.toov1.dovizaltin/.MainActivity t6210}, WallpaperWindowToken{a7595d3 showWhenLocked=true}_<lock>, Task{fe9b9c5 #6210 type=standard A=10472:com.toov1.dovizaltin}}
04-23 13:24:41.110 V/WindowManager( 1426):   Final targets: [ChangeInfo{e813e09 container=Task{fe9b9c5 #6210 type=standard A=10472:com.toov1.dovizaltin} flags=0x30}, ChangeInfo{f08ce0d container=Task{8b29e69 #6197 type=home} flags=0x10}, ChangeInfo{be86310 container=WallpaperWindowToken{a7595d3 showWhenLocked=true}_<lock> flags=0x0}]
04-23 13:24:41.111 I/SurfaceControlRegistry( 1426): show, t=StartTransaction_SyncId<470> sc=ActivityRecord{110282812 u0 com.toov1.dovizaltin/.MainActivity t6210}, caller=android.view.SurfaceControl$Transaction.show:3557 com.android.server.wm.Transition.onTransactionReady:2048 com.android.server.wm.BLASTSyncEngine$SyncGroup.finishNow:240 com.android.server.wm.BLASTSyncEngine.onSurfacePlacement:263 com.android.server.wm.RootWindowContainer.performSurfacePlacementNoTrace:1083 com.android.server.wm.WindowSurfacePlacer.performSurfacePlacement:166 
04-23 13:24:41.111 V/WindowManager( 1426):         {WCT{RemoteToken{e00f6a0 Task{fe9b9c5 #6210 type=standard A=10472:com.toov1.dovizaltin}}} m=TO_FRONT f=MOVE_TO_TOP leash=Surface(name=Task=6210)/@0x60dc6d2 sb=Rect(0, 0 - 1080, 2340) eb=Rect(0, 0 - 1080, 2340) epz=Point(1080, 2340) d=0 taskParent=-1 inset=Rect(0, 80 - 0, 135) dim=true},
04-23 13:24:41.112 V/WindowManager( 1426): Sent Transition (#470) createdAt=04-23 13:24:41.086 via request=TransitionRequestInfo { type = OPEN, triggerTask = TaskInfo{userId=0 taskId=6210 effectiveUid=10472 displayId=0 isRunning=true baseIntent=Intent { act=android.intent.action.MAIN cat=[android.intent.category.LAUNCHER] flg=0x10200000 cmp=com.toov1.dovizaltin/.MainActivity } baseActivity=ComponentInfo{com.toov1.dovizaltin/com.toov1.dovizaltin.MainActivity} topActivity=ComponentInfo{com.toov1.dovizaltin/com.toov1.dovizaltin.MainActivity} origActivity=null realActivity=ComponentInfo{com.toov1.dovizaltin/com.toov1.dovizaltin.MainActivity} numActivities=1 lastActiveTime=41808207 supportsMultiWindow=true resizeMode=1 isResizeable=true minWidth=-1 minHeight=-1 maxWidth=-1 maxHeight=-1 defaultMinSize=220 desktopDefaultMinSize=304 token=WCT{RemoteToken{e00f6a0 Task{fe9b9c5 #6210 type=standard A=10472:com.toov1.dovizaltin}}} topActivityType=1 pictureInPictureParams=null shouldDockBigOverlays=false launchIntoPipHostTaskId=-1 lastParentTaskIdBeforePip=-1 displayCutoutSafeInsets=Rect(0, 80 - 0, 0) topActivityInfo=ActivityInfo{14df259 com.toov1.dovizaltin.MainActivity} launchCookies=[android.os.BinderProxy@9e1f22f] positionInParent=Point(0, 0) parentTaskId=-1 isFocused=false isVisible=false isVisibleRequested=false isTopActivityNoDisplay=false isSleeping=false locusId=null displayAreaFeatureId=1 isTopActivityTransparent=false isActivityStackTransparent=false lastNonFullscreenBounds=Rect(81, 557 - 999, 1727) capturedLink=null capturedLinkTimestamp=0 requestedVisibleTypes=-9 topActivityRequestOpenInBrowserEducationTimestamp=0 appCompatTaskInfo=AppCompatTaskInfo { topActivityInSizeCompat=false eligibleForLetterboxEducation= false isLetterboxEducationEnabled= false isLetterboxDoubleTapEnabled= false eligibleForUserAspectRatioButton= false topActivityBoundsLetterboxed= false isFromLetterboxDoubleTap= false topActivityLetterboxVerticalPosition= -1 topActivityLetterboxHorizontalPosition= -1 topActivityLetterboxWidth=-1 topActivityLetterboxHeight=-1 topActivityAppBounds=Rect(0, 0 - 1080, 2340) isUserFullscreenOverrideEnabled=false isSystemFullscreenOverrideEnabled=false hasMinAspectRatioOverride=false topActivityLetterboxBounds=null cameraCompatTaskInfo=CameraCompatTaskInfo { freeformCameraCompatMode=inactive} topActivityBounds=null topActivityInDisplayCompat=false singleTapFromLetterbox=false} topActivityMainWindowFrame=null originallySupportedMultiWindow=true hasWallpaper=false rootAffinity=10472:com.toov1.dovizaltin isTopTaskInStage=false CoverLauncherWidgetTask=false LaunchedFromAppsCoverLauncherTask=false LaunchedFromMultistarCoverLauncherTask=false isAllowedSeamlessRotation=false isTopTransparentActivity=false isAliasManaged=false hasConfigChanged=false snappingGuideBounds=null isAiKeyRemoveAppTask=false lastDesktopWindowingBounds=null lastExternalDesktopWindowingBounds=null safeCutoutInsets=null}, pipChange = null, remoteTransition = RemoteTransition { remoteTransition = android.window.IRemoteTransition$Stub$Proxy@c58a03c, appThread = android.app.IApplicationThread$Stub$Proxy@cf6b1c5, debugName = QuickstepLaunchflags =NONE }, displayChange = null, flags = 0, debugId = 470 }
04-23 13:24:41.112 V/WindowManager( 1426):         {WCT{RemoteToken{e00f6a0 Task{fe9b9c5 #6210 type=standard A=10472:com.toov1.dovizaltin}}} m=TO_FRONT f=MOVE_TO_TOP leash=Surface(name=Task=6210)/@0x60dc6d2 sb=Rect(0, 0 - 1080, 2340) eb=Rect(0, 0 - 1080, 2340) epz=Point(1080, 2340) d=0 taskParent=-1 inset=Rect(0, 80 - 0, 135) dim=true},
04-23 13:24:41.114 D/PkgPredictorService-SecIpmManagerServiceImpl( 1426): onForegroundActivitiesChanged pid:7922 uid:10472
04-23 13:24:41.114 D/SGM:GameManager( 1426): identifyForegroundApp. com.toov1.dovizaltin, mCurrentUserId: 0, callerUserId: 0
04-23 13:24:41.114 D/SGM:SemGameManager( 1426): isForegroundGame(), ret=false
04-23 13:24:41.119 D/SGM:GameManager( 1426): identifyForegroundApp. com.toov1.dovizaltin, mCurrentUserId: 0, callerUserId: 0
04-23 13:24:41.122 D/SGM:GameManager( 1426): identifyGamePackage. com.toov1.dovizaltin, mCurrentUserId: 0, callingMethodInfo: com.samsung.android.game.IGameManagerService$Stub.onTransact(IGameManagerService.java:247)
04-23 13:24:41.130 I/SurfaceFlinger( 1101): RequestedLayer [ActivityRecord{110282812 u0 com.toov1.dovizaltin/.MainActivity t6210}#5873] hidden!! flag  from(1) --> to(0)
04-23 13:24:41.134 I/WindowManager( 1426): Relayout Window{3baeb93 u0 com.toov1.dovizaltin/com.toov1.dovizaltin.MainActivity}: viewVisibility=0 req=1080x2340 ty=1 d0
04-23 13:24:41.134 I/SurfaceFlinger( 1101): id=6000 createSurf, flag=44004, com.toov1.dovizaltin/com.toov1.dovizaltin.MainActivity$_7922#6000
04-23 13:24:41.135 D/WindowManager( 1426): makeSurface duration=1 name=com.toov1.dovizaltin/com.toov1.dovizaltin.MainActivity$_7922
04-23 13:24:41.135 D/SurfaceComposerClient( 1426): setCornerRadius ## 3baeb93 com.toov1.dovizaltin/com.toov1.dovizaltin.MainActivity#5881 cornerRadius=0.000000
04-23 13:24:41.136 I/ReactNativeJS( 7922): [CARSI-ONGOING] skip — previous update still in flight
04-23 13:24:41.137 D/InsetsSourceProvider( 1426): updateControlForTarget: control=InsetsSourceControl: {8470000 mType=statusBars initiallyVisible mSurfacePosition=Point(0, 0) mInsetsHint=Insets{left=0, top=80, right=0, bottom=0}}, target=Window{3baeb93 u0 com.toov1.dovizaltin/com.toov1.dovizaltin.MainActivity}, from=com.android.server.wm.InsetsStateController.onControlTargetChanged:83 com.android.server.wm.InsetsPolicy.updateBarControlTarget:212 com.android.server.wm.DisplayPolicy.updateSystemBarAttributes:262 com.android.server.wm.DisplayPolicy.finishPostLayoutPolicyLw:17 com.android.server.wm.RootWindowContainer.applySurfaceChangesTransaction$1:195 
04-23 13:24:41.138 D/InsetsSourceProvider( 1426): updateControlForTarget: control=InsetsSourceControl: {83d80001 mType=navigationBars initiallyVisible mSurfacePosition=Point(0, 2205) mInsetsHint=Insets{left=0, top=0, right=0, bottom=135}}, target=Window{3baeb93 u0 com.toov1.dovizaltin/com.toov1.dovizaltin.MainActivity}, from=com.android.server.wm.InsetsStateController.onControlTargetChanged:83 com.android.server.wm.InsetsPolicy.updateBarControlTarget:225 com.android.server.wm.DisplayPolicy.updateSystemBarAttributes:262 com.android.server.wm.DisplayPolicy.finishPostLayoutPolicyLw:17 com.android.server.wm.RootWindowContainer.applySurfaceChangesTransaction$1:195 
04-23 13:24:41.138 I/SurfaceFlinger( 1101): [com.toov1.dovizaltin/com.toov1.dovizaltin.MainActivity$_7922#6000] attach to parent LayerHierarchy{RequestedLayerState{3baeb93 com.toov1.dovizaltin/com.toov1.dovizaltin.MainActivity#5881 parentId=5873} 1 children}
04-23 13:24:41.138 D/WindowManager( 1426): updateSystemBarAttributes: displayId=0, focusedCanBeNavColorWin=false, win=Window{3baeb93 u0 com.toov1.dovizaltin/com.toov1.dovizaltin.MainActivity}, navColorWin=Window{3baeb93 u0 com.toov1.dovizaltin/com.toov1.dovizaltin.MainActivity}, caller=com.android.server.wm.DisplayPolicy.finishPostLayoutPolicyLw:17 com.android.server.wm.RootWindowContainer.applySurfaceChangesTransaction$1:195 com.android.server.wm.RootWindowContainer.performSurfacePlacementNoTrace:59 
04-23 13:24:41.139 D/SurfaceComposerClient( 1426): setCornerRadius ## 3baeb93 com.toov1.dovizaltin/com.toov1.dovizaltin.MainActivity#5881 cornerRadius=0.000000
04-23 13:24:41.139 D/WindowManager( 1426): Changing focus from null to Window{3baeb93 u0 com.toov1.dovizaltin/com.toov1.dovizaltin.MainActivity} displayId=0 Callers=com.android.server.wm.WindowManagerService.relayoutWindow:1350 com.android.server.wm.Session.relayout:27 android.view.IWindowSession$Stub.onTransact:829 com.android.server.wm.Session.onTransact:1 
04-23 13:24:41.139 V/SystemKeyManager( 1426): updateFocusedWindow() is called, com.toov1.dovizaltin/com.toov1.dovizaltin.MainActivity
04-23 13:24:41.145 I/ReactNativeJS( 7922): [CARSI-WIDGET] fetched rows=4 err=-
04-23 13:24:41.153 I/ReactNativeJS( 7922): [CARSI-WIDGET] fetched rows=4 err=-
04-23 13:24:41.161 I/ReactNativeJS( 7922): [CARSI-WIDGET] fetched rows=4 err=-
04-23 13:24:41.164 D/SurfaceFlinger( 1101): [input] setFocusedWindow: 3baeb93 com.toov1.dovizaltin/com.toov1.dovizaltin.MainActivity
04-23 13:24:41.164 D/InputDispatcher( 1426): Once focus requested (0): 3baeb93 com.toov1.dovizaltin/com.toov1.dovizaltin.MainActivity
04-23 13:24:41.164 D/InputDispatcher( 1426): Focus request (0): 3baeb93 com.toov1.dovizaltin/com.toov1.dovizaltin.MainActivity but waiting because NO_WINDOW
04-23 13:24:41.165 I/SurfaceFlinger( 1101): [com.toov1.dovizaltin/com.toov1.dovizaltin.MainActivity$_7922#6000] setTransactionState with the first frame. bufferData(ID: 34024730918919, frameNumber: 1)
04-23 13:24:41.166 I/InsetsSourceConsumer( 7922): applyRequestedVisibilityToControl: visible=true, type=statusBars, host=com.toov1.dovizaltin/com.toov1.dovizaltin.MainActivity
04-23 13:24:41.166 D/WindowManager( 1426): finishDrawingWindow: Window{3baeb93 u0 com.toov1.dovizaltin/com.toov1.dovizaltin.MainActivity} mDrawState=DRAW_PENDING seqId=0
04-23 13:24:41.167 I/InsetsSourceConsumer( 7922): applyRequestedVisibilityToControl: visible=true, type=navigationBars, host=com.toov1.dovizaltin/com.toov1.dovizaltin.MainActivity
04-23 13:24:41.167 D/SurfaceComposerClient( 1426): setCornerRadius ## 3baeb93 com.toov1.dovizaltin/com.toov1.dovizaltin.MainActivity#5881 cornerRadius=0.000000
04-23 13:24:41.167 V/WindowManager( 1426): Finish starting ActivityRecord{110282812 u0 com.toov1.dovizaltin/.MainActivity t6210}: first real window is shown, no animation
04-23 13:24:41.168 I/ActivityTaskManager( 1426): done cause=notifyWindowsDrawn timestamp=41165103058984 info=TransitionInfo{a2b040 a=ActivityRecord{110282812 u0 com.toov1.dovizaltin/.MainActivity t6210} d=true}
04-23 13:24:41.168 V/WindowManager( 1426): performShowLocked: mDrawState=HAS_DRAWN in Window{3baeb93 u0 com.toov1.dovizaltin/com.toov1.dovizaltin.MainActivity}
04-23 13:24:41.168 D/SurfaceComposerClient( 1426): setCornerRadius ## 3baeb93 com.toov1.dovizaltin/com.toov1.dovizaltin.MainActivity#5881 cornerRadius=0.000000
04-23 13:24:41.168 D/SurfaceComposerClient( 1426): setCornerRadius ## 3baeb93 com.toov1.dovizaltin/com.toov1.dovizaltin.MainActivity#5881 cornerRadius=0.000000
04-23 13:24:41.169 D/SurfaceComposerClient( 1426): setCornerRadius ## 3baeb93 com.toov1.dovizaltin/com.toov1.dovizaltin.MainActivity#5881 cornerRadius=0.000000
04-23 13:24:41.170 I/ReactNativeJS( 7922): [CARSI-WIDGET] fetched rows=4 err=-
04-23 13:24:41.171 V/WindowManager( 1426): Schedule remove starting ActivityRecord{110282812 u0 com.toov1.dovizaltin/.MainActivity t6210} startingWindow=Window{9cac39d u0 SnapshotStartingWindow for taskId=6210} animate=false Callers=com.android.server.wm.ActivityRecord.removeStartingWindow:178 com.android.server.wm.ActivityRecord.onCopySplashScreenFinish:56 com.android.server.wm.ActivityTaskManagerService.onSplashScreenViewCopyFinished:41 android.app.IActivityTaskManager$Stub.onTransact:2644 com.android.server.wm.ActivityTaskManagerService.onTransact:1 
04-23 13:24:41.174 I/SurfaceFlinger( 1101): RequestedLayer [com.toov1.dovizaltin/com.toov1.dovizaltin.MainActivity$_7922#6000] hidden!! flag  from(1) --> to(0)
04-23 13:24:41.176 I/ReactNativeJS( 7922): [CARSI-WIDGET] fetched rows=4 err=-
04-23 13:24:41.177 D/SurfaceComposerClient( 1426): setCornerRadius ## 3baeb93 com.toov1.dovizaltin/com.toov1.dovizaltin.MainActivity#5881 cornerRadius=0.000000
04-23 13:24:41.184 D/SurfaceFlinger( 1101):        CLIENT |           34024730918919 | 00002102 | RGBA_8888    |    0.0   59.0 1080.0 2004.0 |  607 1198 1022 1946 | com.toov1.dovizaltin/com.toov1.dovizaltin.MainActivity$_7922#6000 (1)
04-23 13:24:41.184 I/ReactNativeJS( 7922): [CARSI-WIDGET] fetched rows=4 err=-
04-23 13:24:41.184 D/InputDispatcher( 1426): Focus entered window (0): 3baeb93 com.toov1.dovizaltin/com.toov1.dovizaltin.MainActivity
04-23 13:24:41.186 I/PkgPredictorService-SecIpmManagerServiceImpl( 1426): reportToNAP uid:10472 com.toov1.dovizaltin/com.toov1.dovizaltin.MainActivity thisTime:83
04-23 13:24:41.187 I/ImeTracker( 1426): com.toov1.dovizaltin:4e5b24e3: onRequestHide at ORIGIN_SERVER reason HIDE_UNSPECIFIED_WINDOW fromUser false
04-23 13:24:41.188 I/ImeTracker( 7922): com.toov1.dovizaltin:4e5b24e3: onCancelled at PHASE_CLIENT_ALREADY_HIDDEN
04-23 13:24:41.192 I/ReactNativeJS( 7922): [CARSI-WIDGET] fetched rows=4 err=-
04-23 13:24:41.197 D/InsetsSourceProvider( 1426): updateControlForTarget: control=InsetsSourceControl: {3 mType=ime mSurfacePosition=Point(0, 80) mInsetsHint=Insets{left=0, top=0, right=0, bottom=1008}}, target=Window{3baeb93 u0 com.toov1.dovizaltin/com.toov1.dovizaltin.MainActivity}, from=com.android.server.wm.ImeInsetsSourceProvider.updateControlForTarget:17 com.android.server.wm.InsetsStateController.onControlTargetChanged:83 com.android.server.wm.DisplayContent.updateImeControlTarget:21 com.android.server.wm.DisplayContent.updateImeInputAndControlTarget:156 com.android.server.wm.WindowManagerService$LocalService.updateInputMethodTargetWindow:64 
04-23 13:24:41.198 I/HBD     ( 4353): b [AiWriter] setContact : com.toov1.dovizaltin
04-23 13:24:41.198 I/HBD     ( 4353): a [AiWriter] setContact : com.toov1.dovizaltin
04-23 13:24:41.200 D/SurfaceComposerClient( 1426): setCornerRadius ## 3baeb93 com.toov1.dovizaltin/com.toov1.dovizaltin.MainActivity#5881 cornerRadius=0.000000
04-23 13:24:41.200 I/ReactNativeJS( 7922): [CARSI-WIDGET] fetched rows=4 err=-
04-23 13:24:41.207 I/ReactNativeJS( 7922): [CARSI-WIDGET] fetched rows=4 err=-
04-23 13:24:41.211 I/SurfaceFlinger( 1101): [LayerHierarchy{RequestedLayerState{ImeContainer#15 parentId=5873 relativeParentId=5873 z=3} 1 children}] reparent to LayerHierarchy{RequestedLayerState{ActivityRecord{110282812 u0 com.toov1.dovizaltin/.MainActivity t6210}#5873 parentId=5872} 4 children}
04-23 13:24:41.214 I/ReactNativeJS( 7922): [CARSI-WIDGET] fetched rows=4 err=-
04-23 13:24:41.221 I/ReactNativeJS( 7922): [CARSI-WIDGET] fetched rows=4 err=-
04-23 13:24:41.227 I/ReactNativeJS( 7922): [CARSI-WIDGET] fetched rows=4 err=-
04-23 13:24:41.235 I/ReactNativeJS( 7922): [CARSI-WIDGET] renderWidget OK stage=data field=sell rows=4 loading=false err=-
04-23 13:24:41.235 I/ReactNativeJS( 7922): [CARSI-WIDGET] taskHandler EXIT action=WIDGET_CLICK
04-23 13:24:41.243 I/ReactNativeJS( 7922): [CARSI-WIDGET] renderWidget OK stage=data field=sell rows=4 loading=false err=-
04-23 13:24:41.243 I/ReactNativeJS( 7922): [CARSI-WIDGET] taskHandler EXIT action=WIDGET_CLICK
04-23 13:24:41.245 D/MdnieScenarioControlService( 1426):  packageName : com.toov1.dovizaltin    className : com.toov1.dovizaltin.MainActivity
04-23 13:24:41.249 I/HBD     ( 4353): a [SKE_SPECIFIC] specific model[com.toov1.dovizaltin] loaded, 1844140 ns
04-23 13:24:41.250 I/ReactNativeJS( 7922): [CARSI-WIDGET] renderWidget OK stage=data field=sell rows=4 loading=false err=-
04-23 13:24:41.250 I/ReactNativeJS( 7922): [CARSI-WIDGET] taskHandler EXIT action=WIDGET_CLICK
04-23 13:24:41.255 I/Kumiho-Kumiho( 7922): getPackageName: com.toov1.dovizaltin
04-23 13:24:41.256 I/ReactNativeJS( 7922): [CARSI-WIDGET] renderWidget OK stage=data field=sell rows=4 loading=false err=-
04-23 13:24:41.256 I/ReactNativeJS( 7922): [CARSI-WIDGET] taskHandler EXIT action=WIDGET_CLICK
04-23 13:24:41.262 I/ReactNativeJS( 7922): [CARSI-WIDGET] renderWidget OK stage=data field=sell rows=4 loading=false err=-
04-23 13:24:41.262 I/ReactNativeJS( 7922): [CARSI-WIDGET] taskHandler EXIT action=WIDGET_CLICK
04-23 13:24:41.275 I/WindowManager( 1426): Reparenting to leash, surface=Surface(name=9cac39d SnapshotStartingWindow for taskId=6210)/@0xb9051b8, leashParent=Surface(name=ActivityRecord{110282812 u0 com.toov1.dovizaltin/.MainActivity t6210})/@0x202d865
04-23 13:24:41.277 D/SurfaceComposerClient( 1426): setCornerRadius ## 3baeb93 com.toov1.dovizaltin/com.toov1.dovizaltin.MainActivity#5881 cornerRadius=0.000000
04-23 13:24:41.278 I/ReactNativeJS( 7922): [CARSI-WIDGET] renderWidget OK stage=data field=sell rows=4 loading=false err=-
04-23 13:24:41.278 I/ReactNativeJS( 7922): [CARSI-WIDGET] taskHandler EXIT action=WIDGET_CLICK
04-23 13:24:41.278 D/SurfaceComposerClient( 1426): setCornerRadius ## 3baeb93 com.toov1.dovizaltin/com.toov1.dovizaltin.MainActivity#5881 cornerRadius=0.000000
04-23 13:24:41.279 D/SurfaceComposerClient( 1426): setCornerRadius ## 3baeb93 com.toov1.dovizaltin/com.toov1.dovizaltin.MainActivity#5881 cornerRadius=0.000000
04-23 13:24:41.286 I/SurfaceFlinger( 1101): [Surface(name=9cac39d SnapshotStartingWindow for taskId=6210)/@0xb9051b8 - animation-leash of window_animation#6004] attach to parent LayerHierarchy{RequestedLayerState{ActivityRecord{110282812 u0 com.toov1.dovizaltin/.MainActivity t6210}#5873 parentId=5872} 4 children}
04-23 13:24:41.294 I/ReactNativeJS( 7922): [CARSI-WIDGET] renderWidget OK stage=data field=sell rows=4 loading=false err=-
04-23 13:24:41.294 I/ReactNativeJS( 7922): [CARSI-WIDGET] taskHandler EXIT action=WIDGET_CLICK
04-23 13:24:41.304 I/ReactNativeJS( 7922): [CARSI-WIDGET] renderWidget OK stage=data field=sell rows=4 loading=false err=-
04-23 13:24:41.304 I/ReactNativeJS( 7922): [CARSI-WIDGET] taskHandler EXIT action=WIDGET_CLICK
04-23 13:24:41.311 I/ReactNativeJS( 7922): [CARSI-WIDGET] renderWidget OK stage=data field=sell rows=4 loading=false err=-
04-23 13:24:41.311 I/ReactNativeJS( 7922): [CARSI-WIDGET] taskHandler EXIT action=WIDGET_CLICK
04-23 13:24:41.317 I/ReactNativeJS( 7922): [CARSI-WIDGET] renderWidget OK stage=data field=sell rows=4 loading=false err=-
04-23 13:24:41.317 I/ReactNativeJS( 7922): [CARSI-WIDGET] taskHandler EXIT action=WIDGET_CLICK
04-23 13:24:41.324 I/ReactNativeJS( 7922): [CARSI-WIDGET] renderWidget OK stage=data field=sell rows=4 loading=false err=-
04-23 13:24:41.324 I/ReactNativeJS( 7922): [CARSI-WIDGET] taskHandler EXIT action=WIDGET_CLICK
04-23 13:24:41.330 I/ReactNativeJS( 7922): [CARSI-WIDGET] renderWidget OK stage=data field=sell rows=4 loading=false err=-
04-23 13:24:41.330 I/ReactNativeJS( 7922): [CARSI-WIDGET] taskHandler EXIT action=WIDGET_CLICK
04-23 13:24:41.360 I/Kumiho-Kumiho( 7922): getPackageName: com.toov1.dovizaltin
04-23 13:24:41.400 I/Kumiho-Kumiho( 7922): getPackageName: com.toov1.dovizaltin
04-23 13:24:41.430 I/WindowManager( 1426): Reparenting to original parent: Surface(name=ActivityRecord{110282812 u0 com.toov1.dovizaltin/.MainActivity t6210})/@0x202d865, destroy=true, surface=Surface(name=9cac39d SnapshotStartingWindow for taskId=6210)/@0xb9051b8
04-23 13:24:41.431 D/SurfaceComposerClient( 1426): setCornerRadius ## 3baeb93 com.toov1.dovizaltin/com.toov1.dovizaltin.MainActivity#5881 cornerRadius=0.000000
04-23 13:24:41.431 D/SurfaceComposerClient( 1426): setCornerRadius ## 3baeb93 com.toov1.dovizaltin/com.toov1.dovizaltin.MainActivity#5881 cornerRadius=0.000000
04-23 13:24:41.439 D/SurfaceComposerClient( 1426): setCornerRadius ## 3baeb93 com.toov1.dovizaltin/com.toov1.dovizaltin.MainActivity#5881 cornerRadius=0.000000
04-23 13:24:41.439 I/SurfaceFlinger( 1101): [LayerHierarchy{RequestedLayerState{ImeContainer#15 parentId=5873 relativeParentId=5881 z=1} 1 children}] RelativeParent to LayerHierarchy{RequestedLayerState{3baeb93 com.toov1.dovizaltin/com.toov1.dovizaltin.MainActivity#5881 parentId=5873} 2 children}
04-23 13:24:41.447 D/SurfaceFlinger( 1101):        CLIENT |           34024730918919 | 00002102 | RGBA_8888    |    0.0    2.0 1080.0 2336.0 |   25   50 1078 2324 | com.toov1.dovizaltin/com.toov1.dovizaltin.MainActivity$_7922#6000 (1)
04-23 13:24:41.463 I/Kumiho-Kumiho( 7922): getPackageName: com.toov1.dovizaltin
04-23 13:24:41.493 D/AppWidgetServiceImpl( 1426): Trying to notify widget update for package com.toov1.dovizaltin with widget id: 25
04-23 13:24:41.493 I/AppWidgetHost(23211): updateAppWidgetView, appWidgetId = 25, v = com.honeyspace.ui.common.widget.HoneyAppWidgetHostView{4c3860a VFE...... R......D 30,30-1158,299} - span boundary: (4, 1) ~ (4, 6), appWidgetSize: 0, flag: 1, lastAppliedInfo: RemoteViewInfo(packages=com.toov1.dovizaltin), cachedImageView: false
04-23 13:24:41.499 I/Kumiho-Kumiho( 7922): getPackageName: com.toov1.dovizaltin
04-23 13:24:41.558 I/Kumiho-Kumiho( 7922): getPackageName: com.toov1.dovizaltin
04-23 13:24:41.588 I/Kumiho-Kumiho( 7922): getPackageName: com.toov1.dovizaltin
04-23 13:24:41.650 I/Kumiho-Kumiho( 7922): getPackageName: com.toov1.dovizaltin
04-23 13:24:41.690 D/AppWidgetServiceImpl( 1426): Trying to notify widget update for package com.toov1.dovizaltin with widget id: 25
04-23 13:24:41.694 I/AppWidgetHost(23211): updateAppWidgetView, appWidgetId = 25, v = com.honeyspace.ui.common.widget.HoneyAppWidgetHostView{4c3860a VFE...... R......D 30,30-1158,299} - span boundary: (4, 1) ~ (4, 6), appWidgetSize: 0, flag: 1, lastAppliedInfo: RemoteViewInfo(packages=com.toov1.dovizaltin), cachedImageView: false
04-23 13:24:41.695 I/Kumiho-Kumiho( 7922): getPackageName: com.toov1.dovizaltin
04-23 13:24:41.697 D/SGM:GameManager( 1426): identifyForegroundApp. com.toov1.dovizaltin, mCurrentUserId: 0, callerUserId: 0
04-23 13:24:41.697 D/SGM:SemGameManager( 1426): isForegroundGame(), ret=false
04-23 13:24:41.762 I/Kumiho-Kumiho( 7922): getPackageName: com.toov1.dovizaltin
04-23 13:24:41.783 V/WindowManager( 1426):    ChangeInfo{c16726b container=ActivityRecord{70055721 u0 com.toov1.dovizaltin/.MainActivity t-1} flags=0x0}
04-23 13:24:41.783 V/WindowManager( 1426):    ChangeInfo{d7be0a4 container=ActivityRecord{110282812 u0 com.toov1.dovizaltin/.MainActivity t6210} flags=0x0}
04-23 13:24:41.783 V/WindowManager( 1426):    ChangeInfo{e813e09 container=Task{fe9b9c5 #6210 type=standard A=10472:com.toov1.dovizaltin} flags=0x30}
04-23 13:24:41.785 D/ChangeTransitionController( 1426):    ChangeInfo{c16726b container=ActivityRecord{70055721 u0 com.toov1.dovizaltin/.MainActivity t-1} flags=0x0}
04-23 13:24:41.785 D/ChangeTransitionController( 1426):    ChangeInfo{d7be0a4 container=ActivityRecord{110282812 u0 com.toov1.dovizaltin/.MainActivity t6210} flags=0x0}
04-23 13:24:41.785 D/ChangeTransitionController( 1426):    ChangeInfo{e813e09 container=Task{fe9b9c5 #6210 type=standard A=10472:com.toov1.dovizaltin} flags=0x30}
04-23 13:24:41.786 D/SurfaceComposerClient( 1426): setCornerRadius ## 3baeb93 com.toov1.dovizaltin/com.toov1.dovizaltin.MainActivity#5881 cornerRadius=0.000000
04-23 13:24:41.792 I/Kumiho-Kumiho( 7922): getPackageName: com.toov1.dovizaltin
04-23 13:24:41.798 D/SurfaceFlinger( 1101):        DEVICE |           34024730918919 | 00002102 | RGBA_8888    |    0.0    0.0 1080.0 2340.0 |    0    0 1080 2340 | com.toov1.dovizaltin/com.toov1.dovizaltin.MainActivity$_7922#6000 (1)
04-23 13:24:41.804 D/SurfaceComposerClient( 1426): setCornerRadius ## 3baeb93 com.toov1.dovizaltin/com.toov1.dovizaltin.MainActivity#5881 cornerRadius=0.000000
04-23 13:24:41.806 D/SurfaceComposerClient( 1426): setCornerRadius ## 3baeb93 com.toov1.dovizaltin/com.toov1.dovizaltin.MainActivity#5881 cornerRadius=0.000000
04-23 13:24:41.808 D/SurfaceComposerClient( 1426): setCornerRadius ## 3baeb93 com.toov1.dovizaltin/com.toov1.dovizaltin.MainActivity#5881 cornerRadius=0.000000
04-23 13:24:41.808 D/SurfaceComposerClient( 1426): setCornerRadius ## 3baeb93 com.toov1.dovizaltin/com.toov1.dovizaltin.MainActivity#5881 cornerRadius=0.000000
04-23 13:24:41.811 D/SurfaceComposerClient( 1426): setCornerRadius ## 3baeb93 com.toov1.dovizaltin/com.toov1.dovizaltin.MainActivity#5881 cornerRadius=0.000000
04-23 13:24:41.816 D/SGM:FgCheckThread( 1426): getForegroundApp(), foregroundPkgName=com.toov1.dovizaltin
04-23 13:24:41.818 D/SGM:FgCheckThread( 1426): pkgName: com.sec.android.app.launcher is not in foreground
04-23 13:24:41.818 D/SGM:FgCheckThread( 1426): noteStopComponent(), received pkgName: com.sec.android.app.launcher, focusedPkgName: com.toov1.dovizaltin, userId: 0
04-23 13:24:41.819 D/SGM:GameManager( 1426): identifyForegroundApp. com.toov1.dovizaltin, mCurrentUserId: 0, callerUserId: 0
04-23 13:24:41.819 D/SGM:SemGameManager( 1426): isForegroundGame(), ret=false
04-23 13:24:41.821 D/SGM:GameManager( 1426): identifyForegroundApp. com.toov1.dovizaltin, mCurrentUserId: 0, callerUserId: 0
04-23 13:24:41.821 D/SGM:SemGameManager( 1426): isForegroundGame(), ret=false
04-23 13:24:41.851 I/Kumiho-Kumiho( 7922): getPackageName: com.toov1.dovizaltin
04-23 13:24:41.887 I/Kumiho-Kumiho( 7922): getPackageName: com.toov1.dovizaltin
04-23 13:24:41.947 I/Kumiho-Kumiho( 7922): getPackageName: com.toov1.dovizaltin
04-23 13:24:41.952 D/MdnieScenarioControlService( 1426):  packageName : com.toov1.dovizaltin    className : com.toov1.dovizaltin.MainActivity
04-23 13:24:41.977 I/Kumiho-Kumiho( 7922): getPackageName: com.toov1.dovizaltin
04-23 13:24:42.035 I/Kumiho-Kumiho( 7922): getPackageName: com.toov1.dovizaltin
04-23 13:24:42.075 I/Kumiho-Kumiho( 7922): getPackageName: com.toov1.dovizaltin
04-23 13:24:42.089 I/LayerHistory( 1101): com.toov1.dovizaltin/com.toov1.dovizaltin.MainActivity$_7922#6000 Max (can't resolve refresh rate)
04-23 13:24:42.137 I/Kumiho-Kumiho( 7922): getPackageName: com.toov1.dovizaltin
04-23 13:24:42.166 I/Kumiho-Kumiho( 7922): getPackageName: com.toov1.dovizaltin
04-23 13:24:42.225 I/Kumiho-Kumiho( 7922): getPackageName: com.toov1.dovizaltin
04-23 13:24:42.259 I/Kumiho-Kumiho( 7922): getPackageName: com.toov1.dovizaltin
04-23 13:24:42.318 I/Kumiho-Kumiho( 7922): getPackageName: com.toov1.dovizaltin
04-23 13:24:42.349 I/Kumiho-Kumiho( 7922): getPackageName: com.toov1.dovizaltin
04-23 13:24:42.409 I/Kumiho-Kumiho( 7922): getPackageName: com.toov1.dovizaltin
04-23 13:24:42.446 I/Kumiho-Kumiho( 7922): getPackageName: com.toov1.dovizaltin
04-23 13:24:42.506 I/Kumiho-Kumiho( 7922): getPackageName: com.toov1.dovizaltin
04-23 13:24:42.536 I/Kumiho-Kumiho( 7922): getPackageName: com.toov1.dovizaltin
04-23 13:24:42.595 I/Kumiho-Kumiho( 7922): getPackageName: com.toov1.dovizaltin
04-23 13:24:42.628 I/Kumiho-Kumiho( 7922): getPackageName: com.toov1.dovizaltin
04-23 13:24:42.688 I/Kumiho-Kumiho( 7922): getPackageName: com.toov1.dovizaltin
04-23 13:24:42.718 I/Kumiho-Kumiho( 7922): getPackageName: com.toov1.dovizaltin
04-23 13:24:42.776 I/Kumiho-Kumiho( 7922): getPackageName: com.toov1.dovizaltin
04-23 13:24:42.816 I/Kumiho-Kumiho( 7922): getPackageName: com.toov1.dovizaltin
04-23 13:24:42.875 I/Kumiho-Kumiho( 7922): getPackageName: com.toov1.dovizaltin
04-23 13:24:42.905 I/Kumiho-Kumiho( 7922): getPackageName: com.toov1.dovizaltin
04-23 13:24:42.965 I/Kumiho-Kumiho( 7922): getPackageName: com.toov1.dovizaltin
04-23 13:24:43.000 I/Kumiho-Kumiho( 7922): getPackageName: com.toov1.dovizaltin
04-23 13:24:43.063 I/Kumiho-Kumiho( 7922): getPackageName: com.toov1.dovizaltin
04-23 13:24:43.090 I/SurfaceFlinger( 1101): [com.toov1.dovizaltin/com.toov1.dovizaltin.MainActivity$_7922#6000] setFrameRateCategory: HighHint
04-23 13:24:43.093 I/Kumiho-Kumiho( 7922): getPackageName: com.toov1.dovizaltin
04-23 13:24:43.099 D/VibratorManagerService( 1426): vibrate - uid: 10472, opPkg: com.toov1.dovizaltin, effect: Mono{mEffect=Composed{segments=[Step{amplitude=0.0, frequencyHz=0.0, duration=0}, Step{amplitude=0.11764706, frequencyHz=0.0, duration=50}], repeat=-1, mMagnitudeType=TYPE_EXTRA}}, attrs: VibrationAttributes{mUsage=TOUCH, mAudioUsage= USAGE_UNKNOWN, mFlags=0, tags=}, reason: null, token: android.os.BinderProxy@592fb01
