ingAmount=0.0
04-23 02:28:42.086 D/KeyguardFace( 1865): shouldListenForFace ( isFaceDefaultCondition = false , isKeyguardVisible = true , isDeviceInteractive = false , mPrimaryBouncerFullyShown = false , isSwitchingUser = false , mIsDreamingForBiometrics = true , isGoingToSleep = true , isKeyguardGoingAway = false , mKeyguardUnlocking = false , isEarlyWakeUp = false , mIsScreenSaverRunning = false , mSystemReady = true , getUserUnlockedWithBiometric = false , isKeyguardShowing = true , isKeyguardOccluded = false , mHasFocus = true)
04-23 02:28:42.086 D/KeyguardFace( 1865): shouldListenForFace ( return false, Face is not default condition)
04-23 02:28:42.086 D/KeyguardStatusBarViewController( 1865): Visibility changed! - mDozing=true, mFirstBypassAttempt=false, mKeyguardUpdateMonitor.shouldListenForFace()=false, mDelayShowingKeyguardStatusBar=false, mDisableStateTracker.isDisabled()=false, Flags.glanceableHubV2()=false, mCommunalShowing=false, mExplicitAlpha=-1.0, mHiddenByKnox=false, isLockStarStatusBarEnabled()=true
04-23 02:28:42.086 I/FaceWidgetViewModel( 1865): onNioViewStateUpdated : alpha 0.0, visibility 0
04-23 02:28:42.086 D/Tile.SoundModeTile( 1865): handleSetListening: listening false
04-23 02:28:42.086 I/SurfaceFlinger( 1101): id=715 Removed Surface(name=47f5426 StatusBar)/@0x85bb198 - animation-leash of insets_animation#715 (130)
04-23 02:28:42.086 I/SurfaceFlinger( 1101): id=716 Removed Surface(name=682768d NavigationBar0)/@0xd7c5857 - animation-leash of insets_animation#716 (130)
04-23 02:28:42.086 D/KeyguardStatusBarViewExt( 1865): v:0, a:0,00, com.android.systemui.statusbar.phone.KeyguardStatusBarViewController.updateViewState:34 com.android.systemui.shade.NotificationPanelViewController.onQsSetExpansionHeightCalled:6 com.android.systemui.shade.QuickSettingsControllerImpl.setExpansionHeight:308 com.android.systemui.shade.NotificationPanelViewController$ShadeLayoutChangeListener.onLayoutChange:251 android.view.View.layout:26958
04-23 02:28:42.086 D/SecHAL  ( 2268): subft_sent_msg_to_Hal_task: Sent message to HAL message task, remind que: 2
04-23 02:28:42.086 I/FaceWidgetViewModel( 1865): onNioViewStateUpdated : alpha 0.0, visibility 4
04-23 02:28:42.086 D/SecHAL  ( 2268): nfc_hal_task: Got a event: HAL_EVT_READ(4)
04-23 02:28:42.086 D/SecHAL  ( 2268): nfc_hal_task: current state: SERVICE
04-23 02:28:42.086 D/KeyguardStatusBarViewExt( 1865): v:4, a:0,00, com.android.systemui.statusbar.phone.KeyguardStatusBarViewController.updateViewState:34 com.android.systemui.shade.NotificationPanelViewController.onQsSetExpansionHeightCalled:6 com.android.systemui.shade.QuickSettingsControllerImpl.setExpansionHeight:308 com.android.systemui.shade.NotificationPanelViewController$ShadeLayoutChangeListener.onLayoutChange:251 android.view.View.layout:26958
04-23 02:28:42.087 I/SecKeyguardClockPositionAlgorithm( 1865): prepareClockContainerHeightChanging:
04-23 02:28:42.087 I/SecHAL  ( 2268): OSI_timer_start: enter,osi_lock
04-23 02:28:42.087 I/SecHAL  ( 2268): OSI_timer_start: before osi_unlock
04-23 02:28:42.087 I/SecHAL  ( 2268): OSI_timer_start: exit
04-23 02:28:42.087 I/SecHAL  ( 2268): nfc_data_callback: !
04-23 02:28:42.087 I/PluginFaceWidgetManager( 1865): isEditMode = false
04-23 02:28:42.087 I/NowBarItemManager( 1865): getVisibleList isScreenTurnedOn = false / aodShowState false shouldControlScreenOff false visibleList size = 0
04-23 02:28:42.087 D/libnfc_nci( 2144): nfaDeviceManagementCallback: enter; event=0xB
04-23 02:28:42.087 D/libnfc_nci( 2144): nfaDeviceManagementCallback: NFA_DM_SET_POWER_SUB_STATE_EVT; status=0x0
04-23 02:28:42.087 I/libnfc_nci( 2144): SecureElement::getInstance().isPeerInListenMode()) : 0
04-23 02:28:42.087 I/libnfc_nci( 2144): isNeedToResendScreenState : 0
04-23 02:28:42.087 D/NavBarView( 1865): disableBack=false (isBackDismissIme=false, handlingGestures=false, disabledFlagBack=false, isBottomGesture=false, isImeRenderingNavButtons=false)
04-23 02:28:42.087 I/SemDvfsHyPerManager( 3856): acquire hyper - GovernorS5e9925_REQ_MODE/3856@25, type = -999
04-23 02:28:42.088 D/Navbar.Store( 1865): handleEvent(0) OnUpdateSysUiStateFlag(noArguments=true) [Module] SamsungNavigationBarView
04-23 02:28:42.088 D/Navbar.Store( 1865): --[Band]GESTURE_PACK_UPDATE_SYSTEMUI_STATE_FLAG
04-23 02:28:42.088 D/Navbar.Store( 1865): --[Band] (afterAction) GESTURE_PACK_UPDATE_SYSTEMUI_STATE_FLAG
04-23 02:28:42.088 W/View    ( 1865): requestLayout() improperly called by com.android.systemui.shade.NotificationsQuickSettingsContainer{d76d808 V.E...... ......ID 0,0-1080,2340 #7f0a087e app:id/notification_container_parent} during layout: running second layout pass
04-23 02:28:42.088 W/View    ( 1865): requestLayout() improperly called by com.android.systemui.qs.SecQSGradationDrawableView{35418d5 V.E...... ......ID 0,0-1080,332 #7f0a0a16 app:id/qs_gradation_view} during layout: running second layout pass
04-23 02:28:42.088 W/View    ( 1865): requestLayout() improperly called by android.widget.FrameLayout{41da8ea V.E...... ......I. 0,0-1080,2340 #2} during layout: running second layout pass
04-23 02:28:42.088 I/HoneySpace.SystemUiRepository( 2347): systemUiFlags: overview_disabled|home_disabled|keygrd_visible|device_dozing|wakefulness_transition
04-23 02:28:42.088 W/View    ( 1865): requestLayout() improperly called by android.widget.FrameLayout{91467db V.E...... ......ID 0,148-1080,2205 #7f0a0a14 app:id/qs_frame} during layout: running second layout pass
04-23 02:28:42.088 W/View    ( 1865): requestLayout() improperly called by large_screen_header_constraint_qqs->large_screen_header_constraint_qs (pos:0.0 Dpos/Dt:0.0 during layout: running second layout pass
04-23 02:28:42.088 I/HYPER-HAL( 1025): [RequestManager.cpp]acquire(): Acquired ID : 7533046  [3856 / 25]    HINT :      list : [EMSTUNE_REQMODE / 1]
04-23 02:28:42.088 W/View    ( 1865): requestLayout() improperly called by com.android.systemui.statusbar.phone.KeyguardStatusBarView{f9c9ba1 I.E...... ......ID 0,0-1080,80 #7f0a0615 app:id/keyguard_header} during layout: running second layout pass
04-23 02:28:42.088 W/View    ( 1865): requestLayout() improperly called by android.widget.RelativeLayout{c9f81c6 V.E...... ......ID 0,0-1080,164 #7f0a09ef app:id/qs_container} during layout: running second layout pass
04-23 02:28:42.088 W/View    ( 1865): requestLayout() improperly called by android.widget.LinearLayout{e98c587 V.E...... ......ID 0,34-1080,130 #7f0a0a34 app:id/quick_qs_date_buttons} during layout: running second layout pass
04-23 02:28:42.088 W/View    ( 1865): requestLayout() improperly called by android.widget.LinearLayout{5fc11d5 V.E...... ......ID 0,0-968,419 #7f0a0df1 app:id/tile_layout_background} during layout: running second layout pass
04-23 02:28:42.088 W/View    ( 1865): requestLayout() improperly called by android.widget.LinearLayout{980adea V.E...... ......ID 0,53-968,391 #7f0a0df2 app:id/tile_layout_container} during layout: running second layout pass
04-23 02:28:42.088 W/View    ( 1865): requestLayout() improperly called by androidx.constraintlayout.widget.ConstraintLayout{dc388db VFE...C.. ......ID 56,214-1024,656} during layout: running second layout pass
04-23 02:28:42.088 W/View    ( 1865): requestLayout() improperly called by androidx.constraintlayout.widget.ConstraintLayout{4562f78 VFE...C.. ......ID 315,363-653,442 #7f0a0b05 app:id/scroll_indicator_touch_container} during layout: running second layout pass
04-23 02:28:42.088 W/View    ( 1865): requestLayout() improperly called by com.android.systemui.statusbar.phone.SwitchableDoubleShadowTextView{a56cb4 V.ED..... ......ID 0,8-244,60 #7f0a0bec app:id/shade_carrier_text} during layout: running second layout pass
04-23 02:28:42.088 W/View    ( 1865): requestLayout() improperly called by com.android.keyguard.CarrierText{a2df377 I.ED..... ......ID 0,0-240,58 #7f0a0601 app:id/keyguard_carrier_text} during layout: running second layout pass
04-23 02:28:42.088 I/SurfaceFlinger( 1101): RequestedLayer [com.android.systemui.wallpapers.ImageWallpaper$_1865#79] hidden!! flag  from(1) --> to(0)
04-23 02:28:42.088 I/SurfaceFlinger( 1101): RequestedLayer [WallpaperWindowToken{a7595d3 showWhenLocked=false}#75] hidden!! flag  from(1) --> to(0)
04-23 02:28:42.088 I/SurfaceFlinger( 1101): destroyed Surface(name=682768d NavigationBar0)/@0xd7c5857 - animation-leash of insets_animation#716
04-23 02:28:42.088 I/SurfaceFlinger( 1101): destroyed Surface(name=47f5426 StatusBar)/@0x85bb198 - animation-leash of insets_animation#715
04-23 02:28:42.089 I/HoneySpace.TaskbarEventTracker( 2347): invokeEvent() called with: event = SystemUiStateChanged(stateFlags=538968512)
04-23 02:28:42.089 I/Layer   ( 1101): id=716 Destroyed Surface(name=682768d NavigationBar0)/@0xd7c5857 - animation-leash of insets_animation#716
04-23 02:28:42.089 I/Layer   ( 1101): id=715 Destroyed Surface(name=47f5426 StatusBar)/@0x85bb198 - animation-leash of insets_animation#715
04-23 02:28:42.089 I/SecKeyguardClockPositionAlgorithm( 1865): prepareClockContainerHeightChanging:
04-23 02:28:42.090 I/PluginFaceWidgetManager( 1865): isEditMode = false
04-23 02:28:42.090 I/NowBarItemManager( 1865): getVisibleList isScreenTurnedOn = false / aodShowState false shouldControlScreenOff false visibleList size = 0
04-23 02:28:42.090 I/HYPER-HAL( 1025): [RequestManager.cpp]releaseLocked(): Released ID : 7544698
04-23 02:28:42.090 I/SecKeyguardClockPositionAlgorithm( 1865): prepareClockContainerHeightChanging:
04-23 02:28:42.090 D/android.hardware.security.keymint-service(  745): addRngEntropy: ret 0
04-23 02:28:42.090 I/PluginFaceWidgetManager( 1865): isEditMode = false
04-23 02:28:42.090 I/NowBarItemManager( 1865): getVisibleList isScreenTurnedOn = false / aodShowState false shouldControlScreenOff false visibleList size = 0
04-23 02:28:42.091 I/SecKeyguardClockPositionAlgorithm( 1865): prepareClockContainerHeightChanging:
04-23 02:28:42.091 I/PluginFaceWidgetManager( 1865): isEditMode = false
04-23 02:28:42.091 I/NowBarItemManager( 1865): getVisibleList isScreenTurnedOn = false / aodShowState false shouldControlScreenOff false visibleList size = 0
04-23 02:28:42.091 D/KeyguardStatusBarViewController( 1865): Alpha changed! - mExplicitAlpha=-1.0, getKeyguardContentsAlpha()=1.0, alphaQsExpansion=1.0, mKeyguardStatusBarAnimateAlpha=1.0, mKeyguardHeadsUpShowingAmount=0.0
04-23 02:28:42.091 I/FaceWidgetViewModel( 1865): onNioViewStateUpdated : alpha 1.0, visibility 4
04-23 02:28:42.091 I/HYPER-HAL( 1025): [RequestManager.cpp]releaseLocked(): Released ID : 7548584
04-23 02:28:42.091 D/KeyguardStatusBarViewExt( 1865): v:4, a:1,00, com.android.systemui.statusbar.phone.KeyguardStatusBarViewController.updateViewState:34 com.android.systemui.shade.NotificationPanelViewController$$ExternalSyntheticLambda48.run:545 com.android.systemui.shade.NotificationShadeWindowControllerImpl.batchApplyWindowLayoutParams:7 com.android.systemui.shade.NotificationPanelViewController.setExpandedHeightInternal:23 com.android.systemui.shade.NotificationPanelViewController.setExpandedHeight:1
04-23 02:28:42.091 I/ComplicationWidgetPluginController( 1865): onShadeExpandedChanged true true
04-23 02:28:42.091 D/KeyguardUpdateMonitor( 1865): isUserUnlocked userId:0, unlocked:true
04-23 02:28:42.091 I/ComplicationWidgetPluginController( 1865): requestAppWidgetListening true , true true false
04-23 02:28:42.091 I/SharedAppWidgetFacade( 1865):  startAppWidgetListening
04-23 02:28:42.091 I/LockWidgetHostManagerImpl( 1865): Already Listening
04-23 02:28:42.092 D/{OngoingActivityController}( 1865): onExpandedChanged : shade is open
04-23 02:28:42.092 D/ShadeExpansionStateManager( 1865): updateStateInternal: OPENING -> OPEN
04-23 02:28:42.092 D/KeyguardVisible( 1865): go panelState: OPENING -> OPEN tracking=false, expanded=true, fraction=0.0
04-23 02:28:42.092 D/ShadeExpansionStateManager( 1865): onPanelExpansionChanged: OPENING -> OPEN
04-23 02:28:42.092 D/ShadeExpansionStateManager( 1865): onPanelExpansionChanged: ShadeExpansionChangeEvent(fraction=1.0, expanded=true, tracking=false)
04-23 02:28:42.092 D/QSGuideDialog( 1865): isNotShade : true (1)
04-23 02:28:42.092 D/CentralSurfaces( 1865): onPanelExpansionChanged: lightReveal amount=1.0
04-23 02:28:42.092 D/PanelSplitOpenAnimator( 1865): onPanelExpansionChanged : 1.0 state : 1
04-23 02:28:42.092 I/PluginFaceWidgetManager( 1865): isEditMode = false
04-23 02:28:42.092 I/NowBarItemManager( 1865): getVisibleList isScreenTurnedOn = false / aodShowState false shouldControlScreenOff false visibleList size = 0
04-23 02:28:42.092 I/NowBarCardViewModel( 1865): setVisibility visible = 0 / nowBarRootVisibility = 0
04-23 02:28:42.092 D/QuickPanelLog( 1865): NPVC | updateExpansionAndVisibility: mExpandedFraction: 1.0, mInstantExpanding: true, isPanelVisibleBecauseOfHeadsUp: false, isTracking(): false, mIsSpringBackAnimation: false, isExpanded: true, isFullyExpanded: true, isFullyCollapsed: false, mHeightAnimator is null: true
04-23 02:28:42.092 D/QuickPanelLog( 1865):  - com.android.systemui.shade.NotificationPanelViewController.updateExpansionAndVisibility:350
04-23 02:28:42.092 D/QuickPanelLog( 1865):  - com.android.systemui.shade.NotificationPanelViewController$$ExternalSyntheticLambda48.run:557
04-23 02:28:42.092 D/QuickPanelLog( 1865):  - com.android.systemui.shade.NotificationShadeWindowControllerImpl.batchApplyWindowLayoutParams:7
04-23 02:28:42.092 D/QuickPanelLog( 1865):  - com.android.systemui.shade.NotificationPanelViewController.setExpandedHeightInternal:23
04-23 02:28:42.092 D/QuickPanelLog( 1865):  - com.android.systemui.shade.NotificationPanelViewController.setExpandedHeight:1
04-23 02:28:42.092 D/QuickPanelLog( 1865):  - com.android.systemui.shade.NotificationPanelViewController.setExpandedFraction:7
04-23 02:28:42.092 D/QuickPanelLog( 1865):  - com.android.systemui.shade.NotificationPanelViewController$15.onGlobalLayout:69
04-23 02:28:42.092 D/QuickPanelLog( 1865):  - android.view.ViewTreeObserver.dispatchOnGlobalLayout:1192
04-23 02:28:42.092 D/QuickPanelLog( 1865):  - android.view.ViewRootImpl.performTraversals:5301
04-23 02:28:42.092 D/QuickPanelLog( 1865):  - android.view.ViewRootImpl.doTraversal:3924
04-23 02:28:42.093 D/QuickPanelLog( 1865): NPVC | onGlobalLayout: mAnimateAfterExpanding: false
04-23 02:28:42.093 D/QuickPanelLog( 1865):  - com.android.systemui.shade.NotificationPanelViewController$15.onGlobalLayout:99
04-23 02:28:42.093 D/QuickPanelLog( 1865):  - android.view.ViewTreeObserver.dispatchOnGlobalLayout:1192
04-23 02:28:42.093 D/QuickPanelLog( 1865):  - android.view.ViewRootImpl.performTraversals:5301
04-23 02:28:42.093 D/QuickPanelLog( 1865):  - android.view.ViewRootImpl.doTraversal:3924
04-23 02:28:42.093 D/QuickPanelLog( 1865):  - android.view.ViewRootImpl$TraversalRunnable.run:12903
04-23 02:28:42.093 D/QuickPanelLog( 1865):  - android.view.Choreographer$CallbackRecord.run:1901
04-23 02:28:42.093 D/QuickPanelLog( 1865):  - android.view.Choreographer$CallbackRecord.run:1910
04-23 02:28:42.093 D/QuickPanelLog( 1865):  - android.view.Choreographer.doCallbacks:1367
04-23 02:28:42.093 D/QuickPanelLog( 1865):  - android.view.Choreographer.doFrame:1292
04-23 02:28:42.093 D/QuickPanelLog( 1865):  - android.view.Choreographer$FrameDisplayEventReceiver.run:1870
04-23 02:28:42.093 D/VRI[NotificationShade]@fbac529( 1865): reportNextDraw android.view.ViewRootImpl.performTraversals:5443 android.view.ViewRootImpl.doTraversal:3924 android.view.ViewRootImpl$TraversalRunnable.run:12903 android.view.Choreographer$CallbackRecord.run:1901 android.view.Choreographer$CallbackRecord.run:1910
04-23 02:28:42.093 D/VRI[NotificationShade]@fbac529( 1865): Setup new sync=wmsSync-VRI[NotificationShade]@fbac529#19
04-23 02:28:42.093 I/VRI[NotificationShade]@fbac529( 1865): Creating new active sync group VRI[NotificationShade]@fbac529#20
04-23 02:28:42.093 D/VRI[NotificationShade]@fbac529( 1865): Start draw after previous draw not visible
04-23 02:28:42.093 I/EventReceiver_FLP( 2743): BroadcastReceiver : ACTION_SCREEN_OFF
04-23 02:28:42.093 D/VRI[NotificationShade]@fbac529( 1865): registerCallbacksForSync syncBuffer=false
04-23 02:28:42.094 I/EventReceiver_FLP( 2743): BroadcastReceiver finished
04-23 02:28:42.094 I/HoneySpace.SystemUiRepository( 2347): systemUiFlags: overview_disabled|home_disabled|notif_expanded|keygrd_visible|device_dozing|wakefulness_transition|notif_visible
04-23 02:28:42.094 I/SecHAL  ( 2268): nfc_hal_write: enter;
04-23 02:28:42.094 I/SecHAL  ( 2268): nfc_hal_write: exit;
04-23 02:28:42.094 D/SecHAL  ( 2268): nfc_hal_task: Got a event: HAL_EVT_WRITE(3)
04-23 02:28:42.094 D/SecHAL  ( 2268): nfc_hal_task: current state: SERVICE
04-23 02:28:42.094 I/SecHAL  ( 2268): OSI_timer_start: enter,osi_lock
04-23 02:28:42.094 D/libnfc_nci( 2144): nfa_dm_store_config Enter: tlv list len: 3, stored_tlv_list_len: 31
04-23 02:28:42.094 D/libnfc_nci( 2144): nfa_dm_store_config Exit: stored tlv list len: 31
04-23 02:28:42.094 I/SecHAL  ( 2268): OSI_timer_start: before osi_unlock
04-23 02:28:42.094 I/SecHAL  ( 2268): OSI_timer_start: exit
04-23 02:28:42.094 I/SecHAL  ( 2268): device_write: enter
04-23 02:28:42.094 I/SecHAL  ( 2268): device_write: before system call
04-23 02:28:42.095 I/HoneySpace.TaskbarEventTracker( 2347): invokeEvent() called with: event = SystemUiStateChanged(stateFlags=1612710340)
04-23 02:28:42.095 I/SecHAL  ( 2268): device_write: after system call
04-23 02:28:42.095 I/SecHAL  ( 2268): device_write: exit
04-23 02:28:42.095 I/SecHAL  ( 2268): subft_sent_msg_to_Hal_task: subft_sent_msg_to_Hal_task enter
04-23 02:28:42.095 D/SecHAL  ( 2268): subft_sent_msg_to_Hal_task: Sent message to HAL message task, remind que: 2
04-23 02:28:42.096 D/SecHAL  ( 2268): nfc_hal_task: Got a event: HAL_EVT_READ(4)
04-23 02:28:42.096 D/SecHAL  ( 2268): nfc_hal_task: current state: SERVICE
04-23 02:28:42.099 I/SecHAL  ( 2268): OSI_timer_start: enter,osi_lock
04-23 02:28:42.099 I/SecHAL  ( 2268): OSI_timer_start: before osi_unlock
04-23 02:28:42.099 I/SecHAL  ( 2268): OSI_timer_start: exit
04-23 02:28:42.099 I/SecHAL  ( 2268): nfc_data_callback: !
04-23 02:28:42.100 D/VRI[NotificationShade]@fbac529( 1865): Received frameDrawingCallback syncResult=0 frameNum=1.
04-23 02:28:42.101 I/VRI[NotificationShade]@fbac529( 1865): mWNT: t=0xb400007a1ed3be50 mBlastBufferQueue=0xb40000794ef07b70 fn= 1 HdrRenderState mRenderHdrSdrRatio=1.0 caller= android.view.ViewRootImpl$12.onFrameDraw:15441 android.view.ThreadedRenderer$1.onFrameDraw:718 <bottom of call stack>
04-23 02:28:42.101 I/VRI[NotificationShade]@fbac529( 1865): Setting up sync and frameCommitCallback
04-23 02:28:42.101 I/BLASTBufferQueue( 1865): [VRI[NotificationShade]@fbac529#39](f:0,a:0,s:0) onFrameAvailable the first frame is available
04-23 02:28:42.102 I/SurfaceFlinger( 1101): [NotificationShade$_1865#726] setTransactionState with the first frame. bufferData(ID: 8010114007314, frameNumber: 1)
04-23 02:28:42.102 I/VRI[NotificationShade]@fbac529( 1865): Received frameCommittedCallback lastAttemptedDrawFrameNum=1 didProduceBuffer=true
04-23 02:28:42.102 D/VRI[NotificationShade]@fbac529( 1865): reportDrawFinished seqId=0
04-23 02:28:42.103 D/WindowManager( 1426): finishDrawingWindow: Window{e094013 u0 NotificationShade} mDrawState=DRAW_PENDING seqId=0
04-23 02:28:42.103 D/libnfc_nci( 2144): nfaDeviceManagementCallback: enter; event=0x2
04-23 02:28:42.103 D/libnfc_nci( 2144): nfaDeviceManagementCallback: NFA_DM_SET_CONFIG_EVT
04-23 02:28:42.103 D/libnfc_nci( 2144): slsiEventHandler: event= 2
04-23 02:28:42.104 V/WindowManager( 1426): performShowLocked: mDrawState=HAS_DRAWN in Window{e094013 u0 NotificationShade}
04-23 02:28:42.104 I/BLASTBufferQueue_Java( 1865): update, w= 1080 h= 135 mName = VRI[NavigationBar0]@616fe33 mNativeObject= 0xb40000794ea5c100 sc.mNativeObject= 0xb400007a3ea54150 format= -3 caller= android.view.ViewRootImpl.updateBlastSurfaceIfNeeded:3574 android.view.ViewRootImpl.relayoutWindow:11685 android.view.ViewRootImpl.performTraversals:4804 android.view.ViewRootImpl.doTraversal:3924 android.view.ViewRootImpl$TraversalRunnable.run:12903 android.view.Choreographer$CallbackRecord.run:1901
04-23 02:28:42.104 I/VRI[NavigationBar0]@616fe33( 1865): Relayout returned: old=(0,2205,1080,2340) new=(0,2205,1080,2340) relayoutAsync=true req=(1080,135)0 dur=1 res=0x0 s={true 0xb400007a4eb6f4a0} ch=false seqId=0
04-23 02:28:42.104 D/VRI[NavigationBar0]@616fe33( 1865): Not drawing due to screen off
04-23 02:28:42.105 I/WindowManager( 1426): Relayout Window{931089c u0 Bouncer}: viewVisibility=4 req=1080x0 ty=2009 d0
04-23 02:28:42.106 I/WindowManager( 1426): Relayout hash=931089c, pid=1865, syncId=-1: mAttrs={(0,0)(fillxfill) gr=TOP CENTER_VERTICAL sim={adjust=resize} layoutInDisplayCutoutMode=always ty=KEYGUARD_DIALOG fmt=TRANSLUCENT if=INPUT_FEATURE_DISABLE_USER_ACTIVITY userActivityTimeout=10000
04-23 02:28:42.106 I/WindowManager( 1426):   fl=85000548
04-23 02:28:42.106 I/WindowManager( 1426):   pfl=10000000
04-23 02:28:42.106 I/WindowManager( 1426):   vsysui=500
04-23 02:28:42.106 I/WindowManager( 1426):   bhv=2
04-23 02:28:42.106 I/WindowManager( 1426):   frameRateBoostOnTouch=true
04-23 02:28:42.106 I/WindowManager( 1426):   dvrrWindowFrameRateHint=true screenDimDuration=0 naviIconColor=0
04-23 02:28:42.106 I/WindowManager( 1426):   sfl=60000}
04-23 02:28:42.106 I/WindowManager( 1426): Relayout Window{682768d u0 NavigationBar0}: viewVisibility=0 req=1080x135 ty=2019 d0
04-23 02:28:42.106 D/NfcService( 2144): handleMessage: MSG_APPLY_SCREEN_STATEOFF_LOCKED
04-23 02:28:42.106 D/[NFC_SE]SamsungExtension( 2144): onLogEventNotified() item:[mCommandApdus: [mResponseApdus: , mCallingApi= 0, mAction= 518, mCallingPId = 0, mRfFieldOnTime= null
04-23 02:28:42.106 D/[NFC_SE]NfcOemLogHelper( 2144): reportLogEvent = [mCommandApdus: [mResponseApdus: , mCallingApi= 0, mAction= 518, mCallingPId = 0, mRfFieldOnTime= null
04-23 02:28:42.106 D/[NFC_SE]NfcOemLogHelper( 2144): try to send FLD_ERROR
04-23 02:28:42.106 D/[NFC_SE]NfcOemLogHelper( 2144): RF Field is disabled
04-23 02:28:42.107 I/InsetsController( 1865): onStateChanged: host=Bouncer, from=android.view.ViewRootImpl.onInsetsStateChanged:3026, state=InsetsState: {mDisplayFrame=Rect(0, 0 - 1080, 2340), mDisplayCutout=DisplayCutout{insets=Rect(0, 80 - 0, 0) waterfall=Insets{left=0, top=0, right=0, bottom=0} boundingRect={Bounds=[Rect(0, 0 - 0, 0), Rect(511, 0 - 569, 80), Rect(0, 0 - 0, 0), Rect(0, 0 - 0, 0)]} cutoutPathParserInfo={CutoutPathParserInfo{displayWidth=1080 displayHeight=2340 physicalDisplayWidth=1080 physicalDisplayHeight=2340 density={2.8125} cutoutSpec={M 0,0 M 0,7.822222222222222‬‬ a 10.31111111111111‬,10.31111111111111‬ 0 1,0 0,20.62222222222222‬ a 10.31111111111111‬,10.31111111111111‬ 0 1,0 0,-20.62222222222222‬ Z @dp} rotation={0} scale={1.0} physicalPixelDisplaySizeRatio={1.0}}} sideOverrides={}}, mRoundedCorners=RoundedCorners{[RoundedCorner{position=TopLeft, radius=113, center=Point(113, 113)}, RoundedCorner{position=TopRight, radius=113, center=Point(967, 113)}, RoundedCorner{position=BottomRight, radius=113, center=Point(967, 2227)}, RoundedCorner{position=BottomLeft, radius=113, center=Point(113, 2227)}]}  mRoundedCornerFrame=Rect(0, 0 - 0, 0), mPrivacyIndicatorBounds=PrivacyIndicatorBounds {static bounds=Rect(956, 0 - 1080, 80) rotation=0}, mDisplayShape=DisplayShape{ spec=-311912193 displayWidth=1080 displayHeight=2340 physicalPixelDisplaySizeRatio=1.0 rotation=0 offsetX=0 offsetY=0 scale=1.0}, mSources= { InsetsSource: {83d80001 mType=navigationBars mFrame=[0,2205][1080,2340] mVisible=false mFlags= mSideHint=BOTTOM mBoundingRects=null}, InsetsSource: {83d80004 mType=systemGestures mFrame=[0,0][0,0] mVisible=true mFlags= mSideHint=NONE mBoundingRects=null}, InsetsSource: {83d80005 mType=mandatorySystemGestures mFrame=[0,2205][1080,2340] mVisible=true mFlags= mSideHint=BOTTOM mBoundingRects=null}, InsetsSource: {83d80006 mType=tappableElement mFrame=[0,2205][1080,2340] mVisible=true mFlags= mSideHint=BOTTOM mBoundingRects=null}, InsetsSource: {83d80024 mType=systemGestures mFrame=[0,0][0,0] mVisible=true mFlags= mSideHint=NONE mBoundingRects=null}, InsetsSource: {27 mType=displayCutout mFrame=[0,0][1080,80] mVisible=true mFlags= mSideHint=TOP mBoundingRects=null}, InsetsSource: {8470005 mType=mandatorySystemGestures mFrame=[0,0][1080,114] mVisible=true mFlags= mSideHint=TOP mBoundingRects=null} }
04-23 02:28:42.109 I/VRI[Bouncer]@99578ce( 1865): Relayout returned: old=(0,0,1080,0) new=(0,0,1080,2340) relayoutAsync=false req=(1080,0)4 dur=4 res=0x0 s={false 0x0} ch=false seqId=0
04-23 02:28:42.109 E/KeyguardPunchHoleVIView( 1865): onApplyWindowInsets() return - mVIDirector is null (r11sxxx)
04-23 02:28:42.109 W/KeyguardSecurityViewFlipper( 1865): onMeasure: widthSpec MeasureSpec: EXACTLY 1080 should be AT_MOST
04-23 02:28:42.109 W/KeyguardSecurityViewFlipper( 1865): onMeasure: heightSpec MeasureSpec: EXACTLY 2205 should be AT_MOST
04-23 02:28:42.110 D/SecKeyguardStatusViewObserver( 1865): onChanged() FaceWidgetContainerLiveData{mIsContainerVisible=true, mClipLayoutVisibility=0, mRotation=0, mIsDashBoardVIRunning=false, mIsAdditionalInfoVisible=8, mAdditionalInfoGravity=17, mClockSideStartPadding=0, mClockSideEndPadding=0, mMusicSideStartPadding=30, mMusicSideEndPadding=30, mInfoSideStartPadding=0, mInfoSideEndPadding=0, mClipLayoutWidth = -1, mAdditionalInfoRemoteView=null, mIsAdditionalViewGoingToSleep=false, mConfig=CustomConfiguration{fontScale=1.0, screenLayout=268435810, orientation=1, screenWidthDp=384, screenHeightDp=832, smallestScreenWidthDp=384, densityDpi=450, uiMode=17, isRTL=false, mConfiguration={1.0 286mcc3mnc [tr_TR] ldltr sw384dp w384dp h832dp 450dpi nrml long port finger -keyb/v/h -nav/h winConfig={ mBounds=Rect(0, 0 - 1080, 2340) mAppBounds=Rect(0, 0 - 1080, 2340) mMaxBounds=Rect(0, 0 - 1080, 2340) mDisplayRotation=ROTATION_0 mWindowingMode=fullscreen mActivityType=undefined mAlwaysOnTop=undefined mRotation=ROTATION_0 mStageConfig=undefined mEmbedActivityMode=undefined mPopOver=undefined mOverlappingWithCutout=false} s.58 fontWeightAdjustment=0 ff=0 bf=-1 bts=0 cst=1.0 nightDim=0 themeSeq=0}}}
04-23 02:28:42.110 D/FaceWidgetPagesController( 1865): onGravityChanged()
04-23 02:28:42.110 I/StretchMeasureDataCalculator( 1865): setGravity: 49, isStart=false, isEnd=false, isCenterHorizontal=true
04-23 02:28:42.110 D/FaceWidgetClockPage( 1865): setClockGravity() gravity = 49
04-23 02:28:42.110 D/FaceWidgetClockPage( 1865): updateClockPadding
04-23 02:28:42.110 I/EPDG -- SIM0 [EpdgIntentReceiver:Main]( 2104): received: android.intent.action.SCREEN_OFF
04-23 02:28:42.110 I/EPDG -- SIM0 [EpdgIntentReceiver:Main]( 2104): complete: android.intent.action.SCREEN_OFF
04-23 02:28:42.110 I/SecKeyguardClockPositionAlgorithm( 1865): prepareClockContainerHeightChanging:
04-23 02:28:42.110 I/EPDG -- SIM0 [EpdgHandler]( 2104): Event received: SCREEN_OFF cid - 0
04-23 02:28:42.110 I/EPDG -- SIM0 [SMARTWIFI]( 2104): isProfiling, hash=121628601, started=false
04-23 02:28:42.111 I/PluginFaceWidgetManager( 1865): isEditMode = false
04-23 02:28:42.111 I/NowBarItemManager( 1865): getVisibleList isScreenTurnedOn = false / aodShowState false shouldControlScreenOff false visibleList size = 0
04-23 02:28:42.111 D/MediaExpandStateObserver( 1865): onChanged MediaExpandStateModel(type=NONE, clockY=0.0, clockValidMaxScale=1.0, hasAnimation=true, isDozing=true, darkAmount=1.0, isMediaOutput=false)
04-23 02:28:42.111 D/MediaExpandStateObserver( 1865): animateClipContainer NONE NONE
04-23 02:28:42.111 D/DisplayLifecycle( 1865): updateDisplay id = 0
04-23 02:28:42.112 I/StrongBox(  749): StrongBox: ssp_hwctl_enable done. refcount(1)
04-23 02:28:42.112 D/Tile.WifiTile( 1865): handleUpdateState isTransient=false transientEnabling =false cb.isTransient=false state.state = 1 mStateBeforeClick.value =false enabled =false
04-23 02:28:42.112 D/Tile.WifiTile( 1865): handleUpdateState isTransient=false transientEnabling =false cb.isTransient=false state.state = 1 mStateBeforeClick.value =false enabled =false
04-23 02:28:42.112 I/MdnieScenarioControlService( 1426): action  :  android.intent.action.SCREEN_OFF
04-23 02:28:42.113 I/AdaptiveDisplaySolutionService( 1426): action  :  android.intent.action.SCREEN_OFF
04-23 02:28:42.113 D/SBluetoothTile( 1865):  handleUpdateState enabled = false connected = false connecting = false changedState =false bluetoothState = 10 enabledChanging = false state = QSTile$BooleanState[spec=Bluetooth,icon=ResourceIcon[resId=0x7f080f78],nextIcon=null,iconSupplier=null,label=Bluetooth,secondaryLabel=,contentDescription=Bluetooth,stateDescription=null,dualLabelContentDescription=null,expandedAccessibilityClassName=null,disabledByPolicy=false,dualTarget=true,isTransient=false,handlesSecondaryClick=false,state=1,sideViewCustomDrawable=null,tileClassName=null,value=false,forceExpandIcon=false]
04-23 02:28:42.114 I/SurfaceFlinger( 1101): RequestedLayer [NotificationShade$_1865#726] hidden!! flag  from(1) --> to(0)
04-23 02:28:42.114 D/DisplayLifecycle( 1865): updateDisplay id = 0
04-23 02:28:42.114 D/KeyguardViewMediator( 1865): handleMessage 5
04-23 02:28:42.114 I/WindowManager( 1426): Relayout hash=682768d, pid=0, syncId=-1: mAttrs={(0,0)(fillx135) gr=BOTTOM CENTER_VERTICAL sim={adjust=pan} layoutInDisplayCutoutMode=always ty=NAVIGATION_BAR fmt=TRANSLUCENT
04-23 02:28:42.114 I/WindowManager( 1426):   fl=20040028
04-23 02:28:42.114 I/WindowManager( 1426):   pfl=31001000
04-23 02:28:42.114 I/WindowManager( 1426):   bhv=1
04-23 02:28:42.114 I/WindowManager( 1426):   providedInsets:
04-23 02:28:42.114 I/WindowManager( 1426):     InsetsFrameProvider: {id=#83d80001, index=0, type=navigationBars, source=FRAME, flags=[], insetsSize=Insets{left=0, top=0, right=0, bottom=135}, insetsSizeOverrides=[TypedInsetsSize: {windowType=INPUT_METHOD, insetsSize=null}]}
04-23 02:28:42.114 I/WindowManager( 1426):     InsetsFrameProvider: {id=#83d80006, index=0, type=tappableElement, source=FRAME, flags=[]}
04-23 02:28:42.114 I/WindowManager( 1426):     InsetsFrameProvider: {id=#83d80005, index=0, type=mandatorySystemGestures, source=FRAME, flags=[]}
04-23 02:28:42.114 I/WindowManager( 1426):     InsetsFrameProvider: {id=#83d80004, index=0, type=systemGestures, source=DISPLAY, flags=[], insetsSize=Insets{left=0, top=0, right=0, bottom=0}, mMinimalInsetsSizeInDisplayCutoutSafe=Insets{left=0, top=0, right=0, bottom=0}}
04-23 02:28:42.114 I/WindowManager( 1426):     InsetsFrameProvider: {id=#83d80024, index=1, type=systemGestures, source=DISPLAY, flags=[], insetsSize=Insets{left=0, top=0, right=0, bottom=0}, mMinimalInsetsSizeInDisplayCutoutSafe=Insets{left=0, top=0, right=0, bottom=0}}
04-23 02:28:42.114 I/WindowManager( 1426):   frameRateBoostOnTouch=true
04-23 02:28:42.114 I/WindowManager( 1426):   dvrrWindowFrameRateHint=true
04-23 02:28:42.114 I/WindowManager( 1426):   paramsForRotation:
04-23 02:28:42.114 I/WindowManager( 1426):     ROTATION_0={(0,0)(fillx135) gr=BOTTOM CENTER_VERTICAL layoutInDisplayCutoutMode=always ty=NAVIGATION_BAR fmt=TRANSLUCENT
04-23 02:28:42.114 I/WindowManager( 1426):       fl=20040028
04-23 02:28:42.114 I/WindowManager( 1426):       pfl=31001000
04-23 02:28:42.114 I/WindowManager( 1426):       bhv=1
04-23 02:28:42.114 I/WindowManager( 1426):       providedInsets:
04-23 02:28:42.114 I/WindowManager( 1426):         InsetsFrameProvider: {id=#83d80001, index=0, type=navigationBars, source=FRAME, flags=[], insetsSize=Insets{left=0, top=0, right=0, bottom=135}, insetsSizeOverrides=[TypedInsetsSize: {windowType=INPUT_METHOD, insetsSize=null}]}
04-23 02:28:42.114 I/WindowManager( 1426):         InsetsFrameProvider: {id=#83d80006, index=0, type=tappableElement, source=FRAME, flags=[]}
04-23 02:28:42.114 I/WindowManager( 1426):         InsetsFrameProvider: {id=#83d80005, index=0, type=mandatorySystemGestures, source=FRAME, flags=[]}
04-23 02:28:42.114 I/WindowManager( 1426):         InsetsFrameProvider: {id=#83d80004, index=0, type=systemGestures, source=DISPLAY, flags=[], insetsSize=Insets{left=0, top=0, right=0, bottom=0}, mMinimalInsetsSizeInDisplayCutoutSafe=Insets{left=0, top=0, right=0, bottom=0}}
04-23 02:28:42.114 I/WindowManager( 1426):         InsetsFrameProvider: {id=#83d80024, index=1, type=systemGestures, source=DISPLAY, flags=[], insetsSize=Insets{left=0, top=0, right=0, bottom=0}, mMinimalInsetsSizeInDisplayCutoutSafe=Insets{left=0, top=0, right=0, bottom=0}}
04-23 02:28:42.114 I/WindowManager( 1426):       frameRateBoostOnTouch=true
04-23 02:28:42.114 I/WindowManager( 1426):       dvrrWindowFrameRateHint=true naviIconColor=0}
04-23 02:28:42.114 I/WindowManager( 1426):     ROTATION_90={(0,0)(135xfill) gr=RIGHT CENTER_HORIZONTAL layoutInDisplayCutoutMode=always ty=NAVIGATION_BAR fmt=TRANSLUCENT
04-23 02:28:42.114 I/WindowManager( 1426):       fl=20040028
04-23 02:28:42.114 I/WindowManager( 1426):       pfl=31001000
04-23 02:28:42.114 I/WindowManager( 1426):       bhv=1
04-23 02:28:42.114 I/WindowManager( 1426):       providedInsets:
04-23 02:28:42.114 I/WindowManager( 1426):         InsetsFrameProvider: {id=#83d80001, index=0, type=navigationBars, source=FRAME, flags=[], insetsSizeOverrides=[TypedInsetsSize: {windowType=INPUT_METHOD, insetsSize=null}]}
04-23 02:28:42.114 I/WindowManager( 1426):         InsetsFrameProvider: {id=#83d80006, index=0, type=tappableElement, source=FRAME, flags=[]}
04-23 02:28:42.114 I/WindowManager( 1426):         InsetsFrameProvider: {id=#83d80005, index=0, type=mandatorySystemGestures, source=FRAME, flags=[]}
04-23 02:28:42.114 I/WindowManager( 1426):         InsetsFrameProvider: {id=#83d80004, index=0, type=systemGestures, source=DISPLAY, flags=[], insetsSize=Insets{left=0, top=0, right=0, bottom=0}, mMinimalInsetsSizeInDisplayCutoutSafe=Insets{left=0, top=0, right=0, bottom=0}}
04-23 02:28:42.114 I/WindowManager( 1426):         InsetsFrameProvider: {id=#83d80024, index=1, type=systemGestures, source=DISPLAY, flags=[], insetsSize=Insets{left=0, top=0, right=0, bottom=0}, mMinimalInsetsSizeInDisplayCutoutSafe=Insets{left=0, top=0, right=0, bottom=0}}
04-23 02:28:42.114 I/WindowManager( 1426):       frameRateBoostOnTouch=true
04-23 02:28:42.114 I/WindowManager( 1426):       dvrrWindowFrameRateHint=true naviIconColor=0}
04-23 02:28:42.114 I/WindowManager( 1426):     ROTATION_180={(0,0)(fillx135) gr=BOTTOM CENTER_VERTICAL layoutInDisplayCutoutMode=always ty=NAVIGATION_BAR fmt=TRANSLUCENT
04-23 02:28:42.114 I/WindowManager( 1426):       fl=20040028
04-23 02:28:42.114 I/WindowManager( 1426):       pfl=31001000
04-23 02:28:42.114 I/WindowManager( 1426):       bhv=1
04-23 02:28:42.114 I/WindowManager( 1426):       providedInsets:
04-23 02:28:42.114 I/WindowManager( 1426):         InsetsFrameProvider: {id=#83d80001, index=0, type=navigationBars, source=FRAME, flags=[], insetsSize=Insets{left=0, top=0, right=0, bottom=135}, insetsSizeOverrides=[TypedInsetsSize: {windowType=INPUT_METHOD, insetsSize=null}]}
04-23 02:28:42.114 I/WindowManager( 1426):         InsetsFrameProvider: {id=#83d80006, index=0, type=tappableElement, source=FRAME, flags=[]}
04-23 02:28:42.114 I/WindowManager( 1426):         InsetsFrameProvider: {id=#83d80005, index=0, type=mandatorySystemGestures, source=FRAME, flags=[]}
04-23 02:28:42.114 I/WindowManager( 1426):         InsetsFrameProvider: {id=#83d80004, index=0, type=systemGestures, source=DISPLAY, flags=[], insetsSize=Insets{left=0, top=0, right=0, bottom=0}, mMinimalInsetsSizeInDisplayCutoutSafe=Insets{left=0, top=0, right=0, bottom=0}}
04-23 02:28:42.114 I/WindowManager( 1426):         InsetsFrameProvider: {id=#83d80024, index=1, type=systemGestures, source=DISPLAY, flags=[], insetsSize=Insets{left=0, top=0, right=0, bottom=0}, mMinimalInsetsSizeInDisplayCutoutSafe=Insets{left=0, top=0, right=0, bottom=0}}
04-23 02:28:42.114 I/WindowManager( 1426):       frameRateBoostOnTouch=true
04-23 02:28:42.114 I/WindowManager( 1426):       dvrrWindowFrameRateHint=true naviIconColor=0}
04-23 02:28:42.114 I/WindowManager( 1426):     ROTATION_270={(0,0)(135xfill) gr=LEFT CENTER_HORIZONTAL layoutInDisplayCutoutMode=always ty=NAVIGATION_BAR fmt=TRANSLUCENT
04-23 02:28:42.114 I/WindowManager( 1426):       fl=20040028
04-23 02:28:42.114 I/WindowManager( 1426):       pfl=31001000
04-23 02:28:42.114 I/WindowManager( 1426):       bhv=1
04-23 02:28:42.114 I/WindowManager( 1426):       providedInsets:
04-23 02:28:42.114 I/WindowManager( 1426):         InsetsFrameProvider: {id=#83d80001, index=0, type=navigationBars, source=FRAME, flags=[], insetsSizeOverrides=[TypedInsetsSize: {windowType=INPUT_METHOD, insetsSize=null}]}
04-23 02:28:42.114 I/WindowManager( 1426):         InsetsFrameProvider: {id=#83d80006, index=0, type=tappableElement, source=FRAME, flags=[]}
04-23 02:28:42.114 I/WindowManager( 1426):         InsetsFrameProvider: {id=#83d80005, index=0, type=mandatorySystemGestures, source=FRAME, flags=[]}
04-23 02:28:42.114 I/WindowManager( 1426):         InsetsFrameProvider: {id=#83d80004, index=0, type=systemGestures, source=DISPLAY, flags=[], insetsSize=Insets{left=0, top=0, right=0, bottom=0}, mMinimalInsetsSizeInDisplayCutoutSafe=Insets{left=0, top=0, right=0, bottom=0}}
04-23 02:28:42.114 I/WindowManager( 1426):         InsetsFrameProvider: {id=#83d80024, index=1, type=systemGestures, source=DISPLAY, flags=[], insetsSize=Insets{left=0, top=0, right=0, bottom=0}, mMinimalInsetsSizeInDisplayCutoutSafe=Insets{left=0, top=0, right=0, bottom=0}}
04-23 02:28:42.114 I/WindowManager( 1426):       frameRateBoostOnTouch=true
04-23 02:28:42.114 I/WindowManager( 1426):       dvrrWindowFrameRateHint=true naviIconColor=0} naviIconColor=0}
04-23 02:28:42.115 D/KeyguardViewMediator( 1865): handleNotifyFinishedGoingToSleep
04-23 02:28:42.115 D/KeyguardViewMediator( 1865): KeyguardViewMediator queue processing message: NOTIFY_FINISHED_GOING_TO_SLEEP
04-23 02:28:42.115 D/KeyguardFace( 1865): shouldListenForFace ( isFaceDefaultCondition = false , isKeyguardVisible = true , isDeviceInteractive = false , mPrimaryBouncerFullyShown = false , isSwitchingUser = false , mIsDreamingForBiometrics = true , isGoingToSleep = false , isKeyguardGoingAway = false , mKeyguardUnlocking = false , isEarlyWakeUp = false , mIsScreenSaverRunning = false , mSystemReady = true , getUserUnlockedWithBiometric = false , isKeyguardShowing = true , isKeyguardOccluded = false , mHasFocus = true)
04-23 02:28:42.115 D/KeyguardFace( 1865): shouldListenForFace ( return false, Face is not default condition)
04-23 02:28:42.115 D/KeyguardFace( 1865): Can't stop stopListeningForFace(), mFaceRunningState = 0
04-23 02:28:42.115 D/KeyguardFingerprint( 1865): shouldListenForFingerprint ( isFingerprintEnabled = true , mKeyguardIsVisible = true , mDeviceInteractive = false , mPrimaryBouncerIsOrWillBeShowing = false , mPrimaryBouncerFullyShown = false , mGoingToSleep = false , mSwitchingUser = false , mIsDreamingForBiometrics = true , mKeyguardUnlocking = false , mKeyguardGoingAway = false , mKeyguardShowing = true , mKeyguardOccluded = false , mSystemReady = true , mHasFocus = true
04-23 02:28:42.115 D/KeyguardFingerprint( 1865): updateFingerprintListeningState#mFingerprintRunningState=1 shouldListenForFingerprint=true isUdfpsEnrolled=false bioType : 257
04-23 02:28:42.115 D/SecLifecycle( 1865): wakefulness=0
04-23 02:28:42.115 D/InputDispatcher( 1426): Focus entered window (0): e094013 NotificationShade
04-23 02:28:42.115 D/FaceWidgetViewModel( 1865): onFinishedGoingToSleep
04-23 02:28:42.115 D/FaceWidgetViewModel( 1865): updateInfoParameters(sleep) isAODState = false, clockSidePadding = (0, 0), musicSidePadding = (30, 30)
04-23 02:28:42.115 D/FaceWidgetWakefulnessLifecycle( 1865): onFinishedGoingToSleep
04-23 02:28:42.115 I/FaceWidgetWindowManager( 1865): removeAllViews
04-23 02:28:42.115 I/NowBarItemManager( 1865): notifyUpdateObservers size = 1
04-23 02:28:42.115 D/libnfc_nci( 2144): nfcManager_doSetScreenState: state = 2 prevScreenState= 2, discovry_param = 1
04-23 02:28:42.115 I/NowBarCardViewModel( 1865): updateView isCollapsed = true screenOn=false
04-23 02:28:42.115 D/libnfc_nci( 2144): nfcManager_doSetScreenState: New screen state is same as previous state. No action taken
04-23 02:28:42.115 E/NowBarCardStackView( 1865): getTopCard topCard is null view size = 0
04-23 02:28:42.116 I/FaceService( 1426): semSessionOpen called from pid=1865
04-23 02:28:42.116 I/PluginFaceWidgetManager( 1865): isEditMode = false
04-23 02:28:42.116 I/NowBarItemManager( 1865): getVisibleList isScreenTurnedOn = false / aodShowState false shouldControlScreenOff false visibleList size = 0
04-23 02:28:42.116 I/NowBarCardViewModel( 1865): setVisibility visible = 0 / nowBarRootVisibility = 0
04-23 02:28:42.116 D/CAE     ( 1426): getFaultDetectionResult(ActivityTrackerRunner.java:154) - true
04-23 02:28:42.116 E/LoadedApk( 2552): Exception : java.lang.NullPointerException: Attempt to invoke virtual method 'boolean android.os.Looper.isPerfLogEnable()' on a null object reference
04-23 02:28:42.116 I/CAE     ( 1426): notifyCmdProcessResultObserver(ContextProvider.java:627) - CheckResult = 0, Cause = Success
04-23 02:28:42.117 I/SehSession( 1023): SehSession::loadTA
04-23 02:28:42.117 I/sec_fr_FaceAIDLService( 1023): FaceAIDLService::loadTA
04-23 02:28:42.117 I/sec_fr_NativeFaceService( 1023): FaceService::loadTA - mServiceMode(0x0)
04-23 02:28:42.117 I/sec_fr_NativeFaceService( 1023): S FaceService::engineInit
04-23 02:28:42.117 I/sec_fr_FaceEngine( 1023): loadTA_l
04-23 02:28:42.117 I/sec_fr_TeegrisEngine( 1023): init mState=0x1
04-23 02:28:42.117 I/sec_fr_TeegrisEngine( 1023): startTA - Teegris
04-23 02:28:42.117 W/sec_fr_TeegrisEngine( 1023): checkValidHandle - Invalid Teegris Handle
04-23 02:28:42.117 I/sec_fr_TeegrisEngine( 1023): Teegris InitializeContext
04-23 02:28:42.117 I/NowBarItemManager( 1865): getVisibleList isScreenTurnedOn = false / aodShowState false shouldControlScreenOff false visibleList size = 0
04-23 02:28:42.117 I/NowBarCardStackView( 1865): refreshAllViews itemList 0 aod.o5.s:71 aod.Sw0.B:16 com.samsung.android.app.facewidget.utils.NowBarCardStackView.m:14 com.samsung.android.app.facewidget.presentation.NowBarCardViewModel.x:174 com.samsung.android.app.facewidget.domain.NowBarItemManager.t:51 aod.nj0.a:153 com.samsung.android.app.facewidget.FaceWidgetViewModel.onFinishedGoingToSleep:52 com.samsung.android.app.facewidget.plugin.PluginKeyguardStatusViewImpl.onFinishedGoingToSleep:4 java.lang.reflect.Method.invoke:-2 com.android.systemui.plugins.annotations.VersionCheckingProxy.invoke:100 java.lang.reflect.Proxy.invoke:1006 $Proxy8.onFinishedGoingToSleep:-1 com.android.systemui.facewidget.plugin.FaceWidgetWakefulnessLifecycleWrapper$1.onFinishedGoingToSleep:7 com.android.systemui.keyguard.WakefulnessLifecycle$$ExternalSyntheticLambda0.accept:12 com.android.systemui.keyguard.SecLifecycle.dispatch:171
04-23 02:28:42.117 E/NowBarCardStackView( 1865): getTopCard topCard is null view size = 0
04-23 02:28:42.118 I/NowBarCardStackView( 1865): refreshAllViews topcard is null
04-23 02:28:42.118 I/NowBarCardStackView( 1865): refreshAllViews prev = 0 / new = 0   ==>
04-23 02:28:42.118 E/NowBarCardStackView( 1865): getTopCard topCard is null view size = 0
04-23 02:28:42.118 E/NowBarCardStackView( 1865): getTopCard topCard is null view size = 0
04-23 02:28:42.118 E/NowBarCardViewModel( 1865): updateExpandedClickPanelVisibility screen on = false expanded false isTopCardSettingViewOpened = false
04-23 02:28:42.118 I/NowBarCardViewModel( 1865): onSettingViewVisibilityChanged visible = false / isCollapsed = true
04-23 02:28:42.118 D/NotificationPanelView( 1865): setNowBarExpandMode() enabled = false, duration = 300, listener = null, mKeyguardSecBottomArea = com.android.systemui.statusbar.phone.KeyguardSecBottomAreaView{958fea5 V.E...... ........ 0,0-1080,2340 #7f0a05fd app:id/keyguard_bottom_shortcut_area}
04-23 02:28:42.118 D/KeyguardSecAffordanceView( 1865): setNowBarExpandMode interactive: false, mIsNowBarVisible: false, LeftShortcut
04-23 02:28:42.118 D/KeyguardSecAffordanceView( 1865): setNowBarExpandMode interactive: false, mIsNowBarVisible: false, RightShortcut
04-23 02:28:42.118 D/KeyguardIndication( 1865): setVisible() false in dozing
04-23 02:28:42.118 D/KeyguardSecIndicationPolicy( 1865):  remove Item pos = DEFAULT, type =     LEGACY_TRANSIENT
04-23 02:28:42.118 D/KeyguardSecIndicationController( 1865): addTrustAgentHelp false
04-23 02:28:42.118 D/KeyguardSecIndicationPolicy( 1865):  remove Item pos = DEFAULT, type =     TRUST_AGENT_HELP
04-23 02:28:42.118 D/KeyguardSecIndicationController( 1865): addUsbRestriction false/isSecure=true
04-23 02:28:42.118 D/KeyguardSecIndicationPolicy( 1865):  remove Item pos = DEFAULT, type =      USB_RESTRICTION
04-23 02:28:42.119 D/KeyguardSecIndicationController( 1865): addBatteryAndOwnerInfoIndication() battery status = BatteryStatus{status=2,level=33,plugged=2,chargingStatus=0,maxChargingWattage=-1,remaining=5671000ultraFastCharger=1}
04-23 02:28:42.119 D/KeyguardSecIndicationPolicy( 1865):  add T Event pos = DEFAULT, type =              BATTERY, id =   203, text =  %33
04-23 02:28:42.119 D/KeyguardSecIndicationPolicy( 1865): Dolmasına 1 sa 34 dk kaldı, duration = 3000
04-23 02:28:42.119 D/KeyguardSecIndicationPolicy( 1865):   update top pos = DEFAULT, item = [id=201|ty=BATTERY|pr=40|txt= %33
04-23 02:28:42.119 D/KeyguardSecIndicationPolicy( 1865): Dolmasına 1 sa 34 dk kaldı|ti=duration=3000|an=false] -> [id=203|ty=BATTERY|pr=40|txt= %33
04-23 02:28:42.119 D/KeyguardSecIndicationPolicy( 1865): Dolmasına 1 sa 34 dk kaldı|ti=duration=3000|an=false]
04-23 02:28:42.119 D/KeyguardSecIndicationController( 1865): onIndicationChanged() return - keyguard is not visible, pos = DEFAULT, item = [id=203|ty=BATTERY|pr=40|txt= %33
04-23 02:28:42.119 D/KeyguardSecIndicationController( 1865): Dolmasına 1 sa 34 dk kaldı|ti=duration=3000|an=false]
04-23 02:28:42.119 D/KeyguardSecIndicationPolicy( 1865): update Event pos = DEFAULT, type =      BATTERY_RESTING, id =   204, text =  %33
04-23 02:28:42.119 D/KeyguardSecIndicationPolicy( 1865): Dolmasına 1 sa 34 dk kaldı
04-23 02:28:42.119 D/SecQuickSettingsAffordanceInteractor( 1865): setNowBarExpandMode enable = false
04-23 02:28:42.119 E/NowBarCardStackView( 1865): getTopCard topCard is null view size = 0
04-23 02:28:42.119 E/NowBarCardViewModel( 1865): updateExpandedClickPanelVisibility screen on = false expanded false isTopCardSettingViewOpened = false
04-23 02:28:42.119 I/NowBarCardStackView( 1865): updateCardVisibilityBySettingView isExpandedCardState = false  / settingViewOpened false
04-23 02:28:42.119 I/NowBarCardStackView( 1865): startAiCardEffect needToHide = true
04-23 02:28:42.119 I/NowBarGuidingEffect( 1865): hide effectLeftShortCut null effectNowBarCenterView null effectRightShortCut null centerCardView null
04-23 02:28:42.120 I/NowBarCardViewModel( 1865): setNowBarState nowBarViewState = COLLAPSED aod.o5.s:71 aod.Sw0.B:16 com.samsung.android.app.facewidget.presentation.NowBarCardViewModel.o:29 aod.Pi0.a:11 com.samsung.android.app.facewidget.FaceWidgetViewModel.onFinishedGoingToSleep:52 com.samsung.android.app.facewidget.plugin.PluginKeyguardStatusViewImpl.onFinishedGoingToSleep:4 java.lang.reflect.Method.invoke:-2 com.android.systemui.plugins.annotations.VersionCheckingProxy.invoke:100 java.lang.reflect.Proxy.invoke:1006 $Proxy8.onFinishedGoingToSleep:-1 com.android.systemui.facewidget.plugin.FaceWidgetWakefulnessLifecycleWrapper$1.onFinishedGoingToSleep:7 com.android.systemui.keyguard.WakefulnessLifecycle$$ExternalSyntheticLambda0.accept:12 com.android.systemui.keyguard.SecLifecycle.dispatch:171 com.android.systemui.keyguard.KeyguardLifecyclesDispatcher$KeyguardLifecycleHandler.handleMessage:66 android.os.Handler.dispatchMessage:110 android.os.Looper.loopOnce:273 android.os.Looper.loop:363 android.app.ActivityThread.main:10060 java.lang.reflect.Method.invoke:-2 com.android.internal.os.RuntimeInit$MethodAndArgsCaller.run:632
04-23 02:28:42.120 I/sec_fr_TeegrisEngine( 1023): readTA - Teegris Opening the Session(0), ver(16.7.0.6.1)
04-23 02:28:42.120 I/AODBatteryManager( 1865): updateBatteryData: ACTION_BATTERY_CHANGED: true, isSleepModeChanged:false ,isRemainingTimeChanged: false, isUSBRestriction: false
04-23 02:28:42.120 I/AODBatteryManager( 1865): saveBatteryData : AOD BatteryData [mBatteryLevel=33, mBatteryStatus=CHARGING, mBatteryPlugType=USB, mBatteryPlugged=true, mRemainingChargeTime=5671000, mBatteryChargingType=2, mBatteryChargerType=FAST, mBatteryOnline=NOT_DEFINED, mBatterySwellingMode=NONE, mBatteryProtectMode=false, mBatteryProtectModeType=0, mSleepChargingEvent=null, mSleepChargingEventFinishTime=null, mBatteryHealth=2, mIsDirectPowerMode=false, mIsUsbRestriction=false]
04-23 02:28:42.120 I/ChargingInfoManager( 1865): updateChargingInfo: newState = AOD ChargingInfo [mState=BATTERY_AND_REMAIN_TIME, mIsCharging=true, mIsPlugged=true, mIsFullyCharged=false, mIsBatteryProtectMode=false, mBetteryLevel=33, mBetteryProtectModeType0, mIsSlowChargingfalse], oldState = AOD ChargingInfo [mState=BATTERY_AND_REMAIN_TIME, mIsCharging=true, mIsPlugged=true, mIsFullyCharged=false, mIsBatteryProtectMode=false, mBetteryLevel=33, mBetteryProtectModeType0, mIsSlowChargingfalse]
04-23 02:28:42.120 I/NowBarItemManager( 1865): getVisibleList isScreenTurnedOn = false / aodShowState false shouldControlScreenOff false visibleList size = 0
04-23 02:28:42.120 I/NowBarCardStackView( 1865): isExpandedCardState false -> false
04-23 02:28:42.120 I/NowBarCardViewModel( 1865): hideMediaOutputView: MediaOutput already hide
04-23 02:28:42.120 E/NowBarCardStackView( 1865): getTopCard topCard is null view size = 0
04-23 02:28:42.120 E/NowBarCardViewModel( 1865): updateExpandedClickPanelVisibility screen on = false expanded false isTopCardSettingViewOpened = false
04-23 02:28:42.120 E/NowBarCardStackView( 1865): getTopCard topCard is null view size = 0
