04-22 02:01:40.508 I/VSyncReactor( 1064): Current= 120, Period= 60, hwcPeriod= 120
04-22 02:01:40.511 I/VSyncReactor( 1064): Current= 120, Period= 60, hwcPeriod= 120
04-22 02:01:40.512 D/display ( 1007): setActiveConfigWithConstraints:: PrimaryDisplay config(4)
04-22 02:01:40.512 I/display ( 1007): Current VRR MODE is 3
04-22 02:01:40.512 I/display ( 1007): setActiveConfigWithConstraints:: HFR match - config: 5, base: 4, try: 0
04-22 02:01:40.512 I/display ( 1007): setActiveConfigWithConstraints::update 1080x2340@60phs
04-22 02:01:40.512 I/display ( 1007): commit modeset : 1080x2340@60phs
04-22 02:01:40.528 W/display ( 1007): deliverWinConfigData:: commit modeset time (16 ms)
04-22 02:01:40.529 I/display ( 1007): [compareVsyncPeriod] set the lowest(mode:0) vsync 166 of display(0)
04-22 02:01:40.529 I/display ( 1007): getFpsForPerformance, performance table found using table(key:60, cpu:255)
04-22 02:01:40.529 I/display ( 1007): Set m2mMPP capacity(8) for fps(60)
04-22 02:01:40.529 I/display ( 1007): getFpsForPerformance, performance table found using table(key:60, cpu:255)
04-22 02:01:40.529 I/display ( 1007): Set Affinity config for fps(60) : cpuIDs : 255
04-22 02:01:40.529 I/display ( 1007): Set Affinity CPU ID : 0
04-22 02:01:40.529 I/display ( 1007): Set Affinity CPU ID : 1
04-22 02:01:40.529 I/display ( 1007): Set Affinity CPU ID : 2
04-22 02:01:40.529 I/display ( 1007): Set Affinity CPU ID : 3
04-22 02:01:40.529 I/display ( 1007): Set Affinity CPU ID : 4
04-22 02:01:40.529 I/display ( 1007): Set Affinity CPU ID : 5
04-22 02:01:40.529 I/display ( 1007): Set Affinity CPU ID : 6
04-22 02:01:40.529 I/display ( 1007): Set Affinity CPU ID : 7
04-22 02:01:40.529 I/display ( 1007): Set affinity HWC : 1007
04-22 02:01:40.529 I/SurfaceFlinger( 1064): finalizeDisplayModeChange 4633128672291736000
04-22 02:01:40.529 I/display ( 1007): CPU set : Cluster(0), min_clock(0)
04-22 02:01:40.529 I/display ( 1007): CPU set : Cluster(1), min_clock(0)
04-22 02:01:40.529 I/display ( 1007): CPU set : Cluster(2), min_clock(0)
04-22 02:01:40.530 I/VSyncReactor( 1064): Current= 120, Period= 60, hwcPeriod= 60
04-22 02:01:40.996 D/InputReader( 1432): Btn_touch(3): value=1 when=167809.528831
04-22 02:01:40.996 I/InputReader( 1432): Touch event's action is 0x0 (id=5, t=0) [pCnt=1, s=0.45602 ] when=167809.528831
04-22 02:01:40.997 I/VSyncReactor( 1064): Current= 60, Period= 60, hwcPeriod= 60
04-22 02:01:40.997 I/InputDispatcher( 1432): Delivering touch to (1877): action: 0x4, f=0x0, d=0, '42a8b48', t=1 
04-22 02:01:40.998 I/InputDispatcher( 1432): Delivering touch to (9384): action: 0x4, f=0x0, d=0, 'bdb23a6', t=1 
04-22 02:01:40.998 I/InputDispatcher( 1432): Delivering touch to (2439): action: 0x0, f=0x0, d=0, 'b840391', t=1 
04-22 02:01:40.998 I/VRI[LauncherActivity]@f88b733( 2439): ViewPostIme pointer 0
04-22 02:01:40.998 I/GestureDetector( 1432): obtain mCurrentDownEvent. id: 593466727 caller: com.android.server.wm.SystemGesturesPointerEventListener.onPointerEvent:17 com.android.server.wm.PointerEventDispatcher.onInputEvent:51 android.view.InputEventReceiver.dispatchInputEvent:392 
04-22 02:01:40.999 I/GestureDetector( 1432): obtain mCurrentDownEvent. id: 593466727 caller: com.android.server.wm.SystemPerformancePointerEventListener.onPointerEvent:13 com.android.server.wm.PointerEventDispatcher.onInputEvent:51 android.view.InputEventReceiver.dispatchInputEvent:392 
04-22 02:01:40.999 D/PowerManagerService( 1432): [api] userActivityFromNative : touch displayId=0 eventTime=167809528
04-22 02:01:40.999 I/HoneySpace.IconHoney( 2439): call activeLaunch 36056
04-22 02:01:40.999 I/HoneySpace.AppscreenContainerView( 2439): findActiveTouchController ev = 0
04-22 02:01:40.999 I/HoneySpace.AppscreenHomeTouchController( 2439): onControllerInterceptTouchEvent ev = 0
04-22 02:01:40.999 I/HoneySpace.AppscreenHomeTouchController( 2439): canIntercept = true
04-22 02:01:40.999 I/HoneySpace.ApplistFastRecyclerView( 2439): dispatchTouchEvent() event.action=0
04-22 02:01:40.999 I/HoneySpace.ApplistFastRecyclerView( 2439): processDownMotionEvent, index = 0, id = 0
04-22 02:01:40.999 I/HoneySpace.ApplistFastRecyclerView( 2439): initTouchPoint, index = 0, id = 0
04-22 02:01:40.999 I/HoneySpace.IconView( 2439): start dim animation : Çarşı Piyasa - Canlı Döviz & Altın
04-22 02:01:41.000 D/DisplayModeController( 1064): setDesiredMode 4633128672291736000 {mode={fps=120.00 Hz, modePtr={id=0, vsyncRate=120.00 Hz, peakRefreshRate=120.00 Hz}}, emitEvent=true, force=false}
04-22 02:01:41.000 I/Pageboost( 1432): start alp : com.toov1.dovizaltin
04-22 02:01:41.000 I/SemDvfsHyPerManager( 4152): acquire hyper - TABoost/4152@29, type = -999
04-22 02:01:41.000 I/Pageboost( 1432): alp skip : com.toov1.dovizaltin , 2
04-22 02:01:41.000 W/ContextImpl( 1432): Calling a method in the system process without a qualified user: android.app.ContextImpl.startActivity:1189 com.android.server.am.ActivityManagerService.doActiveLaunch:101 android.app.IActivityManager$Stub.onTransact:5083 com.android.server.am.ActivityManagerService.onTransact:425 android.os.Binder.execTransactInternal:1462 
04-22 02:01:41.000 I/HYPER-HAL( 1019): [RequestManager.cpp]acquire(): Acquired ID : 8742500  [4152 / 29]    HINT :      list : [TABoost / 1] [TIMEOUT / 1500] 
04-22 02:01:41.000 I/LayerHistory( 1064): com.sec.android.app.launcher/com.sec.android.app.launcher.activities.LauncherActivity$_2439#73356 voted ExplicitCategory with category: HighHint
04-22 02:01:41.000 I/LayerHistory( 1064): StatusBar$_1877#99 voted NoVote (0.00 Hz)
04-22 02:01:41.000 I/SurfaceFlinger( 1064): Touch Boost - choose 120.00 Hz
04-22 02:01:41.000 D/ActivityTaskManager( 1432): startActivityAsUser: callingPid=1432, callingUid=1000, caller=com.android.server.wm.ActivityTaskManagerService.startActivity:123 android.app.Instrumentation.execStartActivity:2010 android.app.ContextImpl.startActivity:1207 com.android.server.am.ActivityManagerService.doActiveLaunch:101 android.app.IActivityManager$Stub.onTransact:5083 com.android.server.am.ActivityManagerService.onTransact:425 android.os.Binder.execTransactInternal:1462 
04-22 02:01:41.001 I/HWComposer( 1064): [4633128672291736000] ActiveConfigToHWC, ID : 3
04-22 02:01:41.001 D/SurfaceFlinger( 1064): GPIS:: requestGpisForClientComposition
04-22 02:01:41.001 D/ActivityTaskManager( 1432): request preloading for newly launching app
04-22 02:01:41.001 I/ActivityTaskManager( 1432): starting ActiveLaunch
04-22 02:01:41.001 D/ActivityManager( 1432): starting Active launch
04-22 02:01:41.002 I/lmkd    (  682): check proc pid launching app : 21021
04-22 02:01:41.002 D/display ( 1007): setActiveConfigWithConstraints:: PrimaryDisplay config(3)
04-22 02:01:41.002 I/display ( 1007): Current VRR MODE is 3
04-22 02:01:41.002 I/display ( 1007): setActiveConfigWithConstraints:: HFR match - config: 3, base: 3, try: 1
04-22 02:01:41.002 I/display ( 1007): setActiveConfigWithConstraints::update 1080x2340@120hs
04-22 02:01:41.002 I/display ( 1007): commit modeset : 1080x2340@120hs
04-22 02:01:41.002 I/GestureDetector( 1432): obtain mCurrentMotionEventRaw. action: 2 id: 304395322
04-22 02:01:41.002 I/GestureDetector( 1432): obtain mCurrentMotionEventRaw. action: 2 id: 304395322
04-22 02:01:41.003 D/ShellStartingWindow( 1877): preload Icon com.toov1.dovizaltin
04-22 02:01:41.015 I/HoneySpace.AppscreenContainerView( 2439): findActiveTouchController ev = 2
04-22 02:01:41.015 I/HoneySpace.AppscreenHomeTouchController( 2439): onControllerInterceptTouchEvent ev = 2
04-22 02:01:41.015 I/HoneySpace.ApplistFastRecyclerView( 2439): updateIsBeingDraggedOnTouchDown touchSlop:35, diff:0, moved:false, useLongTouchSlop:true
04-22 02:01:41.025 D/io_stats(  727): !@   8,0 r 35805164 738580932 w 6790658 158036876 d 2479792 312144308 f 0 536852 iot 14844996 0 th 0 0 0 pt 0 inp 0 0 167809.558
04-22 02:01:41.026 I/HoneySpace.StatusIconTracker( 2439): invokeEvent() called with: event = Mobile(bundle=Bundle[mParcelledData.dataSize=256])
04-22 02:01:41.028 W/display ( 1007): deliverWinConfigData:: commit modeset time (25 ms)
04-22 02:01:41.028 I/display ( 1007): [compareVsyncPeriod] set the lowest(mode:0) vsync 83 of display(0)
04-22 02:01:41.028 I/display ( 1007): getFpsForPerformance, performance table found using table(key:120, cpu:255)
04-22 02:01:41.028 I/display ( 1007): Set m2mMPP capacity(4) for fps(120)
04-22 02:01:41.028 I/display ( 1007): getFpsForPerformance, performance table found using table(key:120, cpu:255)
04-22 02:01:41.028 I/display ( 1007): Set Affinity config for fps(120) : cpuIDs : 255
04-22 02:01:41.028 I/display ( 1007): Set Affinity CPU ID : 0
04-22 02:01:41.028 I/display ( 1007): Set Affinity CPU ID : 1
04-22 02:01:41.028 I/display ( 1007): Set Affinity CPU ID : 2
04-22 02:01:41.028 I/display ( 1007): Set Affinity CPU ID : 3
04-22 02:01:41.028 I/display ( 1007): Set Affinity CPU ID : 4
04-22 02:01:41.028 I/display ( 1007): Set Affinity CPU ID : 5
04-22 02:01:41.028 I/display ( 1007): Set Affinity CPU ID : 6
04-22 02:01:41.028 I/display ( 1007): Set Affinity CPU ID : 7
04-22 02:01:41.028 I/display ( 1007): Set affinity HWC : 1007
04-22 02:01:41.029 I/display ( 1007): CPU set : Cluster(0), min_clock(0)
04-22 02:01:41.029 I/display ( 1007): CPU set : Cluster(1), min_clock(0)
04-22 02:01:41.029 I/display ( 1007): CPU set : Cluster(2), min_clock(0)
04-22 02:01:41.029 I/VSyncReactor( 1064): Current= 60, Period= 120, hwcPeriod= 120
04-22 02:01:41.029 I/SurfaceFlinger( 1064): finalizeDisplayModeChange 4633128672291736000
04-22 02:01:41.045 I/HoneySpace.AppscreenContainerView( 2439): findActiveTouchController ev = 2
04-22 02:01:41.045 I/HoneySpace.AppscreenHomeTouchController( 2439): onControllerInterceptTouchEvent ev = 2
04-22 02:01:41.045 I/HoneySpace.ApplistFastRecyclerView( 2439): updateIsBeingDraggedOnTouchDown touchSlop:35, diff:0, moved:false, useLongTouchSlop:true
04-22 02:01:41.053 I/VSyncReactor( 1064): Current= 120, Period= 120, hwcPeriod= 120
04-22 02:01:41.053 I/HoneySpace.AppscreenContainerView( 2439): findActiveTouchController ev = 2
04-22 02:01:41.053 I/HoneySpace.AppscreenHomeTouchController( 2439): onControllerInterceptTouchEvent ev = 2
04-22 02:01:41.053 I/HoneySpace.ApplistFastRecyclerView( 2439): updateIsBeingDraggedOnTouchDown touchSlop:35, diff:5, moved:false, useLongTouchSlop:true
04-22 02:01:41.057 D/InputReader( 1432): Btn_touch(3): value=0 when=167809.590480
04-22 02:01:41.057 I/InputReader( 1432): Touch event's action is 0x1 (id=5, t=0) [pCnt=1, s=] when=167809.590480
04-22 02:01:41.057 I/InputDispatcher( 1432): Delivering touch to (2439): action: 0x1, f=0x0, d=0, 'b840391', t=1 
04-22 02:01:41.057 I/HoneySpace.AppscreenContainerView( 2439): findActiveTouchController ev = 2
04-22 02:01:41.057 I/HoneySpace.AppscreenHomeTouchController( 2439): onControllerInterceptTouchEvent ev = 2
04-22 02:01:41.057 I/HoneySpace.ApplistFastRecyclerView( 2439): updateIsBeingDraggedOnTouchDown touchSlop:35, diff:6, moved:false, useLongTouchSlop:true
04-22 02:01:41.057 I/VRI[LauncherActivity]@f88b733( 2439): ViewPostIme pointer 1
04-22 02:01:41.057 I/HoneySpace.AppscreenContainerView( 2439): findActiveTouchController ev = 1
04-22 02:01:41.057 I/HoneySpace.AppscreenHomeTouchController( 2439): onControllerInterceptTouchEvent ev = 1
04-22 02:01:41.057 I/HoneySpace.ApplistFastRecyclerView( 2439): resetTouchState
04-22 02:01:41.058 I/HoneySpace.AppScreenClickAction( 2439): onAppClick() id: 36056, isNewDex: false
04-22 02:01:41.058 I/HoneySpace.IconView( 2439): end dim animation : Çarşı Piyasa - Canlı Döviz & Altın
04-22 02:01:41.058 I/HoneySpace.DvfsManager( 2439): acquireAppLaunch
04-22 02:01:41.058 I/SemDvfsHyPerManager( 2439): acquire hyper - APP_LAUNCH/2439@2, type = -999
04-22 02:01:41.058 I/SemDvfsHyPerManager( 4152): acquire hyper - APP_START_SHORT/4152@20, type = -999
04-22 02:01:41.058 I/HYPER-HAL( 1019): [RequestManager.cpp]acquire(): Acquired ID : 2980463  [2439 / 2]    HINT : APP_LAUNCH    list : 
04-22 02:01:41.058 I/HoneySpace.ShellTransitionManager( 2439): startShellTransition com.honeyspace.sdk.transition.ShellTransition$Info@e991c1a, forceStart: false
04-22 02:01:41.059 I/HoneySpace.ShellAnimationRunner( 2439): setDelegate, delegate-com.honeyspace.transition.delegate.AppLaunchAnimationDelegate@3dd134b, strong-false
04-22 02:01:41.059 I/HoneySpace.FloatingAnimator( 2439): playerCount : 1
04-22 02:01:41.059 I/HoneySpace.FloatingAnimator( 2439): [Player:A(41.059)] create
04-22 02:01:41.059 I/HoneySpace.ShellTransitionManager( 2439): open start
04-22 02:01:41.059 I/HoneySpace.TransitionUtils( 2439): getWindowTargetBounds: Rect(0, 0 - 1080, 2340)
04-22 02:01:41.059 I/HoneySpace.FloatingAnimator( 2439): [Player:A(41.059)] setup. isLandscape:false, isTranslucent:false, screenSize[1080, 2340], isMultiTargets:false, useCurrentDrawable:false
04-22 02:01:41.059 I/HoneySpace.FloatingAnimator( 2439): remote targets are empty
04-22 02:01:41.059 I/HoneySpace.Launcher( 2439): startActivityForResult request : -1
04-22 02:01:41.059 I/HYPER-HAL( 1019): [ResourceManager.cpp]updateResource(): [CPULittleMinFreq] UpdateResource Request ID : 2980463    Value : 1824000
04-22 02:01:41.059 I/HoneySpace.AppLaunchAnimationDelegate( 2439): preload Player timer start! com.honeyspace.transition.anim.floating.FloatingAnimator$Player@29a1e41
04-22 02:01:41.060 I/HYPER-HAL( 1019): [RequestManager.cpp]acquire(): Acquired ID : 8704898  [4152 / 20]    HINT : APP_START    list : [TIMEOUT / 1500] 
04-22 02:01:41.060 D/ActivityTaskManager( 1432): startActivityAsUser: callingPid=2439, callingUid=10153, caller=com.android.server.wm.ActivityTaskManagerService.startActivity:123 android.app.IActivityTaskManager$Stub.onTransact:1493 com.android.server.wm.ActivityTaskManagerService.onTransact:1 android.os.Binder.execTransactInternal:1457 android.os.Binder.execTransact:1401 <bottom of call stack> <bottom of call stack> 
04-22 02:01:41.060 I/Pageboost( 1432): onAppLaunch : com.toov1.dovizaltin
04-22 02:01:41.060 D/ActivityTaskManager( 1432): DesktopModeLaunchParamsModifier: task=null activity=null task null, skipping
04-22 02:01:41.060 D/ActivityTaskManager( 1432): TaskLaunchParamsModifier:task=null activity=null display-from-option=0 display-id=0 task-display-area-windowing-mode=1 suggested-display-area=DefaultTaskDisplayArea_d0@29683498
04-22 02:01:41.061 W/OptProp ( 1432): Cannot read opt property android.window.PROPERTY_COMPAT_ALLOW_RESIZEABLE_ACTIVITY_OVERRIDES
04-22 02:01:41.061 W/OptProp ( 1432): Cannot read opt property android.window.PROPERTY_COMPAT_ALLOW_MIN_ASPECT_RATIO_OVERRIDE
04-22 02:01:41.061 I/AppIconSolution( 2439): getThemeIconWithBG called with public API, pkg = com.toov1.dovizaltin, mode = 48
04-22 02:01:41.061 I/AppIconSolution( 2439): return adaptive icon for com.toov1.dovizaltin, isNight = true
04-22 02:01:41.061 I/LauncherActivityInfo( 2439): packageName: com.toov1.dovizaltin, useThemeIcon: false, height: 288, width: 288, density: 640
04-22 02:01:41.061 D/WindowManager( 1432): Transition is created, t=TransitionRecord{12b0c98 id=-1 type=OPEN flags=0x0}, caller=com.android.server.wm.Transition.<init>:182 com.android.server.wm.TransitionController.createAndStartCollecting:106 com.android.server.wm.ActivityStarter.executeRequest:3606 com.android.server.wm.ActivityStarter.execute:1752 com.android.server.wm.ActivityTaskManagerService.startActivityAsUser:95 
04-22 02:01:41.061 D/BLASTSyncEngine( 1432): SyncGroup is created, id=4592, name=Transition-OPEN, caller=com.android.server.wm.BLASTSyncEngine$SyncGroup.<init>:52 com.android.server.wm.TransitionController.moveToCollecting:79 com.android.server.wm.TransitionController.createAndStartCollecting:109 com.android.server.wm.ActivityStarter.executeRequest:3606 com.android.server.wm.ActivityStarter.execute:1752 com.android.server.wm.ActivityTaskManagerService.startActivityAsUser:95 com.android.server.wm.ActivityTaskManagerService.startActivity:123 
04-22 02:01:41.061 W/BLASTSyncEngine( 1432): setSyncMethod, id=4592, method=0, caller=com.android.server.wm.TransitionController.moveToCollecting:91 com.android.server.wm.TransitionController.createAndStartCollecting:109 com.android.server.wm.ActivityStarter.executeRequest:3606 
04-22 02:01:41.061 V/WindowManager( 1432): Start collecting in Transition: TransitionRecord{12b0c98 id=4592 type=OPEN flags=0x0}, caller=com.android.server.wm.TransitionController.createAndStartCollecting:109 com.android.server.wm.ActivityStarter.executeRequest:3606 com.android.server.wm.ActivityStarter.execute:1752 com.android.server.wm.ActivityTaskManagerService.startActivityAsUser:95 com.android.server.wm.ActivityTaskManagerService.startActivity:123 
04-22 02:01:41.061 V/WindowManager( 1432): Collecting in transition 4592: ActivityRecord{45800689 u0 com.toov1.dovizaltin/.MainActivity, caller=com.android.server.wm.TransitionController.collect:7 com.android.server.wm.ActivityStarter.startActivityUnchecked:98 com.android.server.wm.ActivityStarter.executeRequest:3651 com.android.server.wm.ActivityStarter.execute:1752 com.android.server.wm.ActivityTaskManagerService.startActivityAsUser:95 
04-22 02:01:41.061 D/ActivityTaskManager( 1432): DesktopModeLaunchParamsModifier: task=null activity=ActivityRecord{45800689 u0 com.toov1.dovizaltin/.MainActivity t-1} task null, skipping
04-22 02:01:41.061 D/ActivityTaskManager( 1432): TaskLaunchParamsModifier:task=null activity=ActivityRecord{45800689 u0 com.toov1.dovizaltin/.MainActivity t-1} display-from-option=0 display-id=0 task-display-area-windowing-mode=1 suggested-display-area=DefaultTaskDisplayArea_d0@29683498
04-22 02:01:41.062 D/ActivityTaskManager( 1432): DesktopModeLaunchParamsModifier: task=null activity=ActivityRecord{45800689 u0 com.toov1.dovizaltin/.MainActivity t-1} task null, skipping
04-22 02:01:41.062 D/ActivityTaskManager( 1432): TaskLaunchParamsModifier:task=null activity=ActivityRecord{45800689 u0 com.toov1.dovizaltin/.MainActivity t-1} display-from-option=0 display-id=0 task-display-area-windowing-mode=1 suggested-display-area=DefaultTaskDisplayArea_d0@29683498 inherit-from-source=fullscreen non-freeform-task-display-area display-area=DefaultTaskDisplayArea_d0@29683498 activity-requested-portrait freeform-size-mismatch=Rect(81, 557 - 999, 1727)
04-22 02:01:41.062 I/SemDvfsHyPerManager( 1432): acquire hyper - AMS_APP_SWITCH/1432@25, type = -999
04-22 02:01:41.062 I/HYPER-HAL( 1019): [RequestManager.cpp]acquire(): Acquired ID : 1062178  [1432 / 25]    HINT : AMS_APP_SWITCH    list : 
04-22 02:01:41.063 I/SurfaceFlinger( 1064): id=73375 createSurf, flag=24004, Task=6086#73375
04-22 02:01:41.063 I/HYPER-HAL( 1019): [ResourceManager.cpp]updateResource(): [CPULittleMinFreq] UpdateResource Request ID : 1062178    Value : 1824000
04-22 02:01:41.063 D/ActivityTaskManager( 1432): DesktopModeLaunchParamsModifier: task=Task{c47b0d6 #6086 type=standard A=10468:com.toov1.dovizaltin} activity=ActivityRecord{45800689 u0 com.toov1.dovizaltin/.MainActivity t-1} non-desktop, skipping
04-22 02:01:41.063 D/ActivityTaskManager( 1432): TaskLaunchParamsModifier:task=Task{c47b0d6 #6086 type=standard A=10468:com.toov1.dovizaltin} activity=ActivityRecord{45800689 u0 com.toov1.dovizaltin/.MainActivity t-1} display-from-option=0 display-id=0 task-display-area-windowing-mode=1 suggested-display-area=DefaultTaskDisplayArea_d0@29683498 inherit-from-source=fullscreen non-freeform-task-display-area display-area=DefaultTaskDisplayArea_d0@29683498 activity-requested-portrait freeform-size-mismatch=Rect(81, 557 - 999, 1727)
04-22 02:01:41.063 V/WindowManager( 1432): Collecting in transition 4592: Task{c47b0d6 #6086 type=standard A=10468:com.toov1.dovizaltin}, caller=com.android.server.wm.Transition.collectExistenceChange:40 com.android.server.wm.ActivityStarter.startActivityInner:293 com.android.server.wm.ActivityStarter.startActivityUnchecked:111 com.android.server.wm.ActivityStarter.executeRequest:3651 com.android.server.wm.ActivityStarter.execute:1752 
04-22 02:01:41.064 W/OptProp ( 1432): Cannot read opt property android.window.PROPERTY_COMPAT_ALLOW_ORIENTATION_OVERRIDE
04-22 02:01:41.064 I/SurfaceFlinger( 1064): id=73376 createSurf, flag=84004, ActivityRecord{45800689 u0 com.toov1.dovizaltin/.MainActivity t6086}#73376
04-22 02:01:41.064 D/ActivityTaskManager( 1432): scheduleTopResumedActivityChanged, onTop=false, r=ActivityRecord{106574585 u0 com.sec.android.app.launcher/.activities.LauncherActivity t5770}, caller=com.android.server.wm.ActivityTaskSupervisor.scheduleTopResumedActivityStateLossIfNeeded:19 com.android.server.wm.ActivityTaskSupervisor.updateTopResumedActivityIfNeeded:20 com.android.server.wm.TaskDisplayArea.positionChildAt:252 com.android.server.wm.Task.moveToFront:40 com.android.server.wm.ActivityStarter.startActivityInner:315 com.android.server.wm.ActivityStarter.startActivityUnchecked:111 
04-22 02:01:41.064 V/WindowManager( 1432): Checking theme of starting window: 0x7f110222
04-22 02:01:41.064 V/WindowManager( 1432): Translucent=false Floating=false ShowWallpaper=false Disable=false
04-22 02:01:41.064 D/ActivityTaskManager( 1432): addStartingWindow: type=2 typeParameter=28f
04-22 02:01:41.064 V/WindowManager( 1432): Creating SplashScreenStartingData
04-22 02:01:41.064 V/WindowManager( 1432): Add starting ActivityRecord{45800689 u0 com.toov1.dovizaltin/.MainActivity t6086}: startingData=SplashScreenStartingData{1105a44 removeAfterTransaction= 0}
04-22 02:01:41.065 V/WindowManager( 1432): Added starting ActivityRecord{45800689 u0 com.toov1.dovizaltin/.MainActivity t6086}: startingWindow=null startingView=com.android.server.wm.StartingSurfaceController$StartingSurface@40f572d
04-22 02:01:41.065 D/ActivityManagerPerformance( 1432): AMP_acquire() APP_SWITCH
04-22 02:01:41.065 I/SemDvfsHyPerManager( 4152): acquire hyper - APP_START_SHORT/4152@20, type = -999
04-22 02:01:41.065 D/FreecessController( 1432): restrictJobsByOlaf: restrict=true, uid=10468
04-22 02:01:41.065 I/HYPER-HAL( 1019): [RequestManager.cpp]acquire(): Acquired ID : 8704898  [4152 / 20]    HINT : APP_START    list : [TIMEOUT / 1500] 
04-22 02:01:41.066 D/ShellStartingWindow( 1877): use preloaded icon
04-22 02:01:41.066 V/WindowManager( 1432): Collecting in transition 4592: ActivityRecord{45800689 u0 com.toov1.dovizaltin/.MainActivity t6086}, caller=com.android.server.wm.Transition.collectExistenceChange:40 com.android.server.wm.ActivityStarter.handleStartResult:761 com.android.server.wm.ActivityStarter.startActivityUnchecked:124 com.android.server.wm.ActivityStarter.executeRequest:3651 com.android.server.wm.ActivityStarter.execute:1752 
04-22 02:01:41.066 V/WindowManager( 1432): Requesting StartTransition: TransitionRecord{12b0c98 id=4592 type=OPEN flags=0x0 c=[
04-22 02:01:41.066 V/WindowManager( 1432):    ChangeInfo{d11e9f3 container=DefaultTaskDisplayArea_d0@29683498 flags=0x0}
04-22 02:01:41.066 V/WindowManager( 1432):    ChangeInfo{adad6b0 container=Display{#0 state=ON size=1080x2340 ROTATION_0} flags=0x0}
04-22 02:01:41.066 V/WindowManager( 1432):    ChangeInfo{8b73929 container=ActivityRecord{45800689 u0 com.toov1.dovizaltin/.MainActivity t6086} flags=0x0}
04-22 02:01:41.066 V/WindowManager( 1432):    ChangeInfo{82404ae container=Task{c47b0d6 #6086 type=standard A=10468:com.toov1.dovizaltin} flags=0x0}
04-22 02:01:41.066 V/WindowManager( 1432): ]
04-22 02:01:41.066 V/WindowManager( 1432): }, caller=com.android.server.wm.ActivityStarter.handleStartResult:982 com.android.server.wm.ActivityStarter.startActivityUnchecked:124 com.android.server.wm.ActivityStarter.executeRequest:3651 com.android.server.wm.ActivityStarter.execute:1752 com.android.server.wm.ActivityTaskManagerService.startActivityAsUser:95 
04-22 02:01:41.066 D/ViewRootImpl( 1877): desktopMode is false
04-22 02:01:41.066 I/ViewRootImpl( 1877): dVRR is disabled
04-22 02:01:41.066 I/Pageboost( 1432): stop alp
04-22 02:01:41.066 I/ActivityTaskManager( 1432): START u0 {act=android.intent.action.MAIN cat=[android.intent.category.LAUNCHER] flg=0x10200000 xflg=0x4 cmp=com.toov1.dovizaltin/.MainActivity bnds=[788,1602][1037,1874]} with LAUNCH_SINGLE_TASK from uid 10153 (sr=106574585) (BAL_ALLOW_VISIBLE_WINDOW) result code=0
04-22 02:01:41.066 I/SemDvfsHyPerManager( 1432): acquire hyper - AMS_APP_LAUNCH/1432@20, type = -999
04-22 02:01:41.067 I/HYPER-HAL( 1019): [RequestManager.cpp]acquire(): Acquired ID : 1054898  [1432 / 20]    HINT : AMS_APP_LAUNCH    list : 
04-22 02:01:41.067 E/pageboostd( 2956): Received HALT command code 2
04-22 02:01:41.067 V/WindowManagerShell( 1877): Transition requested (#4592): android.os.BinderProxy@4fa118e TransitionRequestInfo { type = OPEN, triggerTask = TaskInfo{userId=0 taskId=6086 effectiveUid=10468 displayId=0 isRunning=true baseIntent=Intent { act=android.intent.action.MAIN cat=[android.intent.category.LAUNCHER] flg=0x10200000 cmp=com.toov1.dovizaltin/.MainActivity } baseActivity=ComponentInfo{com.toov1.dovizaltin/com.toov1.dovizaltin.MainActivity} topActivity=ComponentInfo{com.toov1.dovizaltin/com.toov1.dovizaltin.MainActivity} origActivity=null realActivity=ComponentInfo{com.toov1.dovizaltin/com.toov1.dovizaltin.MainActivity} numActivities=1 lastActiveTime=265733785 supportsMultiWindow=true resizeMode=1 isResizeable=true minWidth=-1 minHeight=-1 maxWidth=-1 maxHeight=-1 defaultMinSize=220 desktopDefaultMinSize=304 token=WCT{android.window.IWindowContainerToken$Stub$Proxy@1a6edaf} topActivityType=1 pictureInPictureParams=null shouldDockBigOverlays=false launchIntoPipHostTaskId=-1 lastParentTaskIdBeforePip=-1 displayCutoutSafeInsets=Rect(0, 80 - 0, 0) topActivityInfo=ActivityInfo{4d8b5bc com.toov1.dovizaltin.MainActivity} launchCookies=[android.os.BinderProxy@30cd945] positionInParent=Point(0, 0) parentTaskId=-1 isFocused=false isVisible=false isVisibleRequested=false isTopActivityNoDisplay=false isSleeping=false locusId=null displayAreaFeatureId=1 isTopActivityTransparent=false isActivityStackTransparent=false lastNonFullscreenBounds=Rect(81, 557 - 999, 1727) capturedLink=null capturedLinkTimestamp=0 requestedVisibleTypes=-9 topActivityRequestOpenInBrowserEducationTimestamp=0 appCompatTaskInfo=AppCompatTaskInfo { topActivityInSizeCompat=false eligibleForLetterboxEducation= false isLetterboxEducationEnabled= false isLetterboxDoubleTapEnabled= false eligibleForUserAspectRatioButton= false topActivityBoundsLetterboxed= false isFromLetterboxDoubleTap= false topActivityLetterboxVerticalPosition= -1 topActivityLetterboxHorizontalPosition= -1 topActivityLetterboxWidth=-1 topActivityLetterboxHeight=-1 topActivityAppBounds=Rect(0, 0 - 1080, 2340) isUserFullscreenOverrideEnabled=false isSystemFullscreenOverrideEnabled=false hasMinAspectRatioOverride=false topActivityLetterboxBounds=null cameraCompatTaskInfo=CameraCompatTaskInfo { freeformCameraCompatMode=inactive} topActivityBounds=null topActivityInDisplayCompat=false singleTapFromLetterbox=false} topActivityMainWindowFrame=null originallySupportedMultiWindow=true hasWallpaper=false rootAffinity=10468:com.toov1.dovizaltin isTopTaskInStage=false CoverLauncherWidgetTask=false LaunchedFromAppsCoverLauncherTask=false LaunchedFromMultistarCoverLauncherTask=false isAllowedSeamlessRotation=false isTopTransparentActivity=false isAliasManaged=false hasConfigChanged=false snappingGuideBounds=null isAiKeyRemoveAppTask=false lastDesktopWindowingBounds=null lastExternalDesktopWindowingBounds=null safeCutoutInsets=null}, pipChange = null, remoteTransition = RemoteTransition { remoteTransition = android.window.IRemoteTransition$Stub$Proxy@709b89a, appThread = android.app.IApplicationThread$Stub$Proxy@67eb5cb, debugName = QuickstepLaunchflags =NONE }, displayChange = null, flags = 0, debugId = 4592 }
04-22 02:01:41.067 I/HYPER-HAL( 1019): [ResourceManager.cpp]updateResource(): [CPULittleMinFreq] UpdateResource Request ID : 1054898    Value : 1824000
04-22 02:01:41.067 V/ShellDesktopMode( 1877): DesktopTasksController: isDesktopModeShowing: hasVisibleTasks=false hasTopTransparentFullscreenTask=false
04-22 02:01:41.067 D/ShellSplitScreen( 1877): logExit: no-op, mLoggerSessionId is null
04-22 02:01:41.067 D/ShellDesktopMode( 1877): handleRequest: TransitionRequestInfo {type=1, tid=6086, remote=true, debugId=4592}
04-22 02:01:41.067 D/OlafRestriction( 1432):  olaf state update: state=true
04-22 02:01:41.068 D/OlafRestriction( 1432):  sending trigger onRestrictionStateChanged msg.
04-22 02:01:41.068 V/ShellDesktopMode( 1877): DesktopTasksController: handleFullscreenTaskLaunch
04-22 02:01:41.068 V/ShellDesktopMode( 1877): DesktopTasksController: isDesktopModeShowing: hasVisibleTasks=false hasTopTransparentFullscreenTask=false
04-22 02:01:41.068 V/ShellDesktopMode( 1877): DesktopTasksController: handleRequest result=null
04-22 02:01:41.068 V/WindowManagerShell( 1877): RemoteTransition directly requested for (#4592) android.os.BinderProxy@4fa118e: RemoteTransition { remoteTransition = android.window.IRemoteTransition$Stub$Proxy@709b89a, appThread = android.app.IApplicationThread$Stub$Proxy@67eb5cb, debugName = QuickstepLaunchflags =NONE }
04-22 02:01:41.068 V/WindowManagerShell( 1877): Transition (#4592): request handled by DefaultMixedHandler
04-22 02:01:41.068 I/HoneySpace.FloatingAnimator( 2439): add containerView during preload, com.honeyspace.transition.anim.floating.ContainerView{72dd1d9 V.E...... ......ID 0,0-1080,2340}
04-22 02:01:41.068 I/HoneySpace.SALoggingUtils( 2439): SA Logging screenID: 201 eventId: 1001 detail: {PackageName=com.toov1.dovizaltin, det=3} value: -1
04-22 02:01:41.068 I/HoneySpace.SuggestedAppsRepositoryImpl( 2439): sendSuggestedAppsLaunchTarget: ComponentInfo{com.toov1.dovizaltin/com.toov1.dovizaltin.MainActivity}
04-22 02:01:41.068 I/HoneySpace.FloatingAnimator( 2439): add positionListener - com.honeyspace.transition.anim.floating.c@6c71472
04-22 02:01:41.068 V/WindowManager( 1432): Starting Transition 4592, caller=com.android.server.wm.WindowOrganizerController.startTransition:47 com.android.server.wm.WindowOrganizerController.startTransition:1 android.window.IWindowOrganizerController$Stub.onTransact:259 
04-22 02:01:41.069 I/HoneySpace.TopTaskSource( 2439): onTaskMovedToFront : taskId = 6086, displayId = 0
04-22 02:01:41.069 I/HoneySpace.RecentTasks( 2439): onRecentTasksChanged
04-22 02:01:41.069 I/HoneySpace.TopTaskUseCase( 2439): topTasks 6086 ComponentInfo{com.toov1.dovizaltin/com.toov1.dovizaltin.MainActivity}[displayId=0]
04-22 02:01:41.070 I/HoneySpace.Launcher( 2439): !@Boot_EBS_D: Launcher.onPause()
04-22 02:01:41.070 I/HoneySpace.Launcher( 2439): updateLauncherShowing true -> false
04-22 02:01:41.070 I/HoneySpace.SPayHandler( 2439): updateSpayHandler launcher activity is paused false
04-22 02:01:41.070 I/SurfaceFlinger( 1064): [Display 0 name="Yerleşik Ekran"#49] setFrameRateCategory: High
04-22 02:01:41.070 I/SurfaceFlinger( 1064): [Task=6086#73375] attach to parent LayerHierarchy{RequestedLayerState{DefaultTaskDisplayArea_d0#10 parentId=9} 35 children}
04-22 02:01:41.070 I/SurfaceFlinger( 1064): [ActivityRecord{45800689 u0 com.toov1.dovizaltin/.MainActivity t6086}#73376] attach to parent LayerHierarchy{RequestedLayerState{Task=6086#73375 parentId=10} 1 children}
04-22 02:01:41.071 V/WindowManager( 1432): Collecting in transition 4592: ActivityRecord{45800689 u0 com.toov1.dovizaltin/.MainActivity t6086}, caller=com.android.server.wm.TransitionController.collect:7 com.android.server.wm.ActivityRecord.setVisibility:132 com.android.server.wm.ActivityRecord.makeVisibleIfNeeded:36 com.android.server.wm.EnsureActivitiesVisibleHelper.process:538 com.android.server.wm.TaskFragment.updateActivityVisibilities:12 
04-22 02:01:41.071 V/WindowManager( 1432): Collecting in transition 4592: ActivityRecord{106574585 u0 com.sec.android.app.launcher/.activities.LauncherActivity t5770}, caller=com.android.server.wm.TransitionController.collect:7 com.android.server.wm.ActivityRecord.setVisibility:132 com.android.server.wm.ActivityRecord.makeInvisible:32 com.android.server.wm.EnsureActivitiesVisibleHelper.process:542 com.android.server.wm.TaskFragment.updateActivityVisibilities:12 
04-22 02:01:41.071 D/WindowManager( 1432): prepareSync <SYNC_STATE_WAITING_FOR_DRAW>, mPrepareSyncSeqId=0, win=Window{bdb23a6 u0 com.sec.android.app.launcher/com.sec.android.app.launcher.activities.LauncherActivity}
04-22 02:01:41.071 D/WindowManager( 1432): prepareSync <SYNC_STATE_WAITING_FOR_DRAW>, mPrepareSyncSeqId=0, win=Window{b840391 u0 com.sec.android.app.launcher/com.sec.android.app.launcher.activities.LauncherActivity}
04-22 02:01:41.071 V/WindowManager( 1432): Collecting in transition 4592: WallpaperWindowToken{54c5431 showWhenLocked=true}_<lock>, caller=com.android.server.wm.Transition.collect:387 com.android.server.wm.TransitionController.collect:7 com.android.server.wm.ActivityRecord.setVisibility:132 com.android.server.wm.ActivityRecord.makeInvisible:32 com.android.server.wm.EnsureActivitiesVisibleHelper.process:542 
04-22 02:01:41.071 V/WindowManager( 1432): rotationForOrientation(orient=SCREEN_ORIENTATION_PORTRAIT (1), last=ROTATION_0 (0)); user=ROTATION_0 (0) 
04-22 02:01:41.071 D/WindowManager( 1432): rotationForOrientation, orientationSource=ActivityRecord{45800689 u0 com.toov1.dovizaltin/.MainActivity t6086}
04-22 02:01:41.071 I/SemDvfsHyPerManager( 4152): acquire hyper - APP_START/4152@22, type = -999
04-22 02:01:41.071 V/WindowManager( 1432): Computed rotation=ROTATION_0 (0) for display id=0 based on lastOrientation=SCREEN_ORIENTATION_PORTRAIT (1) and oldRotation=ROTATION_0 (0), caller=com.android.server.wm.DisplayRotation.updateOrientation:79 com.android.server.wm.DisplayContent.updateOrientation:41 com.android.server.wm.DisplayContent.updateOrientationAndComputeConfig:48 com.android.server.wm.RootWindowContainer.ensureVisibilityAndConfig:7 com.android.server.wm.ActivityTaskSupervisor.realStartActivityLocked:182 com.android.server.wm.ActivityTaskSupervisor.startSpecificActivity:27 
04-22 02:01:41.071 V/WindowManager( 1432): Collecting in transition 4592: ActivityRecord{45800689 u0 com.toov1.dovizaltin/.MainActivity t6086}, caller=com.android.server.wm.TransitionController.collect:7 com.android.server.wm.ActivityRecord.setVisibility:132 com.android.server.wm.ActivityTaskSupervisor.realStartActivityLocked:203 com.android.server.wm.ActivityTaskSupervisor.startSpecificActivity:27 com.android.server.wm.TaskFragment.resumeTopActivity:2089 
04-22 02:01:41.071 D/NativeCustomFrequencyManager( 1877): [NativeCFMS] BpCustomFrequencyManager::BpCustomFrequencyManager()
04-22 02:01:41.071 I/HYPER-HAL( 1019): [RequestManager.cpp]acquire(): Acquired ID : 8713247  [4152 / 22]    HINT : APP_START    list : 
04-22 02:01:41.071 D/SGM:FgCheckThread( 1432): notifyAppCreated(), packageName: com.toov1.dovizaltin, userId: 0, sendRet: true
04-22 02:01:41.071 D/SGM:FgCheckThread( 1432): onLooperPrepared(), msg: MSG_APP_CREATE, pkgName: com.toov1.dovizaltin, userId: 0
04-22 02:01:41.072 D/SGM:FgCheckThread( 1432): TaskStackListener.onTaskFocusChanged(), taskId=5770, focused=false
04-22 02:01:41.072 D/SGM:FgCheckThread( 1432): TaskStackListener.onTaskFocusChanged(), taskId=6086, focused=true
04-22 02:01:41.072 I/BpBinder( 1064): onLastStrongRef automatically unlinking death recipients: 
04-22 02:01:41.072 D/BBA2    (21021): setIsFg isFg = true
04-22 02:01:41.073 D/GraphicsStatsService( 1432): requestRenderEngineFor(com.toov1.dovizaltin)
04-22 02:01:41.073 D/SGM:FgCheckThread( 1432):   sendRunningComponentFocus(), pkgName: com.toov1.dovizaltin, userId: 0
04-22 02:01:41.073 D/InputDispatcher( 1432): Focused application(0): ActivityRecord{45800689 u0 com.toov1.dovizaltin/.MainActivity t6086}
04-22 02:01:41.073 D/ActivityThread(21021): com.toov1.dovizaltin will use render engine as VK
04-22 02:01:41.073 D/SGM:FgCheckThread( 1432): onLooperPrepared(), msg: MSG_TASK_FOCUSED, pkgName: com.toov1.dovizaltin, userId: 0
04-22 02:01:41.073 D/SGM:FgCheckThread( 1432): handleTaskFocused().
04-22 02:01:41.073 D/SGM:FgCheckThread( 1432): sendFocusOutConditionally() - mPrevNotiPkg: KILL_YOURSELF, userId: 0
04-22 02:01:41.073 D/SGM:FgCheckThread( 1432):   handleTaskFocused(), pkgName: com.toov1.dovizaltin, userID:0
04-22 02:01:41.073 D/SGM:FgCheckThread( 1432): handleResume().
04-22 02:01:41.073 D/SGM:FgCheckThread( 1432): sendFocusOutConditionally() - mPrevNotiPkg: KILL_YOURSELF, userId: 0
04-22 02:01:41.073 D/SGM:FgCheckThread( 1432):   handleResume(). pkgName: com.toov1.dovizaltin, userId: 0, category: non-game
04-22 02:01:41.073 D/SGM:FgCheckThread( 1432): notifyFocusInOut(). of pkg: com.toov1.dovizaltin, type: 4, isSecGameFamily: false, userId: 0
04-22 02:01:41.073 D/SGM:FgCheckThread( 1432):   notifyFocusInOut(). do nothing
04-22 02:01:41.073 D/SGM:SystemHelper( 1432): callReleaseBlock needReleaseBlock:false
04-22 02:01:41.073 D/WindowManager( 1432): Changing focus from Window{b840391 u0 com.sec.android.app.launcher/com.sec.android.app.launcher.activities.LauncherActivity} to null displayId=0 Callers=com.android.server.wm.ActivityTaskManagerService.setLastResumedActivityUncheckLocked:264 com.android.server.wm.ActivityTaskSupervisor.updateTopResumedActivityIfNeeded:51 com.android.server.wm.TaskFragment.setResumedActivity:30 com.android.server.wm.ActivityRecord.setState:100 
04-22 02:01:41.073 V/SystemKeyManager( 1432): updateFocusedWindow() is called, 
04-22 02:01:41.073 D/ActivityTaskManager( 1432): scheduleTopResumedActivityChanged, onTop=true, r=ActivityRecord{45800689 u0 com.toov1.dovizaltin/.MainActivity t6086}, caller=com.android.server.wm.ActivityTaskSupervisor.scheduleTopResumedActivityStateIfNeeded:18 com.android.server.wm.ActivityTaskSupervisor.updateTopResumedActivityIfNeeded:54 com.android.server.wm.TaskFragment.setResumedActivity:30 com.android.server.wm.ActivityRecord.setState:100 com.android.server.wm.ActivityTaskSupervisor.realStartActivityLocked:477 com.android.server.wm.ActivityTaskSupervisor.startSpecificActivity:27 
04-22 02:01:41.074 D/BLASTSyncEngine( 1432): SyncGroup 4592: Set ready true, caller=com.android.server.wm.BLASTSyncEngine.setReady:32 com.android.server.wm.Transition.applyReady:54 com.android.server.wm.Transition.setReady:72 com.android.server.wm.TransitionController.setReady:6 com.android.server.wm.DisplayContent.executeAppTransition:4 com.android.server.wm.ActivityRecord.completeResumeLocked:115 
04-22 02:01:41.074 D/WindowManagerServiceExt( 1432): updateTaskbarTargetIfNeeded: cn=ComponentInfo{com.toov1.dovizaltin/com.toov1.dovizaltin.MainActivity} occludesParent=true isInSplitScreenMode=false
04-22 02:01:41.074 V/WindowManager( 1432): Collecting in transition 4592: WallpaperWindowToken{54c5431 showWhenLocked=true}_<lock>, caller=com.android.server.wm.TransitionController.collect:7 com.android.server.wm.WallpaperWindowToken.setVisibility:55 com.android.server.wm.WallpaperController.adjustWallpaperWindows:857 com.android.server.wm.RootWindowContainer.applySurfaceChangesTransaction$1:141 com.android.server.wm.RootWindowContainer.performSurfacePlacementNoTrace:59 
04-22 02:01:41.074 D/BLASTSyncEngine( 1432): SyncGroup 4592:  Unfinished container: Task{c47b0d6 #6086 type=standard A=10468:com.toov1.dovizaltin} mSyncState=2
04-22 02:01:41.075 I/CameraService( 1182): onUidStateChanged: uid=10050, procState is changed. (0 -> 1)
04-22 02:01:41.076 D/AS.MultiSoundManager( 1432): mForegroundUid = 10468
04-22 02:01:41.076 D/InputTransport( 1432): Input channel constructed: '9611c47', fd=1183
04-22 02:01:41.076 D/InputTransport( 1432): Input channel constructed: '9611c47', fd=1185
04-22 02:01:41.076 D/InputTransport( 1432): Input channel constructed: '9611c47', fd=1190
04-22 02:01:41.076 D/InputTransport( 1432): Input channel destroyed: '9611c47', fd=1185
04-22 02:01:41.076 D/WindowManager( 1432): prepareSync <SYNC_STATE_WAITING_FOR_DRAW>, mPrepareSyncSeqId=0, win=Window{9611c47 u0 Splash Screen com.toov1.dovizaltin}
04-22 02:01:41.076 I/SurfaceFlinger( 1064): id=73377 createSurf, flag=84004, 9611c47 Splash Screen com.toov1.dovizaltin#73377
04-22 02:01:41.077 D/RestrictionPolicy( 1432): isScreenCaptureEnabled : ret=true userId=0
04-22 02:01:41.077 V/WindowManager( 1432): addWindow: ActivityRecord{45800689 u0 com.toov1.dovizaltin/.MainActivity t6086} startingWindow=Window{9611c47 u0 Splash Screen com.toov1.dovizaltin}
04-22 02:01:41.077 D/InputTransport( 1432): Input channel destroyed: '9611c47', fd=1190
04-22 02:01:41.077 D/InputTransport( 1877): Input channel constructed: '9611c47', fd=607
04-22 02:01:41.078 I/InsetsController( 1877): onStateChanged: host=Splash Screen com.toov1.dovizaltin, from=android.view.ViewRootImpl.onInsetsStateChanged:3026, state=InsetsState: {mDisplayFrame=Rect(0, 0 - 1080, 2340), mDisplayCutout=DisplayCutout{insets=Rect(0, 80 - 0, 0) waterfall=Insets{left=0, top=0, right=0, bottom=0} boundingRect={Bounds=[Rect(0, 0 - 0, 0), Rect(511, 0 - 569, 80), Rect(0, 0 - 0, 0), Rect(0, 0 - 0, 0)]} cutoutPathParserInfo={CutoutPathParserInfo{displayWidth=1080 displayHeight=2340 physicalDisplayWidth=1080 physicalDisplayHeight=2340 density={2.8125} cutoutSpec={M 0,0 M 0,7.822222222222222‬‬ a 10.31111111111111‬,10.31111111111111‬ 0 1,0 0,20.62222222222222‬ a 10.31111111111111‬,10.31111111111111‬ 0 1,0 0,-20.62222222222222‬ Z @dp} rotation={0} scale={1.0} physicalPixelDisplaySizeRatio={1.0}}} sideOverrides={}}, mRoundedCorners=RoundedCorners{[RoundedCorner{position=TopLeft, radius=113, center=Point(113, 113)}, RoundedCorner{position=TopRight, radius=113, center=Point(967, 113)}, RoundedCorner{position=BottomRight, radius=113, center=Point(967, 2227)}, RoundedCorner{position=BottomLeft, radius=113, center=Point(113, 2227)}]}  mRoundedCornerFrame=Rect(0, 0 - 1080, 2340), mPrivacyIndicatorBounds=PrivacyIndicatorBounds {static bounds=Rect(956, 0 - 1080, 80) rotation=0}, mDisplayShape=DisplayShape{ spec=-311912193 displayWidth=1080 displayHeight=2340 physicalPixelDisplaySizeRatio=1.0 rotation=0 offsetX=0 offsetY=0 scale=1.0}, mSources= { InsetsSource: {3 mType=ime mFrame=[0,0][0,0] mVisible=false mFlags= mSideHint=NONE mBoundingRects=null}, InsetsSource: {27 mType=displayCutout mFrame=[0,0][1080,80] mVisible=true mFlags= mSideHint=TOP mBoundingRects=null}, InsetsSource: {1ad90000 mType=statusBars mFrame=[0,0][1080,80] mVisible=true mFlags= mSideHint=TOP mBoundingRects=null}, InsetsSource: {1ad90005 mType=mandatorySystemGestures mFrame=[0,0][1080,114] mVisible=true mFlags= mSideHint=TOP mBoundingRects=null}, InsetsSource: {1ad90006 mType=tappableElement mFrame=[0,0][1080,80] mVisible=true mFlags= mSideHint=TOP mBoundingRects=null}, InsetsSource: {74730001 mType=navigationBars mFrame=[0,2205][1080,2340] mVisible=true mFlags= mSideHint=BOTTOM mBoundingRects=null}, InsetsSource: {74730004 mType=systemGestures mFrame=[0,0][0,0] mVisible=true mFlags= mSideHint=NONE mBoundingRects=null}, InsetsSource: {74730005 mType=mandatorySystemGestures mFrame=[0,2205][1080,2340] mVisible=true mFlags= mSideHint=BOTTOM mBoundingRects=null}, InsetsSource: {74730006 mType=tappableElement mFrame=[0,2205][1080,2340] mVisible=true mFlags= mSideHint=BOTTOM mBoundingRects=null}, InsetsSource: {74730024 mType=systemGestures mFrame=[0,0][0,0] mVisible=true mFlags= mSideHint=NONE mBoundingRects=null} }
04-22 02:01:41.078 I/VRI[dovizaltin]@4dbed89( 1877): onActiveControlsChanged, removed=false, mAdded=true, caller=android.view.ViewRootImpl.handleInsetsControlChanged:3002 android.view.ViewRootImpl.setView:2014 android.view.WindowManagerGlobal.addView:604 com.android.wm.shell.startingsurface.SplashscreenWindowCreator.addWindow:38 com.android.wm.shell.startingsurface.StartingWindowController$$ExternalSyntheticLambda4.run:1365 
04-22 02:01:41.078 I/VRI[dovizaltin]@4dbed89( 1877): synced displayState. AttachInfo displayState=2
04-22 02:01:41.078 I/VRI[dovizaltin]@4dbed89( 1877): setView = android.widget.FrameLayout@3ac466 IsHRR=false mFlingFrameRateChange=0 TM=true
04-22 02:01:41.078 D/HWUI    ( 1877): HWUI - treat SMPTE_170M as sRGB
04-22 02:01:41.078 I/SurfaceFlinger( 1064): [LayerHierarchy{RequestedLayerState{ImeContainer#15 parentId=124 relativeParentId=124 z=1} 1 children}] RelativeParent to null
04-22 02:01:41.079 I/SurfaceFlinger( 1064): [9611c47 Splash Screen com.toov1.dovizaltin#73377] attach to parent LayerHierarchy{RequestedLayerState{ActivityRecord{45800689 u0 com.toov1.dovizaltin/.MainActivity t6086}#73376 parentId=73375} 1 children}
04-22 02:01:41.079 D/CoreBackPreview( 1432): Window{9611c47 u0 Splash Screen com.toov1.dovizaltin}: Setting back callback OnBackInvokedCallbackInfo{mCallback=android.window.IOnBackInvokedCallback$Stub$Proxy@cd3096a, mPriority=0, mIsAnimationCallback=false, mOverrideBehavior=0}
04-22 02:01:41.079 I/ActivityManager( 1432): Changes in 10468 4 to 2, 232 to 255
04-22 02:01:41.080 I/WindowManager( 1432): Relayout Window{9611c47 u0 Splash Screen com.toov1.dovizaltin}: viewVisibility=0 req=1080x2340 ty=3 d0
04-22 02:01:41.080 I/SurfaceFlinger( 1064): id=73378 createSurf, flag=44004, Splash Screen com.toov1.dovizaltin$_1877#73378
04-22 02:01:41.080 D/WindowManager( 1432): makeSurface duration=0 name=Splash Screen com.toov1.dovizaltin$_1877
04-22 02:01:41.080 D/BackgroundInstallControlService( 1432): Package event received: 0
04-22 02:01:41.080 D/BackgroundInstallControlService( 1432): Package event received: 0
04-22 02:01:41.080 D/SurfaceComposerClient( 1432): setCornerRadius ## 9611c47 Splash Screen com.toov1.dovizaltin#73377 cornerRadius=0.000000
04-22 02:01:41.081 D/SurfaceComposerClient( 1432): setCornerRadius ## 9611c47 Splash Screen com.toov1.dovizaltin#73377 cornerRadius=0.000000
04-22 02:01:41.081 D/BLASTSyncEngine( 1432): SyncGroup 4592:  Unfinished container: Task{c47b0d6 #6086 type=standard A=10468:com.toov1.dovizaltin} mSyncState=2
04-22 02:01:41.081 D/SGM:FgCheckThread( 1432): notePauseComponent(), received pkgName: com.sec.android.app.launcher, userId: 0
04-22 02:01:41.082 I/WindowManager( 1432): Relayout hash=9611c47, pid=1877, syncId=-1: mAttrs={(0,0)(fillxfill) sim={adjust=pan} layoutInDisplayCutoutMode=always ty=APPLICATION_STARTING fmt=TRANSLUCENT wanim=0x1030306
04-22 02:01:41.082 I/WindowManager( 1432):   fl=81030118
04-22 02:01:41.082 I/WindowManager( 1432):   pfl=10000810
04-22 02:01:41.082 I/WindowManager( 1432):   apr=18
04-22 02:01:41.082 I/WindowManager( 1432):   bhv=1
04-22 02:01:41.082 I/WindowManager( 1432):   fitSides=0
04-22 02:01:41.082 I/WindowManager( 1432):   frameRateBoostOnTouch=true
04-22 02:01:41.082 I/WindowManager( 1432):   dvrrWindowFrameRateHint=true naviIconColor=0}
04-22 02:01:41.082 I/CocktailBarManagerServiceContainer( 1432): handleMessage: entry what = 6
04-22 02:01:41.082 D/PkgPredictorService-SecIpmManagerServiceImpl( 1432): onForegroundActivitiesChanged pid:21021 uid:10468
04-22 02:01:41.082 D/SGM:GameManager( 1432): identifyForegroundApp. com.toov1.dovizaltin, mCurrentUserId: 0, callerUserId: 0
04-22 02:01:41.082 D/SGM:SemGameManager( 1432): isForegroundGame(), ret=false
04-22 02:01:41.082 D/NetworkPolicy( 1432): already checked 10468
04-22 02:01:41.083 I/VRI[dovizaltin]@4dbed89( 1877): onActiveControlsChanged, removed=false, mAdded=true, caller=android.view.ViewRootImpl.handleInsetsControlChanged:3002 android.view.ViewRootImpl.relayoutWindow:11629 android.view.ViewRootImpl.performTraversals:4804 android.view.ViewRootImpl.doTraversal:3924 android.view.ViewRootImpl$TraversalRunnable.run:12903 
04-22 02:01:41.083 D/SGM:GameManager( 1432): identifyForegroundApp. com.toov1.dovizaltin, mCurrentUserId: 0, callerUserId: 0
04-22 02:01:41.083 D/SGM:SemGameManager( 1432): isForegroundGame(), ret=false
04-22 02:01:41.083 D/NetworkPolicy( 1432): already checked 10468
04-22 02:01:41.083 I/BLASTBufferQueue_Java( 1877): new BLASTBufferQueue, mName= VRI[dovizaltin]@4dbed89 mNativeObject= 0xb4000072c6fd9cc0 caller= android.view.ViewRootImpl.updateBlastSurfaceIfNeeded:3585 android.view.ViewRootImpl.relayoutWindow:11685 android.view.ViewRootImpl.performTraversals:4804 android.view.ViewRootImpl.doTraversal:3924 android.view.ViewRootImpl$TraversalRunnable.run:12903 android.view.Choreographer$CallbackRecord.run:1901 android.view.Choreographer$CallbackRecord.run:1910 android.view.Choreographer.doCallbacks:1367 android.view.Choreographer.doFrame:1292 android.view.Choreographer$FrameDisplayEventReceiver.run:1870 
04-22 02:01:41.083 I/BLASTBufferQueue_Java( 1877): update, w= 1080 h= 2340 mName = VRI[dovizaltin]@4dbed89 mNativeObject= 0xb4000072c6fd9cc0 sc.mNativeObject= 0xb4000072868324d0 format= -3 caller= android.view.ViewRootImpl.updateBlastSurfaceIfNeeded:3590 android.view.ViewRootImpl.relayoutWindow:11685 android.view.ViewRootImpl.performTraversals:4804 android.view.ViewRootImpl.doTraversal:3924 android.view.ViewRootImpl$TraversalRunnable.run:12903 android.view.Choreographer$CallbackRecord.run:1901 
04-22 02:01:41.084 I/VRI[dovizaltin]@4dbed89( 1877): Relayout returned: old=(0,0,1080,2340) new=(0,0,1080,2340) relayoutAsync=false req=(1080,2340)0 dur=4 res=0x3 s={true 0xb400007436a38310} ch=true seqId=0
04-22 02:01:41.084 I/VRI[dovizaltin]@4dbed89( 1877): performConfigurationChange setNightDimText nightDimLevel=0
04-22 02:01:41.084 D/VRI[dovizaltin]@4dbed89( 1877): mThreadedRenderer.initialize() mSurface={isValid=true 0xb400007436a38310} hwInitialized=true
04-22 02:01:41.085 D/VRI[dovizaltin]@4dbed89( 1877): reportNextDraw android.view.ViewRootImpl.performTraversals:5443 android.view.ViewRootImpl.doTraversal:3924 android.view.ViewRootImpl$TraversalRunnable.run:12903 android.view.Choreographer$CallbackRecord.run:1901 android.view.Choreographer$CallbackRecord.run:1910 
04-22 02:01:41.085 D/VRI[dovizaltin]@4dbed89( 1877): Setup new sync=wmsSync-VRI[dovizaltin]@4dbed89#24
04-22 02:01:41.085 I/VRI[dovizaltin]@4dbed89( 1877): Creating new active sync group VRI[dovizaltin]@4dbed89#25
04-22 02:01:41.085 D/VRI[dovizaltin]@4dbed89( 1877): registerCallbacksForSync syncBuffer=false
04-22 02:01:41.085 I/HoneySpace.TopTaskSource( 2439): onTaskFocusChanged(): taskId = 6086
