04-22 02:01:41.778 I/HoneySpace.FloatingAnimator( 2439): [Player:A(41.059)] container x: 0.0, y: 0.0, scale : 1.0
04-22 02:01:41.778 I/HoneySpace.DeJankUtils( 2439): postAfterTraversal is called com.honeyspace.common.performance.JankWrapper$addCujInstrumentation$1$4$1@f2d7650, immediate : true detail : app transition end
04-22 02:01:41.778 I/HoneySpace.FloatingAnimator( 2439): [Player:A(41.059)] value animator:[196190189] end
04-22 02:01:41.778 I/HoneySpace.FloatingAnimator( 2439): reset containerView, com.honeyspace.transition.anim.floating.ContainerView{72dd1d9 V.E...... ......ID 0,0-1080,2340}
04-22 02:01:41.779 I/HoneySpace.FloatingAnimator( 2439): remove positionListener - com.honeyspace.transition.anim.floating.c@6c71472
04-22 02:01:41.779 I/HoneySpace.FloatingAnimator( 2439): [Player:A(41.059)] reset
04-22 02:01:41.779 I/HoneySpace.IconView( 2439): setIconVisible : visible-true, currentForceHideBadge-true
04-22 02:01:41.779 I/HoneySpace.IconView( 2439): updateInvisibleState true APP_CLOSING current:2 new:0
04-22 02:01:41.779 I/HoneySpace.FloatingAnimator( 2439): playerCount : 0
04-22 02:01:41.779 I/HoneySpace.FloatingFinishHelper( 2439): finishInProgress: true
04-22 02:01:41.779 I/HoneySpace.AppLaunchAnimationDelegate( 2439): mainAnimatorSet end
04-22 02:01:41.779 I/HoneySpace.AnimationResult( 2439): finish, false
04-22 02:01:41.779 I/HoneySpace.FloatingFinishHelper( 2439): isAppShow reset, immediate
04-22 02:01:41.781 I/VRI[LauncherActivity]@f88b733( 2439): mWNT: t=0xb400007216a02dd0 mBlastBufferQueue=0xb4000072c69918a0 fn= 139 HdrRenderState mRenderHdrSdrRatio=1.0 caller= com.android.systemui.shared.launcher.ViewRootImplCompat.mergeWithNextTransaction:4 com.honeyspace.transition.utils.SurfaceTransactionApplier.scheduleApply$lambda$1:16 com.honeyspace.transition.utils.SurfaceTransactionApplier.b:0 
04-22 02:01:41.781 V/WindowManagerShell( 1877): Transition animation finished (aborted=false), notifying core (#4592) android.os.BinderProxy@4fa118e@0
04-22 02:01:41.781 I/HoneySpace.AnimationResult( 2439): asyncFinishRunnable run
04-22 02:01:41.781 I/SurfaceControlRegistry( 1877): apply, t=FinishTransaction_SyncId<4592>, caller=android.view.SurfaceControl$Transaction.apply:3459 android.view.SurfaceControl$Transaction.apply:3447 android.view.SurfaceControl$Transaction.apply:3397 com.android.wm.shell.transition.Transitions.onFinish:315 com.android.wm.shell.transition.Transitions$$ExternalSyntheticLambda7.onTransitionFinished:18 com.android.wm.shell.transition.DefaultMixedHandler$$ExternalSyntheticLambda4.onTransitionFinished:17 
04-22 02:01:41.781 I/HoneySpace.ShellTransitionManager( 2439): open normal end
04-22 02:01:41.782 I/HoneySpace.ShellAnimationRunner( 2439): setDelegate, delegate-null, strong-false
04-22 02:01:41.782 I/HoneySpace.RunnableList( 2439): executeAllAndClear() called, size: 1
04-22 02:01:41.782 I/HoneySpace.AnimationResult( 2439): completeCallback run
04-22 02:01:41.782 I/HoneySpace.ShellAnimationRunner( 2439): cleanUp: null, null
04-22 02:01:41.782 I/HoneySpace.RunnableList( 2439): executeAllAndClear() called, size: 1
04-22 02:01:41.782 V/WindowManager( 1432): Finish Transition: TransitionRecord{12b0c98 id=4592 type=OPEN flags=0x0 c=[
04-22 02:01:41.782 V/WindowManager( 1432):    ChangeInfo{d11e9f3 container=DefaultTaskDisplayArea_d0@29683498 flags=0x0}
04-22 02:01:41.782 V/WindowManager( 1432):    ChangeInfo{adad6b0 container=Display{#0 state=ON size=1080x2340 ROTATION_0} flags=0x0}
04-22 02:01:41.782 V/WindowManager( 1432):    ChangeInfo{8b73929 container=ActivityRecord{45800689 u0 com.toov1.dovizaltin/.MainActivity t6086} flags=0x0}
04-22 02:01:41.782 V/WindowManager( 1432):    ChangeInfo{c3c042f container=WallpaperWindowToken{54c5431 showWhenLocked=true}_<lock> flags=0x0}
04-22 02:01:41.782 V/WindowManager( 1432):    ChangeInfo{a2e4a3c container=ActivityRecord{106574585 u0 com.sec.android.app.launcher/.activities.LauncherActivity t5770} flags=0x0}
04-22 02:01:41.782 V/WindowManager( 1432):    ChangeInfo{6bc13c5 container=Task{6fcef35 #1 type=home} flags=0x10}
04-22 02:01:41.782 V/WindowManager( 1432):    ChangeInfo{b78a11a container=Task{8a86b4f #5770 type=home I=com.sec.android.app.launcher/.activities.LauncherActivity} flags=0x10}
04-22 02:01:41.782 V/WindowManager( 1432):    ChangeInfo{78eb44b container=RemoteWallpaperAnim:1:1@176776386 flags=0x0}
04-22 02:01:41.782 V/WindowManager( 1432):    ChangeInfo{82404ae container=Task{c47b0d6 #6086 type=standard A=10468:com.toov1.dovizaltin} flags=0x10}
04-22 02:01:41.782 V/WindowManager( 1432): ]
04-22 02:01:41.782 V/WindowManager( 1432): }, caller=com.android.server.wm.WindowOrganizerController.finishTransitionInner:31 com.android.server.wm.WindowOrganizerController.finishAllTransitions:60 android.window.IWindowOrganizerController$Stub.onTransact:283 
04-22 02:01:41.783 V/WindowManager( 1432): Finish Transition (#4592): created at 04-22 02:01:41.061 collect-started=0.235ms request-sent=5.031ms started=7.384ms ready=12.516ms sent=44.013ms commit=9.081ms finished=721.429ms
04-22 02:01:41.783 I/SurfaceFlinger( 1064): id=73378 Removed Splash Screen com.toov1.dovizaltin$_1877#73378 (251)
04-22 02:01:41.783 V/WindowManager( 1432): Setting visibility of Window{bdb23a6 u0 com.sec.android.app.launcher/com.sec.android.app.launcher.activities.LauncherActivity}: false, caller=com.android.server.wm.WindowContainer.sendAppVisibilityToClients:19 com.android.server.wm.WindowToken.setClientVisible:48 com.android.server.wm.ActivityRecord.commitVisibility:186 com.android.server.wm.TransitionController.finishTransition:846 com.android.server.wm.WindowOrganizerController.finishTransitionInner:31 
04-22 02:01:41.784 V/WindowManager( 1432): Setting visibility of Window{b840391 u0 com.sec.android.app.launcher/com.sec.android.app.launcher.activities.LauncherActivity}: false, caller=com.android.server.wm.WindowContainer.sendAppVisibilityToClients:19 com.android.server.wm.WindowToken.setClientVisible:48 com.android.server.wm.ActivityRecord.commitVisibility:186 com.android.server.wm.TransitionController.finishTransition:846 com.android.server.wm.WindowOrganizerController.finishTransitionInner:31 
04-22 02:01:41.784 I/VRI[LauncherActivity]@3487a5a( 9384): handleAppVisibility mAppVisible = true visible = false
04-22 02:01:41.784 D/VRI[LauncherActivity]@3487a5a( 9384): visibilityChanged oldVisibility=true newVisibility=false
04-22 02:01:41.784 V/WindowManager( 1432): Setting visibility of Window{cbdaa0c u0 com.android.systemui.wallpapers.ImageWallpaper}: false, caller=com.android.server.wm.WindowContainer.sendAppVisibilityToClients:19 com.android.server.wm.WindowToken.setClientVisible:48 com.android.server.wm.WallpaperWindowToken.setVisible$1:3 com.android.server.wm.WallpaperWindowToken.commitVisibility:48 com.android.server.wm.TransitionController.finishTransition:1252 
04-22 02:01:41.784 I/VRI[LauncherActivity]@f88b733( 2439): handleAppVisibility mAppVisible = true visible = false
04-22 02:01:41.784 I/WallpaperService( 1877): dispatchAppVisibility: systemlock, visible=false , mLidState = -1
04-22 02:01:41.784 I/WallpaperService( 1877): reportVisibility: visibility changed. visible=false
04-22 02:01:41.784 I/ImageWallpaper_7[Image]( 1877):  onVisibilityChanged: visible=false , displayId=0
04-22 02:01:41.785 D/ChangeTransitionController( 1432): onTransitionFinished: TransitionRecord{12b0c98 id=4592 type=OPEN flags=0x0 c=[
04-22 02:01:41.785 D/ChangeTransitionController( 1432):    ChangeInfo{d11e9f3 container=DefaultTaskDisplayArea_d0@29683498 flags=0x0}
04-22 02:01:41.785 D/ChangeTransitionController( 1432):    ChangeInfo{adad6b0 container=Display{#0 state=ON size=1080x2340 ROTATION_0} flags=0x0}
04-22 02:01:41.785 D/ChangeTransitionController( 1432):    ChangeInfo{8b73929 container=ActivityRecord{45800689 u0 com.toov1.dovizaltin/.MainActivity t6086} flags=0x0}
04-22 02:01:41.785 D/ChangeTransitionController( 1432):    ChangeInfo{c3c042f container=WallpaperWindowToken{54c5431 showWhenLocked=true}_<lock> flags=0x0}
04-22 02:01:41.785 D/ChangeTransitionController( 1432):    ChangeInfo{a2e4a3c container=ActivityRecord{106574585 u0 com.sec.android.app.launcher/.activities.LauncherActivity t5770} flags=0x0}
04-22 02:01:41.785 D/ChangeTransitionController( 1432):    ChangeInfo{6bc13c5 container=Task{6fcef35 #1 type=home} flags=0x10}
04-22 02:01:41.785 D/ChangeTransitionController( 1432):    ChangeInfo{b78a11a container=Task{8a86b4f #5770 type=home I=com.sec.android.app.launcher/.activities.LauncherActivity} flags=0x10}
04-22 02:01:41.785 D/ChangeTransitionController( 1432):    ChangeInfo{78eb44b container=RemoteWallpaperAnim:1:1@176776386 flags=0x0}
04-22 02:01:41.785 D/ChangeTransitionController( 1432):    ChangeInfo{82404ae container=Task{c47b0d6 #6086 type=standard A=10468:com.toov1.dovizaltin} flags=0x10}
04-22 02:01:41.785 D/ChangeTransitionController( 1432): ]
04-22 02:01:41.785 D/ChangeTransitionController( 1432): }
04-22 02:01:41.785 V/WindowManagerShell( 1877): Track 0 became idle
04-22 02:01:41.785 V/WindowManagerShell( 1877): All active transition animations finished
04-22 02:01:41.785 D/SyntheticPasswordManager.SDP( 1432): Inside fromBytes() - result.pinLength : -1
04-22 02:01:41.785 D/SyntheticPasswordManager.SDP( 1432): 2. result.secureMode : 0
04-22 02:01:41.785 D/ImageWallpaper[WallpaperAnimator]( 1877): onEngineVisibilityChanged: visible = false, which = 7, isFullAodShown = false, isMultipack = false, mKeyguardState = false
04-22 02:01:41.785 D/ImageWallpaper[WallpaperAnimator]( 1877): changeToDownScaleImmediately
04-22 02:01:41.785 I/ImageWallpaper[WallpaperAnimator]( 1877): release
04-22 02:01:41.786 D/SurfaceComposerClient( 1432): setCornerRadius ## 1548009 com.toov1.dovizaltin/com.toov1.dovizaltin.MainActivity#73379 cornerRadius=0.000000
04-22 02:01:41.786 D/SystemUIService( 1877): SYSUI_RAM_OPTIMIZATION onTrimMemory=20
04-22 02:01:41.786 D/CentralSurfaces( 1877): SYSUI_RAM_OPTIMIZATION onTrimMemory=20
04-22 02:01:41.787 I/ActivityManager( 1432): Changes in 10153 2 to 5, 255 to 184
04-22 02:01:41.787 I/CameraService( 1182): onUidStateChanged: uid=10264, procState is changed. (3 -> 5)
04-22 02:01:41.787 I/SurfaceFlinger( 1064): RequestedLayer [Task=1#53] hidden!! flag  from(0) --> to(1)
04-22 02:01:41.787 I/CameraService( 1182): onUidStateChanged: uid=10263, procState is changed. (3 -> 4)
04-22 02:01:41.787 I/SurfaceFlinger( 1064): [Display 0 name="Yerleşik Ekran"#49] setFrameRateCategory: Default
04-22 02:01:41.787 I/SurfaceFlinger( 1064): RequestedLayer [com.sec.android.app.launcher/com.sec[...]ivities.LauncherActivity$_9384#73355] hidden!! flag  from(0) --> to(1)
04-22 02:01:41.787 I/SurfaceFlinger( 1064): RequestedLayer [com.sec.android.app.launcher/com.sec[...]ivities.LauncherActivity$_2439#73356] hidden!! flag  from(0) --> to(1)
04-22 02:01:41.787 I/SurfaceFlinger( 1064): RequestedLayer [com.android.systemui.wallpapers.ImageWallpaper$_1877#80] hidden!! flag  from(0) --> to(1)
04-22 02:01:41.787 I/SurfaceFlinger( 1064): RequestedLayer [WallpaperWindowToken{54c5431 showWhenLocked=false}#77] hidden!! flag  from(0) --> to(1)
04-22 02:01:41.788 I/SurfaceFlinger( 1064): RequestedLayer [ActivityRecord{106574585 u0 com.sec.[...]tivities.LauncherActivity t5770}#124] hidden!! flag  from(0) --> to(1)
04-22 02:01:41.788 I/SurfaceFlinger( 1064): RequestedLayer [Task=5770#123] hidden!! flag  from(0) --> to(1)
04-22 02:01:41.788 I/SurfaceFlinger( 1064): destroyed Splash Screen com.toov1.dovizaltin$_1877#73378
04-22 02:01:41.788 I/SurfaceFlinger( 1064): [LayerHierarchy{RequestedLayerState{Task=1#53 parentId=10} 2 children}] reparent to LayerHierarchy{RequestedLayerState{DefaultTaskDisplayArea_d0#10 parentId=9} 35 children}
04-22 02:01:41.788 I/SurfaceFlinger( 1064): [LayerHierarchy{RequestedLayerState{WallpaperWindowToken{54c5431 showWhenLocked=false}#77 parentId=8} 1 children}] reparent to LayerHierarchy{RequestedLayerState{Leaf:1:1#8 parentId=7} 1 children}
04-22 02:01:41.788 I/SurfaceFlinger( 1064): [LayerHierarchy{RequestedLayerState{Task=6086#73375 parentId=10 z=32} 1 children}] reparent to LayerHierarchy{RequestedLayerState{DefaultTaskDisplayArea_d0#10 parentId=9} 36 children}
04-22 02:01:41.788 I/SurfaceFlinger( 1064): [LayerHierarchy{RequestedLayerState{Transition Root: Task=6086#73380 z=32} 2 children}] reparent to OffscreenRoot
04-22 02:01:41.788 I/SurfaceFlinger( 1064): [LayerHierarchy{RequestedLayerState{Transition Root: Task=6086#73380 z=32} 2 children}] RelativeParent to null
04-22 02:01:41.788 I/Layer   ( 1064): id=73378 Destroyed Splash Screen com.toov1.dovizaltin$_1877#73378
04-22 02:01:41.789 I/SurfaceFlinger( 1064): id=73380 Removed Transition Root: Task=6086#73380 (250)
04-22 02:01:41.789 I/SurfaceFlinger( 1064): id=73377 Removed 9611c47 Splash Screen com.toov1.dovizaltin#73377 (250)
04-22 02:01:41.790 I/DisplayDeviceRepository( 1432): Display device changed render timings: "Yerleşik Ekran", renderFrameRate=120.00001, presentationDeadlineNanos=9333333, appVsyncOffsetNanos=8333333, frameRateOverrides=[]
04-22 02:01:41.791 D/SurfaceComposerClient( 1432): setCornerRadius ## 1548009 com.toov1.dovizaltin/com.toov1.dovizaltin.MainActivity#73379 cornerRadius=0.000000
04-22 02:01:41.792 D/StackScroller( 1877): onDisplayChanged for predraw skip to 2
04-22 02:01:41.792 D/WifiDisplayAdapter( 1432): isFitToActiveDisplayLocked : false
04-22 02:01:41.794 D/HWUI    ( 1877): CacheManager::trimMemory(20)
04-22 02:01:41.795 I/HoneySpace.DeJankUtils( 2439): traversals callback's received
04-22 02:01:41.795 I/HoneySpace.DeJankUtils( 2439): doActionRunnable is called com.honeyspace.common.performance.JankWrapper$addCujInstrumentation$1$4$1@f2d7650, immediate = true, detail : app transition end
04-22 02:01:41.797 D/SurfaceFlinger( 1064): Display 4633128672291736000 HWC layers:
04-22 02:01:41.797 D/SurfaceFlinger( 1064):        DEVICE |           90284507529221 | 00002102 | RGBA_8888    |    0.0    0.0 1080.0 2340.0 |    0    0 1080 2340 | com.toov1.dovizaltin/com.toov1.dovizaltin.MainActivity$_21021#73381 (64)
04-22 02:01:41.797 D/SurfaceFlinger( 1064):        DEVICE |            8061653638168 | 00002100 | RGBA_8888    |    0.0    0.0 1080.0   80.0 |    0    0 1080   80 | StatusBar$_1877#99 (134570)
04-22 02:01:41.797 D/SurfaceFlinger( 1064):        DEVICE |           10475425247408 | 00002100 | RGBA_8888    |    0.0    0.0   67.0  342.0 |    0  602   67  944 | com.sec.android.app.launcher/com.sam[...]l.app.CocktailBarService$_2439#73374 (1)
04-22 02:01:41.797 D/SurfaceFlinger( 1064):        DEVICE |            8061653638189 | 00002100 | RGBA_8888    |    0.0    0.0 1080.0  135.0 |    0 2205 1080 2340 | NavigationBar0$_1877#95 (144518)
04-22 02:01:41.797 D/SurfaceFlinger( 1064): 
04-22 02:01:41.797 D/HWUI    ( 9384): CacheManager::trimMemory(20)
04-22 02:01:41.797 I/SurfaceFlinger( 1064): destroyed 9611c47 Splash Screen com.toov1.dovizaltin#73377
04-22 02:01:41.797 I/SurfaceFlinger( 1064): destroyed Transition Root: Task=6086#73380
04-22 02:01:41.799 I/WindowManager( 1432): Relayout Window{bdb23a6 u0 com.sec.android.app.launcher/com.sec.android.app.launcher.activities.LauncherActivity}: viewVisibility=8 req=1080x2340 ty=4 d0
04-22 02:01:41.799 I/Layer   ( 1064): id=73377 Destroyed 9611c47 Splash Screen com.toov1.dovizaltin#73377
04-22 02:01:41.799 D/SurfaceComposerClient( 1432): setCornerRadius ## 1548009 com.toov1.dovizaltin/com.toov1.dovizaltin.MainActivity#73379 cornerRadius=0.000000
04-22 02:01:41.799 I/Layer   ( 1064): id=73380 Destroyed Transition Root: Task=6086#73380
04-22 02:01:41.800 D/DisplayLifecycle( 1877): updateDisplay id = 0
04-22 02:01:41.800 D/SurfaceComposerClient( 1432): setCornerRadius ## 1548009 com.toov1.dovizaltin/com.toov1.dovizaltin.MainActivity#73379 cornerRadius=0.000000
04-22 02:01:41.800 I/WindowManager( 1432): Relayout hash=bdb23a6, pid=9384, syncId=-1: mAttrs={(0,0)(fillxfill) gr=LEFT CENTER_HORIZONTAL sim={adjust=resize} layoutInDisplayCutoutMode=always ty=DRAWN_APPLICATION fmt=TRANSPARENT wanim=0x1030306 alpha=0.0
04-22 02:01:41.800 I/WindowManager( 1432):   fl=81850118
04-22 02:01:41.800 I/WindowManager( 1432):   pfl=10008840
04-22 02:01:41.800 I/WindowManager( 1432):   bhv=1
04-22 02:01:41.800 I/WindowManager( 1432):   fitSides=0
04-22 02:01:41.800 I/WindowManager( 1432):   frameRateBoostOnTouch=true
04-22 02:01:41.800 I/WindowManager( 1432):   dvrrWindowFrameRateHint=true
04-22 02:01:41.800 I/WindowManager( 1432):  dimAmount=0.0 screenDimDuration=200000 naviIconColor=0}
04-22 02:01:41.801 I/WindowManager( 1432): Relayout Window{b840391 u0 com.sec.android.app.launcher/com.sec.android.app.launcher.activities.LauncherActivity}: viewVisibility=8 req=1080x2340 ty=1 d0
04-22 02:01:41.801 D/SurfaceComposerClient( 1432): setCornerRadius ## 1548009 com.toov1.dovizaltin/com.toov1.dovizaltin.MainActivity#73379 cornerRadius=0.000000
04-22 02:01:41.802 D/SurfaceComposerClient( 1432): setCornerRadius ## 1548009 com.toov1.dovizaltin/com.toov1.dovizaltin.MainActivity#73379 cornerRadius=0.000000
04-22 02:01:41.802 I/VRI[LauncherActivity]@3487a5a( 9384): Relayout returned: old=(0,0,1080,2340) new=(0,0,1080,2340) relayoutAsync=false req=(1080,2340)8 dur=2 res=0x2 s={false 0x0} ch=true seqId=0
04-22 02:01:41.802 D/VRI[LauncherActivity]@3487a5a( 9384): Not drawing due to not visible. Reason=!mAppVisible && !mForceDecorViewVisibility
04-22 02:01:41.803 I/WindowManager( 1432): Relayout hash=b840391, pid=2439, syncId=-1: mAttrs={(0,0)(fillxfill) sim={adjust=nothing} layoutInDisplayCutoutMode=always ty=BASE_APPLICATION fmt=TRANSPARENT wanim=0x1030306
04-22 02:01:41.803 I/WindowManager( 1432):   fl=81910100
04-22 02:01:41.803 I/WindowManager( 1432):   pfl=10008840
04-22 02:01:41.803 I/WindowManager( 1432):   bhv=2
04-22 02:01:41.803 I/WindowManager( 1432):   fitSides=0
04-22 02:01:41.803 I/WindowManager( 1432):   frameRateBoostOnTouch=true
04-22 02:01:41.803 I/WindowManager( 1432):   dvrrWindowFrameRateHint=true screenDimDuration=200000 naviIconColor=0}
04-22 02:01:41.804 D/SurfaceComposerClient( 1432): setCornerRadius ## 1548009 com.toov1.dovizaltin/com.toov1.dovizaltin.MainActivity#73379 cornerRadius=0.000000
04-22 02:01:41.805 I/VRI[LauncherActivity]@f88b733( 2439): Relayout returned: old=(0,0,1080,2340) new=(0,0,1080,2340) relayoutAsync=false req=(1080,2340)8 dur=3 res=0x2 s={false 0x0} ch=true seqId=0
04-22 02:01:41.805 I/HoneySpace.AppTransitionAnimationAwait( 2439): proceed 1
04-22 02:01:41.806 I/SearchHoneyPot( 2439): onViewCreated: onStop
04-22 02:01:41.806 I/HoneySpace.WallpaperAnimator( 2439): destroyWallpaperSurface Surface(name=Surface(name=RemoteWallpaperAnim:1:1)/@0xd820055 - animation-leash of remote_wallpaper)/@0x977388
04-22 02:01:41.806 I/HoneySpace.WallpaperAnimator( 2439): wallpaper animation end [148885793]
04-22 02:01:41.806 I/HoneySpace.ContentsAnimator( 2439): end call
04-22 02:01:41.806 I/HoneySpace.AppscreenViewModel( 2439): endGestureHint
04-22 02:01:41.806 I/HoneySpace.AppscreenViewModel( 2439): resetAnimatedValues
04-22 02:01:41.806 I/HoneySpace.HoneyScreenManagerImpl( 2439): transitionAnimator is ended, onCancel: false
04-22 02:01:41.806 I/HoneySpace.ContentsAnimator( 2439): ContentsAnimator end [132464819]
04-22 02:01:41.806 I/HoneySpace.BlurAnimator( 2439): end
04-22 02:01:41.806 I/HoneySpace.BlurAnimator( 2439): reset
04-22 02:01:41.806 I/HoneySpace.HoneyAppWidgetHost( 2439): stopListening, host: @8626660, hostId: 1024
04-22 02:01:41.806 I/WindowManager( 1432): Cancelling animation restarting=false, leash=Surface(name=Surface(name=RemoteWallpaperAnim:1:1)/@0xd820055 - animation-leash of remote_wallpaper)/@0x8bdd8a0
04-22 02:01:41.806 I/WindowManager( 1432): Reparenting to original parent: Surface(name=OneHanded:0:14)/@0x3323a6a, destroy=false, surface=Surface(name=RemoteWallpaperAnim:1:1)/@0xd820055
04-22 02:01:41.807 I/AppWidgetServiceImpl( 1432): stopListening callbacks : null
04-22 02:01:41.807 I/VRI[LauncherActivity]@f88b733( 2439): stopped(true) old = false
04-22 02:01:41.807 D/WindowManager( 1432): mRunner#onAnimationCancelled, leash=Surface(name=Surface(name=RemoteWallpaperAnim:1:1)/@0xd820055 - animation-leash of remote_wallpaper)/@0x8bdd8a0, caller=com.android.server.wm.SurfaceAnimator.cancelAnimation:14 com.android.server.wm.SurfaceAnimator.cancelAnimation:1 com.android.server.wm.WindowContainer.cancelAnimation:3 com.android.server.wm.WindowManagerService.finishRemoteWallpaperAnimation:81 android.view.IWindowManager$Stub.onTransact:4336 
04-22 02:01:41.807 D/WindowManager( 1432): finishRemoteWallpaperAnimation, success=true
04-22 02:01:41.807 I/HoneySpace.WallpaperAnimator( 2439): onAnimationCancelled
04-22 02:01:41.807 I/ActivityManager( 1432): Killing 9384:com.google.android.googlequicksearchbox:googleapp/u0a264 (adj 900): remove task
04-22 02:01:41.808 I/ActivityManager( 1432): Changes in 99336 5 to 19, 184 to 128
04-22 02:01:41.808 I/HoneySpace.Launcher( 2439): !@Boot_EBS_D: Launcher.onStop()
04-22 02:01:41.808 I/AutofillManager( 2439): onInvisibleForAutofill(): expiringResponse
04-22 02:01:41.809 I/HoneySpace.Memory-Monitor( 2439): scheduleTrim delayTime=30000
04-22 02:01:41.809 I/HoneySpace.OneUiSpace( 2439): onSaveInstanceState honeyScreen=d3.M@7ccdc47
04-22 02:01:41.809 I/HoneySpace.FloatingFinishHelper( 2439): finishInProgress: false
04-22 02:01:41.809 I/HoneySpace.Memory-Monitor( 2439): current state = 2, didTrim = false
04-22 02:01:41.809 E/WindowManager( 1432): win=Window{bdb23a6 u0 com.sec.android.app.launcher/com.sec.android.app.launcher.activities.LauncherActivity} destroySurfaces: appStopped=true cleanupOnResume=false win.mWindowRemovalAllowed=false win.mRemoveOnExit=false win.mViewVisibility=8 caller=com.android.server.wm.ActivityRecord.destroySurfaces:25 com.android.server.wm.ActivityRecord.activityStopped:192 com.android.server.wm.ActivityClientController.activityStopped:97 android.app.IActivityClientController$Stub.onTransact:740 com.android.server.wm.ActivityClientController.onTransact:1 android.os.Binder.execTransactInternal:1462 android.os.Binder.execTransact:1401 
04-22 02:01:41.809 D/SGM:FgCheckThread( 1432): getForegroundApp(), foregroundPkgName=com.toov1.dovizaltin
04-22 02:01:41.809 D/SGM:FgCheckThread( 1432): pkgName: com.sec.android.app.launcher is not in foreground
04-22 02:01:41.809 D/SGM:FgCheckThread( 1432): noteStopComponent(), received pkgName: com.sec.android.app.launcher, focusedPkgName: com.toov1.dovizaltin, userId: 0
04-22 02:01:41.810 E/WindowManager( 1432): win=Window{b840391 u0 com.sec.android.app.launcher/com.sec.android.app.launcher.activities.LauncherActivity} destroySurfaces: appStopped=true cleanupOnResume=false win.mWindowRemovalAllowed=false win.mRemoveOnExit=false win.mViewVisibility=8 caller=com.android.server.wm.ActivityRecord.destroySurfaces:25 com.android.server.wm.ActivityRecord.activityStopped:192 com.android.server.wm.ActivityClientController.activityStopped:97 android.app.IActivityClientController$Stub.onTransact:740 com.android.server.wm.ActivityClientController.onTransact:1 android.os.Binder.execTransactInternal:1462 android.os.Binder.execTransact:1401 
04-22 02:01:41.811 D/PkgPredictorService-SecIpmManagerServiceImpl( 1432): bg information pid:2439 uid:10153 pkgName:com.sec.android.app.launcher
04-22 02:01:41.811 D/SGM:GameManager( 1432): identifyForegroundApp. com.toov1.dovizaltin, mCurrentUserId: 0, callerUserId: 0
04-22 02:01:41.811 D/SGM:SemGameManager( 1432): isForegroundGame(), ret=false
04-22 02:01:41.811 D/SGM:GameManager( 1432): identifyForegroundApp. com.toov1.dovizaltin, mCurrentUserId: 0, callerUserId: 0
04-22 02:01:41.811 D/SGM:SemGameManager( 1432): isForegroundGame(), ret=false
04-22 02:01:41.814 I/WALLPAPER_SVC:SemWallpaperManagerService( 1432): isHomeActivityVisible : false 
04-22 02:01:41.814 D/WALLPAPER_SVC:WallpaperData( 1432): getWallpaperFile: file = /data/system/users/0/wallpaper_orig 
04-22 02:01:41.814 D/WALLPAPER_SVC:WallpaperData( 1432): getWallpaperFile: file = /data/system/users/0/wallpaper_orig 
04-22 02:01:41.814 D/WALLPAPER_SVC:WallpaperManagerService( 1432): dispatchHomeVisibilityChanged: visible = false, connection = com.android.server.wallpaper.WallpaperManagerService$WallpaperConnection@985ab2f, systemWallpaper = WallpaperData@77fe08b, id: 5, which: 7, file mod: 1772908080930, info: null, engine(s): Proxy@6b0975e, type = 0, userId = 0, uri= null, allowBackup= true, wallpaperComponent = ComponentInfo{com.android.systemui/com.android.systemui.wallpapers.ImageWallpaper}, nextWallpaperComponent = ComponentInfo{com.android.systemui/com.android.systemui.wallpapers.ImageWallpaper} 
04-22 02:01:41.815 I/SurfaceFlinger( 1064): [LayerHierarchy{RequestedLayerState{RemoteWallpaperAnim:1:1#7 parentId=4 z=1} 1 children}] reparent to LayerHierarchy{RequestedLayerState{OneHanded:0:14#4 parentId=3} 4 children}
04-22 02:01:41.815 I/SurfaceFlinger( 1064): [LayerHierarchy{RequestedLayerState{Surface(name=RemoteWallpaperAnim:1:1)/@0xd820055 - animation-leash of remote_wallpaper#73389} no children}] reparent to OffscreenRoot
04-22 02:01:41.815 I/SurfaceFlinger( 1064): [LayerHierarchy{RequestedLayerState{Surface(name=RemoteWallpaperAnim:1:1)/@0xd820055 - animation-leash of remote_wallpaper#73389} no children}] RelativeParent to null
04-22 02:01:41.815 I/SurfaceFlinger( 1064): [LayerHierarchy{RequestedLayerState{com.sec.android.app.launcher/com.sec.android.app.launcher.activities.LauncherActivity$_9384#73355} no children}] reparent to OffscreenRoot
04-22 02:01:41.815 I/SurfaceFlinger( 1064): [LayerHierarchy{RequestedLayerState{com.sec.android.app.launcher/com.sec.android.app.launcher.activities.LauncherActivity$_9384#73355} no children}] RelativeParent to null
04-22 02:01:41.815 I/SurfaceFlinger( 1064): [LayerHierarchy{RequestedLayerState{com.sec.android.app.launcher/com.sec.android.app.launcher.activities.LauncherActivity$_2439#73356} no children}] reparent to OffscreenRoot
04-22 02:01:41.815 I/SurfaceFlinger( 1064): [LayerHierarchy{RequestedLayerState{com.sec.android.app.launcher/com.sec.android.app.launcher.activities.LauncherActivity$_2439#73356} no children}] RelativeParent to null
04-22 02:01:41.816 I/SurfaceFlinger( 1064): id=73384 Removed Surface(name=Task=6086)/@0x735479_transition-leash#73384 (248)
04-22 02:01:41.816 D/BackgroundInstallControlService( 1432): Package event received: 0
04-22 02:01:41.817 I/SurfaceFlinger( 1064): id=73356 Removed com.sec.android.app.launcher/com.sec.android.app.launcher.activities.LauncherActivity$_2439#73356 (248)
04-22 02:01:41.817 I/SurfaceFlinger( 1064): id=73385 Removed Surface(name=Task=1)/@0xa8c861f_transition-leash#73385 (248)
04-22 02:01:41.817 I/SurfaceFlinger( 1064): id=73355 Removed com.sec.android.app.launcher/com.sec.android.app.launcher.activities.LauncherActivity$_9384#73355 (248)
04-22 02:01:41.817 I/SurfaceFlinger( 1064): id=73389 Removed Surface(name=RemoteWallpaperAnim:1:1)/@0xd820055 - animation-leash of remote_wallpaper#73389 (248)
04-22 02:01:41.822 I/SurfaceFlinger( 1064): destroyed Surface(name=RemoteWallpaperAnim:1:1)/@0xd820055 - animation-leash of remote_wallpaper#73389
04-22 02:01:41.822 I/SurfaceFlinger( 1064): destroyed com.sec.android.app.launcher/com.sec.android.app.launcher.activities.LauncherActivity$_9384#73355
04-22 02:01:41.822 I/SurfaceFlinger( 1064): destroyed com.sec.android.app.launcher/com.sec.android.app.launcher.activities.LauncherActivity$_2439#73356
04-22 02:01:41.822 I/SurfaceFlinger( 1064): destroyed Surface(name=Task=6086)/@0x735479_transition-leash#73384
04-22 02:01:41.822 I/SurfaceFlinger( 1064): destroyed Surface(name=Task=1)/@0xa8c861f_transition-leash#73385
04-22 02:01:41.824 I/Layer   ( 1064): id=73389 Destroyed Surface(name=RemoteWallpaperAnim:1:1)/@0xd820055 - animation-leash of remote_wallpaper#73389
04-22 02:01:41.824 I/Layer   ( 1064): id=73355 Destroyed com.sec.android.app.launcher/com.sec.android.app.launcher.activities.LauncherActivity$_9384#73355
04-22 02:01:41.824 I/Layer   ( 1064): id=73356 Destroyed com.sec.android.app.launcher/com.sec.android.app.launcher.activities.LauncherActivity$_2439#73356
04-22 02:01:41.826 I/Layer   ( 1064): id=73384 Destroyed Surface(name=Task=6086)/@0x735479_transition-leash#73384
04-22 02:01:41.826 I/Layer   ( 1064): id=73385 Destroyed Surface(name=Task=1)/@0xa8c861f_transition-leash#73385
04-22 02:01:41.827 I/Kumiho-Kumiho(21021): getPackageName: com.toov1.dovizaltin
04-22 02:01:41.866 D/InputTransport( 1432): Input channel destroyed: 'bdb23a6', fd=1181
04-22 02:01:41.866 I/HoneySpace.DiscoverClientCallback( 2439): onServiceStateChanged: false, false
04-22 02:01:41.866 I/HoneySpace.DiscoverClientCallback( 2439): discover page is not shown
04-22 02:01:41.866 I/HoneySpace.DiscoverClientCallback( 2439): discover page is not visible
04-22 02:01:41.867 I/CameraService( 1182): unregisterMonitorUid uid: 10264 last ref, remove it
04-22 02:01:41.867 E/AppOps  ( 1432): Bad call made by uid 1000. Package "com.google.android.googlequicksearchbox" does not belong to uid 1000.
04-22 02:01:41.868 I/Zygote  (  989): Process 9384 exited due to signal 9 (Killed)
04-22 02:01:41.868 D/InputMethodManagerService( 1432): onClientRemovedInternalLocked
04-22 02:01:41.868 I/WindowManager( 1432): WIN DEATH: Window{bdb23a6 u0 com.sec.android.app.launcher/com.sec.android.app.launcher.activities.LauncherActivity}
04-22 02:01:41.868 I/libprocessgroup( 1432): Removed cgroup /sys/fs/cgroup/apps/uid_10264/pid_9384
04-22 02:01:41.868 V/WindowManager( 1432): Remove Window{bdb23a6 u0 com.sec.android.app.launcher/com.sec.android.app.launcher.activities.LauncherActivity}: mSurfaceControl=null mAnimatingExit=false mRemoveOnExit=false mHasSurface=false surfaceShowing=false animating=false app-animation=false callers=com.android.server.wm.Session.binderDied:85 android.os.IBinder$DeathRecipient.binderDied:346 android.os.BinderProxy.sendDeathNotice:848 <bottom of call stack> <bottom of call stack> <bottom of call stack> 
04-22 02:01:41.868 D/ConnectivityService( 1432): releasing NetworkRequest [ REQUEST id=18695, [ Capabilities: INTERNET&NOT_RESTRICTED&TRUSTED&NOT_VCN_MANAGED&NOT_BANDWIDTH_CONSTRAINED Uid: 10264 RequestorUid: 10264 RequestorPkg: com.google.android.googlequicksearchbox UnderlyingNetworks: Null] ] (release request)
04-22 02:01:41.868 D/ConnectivityService( 1432):  Removing from current network [124 CELLULAR], leaving 192 requests.
04-22 02:01:41.868 D/SurfaceComposerClient( 1432): setCornerRadius ## 1548009 com.toov1.dovizaltin/com.toov1.dovizaltin.MainActivity#73379 cornerRadius=0.000000
04-22 02:01:41.868 D/ConnectivityService( 1432): releasing NetworkRequest [ REQUEST id=18699, [ Capabilities: INTERNET&NOT_RESTRICTED&TRUSTED&NOT_VCN_MANAGED&NOT_BANDWIDTH_CONSTRAINED Uid: 10264 RequestorUid: 10264 RequestorPkg: com.google.android.googlequicksearchbox UnderlyingNetworks: Null] ] (release request)
04-22 02:01:41.868 D/ConnectivityService( 1432):  Removing from current network [124 CELLULAR], leaving 191 requests.
04-22 02:01:41.869 D/SurfaceComposerClient( 1432): setCornerRadius ## 1548009 com.toov1.dovizaltin/com.toov1.dovizaltin.MainActivity#73379 cornerRadius=0.000000
04-22 02:01:41.869 W/BinderNative( 1432): Uncaught exception from death notification
04-22 02:01:41.869 W/BinderNative( 1432): java.lang.SecurityException: Specified package "com.google.android.googlequicksearchbox" under uid 1000 but it is not
04-22 02:01:41.869 W/BinderNative( 1432): 	at com.android.server.appop.AppOpsService.verifyAndGetBypass(qb/101203193 4f07a848ed7d8faf68a8413e188e5462dc581d052eceeda0e4b161899c8cf6d2:75)
04-22 02:01:41.869 W/BinderNative( 1432): 	at com.android.server.appop.AppOpsService.verifyAndGetBypass(qb/101203193 4f07a848ed7d8faf68a8413e188e5462dc581d052eceeda0e4b161899c8cf6d2:1)
04-22 02:01:41.869 W/BinderNative( 1432): 	at com.android.server.appop.AppOpsService.stopWatchingAsyncNoted(qb/101203193 4f07a848ed7d8faf68a8413e188e5462dc581d052eceeda0e4b161899c8cf6d2:21)
04-22 02:01:41.869 W/BinderNative( 1432): 	at com.android.server.appop.AppOpsService$$ExternalSyntheticLambda1.onInterfaceDied(qb/101203193 4f07a848ed7d8faf68a8413e188e5462dc581d052eceeda0e4b161899c8cf6d2:11)
04-22 02:01:41.869 W/BinderNative( 1432): 	at android.os.RemoteCallbackList$Builder$1.onCallbackDied(RemoteCallbackList.java:337)
04-22 02:01:41.869 W/BinderNative( 1432): 	at android.os.RemoteCallbackList$Interface.binderDied(RemoteCallbackList.java:229)
04-22 02:01:41.869 W/BinderNative( 1432): 	at android.os.IBinder$DeathRecipient.binderDied(IBinder.java:346)
04-22 02:01:41.869 W/BinderNative( 1432): 	at android.os.BinderProxy.sendDeathNotice(BinderProxy.java:848)
04-22 02:01:41.870 W/ActivityManager( 1432): Scheduling restart of crashed service com.google.android.googlequicksearchbox/com.google.android.apps.gsa.nowoverlayservice.DrawerOverlayService in 1000ms for connection
04-22 02:01:41.871 D/BoundBrokerSvc( 8859): onUnbind: Intent { act=com.google.android.gms.inappreach.service.START dat=chimera-action:/... xflg=0x4 cmp=com.google.android.gms/.chimera.GmsApiService }
04-22 02:01:41.872 W/ActivityManager( 1432): setHasOverlayUi called on unknown pid: 9384
04-22 02:01:41.879 I/SurfaceFlinger( 1064): [LayerHierarchy{RequestedLayerState{bdb23a6 com.sec.android.app.launcher/com.sec.android.app.launcher.activities.LauncherActivity#73056 z=1} no children}] reparent to OffscreenRoot
04-22 02:01:41.879 I/SurfaceFlinger( 1064): [LayerHierarchy{RequestedLayerState{bdb23a6 com.sec.android.app.launcher/com.sec.android.app.launcher.activities.LauncherActivity#73056 z=1} no children}] RelativeParent to null
04-22 02:01:41.880 I/SurfaceFlinger( 1064): id=73056 Removed bdb23a6 com.sec.android.app.launcher/com.sec.android.app.launcher.activities.LauncherActivity#73056 (243)
04-22 02:01:41.887 I/SurfaceFlinger( 1064): destroyed bdb23a6 com.sec.android.app.launcher/com.sec.android.app.launcher.activities.LauncherActivity#73056
04-22 02:01:41.888 I/Layer   ( 1064): id=73056 Destroyed bdb23a6 com.sec.android.app.launcher/com.sec.android.app.launcher.activities.LauncherActivity#73056
04-22 02:01:41.892 I/Kumiho-Kumiho(21021): getPackageName: com.toov1.dovizaltin
04-22 02:01:41.940 I/AppWidgetServiceImpl( 1432): getInstalledProvidersForProfiles lock in null
04-22 02:01:41.940 I/AppWidgetServiceImpl( 1432): getInstalledProvidersForProfiles lock exit 39
04-22 02:01:41.941 W/ParceledListSlice( 1432): Element #22 is 21040 bytes.
04-22 02:01:41.941 W/ParceledListSlice( 1432): Overly large reply size: 84416
04-22 02:01:41.941 W/ParceledListSlice( 1432): Element #23 is 20868 bytes.
04-22 02:01:41.941 W/ParceledListSlice( 1432): Element #26 is 21260 bytes.
04-22 02:01:41.941 W/ParceledListSlice( 1432): Element #28 is 20796 bytes.
04-22 02:01:41.941 W/ParceledListSlice( 1432): Overly large reply size: 83340
04-22 02:01:41.941 D/MdnieScenarioControlService( 1432):  packageName : com.toov1.dovizaltin    className : com.toov1.dovizaltin.MainActivity
04-22 02:01:41.941 W/ParceledListSlice( 1432): Element #35 is 17848 bytes.
04-22 02:01:41.941 V/MdnieScenarioControlService( 1432): setUIMode from UI function(3)
04-22 02:01:41.942 I/AppWidgetServiceImpl( 1432): getInstalledProvidersForProfiles lock in null
04-22 02:01:41.942 I/AppWidgetServiceImpl( 1432): getInstalledProvidersForProfiles lock exit 39
04-22 02:01:41.943 W/ParceledListSlice( 1432): Element #22 is 21040 bytes.
04-22 02:01:41.943 W/ParceledListSlice( 1432): Overly large reply size: 84416
04-22 02:01:41.943 W/ParceledListSlice( 1432): Element #23 is 20868 bytes.
04-22 02:01:41.943 W/ParceledListSlice( 1432): Element #26 is 21260 bytes.
04-22 02:01:41.943 W/ParceledListSlice( 1432): Element #28 is 20796 bytes.
04-22 02:01:41.943 W/ParceledListSlice( 1432): Overly large reply size: 83340
04-22 02:01:41.944 W/ParceledListSlice( 1432): Element #35 is 17848 bytes.
04-22 02:01:41.944 I/AppWidgetManager(21021): updateAppWidget() appWidgetIds = [19]
04-22 02:01:41.944 I/AppWidgetServiceImpl( 1432): Null RemoteViews on updateAppWidgetIds
04-22 02:01:41.956 D/NOTIFEE (21021): (NotificationAndroidModel): Notification small icon 'ic_notification' could not be found
04-22 02:01:41.958 I/NotificationManager(21021): com.toov1.dovizaltin: notify(-169915944, null, Notification(channel=carsi-ongoing shortcut=null contentView=null vibrate=null sound=null defaults=0 flags=ONGOING_EVENT|ONLY_ALERT_ONCE color=0xff0b3d91 vis=PRIVATE semFlags=0x0 semPriority=0 semMissedCount=0)) as user
04-22 02:01:41.958 D/NotificationManager(21021): BOOTING pkg =com.toov1.dovizaltin mBlockedChannelsForOverflowNoti=[]
04-22 02:01:41.958 D/AndroidRuntime(21021): Shutting down VM
--------- beginning of crash
04-22 02:01:41.958 E/AndroidRuntime(21021): FATAL EXCEPTION: main
04-22 02:01:41.958 E/AndroidRuntime(21021): Process: com.toov1.dovizaltin, PID: 21021
04-22 02:01:41.958 E/AndroidRuntime(21021): java.lang.RuntimeException: Unable to start service app.notifee.core.ForegroundService@7f446fa with Intent { act=app.notifee.core.ForegroundService.START xflg=0x4 cmp=com.toov1.dovizaltin/app.notifee.core.ForegroundService (has extras) }: java.lang.IllegalArgumentException: Invalid notification (no valid small icon): Notification(channel=carsi-ongoing shortcut=null contentView=null vibrate=null sound=null defaults=0 flags=ONGOING_EVENT|ONLY_ALERT_ONCE color=0xff0b3d91 vis=PRIVATE semFlags=0x0 semPriority=0 semMissedCount=0)
04-22 02:01:41.958 E/AndroidRuntime(21021): 	at android.app.ActivityThread.handleServiceArgs(ActivityThread.java:6105)
04-22 02:01:41.958 E/AndroidRuntime(21021): 	at android.app.ActivityThread.-$$Nest$mhandleServiceArgs(Unknown Source:0)
04-22 02:01:41.958 E/AndroidRuntime(21021): 	at android.app.ActivityThread$H.handleMessage(ActivityThread.java:2974)
04-22 02:01:41.958 E/AndroidRuntime(21021): 	at android.os.Handler.dispatchMessage(Handler.java:110)
04-22 02:01:41.958 E/AndroidRuntime(21021): 	at android.os.Looper.loopOnce(Looper.java:273)
04-22 02:01:41.958 E/AndroidRuntime(21021): 	at android.os.Looper.loop(Looper.java:363)
04-22 02:01:41.958 E/AndroidRuntime(21021): 	at android.app.ActivityThread.main(ActivityThread.java:10060)
04-22 02:01:41.958 E/AndroidRuntime(21021): 	at java.lang.reflect.Method.invoke(Native Method)
04-22 02:01:41.958 E/AndroidRuntime(21021): 	at com.android.internal.os.RuntimeInit$MethodAndArgsCaller.run(RuntimeInit.java:632)
04-22 02:01:41.958 E/AndroidRuntime(21021): 	at com.android.internal.os.ZygoteInit.main(ZygoteInit.java:975)
04-22 02:01:41.958 E/AndroidRuntime(21021): Caused by: java.lang.IllegalArgumentException: Invalid notification (no valid small icon): Notification(channel=carsi-ongoing shortcut=null contentView=null vibrate=null sound=null defaults=0 flags=ONGOING_EVENT|ONLY_ALERT_ONCE color=0xff0b3d91 vis=PRIVATE semFlags=0x0 semPriority=0 semMissedCount=0)
04-22 02:01:41.958 E/AndroidRuntime(21021): 	at android.app.NotificationManager.fixNotification(NotificationManager.java:1098)
04-22 02:01:41.958 E/AndroidRuntime(21021): 	at android.app.NotificationManager.notifyAsUser(NotificationManager.java:989)
04-22 02:01:41.958 E/AndroidRuntime(21021): 	at android.app.NotificationManager.notify(NotificationManager.java:850)
04-22 02:01:41.958 E/AndroidRuntime(21021): 	at androidx.core.app.NotificationManagerCompat.notify(NotificationManagerCompat.java:289)
04-22 02:01:41.958 E/AndroidRuntime(21021): 	at androidx.core.app.NotificationManagerCompat.notify(NotificationManagerCompat.java:270)
04-22 02:01:41.958 E/AndroidRuntime(21021): 	at app.notifee.core.ForegroundService.onStartCommand(SourceFile:50)
04-22 02:01:41.958 E/AndroidRuntime(21021): 	at android.app.ActivityThread.handleServiceArgs(ActivityThread.java:6087)
04-22 02:01:41.958 E/AndroidRuntime(21021): 	... 9 more
04-22 02:01:41.960 D/Debug   ( 1432): low && ship && 3rdparty app crash, do not dump
04-22 02:01:41.960 I/DropBoxManagerService( 1432): add tag=data_app_crash isTagEnabled=true flags=0x2
04-22 02:01:41.960 W/ActivityManager( 1432): crash : com.toov1.dovizaltin,10468
04-22 02:01:41.960 W/ActivityTaskManager( 1432):   Force finishing activity com.toov1.dovizaltin/.MainActivity
04-22 02:01:41.960 D/WindowManager( 1432): Transition is created, t=TransitionRecord{7a5e1f5 id=-1 type=CLOSE flags=0x10}, caller=com.android.server.wm.Transition.<init>:182 com.android.server.wm.TransitionController.createTransition:17 com.android.server.wm.TransitionController.requestTransitionIfNeeded:48 com.android.server.wm.RootWindowContainer$$ExternalSyntheticLambda34.accept:176 com.android.server.wm.Task.forAllLeafTasks:6 
04-22 02:01:41.960 D/BLASTSyncEngine( 1432): SyncGroup is created, id=4593, name=Transition-CLOSE, caller=com.android.server.wm.BLASTSyncEngine$SyncGroup.<init>:52 com.android.server.wm.TransitionController.moveToCollecting:79 com.android.server.wm.TransitionController.createTransition:46 com.android.server.wm.TransitionController.requestTransitionIfNeeded:48 com.android.server.wm.RootWindowContainer$$ExternalSyntheticLambda34.accept:176 com.android.server.wm.Task.forAllLeafTasks:6 com.android.server.wm.WindowContainer.forAllLeafTasks:4 
04-22 02:01:41.960 W/BLASTSyncEngine( 1432): setSyncMethod, id=4593, method=0, caller=com.android.server.wm.TransitionController.moveToCollecting:91 com.android.server.wm.TransitionController.createTransition:46 com.android.server.wm.TransitionController.requestTransitionIfNeeded:48 
04-22 02:01:41.960 V/WindowManager( 1432): Start collecting in Transition: TransitionRecord{7a5e1f5 id=4593 type=CLOSE flags=0x10}, caller=com.android.server.wm.TransitionController.createTransition:46 com.android.server.wm.TransitionController.requestTransitionIfNeeded:48 com.android.server.wm.RootWindowContainer$$ExternalSyntheticLambda34.accept:176 com.android.server.wm.Task.forAllLeafTasks:6 com.android.server.wm.WindowContainer.forAllLeafTasks:4 
04-22 02:01:41.960 V/WindowManager( 1432): Requesting StartTransition: TransitionRecord{7a5e1f5 id=4593 type=CLOSE flags=0x10}, caller=com.android.server.wm.TransitionController.requestTransitionIfNeeded:56 com.android.server.wm.RootWindowContainer$$ExternalSyntheticLambda34.accept:176 com.android.server.wm.Task.forAllLeafTasks:6 com.android.server.wm.WindowContainer.forAllLeafTasks:4 com.android.server.wm.DisplayArea.forAllLeafTasks:4 
04-22 02:01:41.961 V/WindowManager( 1432): Collecting in transition 4593: Task{c47b0d6 #6086 type=standard A=10468:com.toov1.dovizaltin}, caller=com.android.server.wm.Transition.collectExistenceChange:40 com.android.server.wm.Transition.collectClose:7 com.android.server.wm.ActivityRecord.finishIfPossible:50 com.android.server.wm.ActivityRecord.finishIfPossible:1 com.android.server.wm.RootWindowContainer$$ExternalSyntheticLambda34.accept:179 
04-22 02:01:41.961 D/WindowManager( 1432): prepareSync <SYNC_STATE_WAITING_FOR_DRAW>, mPrepareSyncSeqId=0, win=Window{1548009 u0 com.toov1.dovizaltin/com.toov1.dovizaltin.MainActivity}
04-22 02:01:41.961 D/ActivityTaskManager( 1432): scheduleTopResumedActivityChanged, onTop=false, r=ActivityRecord{45800689 u0 com.toov1.dovizaltin/.MainActivity t6086 f}}, caller=com.android.server.wm.ActivityTaskSupervisor.scheduleTopResumedActivityStateLossIfNeeded:19 com.android.server.wm.ActivityTaskSupervisor.updateTopResumedActivityIfNeeded:20 com.android.server.wm.TaskDisplayArea.positionChildAt:252 com.android.server.wm.WindowContainer.positionChildAt:84 com.android.server.wm.Task.positionChildAt:19 com.android.server.wm.Task.moveToFront:40 
04-22 02:01:41.961 V/WindowManager( 1432): Collecting in transition 4593: ActivityRecord{45800689 u0 com.toov1.dovizaltin/.MainActivity t6086 f}}, caller=com.android.server.wm.TransitionController.collect:7 com.android.server.wm.ActivityRecord.setVisibility:132 com.android.server.wm.ActivityRecord.finishIfPossible:87 com.android.server.wm.ActivityRecord.finishIfPossible:1 com.android.server.wm.RootWindowContainer$$ExternalSyntheticLambda34.accept:179 
04-22 02:01:41.961 V/WindowManagerShell( 1877): Transition requested (#4593): android.os.BinderProxy@145ded3 TransitionRequestInfo { type = CLOSE, triggerTask = TaskInfo{userId=0 taskId=6086 effectiveUid=10468 displayId=0 isRunning=true baseIntent=Intent { act=android.intent.action.MAIN cat=[android.intent.category.LAUNCHER] flg=0x10200000 cmp=com.toov1.dovizaltin/.MainActivity } baseActivity=ComponentInfo{com.toov1.dovizaltin/com.toov1.dovizaltin.MainActivity} topActivity=ComponentInfo{com.toov1.dovizaltin/com.toov1.dovizaltin.MainActivity} origActivity=null realActivity=ComponentInfo{com.toov1.dovizaltin/com.toov1.dovizaltin.MainActivity} numActivities=1 lastActiveTime=265733791 supportsMultiWindow=true resizeMode=1 isResizeable=true minWidth=-1 minHeight=-1 maxWidth=-1 maxHeight=-1 defaultMinSize=220 desktopDefaultMinSize=304 token=WCT{android.window.IWindowContainerToken$Stub$Proxy@ed65a10} topActivityType=1 pictureInPictureParams=null shouldDockBigOverlays=false launchIntoPipHostTaskId=-1 lastParentTaskIdBeforePip=-1 displayCutoutSafeInsets=Rect(0, 0 - 0, 0) topActivityInfo=ActivityInfo{9156909 com.toov1.dovizaltin.MainActivity} launchCookies=[android.os.BinderProxy@30cd945] positionInParent=Point(0, 0) parentTaskId=-1 isFocused=true isVisible=true isVisibleRequested=true isTopActivityNoDisplay=false isSleeping=false locusId=null displayAreaFeatureId=1 isTopActivityTransparent=false isActivityStackTransparent=false lastNonFullscreenBounds=Rect(81, 557 - 999, 1727) capturedLink=null capturedLinkTimestamp=0 requestedVisibleTypes=-9 topActivityRequestOpenInBrowserEducationTimestamp=0 appCompatTaskInfo=AppCompatTaskInfo { topActivityInSizeCompat=false eligibleForLetterboxEducation= false isLetterboxEducationEnabled= false isLetterboxDoubleTapEnabled= false eligibleForUserAspectRatioButton= false topActivityBoundsLetterboxed= false isFromLetterboxDoubleTap= false topActivityLetterboxVerticalPosition= -1 topActivityLetterboxHorizontalPosition= -1 topActivityLetterboxWidth=-1 topActivityLetterboxHeight=-1 topActivityAppBounds=Rect(0, 0 - 1080, 2340) isUserFullscreenOverrideEnabled=false isSystemFullscreenOverrideEnabled=false hasMinAspectRatioOverride=false topActivityLetterboxBounds=null cameraCompatTaskInfo=CameraCompatTaskInfo { freeformCameraCompatMode=inactive} topActivityBounds=null topActivityInDisplayCompat=false singleTapFromLetterbox=false} topActivityMainWindowFrame=null originallySupportedMultiWindow=true hasWallpaper=false rootAffinity=10468:com.toov1.dovizaltin isTopTaskInStage=false CoverLauncherWidgetTask=false LaunchedFromAppsCoverLauncherTask=false LaunchedFromMultistarCoverLauncherTask=false isAllowedSeamlessRotation=false isTopTransparentActivity=false isAliasManaged=false hasConfigChanged=false snappingGuideBounds=null isAiKeyRemoveAppTask=false lastDesktopWindowingBounds=null lastExternalDesktopWindowingBounds=null safeCutoutInsets=null}, pipChange = null, remoteTransition = null, displayChange = null, flags = 16, debugId = 4593 }
04-22 02:01:41.961 V/ShellDesktopMode( 1877): DesktopTasksController: isDesktopModeShowing: hasVisibleTasks=false hasTopTransparentFullscreenTask=false
04-22 02:01:41.962 V/ShellDesktopMode( 1877): DesktopTasksController: isDesktopModeShowing: hasVisibleTasks=false hasTopTransparentFullscreenTask=false
04-22 02:01:41.962 D/ShellDesktopMode( 1877): handleRequest: TransitionRequestInfo {type=2, tid=6086, f=16, debugId=4593}
04-22 02:01:41.962 V/ShellDesktopMode( 1877): DesktopTasksController: skipping handleRequest reason=transition type not handled (2)
04-22 02:01:41.962 D/NOTIFEE (21021): (NotificationAndroidModel): Notification small icon 'ic_notification' could not be found
04-22 02:01:41.963 V/WindowManager( 1432): Collecting in transition 4593: ActivityRecord{106574585 u0 com.sec.android.app.launcher/.activities.LauncherActivity t5770}, caller=com.android.server.wm.TransitionController.collect:7 com.android.server.wm.ActivityRecord.setVisibility:132 com.android.server.wm.ActivityRecord.makeVisibleIfNeeded:36 com.android.server.wm.EnsureActivitiesVisibleHelper.process:538 com.android.server.wm.TaskFragment.updateActivityVisibilities:12 
04-22 02:01:41.963 D/WindowManager( 1432): prepareSync <SYNC_STATE_WAITING_FOR_DRAW>, mPrepareSyncSeqId=0, win=Window{b840391 u0 com.sec.android.app.launcher/com.sec.android.app.launcher.activities.LauncherActivity}
04-22 02:01:41.963 V/WindowManager( 1432): Setting visibility of Window{b840391 u0 com.sec.android.app.launcher/com.sec.android.app.launcher.activities.LauncherActivity}: true, caller=com.android.server.wm.WindowContainer.sendAppVisibilityToClients:19 com.android.server.wm.WindowToken.setClientVisible:48 com.android.server.wm.ActivityRecord.setVisibility:486 com.android.server.wm.ActivityRecord.makeVisibleIfNeeded:36 com.android.server.wm.EnsureActivitiesVisibleHelper.process:538 
04-22 02:01:41.963 I/VRI[LauncherActivity]@f88b733( 2439): handleAppVisibility mAppVisible = false visible = true
04-22 02:01:41.963 D/SurfaceComposerClient( 1432): setCornerRadius ## b840391 com.sec.android.app.launcher/com.sec.android.app.launcher.activities.LauncherActivity#126 cornerRadius=0.000000
04-22 02:01:41.964 I/ActivityManager( 1432): Showing crash dialog for package com.toov1.dovizaltin u0
04-22 02:01:41.964 D/IAFDDiagnosis( 1432): parseExpType start
04-22 02:01:41.964 D/ActivityManager( 1432): step1: IAFD parse pass, will call showIAFDCrashDialogs
04-22 02:01:41.964 D/IAFDDiagnosis( 1432): getExpType() expType=20
04-22 02:01:41.964 W/ActivityTaskManager( 1432):   Force finishing activity com.toov1.dovizaltin/.MainActivity
04-22 02:01:41.964 D/IAFDDiagnosis( 1432): Show3rdAppErrorUiExt() startService SM
04-22 02:01:41.964 D/IAFDDiagnosis( 1432): getExpType() expType=20
04-22 02:01:41.964 V/WindowManager( 1432): Cleaning splash screen token=ActivityRecord{45800689 u0 com.toov1.dovizaltin/.MainActivity t6086 f}}
