04-23 02:28:42.120 I/id.diagmonagent( 3827): Explicit concurrent mark compact GC freed 799KB AllocSpace bytes, 26(1352KB) LOS objects, 91% free, 2236KB/26MB, paused 195us,1.554ms total 31.436ms
04-23 02:28:42.120 D/NotificationPanelView( 1865): setNowBarExpandMode() enabled = false, duration = 300, listener = null, mKeyguardSecBottomArea = com.android.systemui.statusbar.phone.KeyguardSecBottomAreaView{958fea5 V.E...... ........ 0,0-1080,2340 #7f0a05fd app:id/keyguard_bottom_shortcut_area}
04-23 02:28:42.120 D/KeyguardSecAffordanceView( 1865): setNowBarExpandMode interactive: false, mIsNowBarVisible: false, LeftShortcut
04-23 02:28:42.120 D/KeyguardSecAffordanceView( 1865): setNowBarExpandMode interactive: false, mIsNowBarVisible: false, RightShortcut
04-23 02:28:42.120 D/KeyguardIndication( 1865): setVisible() false in dozing
04-23 02:28:42.120 D/KeyguardSecIndicationPolicy( 1865):  remove Item pos = DEFAULT, type =     LEGACY_TRANSIENT
04-23 02:28:42.120 D/KeyguardSecIndicationController( 1865): addTrustAgentHelp false
04-23 02:28:42.120 D/KeyguardSecIndicationPolicy( 1865):  remove Item pos = DEFAULT, type =     TRUST_AGENT_HELP
04-23 02:28:42.120 D/KeyguardSecIndicationController( 1865): addUsbRestriction false/isSecure=true
04-23 02:28:42.120 D/KeyguardSecIndicationPolicy( 1865):  remove Item pos = DEFAULT, type =      USB_RESTRICTION
04-23 02:28:42.120 D/KeyguardSecIndicationController( 1865): addBatteryAndOwnerInfoIndication() battery status = BatteryStatus{status=2,level=33,plugged=2,chargingStatus=0,maxChargingWattage=-1,remaining=5671000ultraFastCharger=1}
04-23 02:28:42.121 D/KeyguardSecIndicationPolicy( 1865):  add T Event pos = DEFAULT, type =              BATTERY, id =   205, text =  %33
04-23 02:28:42.121 D/KeyguardSecIndicationPolicy( 1865): Dolmasına 1 sa 34 dk kaldı, duration = 3000
04-23 02:28:42.121 D/KeyguardSecIndicationPolicy( 1865):   update top pos = DEFAULT, item = [id=203|ty=BATTERY|pr=40|txt= %33
04-23 02:28:42.121 D/KeyguardSecIndicationPolicy( 1865): Dolmasına 1 sa 34 dk kaldı|ti=duration=3000|an=false] -> [id=205|ty=BATTERY|pr=40|txt= %33
04-23 02:28:42.121 D/KeyguardSecIndicationPolicy( 1865): Dolmasına 1 sa 34 dk kaldı|ti=duration=3000|an=false]
04-23 02:28:42.121 D/KeyguardSecIndicationController( 1865): onIndicationChanged() return - keyguard is not visible, pos = DEFAULT, item = [id=205|ty=BATTERY|pr=40|txt= %33
04-23 02:28:42.121 D/KeyguardSecIndicationController( 1865): Dolmasına 1 sa 34 dk kaldı|ti=duration=3000|an=false]
04-23 02:28:42.121 D/KeyguardSecIndicationPolicy( 1865): update Event pos = DEFAULT, type =      BATTERY_RESTING, id =   206, text =  %33
04-23 02:28:42.121 D/KeyguardSecIndicationPolicy( 1865): Dolmasına 1 sa 34 dk kaldı
04-23 02:28:42.121 D/SecQuickSettingsAffordanceInteractor( 1865): setNowBarExpandMode enable = false
04-23 02:28:42.121 I/NowBarCardViewModel( 1865): refreshViewForPositioning screenHeight 2340 currentBottomMargin 534
04-23 02:28:42.121 I/NowBarCardViewModel( 1865): refreshViewForPositioning, currentBottomMargin:534
04-23 02:28:42.121 I/NowBarItemManager( 1865): getVisibleList isScreenTurnedOn = false / aodShowState false shouldControlScreenOff false visibleList size = 0
04-23 02:28:42.121 I/BSS_OpticalController(24218): handleMessage = 3, 0, 0
04-23 02:28:42.121 I/NowBarCardStackView( 1865): refreshAllViews itemList 0 aod.o5.s:71 aod.Sw0.B:16 com.samsung.android.app.facewidget.utils.NowBarCardStackView.m:14 com.samsung.android.app.facewidget.presentation.NowBarCardViewModel.n:436 aod.Pi0.a:39 com.samsung.android.app.facewidget.FaceWidgetViewModel.onFinishedGoingToSleep:52 com.samsung.android.app.facewidget.plugin.PluginKeyguardStatusViewImpl.onFinishedGoingToSleep:4 java.lang.reflect.Method.invoke:-2 com.android.systemui.plugins.annotations.VersionCheckingProxy.invoke:100 java.lang.reflect.Proxy.invoke:1006 $Proxy8.onFinishedGoingToSleep:-1 com.android.systemui.facewidget.plugin.FaceWidgetWakefulnessLifecycleWrapper$1.onFinishedGoingToSleep:7 com.android.systemui.keyguard.WakefulnessLifecycle$$ExternalSyntheticLambda0.accept:12 com.android.systemui.keyguard.SecLifecycle.dispatch:171 com.android.systemui.keyguard.KeyguardLifecyclesDispatcher$KeyguardLifecycleHandler.handleMessage:66
04-23 02:28:42.121 E/NowBarCardStackView( 1865): getTopCard topCard is null view size = 0
04-23 02:28:42.121 I/NowBarCardStackView( 1865): refreshAllViews topcard is null
04-23 02:28:42.121 I/NowBarCardStackView( 1865): refreshAllViews prev = 0 / new = 0   ==>
04-23 02:28:42.121 E/NowBarCardStackView( 1865): getTopCard topCard is null view size = 0
04-23 02:28:42.121 D/FaceWidgetClockPage( 1865): updateClockSuspendState() reason = sleep, suspend=true, pause=false, kv=true, wa=true, di=false, wu=false, aodDash=false
04-23 02:28:42.121 I/BSS_DisplayStateManager(24218): HBM=0
04-23 02:28:42.122 I/DigitalVerticalClockView_LOCK_SCREEN_1@850( 1865): suspend : mSuspend = true, enable = true
04-23 02:28:42.122 D/KeyguardSecIndicationPolicy( 1865):    removeAll
04-23 02:28:42.122 D/KeyguardSecIndicationPolicy( 1865):   update top pos = DEFAULT, item = [id=205|ty=BATTERY|pr=40|txt= %33
04-23 02:28:42.122 D/KeyguardSecIndicationPolicy( 1865): Dolmasına 1 sa 34 dk kaldı|ti=duration=3000|an=false] -> [id=0|ty=EMPTY_LOW|pr=1|txt=|ti=duration=PERSISTENT|an=false]
04-23 02:28:42.122 D/PowerUI.Notification( 1865): dismissUnintentionallyLcdOnNotice
04-23 02:28:42.122 D/S.S.N.  ( 1865):  onFinishedGoingToSleep
04-23 02:28:42.122 D/QuickPanelLog( 1865): NPVC | setTouchAndAnimationDisabled: true -> true
04-23 02:28:42.122 D/QuickPanelLog( 1865):  - com.android.systemui.shade.NotificationPanelViewController.setTouchAndAnimationDisabled:30
04-23 02:28:42.122 D/QuickPanelLog( 1865):  - com.android.systemui.statusbar.phone.CentralSurfacesImpl.updateNotificationPanelTouchState:91
04-23 02:28:42.122 D/QuickPanelLog( 1865):  - com.android.systemui.statusbar.phone.CentralSurfacesImpl$9.onFinishedGoingToSleep:24
04-23 02:28:42.122 D/QuickPanelLog( 1865):  - com.android.systemui.keyguard.WakefulnessLifecycle$$ExternalSyntheticLambda0.accept:12
04-23 02:28:42.122 D/QuickPanelLog( 1865):  - com.android.systemui.keyguard.SecLifecycle.dispatch:171
04-23 02:28:42.122 D/QuickPanelLog( 1865):  - com.android.systemui.keyguard.KeyguardLifecyclesDispatcher$KeyguardLifecycleHandler.handleMessage:66
04-23 02:28:42.122 D/QuickPanelLog( 1865):  - android.os.Handler.dispatchMessage:110
04-23 02:28:42.122 D/QuickPanelLog( 1865):  - android.os.Looper.loopOnce:273
04-23 02:28:42.122 D/QuickPanelLog( 1865):  - android.os.Looper.loop:363
04-23 02:28:42.122 D/QuickPanelLog( 1865):  - android.app.ActivityThread.main:10060
04-23 02:28:42.122 D/KeyguardTouchAnimator( 1865): onExpansionReset
04-23 02:28:42.122 D/KeyguardFace( 1865): shouldListenForFace ( isFaceDefaultCondition = false , isKeyguardVisible = true , isDeviceInteractive = false , mPrimaryBouncerFullyShown = false , isSwitchingUser = false , mIsDreamingForBiometrics = true , isGoingToSleep = false , isKeyguardGoingAway = false , mKeyguardUnlocking = false , isEarlyWakeUp = false , mIsScreenSaverRunning = false , mSystemReady = true , getUserUnlockedWithBiometric = false , isKeyguardShowing = true , isKeyguardOccluded = false , mHasFocus = true)
04-23 02:28:42.122 D/KeyguardFace( 1865): shouldListenForFace ( return false, Face is not default condition)
04-23 02:28:42.122 D/KeyguardFace( 1865): Can't stop stopListeningForFace(), mFaceRunningState = 0
04-23 02:28:42.122 D/KeyguardTouchAnimator( 1865): reset unlockExecuted=false
04-23 02:28:42.122 D/KeyguardEditModeAnimatorController( 1865): reset true
04-23 02:28:42.122 D/KeyguardTouchAnimator( 1865): resetChildViewVI(): isUnlockExecuted=false scale=1.0
04-23 02:28:42.123 I/PluginFaceWidgetManager( 1865): isEditMode = false
04-23 02:28:42.123 I/NowBarItemManager( 1865): getVisibleList isScreenTurnedOn = false / aodShowState false shouldControlScreenOff false visibleList size = 0
04-23 02:28:42.123 D/LockScreenNotiIconCoordinator( 1865): onExpansionReset
04-23 02:28:42.124 D/NavBarView( 1865): disableBack=false (isBackDismissIme=false, handlingGestures=false, disabledFlagBack=false, isBottomGesture=false, isImeRenderingNavButtons=false)
04-23 02:28:42.124 D/Navbar.Store( 1865): handleEvent(0) OnUpdateSysUiStateFlag(noArguments=true) [Module] SamsungNavigationBarView
04-23 02:28:42.124 D/Navbar.Store( 1865): --[Band]GESTURE_PACK_UPDATE_SYSTEMUI_STATE_FLAG
04-23 02:28:42.124 D/Navbar.Store( 1865): --[Band] (afterAction) GESTURE_PACK_UPDATE_SYSTEMUI_STATE_FLAG
04-23 02:28:42.124 D/KeyguardSecBottomAreaViewController( 1865): mCanIndicationAreaUpdate set to false
04-23 02:28:42.124 D/AppController( 1865): screen_off : action = android.intent.action.SCREEN_OFF
04-23 02:28:42.125 I/EyeComfortSolutionService( 1426): action  :  android.intent.action.SCREEN_OFF
04-23 02:28:42.125 I/HoneySpace.ScreenTurningOffHelper( 2347): Receive broadcast screen off
04-23 02:28:42.125 D/AppController( 1865): screen_off : unregist SensorManager
04-23 02:28:42.125 I/HoneySpace.EdgePanel.ScreenStateObserver( 2347): KeyguardStateReceiver action : com.samsung.keyguard.KEYGUARD_STATE_UPDATE
04-23 02:28:42.125 D/Tile.SoundModeTile( 1865): handleUpdateState: profile 1, muteAllSound false
04-23 02:28:42.125 I/SensorsHub( 1018): activate: handle 27 enable 0
04-23 02:28:42.125 I/SensorsHub( 1018): type : 27, enable : 0
04-23 02:28:42.126 D/SemWifiApIntentHandler( 1426): rcvd:android.intent.action.SCREEN_OFF
04-23 02:28:42.126 D/SemWifiApPowerSaveImpl( 1426): Lcd OFF
04-23 02:28:42.127 D/SemWifiApSmartBleScanner( 1426): Screen is OFF, restarting scanning
04-23 02:28:42.127 I/SemWifiApAdvancedAutohotspotService( 1426):  Screen OFF
04-23 02:28:42.127 D/SemWifiApSmartClient( 1426): LCD is OFF,so stop client advertisement by ScreenStateListener
04-23 02:28:42.127 I/SemWifiApAdvancedAutohotspotService( 1426): got: CMD_SCREEN_OFF
04-23 02:28:42.127 D/SemWifiApAdvancedAutohotspotService( 1426): prev history :10
04-23 02:28:42.127 D/SemWifiApSmartGattClient( 1426): mHotspotVersion value : 0
04-23 02:28:42.127 I/SensorsHub( 1018): SensorHubSensor::fileManager: WRITE
04-23 02:28:42.127 D/BluetoothAdapter( 1426): isLeEnabled(): BLE_ON
04-23 02:28:42.127 D/BluetoothLeScanner( 1426): Stop Scan with callback
04-23 02:28:42.127 D/SemWifiApSmartClient( 1426): setWifiApSmartClient:false
04-23 02:28:42.128 I/BatteryService_BatteryPropertiesRegistrar( 1426): [getProperty]id:4
04-23 02:28:42.128 I/BatteryService_BatteryPropertiesRegistrar( 1426): [getProperty]prop.long:-9223372036854775808 ,prop.string:null
04-23 02:28:42.129 D/CAE     ( 1426): doCommendProcess(ContextAwareService.java:396) - complete notify the operation result.
04-23 02:28:42.129 D/ActivityManager( 1426): sync unfroze 2846 com.samsung.android.fmm for 3
04-23 02:28:42.129 I/ActivityManager( 1426): Changes in 10125 10 to 10, 0 to 128
04-23 02:28:42.130 I/CAE     ( 1426): displayUsedCountForService(ContextAwareService.java:460) - totalCnt = 0, serviceCount = 0, subCollectionCount = 0
04-23 02:28:42.130 D/CAE     ( 1426): showListenerList(ContextAwareService.java:325) - ===== Context Aware Service List =====
04-23 02:28:42.130 I/CAE     ( 1426): showListenerList(ContextAwareService.java:334) - Listener : com.samsung.android.contextaware.manager.ContextAwareService$Listener@7a2d562, Service : ACTIVITY_TRACKER_CURRENT_INFO(1)
04-23 02:28:42.130 I/CAE     ( 1426): showListenerList(ContextAwareService.java:334) - Listener : com.samsung.android.contextaware.manager.ContextAwareService$Listener@7a2d562, Service : ACTIVITY_TRACKER_INTERRUPT(1)
04-23 02:28:42.130 I/CAE     ( 1426): showListenerList(ContextAwareService.java:334) - Listener : com.samsung.android.contextaware.manager.ContextAwareService$Listener@7a2d562, Service : ACTIVITY_TRACKER_BATCH(1)
04-23 02:28:42.130 I/CAE     ( 1426): showListenerList(ContextAwareService.java:334) - Listener : com.samsung.android.contextaware.manager.ContextAwareService$Listener@7a2d562, Service : PEDOMETER(1)
04-23 02:28:42.130 I/CAE     ( 1426): showListenerList(ContextAwareService.java:334) - Listener : com.samsung.android.contextaware.manager.ContextAwareService$Listener@7a2d562, Service : SLOCATION_RUNNER(1)
04-23 02:28:42.130 I/CAE     ( 1426): showListenerList(ContextAwareService.java:334) - Listener : com.samsung.android.contextaware.manager.ContextAwareService$Listener@7a2d562, Service : FREE_FALL_DETECTION(1)
04-23 02:28:42.131 W/CAE     ( 1426): unregisterCallback(ContextAwareService.java:251) - [unregi 02] Mutex is unlocked for ACTIVITY_TRACKER
04-23 02:28:42.131 D/SemContextService( 1426):  .unregisterCallback : 5, client= android
04-23 02:28:42.131 D/SemContextService( 1426): unlock : unregisterCallback
04-23 02:28:42.131 D/SemContextManager( 1426):   .unregisterListener : listener = com.samsung.android.gesture.PocketMotionManager@a4ed3b5, service=Activity Tracker
04-23 02:28:42.131 E/PocketMotionManager( 1426): unregister activity tracker
04-23 02:28:42.131 D/SemInputDeviceManager( 1426): setProperty: (100) CMD,LOW_SENSITIVITY,0
04-23 02:28:42.131 I/HoneySpace.SystemUiRepository( 2347): systemUiFlags: overview_disabled|home_disabled|notif_expanded|keygrd_visible|device_dozing|notif_visible
04-23 02:28:42.132 I/SemInputCommandService( 1426): setPropertyAllTouch: LOW_SENSITIVITY,0 retDefault=1 retExtra=-2
04-23 02:28:42.132 D/PocketModeEvent( 1426): UNKNOWN_INSENSITIVE_MODE
04-23 02:28:42.132 D/SensorManager( 1865): unregisterListener
04-23 02:28:42.132 D/SemInputDevice:TSP( 1426): SetPropertyTask: CMD,low_sensitivity_mode_enable,0 [04-23 02:28:42.131]
04-23 02:28:42.132 D/SecVolume.VolumePanelStore( 1865): dispatch [ACTION_SCREEN_OFF with [STATE_NO_DISPATCH], currentAction={isFromOutside : true}, currentState={activeStream=3(vol=700), stream=3(vol=700) } isVoiceCapable : true, isSetupWizardComplete : true, isHasVibrator : true, isCaptionComponentEnabled : true, pinDevice : 0, activeStream : 3, timeOutControls : 0, timeOutControlsText : 0, ringerModeInternal : 1, cutoutHeight : 0, iconTargetState : 2, iconCurrentState : 2, timeOut : 3000, stream : 3, earProtectLevel : 909, systemTimeNow : 87979}
04-23 02:28:42.132 D/SecVolume.VolumePanelStore( 1865):   > New State : [STATE_NO_DISPATCH]
04-23 02:28:42.132 W/Bundle  ( 1865): Key reason expected String but value was a java.lang.Integer.  The default value <null> was returned.
04-23 02:28:42.132 W/Bundle  ( 1865): Attempt to cast generated internal exception:
04-23 02:28:42.132 W/Bundle  ( 1865): java.lang.ClassCastException: java.lang.Integer cannot be cast to java.lang.String
04-23 02:28:42.132 W/Bundle  ( 1865):   at android.os.BaseBundle.getString(BaseBundle.java:1448)
04-23 02:28:42.132 W/Bundle  ( 1865):   at android.content.Intent.getStringExtra(Intent.java:10239)
04-23 02:28:42.132 W/Bundle  ( 1865):   at com.android.systemui.globalactions.GlobalActionsDialogLite$7.onReceive(qb/101203193 32b71ea45d7817f9c172826e1e9d8f87a5ea3f89a52766daebd4e4d238efc354:54)
04-23 02:28:42.132 W/Bundle  ( 1865):   at com.android.systemui.broadcast.ActionReceiver$onReceive$1$1$1.run(qb/101203193 32b71ea45d7817f9c172826e1e9d8f87a5ea3f89a52766daebd4e4d238efc354:22)
04-23 02:28:42.132 W/Bundle  ( 1865):   at android.os.Handler.handleCallback(Handler.java:995)
04-23 02:28:42.132 W/Bundle  ( 1865):   at android.os.Handler.dispatchMessage(Handler.java:103)
04-23 02:28:42.132 W/Bundle  ( 1865):   at android.os.Looper.loopOnce(Looper.java:273)
04-23 02:28:42.132 W/Bundle  ( 1865):   at android.os.Looper.loop(Looper.java:363)
04-23 02:28:42.132 W/Bundle  ( 1865):   at android.app.ActivityThread.main(ActivityThread.java:10060)
04-23 02:28:42.132 W/Bundle  ( 1865):   at java.lang.reflect.Method.invoke(Native Method)
04-23 02:28:42.132 W/Bundle  ( 1865):   at com.android.internal.os.RuntimeInit$MethodAndArgsCaller.run(RuntimeInit.java:632)
04-23 02:28:42.132 W/Bundle  ( 1865):   at com.android.internal.os.ZygoteInit.main(ZygoteInit.java:975)
04-23 02:28:42.132 D/DozeScreenState( 1865): applyScreenState(1, shouldWaitForTransitionToAodUi = false)
04-23 02:28:42.132 W/Bundle  ( 1865): Key reason expected String but value was a java.lang.Integer.  The default value <null> was returned.
04-23 02:28:42.132 W/Bundle  ( 1865): Attempt to cast generated internal exception:
04-23 02:28:42.132 W/Bundle  ( 1865): java.lang.ClassCastException: java.lang.Integer cannot be cast to java.lang.String
04-23 02:28:42.132 W/Bundle  ( 1865):   at android.os.BaseBundle.getString(BaseBundle.java:1448)
04-23 02:28:42.132 W/Bundle  ( 1865):   at android.content.Intent.getStringExtra(Intent.java:10239)
04-23 02:28:42.132 W/Bundle  ( 1865):   at com.android.systemui.statusbar.phone.CentralSurfacesImpl$8.onReceive(qb/101203193 32b71ea45d7817f9c172826e1e9d8f87a5ea3f89a52766daebd4e4d238efc354:14)
04-23 02:28:42.132 W/Bundle  ( 1865):   at com.android.systemui.broadcast.ActionReceiver$onReceive$1$1$1.run(qb/101203193 32b71ea45d7817f9c172826e1e9d8f87a5ea3f89a52766daebd4e4d238efc354:22)
04-23 02:28:42.132 W/Bundle  ( 1865):   at android.os.Handler.handleCallback(Handler.java:995)
04-23 02:28:42.132 W/Bundle  ( 1865):   at android.os.Handler.dispatchMessage(Handler.java:103)
04-23 02:28:42.132 W/Bundle  ( 1865):   at android.os.Looper.loopOnce(Looper.java:273)
04-23 02:28:42.132 W/Bundle  ( 1865):   at android.os.Looper.loop(Looper.java:363)
04-23 02:28:42.132 W/Bundle  ( 1865):   at android.app.ActivityThread.main(ActivityThread.java:10060)
04-23 02:28:42.132 W/Bundle  ( 1865):   at java.lang.reflect.Method.invoke(Native Method)
04-23 02:28:42.132 W/Bundle  ( 1865):   at com.android.internal.os.RuntimeInit$MethodAndArgsCaller.run(RuntimeInit.java:632)
04-23 02:28:42.132 W/Bundle  ( 1865):   at com.android.internal.os.ZygoteInit.main(ZygoteInit.java:975)
04-23 02:28:42.132 E/PocketModeEvent( 1426): MSG_TYPE_STOP_SENSING
04-23 02:28:42.133 I/HoneySpace.TaskbarEventTracker( 2347): invokeEvent() called with: event = SystemUiStateChanged(stateFlags=1075839428)
04-23 02:28:42.133 I/VRI[KeyguardBiometricToastView]@27eb6eb( 1865): dispatchDetachedFromWindow
04-23 02:28:42.133 D/InputTransport( 1426): Input channel destroyed: '167d524', fd=1092
04-23 02:28:42.133 V/WindowManager( 1426): Remove Window{167d524 u0 KeyguardBiometricToastView}: mSurfaceControl=null mAnimatingExit=false mRemoveOnExit=false mHasSurface=false surfaceShowing=false animating=false app-animation=false callers=com.android.server.wm.Session.remove:16 android.view.IWindowSession$Stub.onTransact:804 com.android.server.wm.Session.onTransact:1 android.os.Binder.execTransactInternal:1457 android.os.Binder.execTransact:1401 <bottom of call stack>
04-23 02:28:42.134 D/SRotationLockTile( 1865):  mRotationLocked: false handleUpdateState: true orientation = true
04-23 02:28:42.134 I/sysinput:Touch( 1035): writeInformation:249, OK
04-23 02:28:42.135 D/InputTransport( 1865): Input channel destroyed: '167d524', fd=534
04-23 02:28:42.136 I/FaceWidgetClockPage( 1865): updateClockRect: RectF(385.0, 251.0, 694.0, 752.0), reason = refresh, mClockView = com.samsung.android.uniform.widget.clock.DigitalVerticalClockView{1b5bdea VFE...CL. ........ 312,0-621,501}, clockType=1, isWhiteWallpaper=false, isFixedWhiteWallpaper=null, paletteItem=SOLID color : FFC8C8CC, paletteIndex=0, customColor=0, mColorThemeColor=0, scale=1.0
04-23 02:28:42.136 D/SysinputHAL_V1_3(V1_2)( 1426): runTspCmdNoRead(TSP(1)): low_sensitivity_mode_enable,0 ret=0
04-23 02:28:42.136 I/FaceWidgetRectManager_Clock( 1865): needRefreshRect ret=false, maxDiffRatio=0.0018518567, max=2.0000052 [RectF(0.35555556, 0.10726496, 0.64444447, 0.32136753)] vs [RectF(0.3564815, 0.10726496, 0.6425926, 0.32136753)]
04-23 02:28:42.136 I/FaceWidgetClockPage( 1865): updateClockRect: RectF(385.0, 251.0, 694.0, 752.0), reason = refresh, mClockView = com.samsung.android.uniform.widget.clock.DigitalVerticalClockView{1b5bdea VFE...CL. ........ 312,0-621,501}, clockType=1, isWhiteWallpaper=false, isFixedWhiteWallpaper=null, paletteItem=SOLID color : FFC8C8CC, paletteIndex=0, customColor=0, mColorThemeColor=0, scale=1.0
04-23 02:28:42.136 I/FaceWidgetRectManager_Clock( 1865): needRefreshRect ret=false, maxDiffRatio=0.0018518567, max=2.0000052 [RectF(0.35555556, 0.10726496, 0.64444447, 0.32136753)] vs [RectF(0.3564815, 0.10726496, 0.6425926, 0.32136753)]
04-23 02:28:42.136 D/EmergencyButton( 1865): updateEmergencyCallButton : secure
04-23 02:28:42.136 D/NavigationBar( 1865): setImeWindowStatus displayId=0 vis=0 backDisposition=0 showImeSwitcher=false isImeVisible=false
04-23 02:28:42.137 I/VRI[NotificationShade]@fbac529( 1865): call setFrameRateCategory for touch hint category=no preference, reason=boost timeout, vri=VRI[NotificationShade]@fbac529
04-23 02:28:42.137 I/PersonaManagerService( 1426): UserReceiver.onReceive() {action:android.intent.action.SCREEN_OFF userHandle:-1}
04-23 02:28:42.138 I/SurfaceFlinger( 1101): [NotificationShade$_1865#726] setFrameRateCategory: NoPreference
04-23 02:28:42.138 D/KeyguardViewMediator( 1865): handleMessage 9
04-23 02:28:42.139 D/KeyguardViewMediator( 1865): handleSetOccluded(false) seq=17
04-23 02:28:42.139 D/KeyguardViewMediator( 1865): isOccluded=false,mPowerGestureIntercepted=false
04-23 02:28:42.139 D/KeyguardViewMediator( 1865): KeyguardViewMediator queue processing message: SET_OCCLUDED
04-23 02:28:42.139 D/KeyguardUpdateMonitor( 1865): handlePrimaryBouncerVisibilityChanged false
04-23 02:28:42.139 I/FaceWidgetWindowManager( 1865): onPrimaryBouncerVisibilityChanged() = false
04-23 02:28:42.139 D/KnoxStateMonitorImpl( 1865): removeCallback() callback=com.android.keyguard.KeyguardSecPatternViewController$4@82090a3
04-23 02:28:42.139 D/KnoxStateMonitorImpl( 1865): removeCallback() mCallbacks has same callback
04-23 02:28:42.139 D/KeyguardSecurityView( 1865): getLayoutIdFor securityMode = Pattern
04-23 02:28:42.139 D/KeyguardSecurityView( 1865): inflating on bg thread id = 2131558820 .
04-23 02:28:42.139 D/KeyguardUpdateMonitor( 1865): updateBiometricListeningState()
04-23 02:28:42.139 D/KeyguardFingerprint( 1865): shouldListenForFingerprint ( isFingerprintEnabled = true , mKeyguardIsVisible = true , mDeviceInteractive = false , mPrimaryBouncerIsOrWillBeShowing = false , mPrimaryBouncerFullyShown = false , mGoingToSleep = false , mSwitchingUser = false , mIsDreamingForBiometrics = true , mKeyguardUnlocking = false , mKeyguardGoingAway = false , mKeyguardShowing = true , mKeyguardOccluded = false , mSystemReady = true , mHasFocus = true
04-23 02:28:42.139 D/KeyguardFingerprint( 1865): updateFingerprintListeningState#mFingerprintRunningState=1 shouldListenForFingerprint=true isUdfpsEnrolled=false bioType : 257
04-23 02:28:42.139 D/KeyguardFace( 1865): shouldListenForFace ( isFaceDefaultCondition = false , isKeyguardVisible = true , isDeviceInteractive = false , mPrimaryBouncerFullyShown = false , isSwitchingUser = false , mIsDreamingForBiometrics = true , isGoingToSleep = false , isKeyguardGoingAway = false , mKeyguardUnlocking = false , isEarlyWakeUp = false , mIsScreenSaverRunning = false , mSystemReady = true , getUserUnlockedWithBiometric = false , isKeyguardShowing = true , isKeyguardOccluded = false , mHasFocus = true)
04-23 02:28:42.139 D/KeyguardFace( 1865): shouldListenForFace ( return false, Face is not default condition)
04-23 02:28:42.139 D/KeyguardFace( 1865): Can't stop stopListeningForFace(), mFaceRunningState = 0
04-23 02:28:42.139 I/LockscreenNotificationIconsOnlyController( 1865): onNotificationInfoUpdated 3
04-23 02:28:42.140 I/bt_shim_scanner( 2688): system/main/shim/le_scanning_manager.cc:141 Unregister: in shim layer, scannerId=4
04-23 02:28:42.140 D/SemWifiApSmartBleScanner( 1426): Stopped scanning
04-23 02:28:42.140 W/bluetooth( 2688): system/gd/hci/le_scanning_manager.cc:697 unregister_scanner: unregister_scanner
04-23 02:28:42.140 D/SystemServerTiming( 1426): getUserSwitchability-0
04-23 02:28:42.141 D/SystemServerTiming( 1426): TM.isInCall
04-23 02:28:42.141 I/Telecom ( 1426): SamsungTelecomServiceImpl : isInCall - callingPackage : android / callingUser : UserHandle{0} / hasCrossUserAccess : true
04-23 02:28:42.141 V/SystemServerTiming( 1426): TM.isInCall took to complete: 0ms
04-23 02:28:42.141 D/SystemServerTiming( 1426): hasUserRestriction-DISALLOW_USER_SWITCH
04-23 02:28:42.141 V/SystemServerTiming( 1426): hasUserRestriction-DISALLOW_USER_SWITCH took to complete: 0ms
04-23 02:28:42.141 D/SystemServerTiming( 1426): getInt-ALLOW_USER_SWITCHING_WHEN_SYSTEM_USER_LOCKED
04-23 02:28:42.141 V/SystemServerTiming( 1426): getInt-ALLOW_USER_SWITCHING_WHEN_SYSTEM_USER_LOCKED took to complete: 0ms
04-23 02:28:42.141 D/SystemServerTiming( 1426): isUserUnlocked-USER_SYSTEM
04-23 02:28:42.141 V/SystemServerTiming( 1426): isUserUnlocked-USER_SYSTEM took to complete: 0ms
04-23 02:28:42.141 V/SystemServerTiming( 1426): getUserSwitchability-0 took to complete: 0ms
04-23 02:28:42.142 W/Settings( 1865): Setting accessibility_reduce_transparency has moved from android.provider.Settings.System to android.provider.Settings.Global, returning read-only global URI.
04-23 02:28:42.142 I/AODNotificationManager( 1865): updateNotification()
04-23 02:28:42.142 I/bt_shim_scanner( 2688): system/main/shim/le_scanning_manager.cc:197 ScanFilterParamSetup: in shim layer, clientIf=4
04-23 02:28:42.142 D/ContrastColorUtil( 1865): GrayScale=false. Bitmap is not grayscale.
04-23 02:28:42.143 E/ScanManager( 2688): [GSIM LOG]: gsimLogHandler, msg: MESSAGE_SCAN_STOP, appName: android, scannerId: 4, reportDelayMillis=0
04-23 02:28:42.143 D/PluginAODManager( 1865): onNotificationInfoUpdated() 3
04-23 02:28:42.143 D/PluginAODManager( 1865): onNotificationInfoUpdated() 0|com.toov1.dovizaltin|-169915944|null|10471
04-23 02:28:42.143 D/PluginAODManager( 1865): onNotificationInfoUpdated() -1|android|47|null|1000
04-23 02:28:42.143 D/PluginAODManager( 1865): onNotificationInfoUpdated() 0|com.wssyncmldm|3|null|1000
04-23 02:28:42.143 I/AODNotificationManager( 1865): updateVisibleNotifications: 3
04-23 02:28:42.143 D/NotificationShelf( 1865):  setClearAllButtonVisible :false
04-23 02:28:42.144 D/SystemUITextView( 1865): mOriginalFontSizeDp 18.133333  com.android.systemui.widget.SystemUITextView{387a55 VFED.V... ......ID 0,0-0,0 #7f0a09a7 app:id/prev_info_text}
04-23 02:28:42.144 D/Navbar.Store( 1865): handleEvent(0) OnNavBarWindowStateHidden(noArguments=true) [Module] NavBarHelper
04-23 02:28:42.145 D/LightBarController( 1865): SKIP updateStatus (white icon) dreaming:true, keyguardVisible:true, goingToSleep:false
04-23 02:28:42.145 D/SamsungLightBarControlHelper( 1865): onStatusBarAppearanceChanged() -  sbModeChanged:false, statusBarMode:0, barState:MODE_TRANSPARENT, isKeyguardShowing:true, navbarColorManagedByIme:false, ()
04-23 02:28:42.145 D/NavigationBar( 1865): onSystemBarAttributesChanged() -  displayId:0, appearance:0, packageName: com.android.systemui, navbarColorManagedByIme:false
04-23 02:28:42.145 W/Settings( 1865): Setting accessibility_reduce_transparency has moved from android.provider.Settings.System to android.provider.Settings.Global, returning read-only global URI.
04-23 02:28:42.145 D/SystemUITextView( 1865): mOriginalFontSizeDp 14.933333  com.android.systemui.widget.SystemUITextView{867655b VFED..... ......ID 0,0-0,0 #7f0a09a8 app:id/prev_sub_info_text}
04-23 02:28:42.145 I/HoneySpace.SystemUiRepository( 2347): systemUiFlags: overview_disabled|home_disabled|navbar_hidden|notif_expanded|keygrd_visible|device_dozing|notif_visible
04-23 02:28:42.146 D/UsbHostRestrictor( 1426): handleMessage -> MSG_ENTER_RESTRICTION
04-23 02:28:42.147 D/UsbHostRestrictor( 1426): enterRestriction: Screen Lock On
04-23 02:28:42.147 I/SurfaceFlinger( 1101): [LayerHierarchy{RequestedLayerState{WindowToken{a1ac9b7 type=2228 android.os.BinderProxy@77338b6}#683} 1 children}] reparent to OffscreenRoot
04-23 02:28:42.147 I/SurfaceFlinger( 1101): [LayerHierarchy{RequestedLayerState{WindowToken{a1ac9b7 type=2228 android.os.BinderProxy@77338b6}#683} 1 children}] RelativeParent to null
04-23 02:28:42.147 I/SurfaceFlinger( 1101): [LayerHierarchy{RequestedLayerState{167d524 KeyguardBiometricToastView#684} no children}] reparent to OffscreenRoot
04-23 02:28:42.147 I/SurfaceFlinger( 1101): [LayerHierarchy{RequestedLayerState{167d524 KeyguardBiometricToastView#684} no children}] RelativeParent to null
04-23 02:28:42.147 D/UsbHostRestrictor( 1426): Write ScrLck Block FILE
04-23 02:28:42.147 I/engmode_java_manager( 1426): getStatus() is called.
04-23 02:28:42.147 I/engmode_java_manager( 1426): android(1000, 0) call em(4)
04-23 02:28:42.147 I/engmode_jni( 1426): EM version = 30.2.06
04-23 02:28:42.147 I/SurfaceFlinger( 1101): id=683 Removed WindowToken{a1ac9b7 type=2228 android.os.BinderProxy@77338b6}#683 (128)
04-23 02:28:42.147 I/SurfaceFlinger( 1101): id=684 Removed 167d524 KeyguardBiometricToastView#684 (128)
04-23 02:28:42.152 D/engmode_hidl_client_service( 1426): engmodeManager_hal_getStatus
04-23 02:28:42.152 I/engmode_client_list( 1426): EM_version = 20
04-23 02:28:42.152 W/Settings( 1865): Setting accessibility_reduce_transparency has moved from android.provider.Settings.System to android.provider.Settings.Global, returning read-only global URI.
04-23 02:28:42.152 D/SubscreenNotificationListCoordinator( 1865): onAfterRenderList() isSubScreen = false, pluginLockMode = 0, doNotShowOnCover = false
04-23 02:28:42.153 D/SystemUITextView( 1865): mOriginalFontSizeDp 18.133333  com.android.systemui.widget.SystemUITextView{365dec2 G.ED..... ......I. 0,0-0,0 #7f0a04d8 app:id/forgot_password_text}
04-23 02:28:42.153 I/SensorsHub( 1018): activate: handle 25 enable 0
04-23 02:28:42.153 I/SensorsHub( 1018): type : 25, enable : 0
04-23 02:28:42.153 I/StrongBox(  749): StrongBox: ssp_hwctl_disable done. refcount(0)
04-23 02:28:42.154 I/HoneySpace.TaskbarEventTracker( 2347): invokeEvent() called with: event = SystemUiStateChanged(stateFlags=1075839430)
04-23 02:28:42.155 I/engmode_hidl_client_service( 1426): system_server. android. 1000. 0
04-23 02:28:42.155 I/engmode_hidl_client_service( 1426): process is system_server
04-23 02:28:42.155 I/engmode_hidl_client_service( 1426): system_server called getstatus (0x4)
04-23 02:28:42.155 I/engmode_client_list( 1426): checkClient: [ProcessName = system_server]
04-23 02:28:42.155 I/engmode_client_list( 1426): Signature check completed
04-23 02:28:42.155 I/engmode_hidl_client_service( 1426): Caller check succes
04-23 02:28:42.155 I/engmode_hidl_service(  750): Connect to service
04-23 02:28:42.155 I/engmode_binder_client(  750): engmode client create
04-23 02:28:42.155 I/engmode_binder_client(  750): EM version = 30.6.06
04-23 02:28:42.155 I/SurfaceFlinger( 1101): destroyed WindowToken{a1ac9b7 type=2228 android.os.BinderProxy@77338b6}#683
04-23 02:28:42.155 I/SurfaceFlinger( 1101): destroyed 167d524 KeyguardBiometricToastView#684
04-23 02:28:42.155 I/engmode_binder_client(  750): engmodeclient.get_server 0xb40000711fc0e7f0
04-23 02:28:42.155 I/engmode_binder_client(  750): get service done
04-23 02:28:42.155 I/engmode_binder_server(  982): EngineeringMode version = 30.6.06,(750/1000)
04-23 02:28:42.155 I/Layer   ( 1101): id=683 Destroyed WindowToken{a1ac9b7 type=2228 android.os.BinderProxy@77338b6}#683
04-23 02:28:42.155 I/Layer   ( 1101): id=684 Destroyed 167d524 KeyguardBiometricToastView#684
04-23 02:28:42.155 I/engmode_binder_server(  982): (750/1000) got mutex
04-23 02:28:42.156 I/engmode_binder_server(  982): acquire_wake_lock : wakelock-emservice
04-23 02:28:42.156 I/engmode_binder_server(  982): onTransact called with 0x00000001
04-23 02:28:42.157 I/engmode_steady(  982): read from steady(11264)
04-23 02:28:42.157 I/engmode_world(  982): Read esi
04-23 02:28:42.158 D/SensorManager( 1865): cancelTrigger :: 25, Pick Up Gesture, com.android.systemui.deviceentry.ui.binder.LiftToRunFaceAuthBinder$listener$1@d04de07
04-23 02:28:42.159 I/engmode_steady(  982): read from steady(69632)
04-23 02:28:42.159 I/engmode_world(  982): Read token
04-23 02:28:42.159 E/engmode_world(  982): Unknown token(00/00/00)
04-23 02:28:42.159 D/SRotationLockTile( 1865):  mRotationLocked: false handleUpdateState: true orientation = true
04-23 02:28:42.159 I/engmode_binder_server(  982): onTransact(0x00000001) ret 0xd0060012
04-23 02:28:42.159 I/D_FME:[OfflineFindingEventReceiver]( 2846): Receive : android.intent.action.SCREEN_OFF
04-23 02:28:42.159 I/SecKeyguardClockPositionAlgorithm( 1865): prepareClockContainerHeightChanging:
04-23 02:28:42.159 E/engmode_hidl_service(  750): error to server(0xd0060012)
04-23 02:28:42.159 I/engmode_binder_client(  750): engmode client destructor
04-23 02:28:42.161 I/PluginFaceWidgetManager( 1865): isEditMode = false
04-23 02:28:42.162 I/NowBarItemManager( 1865): getVisibleList isScreenTurnedOn = false / aodShowState false shouldControlScreenOff false visibleList size = 0
04-23 02:28:42.162 I/D_FME:[OfflineFindingService]( 2846): handle Command : android.intent.action.SCREEN_OFF
04-23 02:28:42.162 I/D_FME:[OfflineFindingService]( 2846): stopScan
04-23 02:28:42.162 E/[MCFSDK_fmm_1.0.2039]_McfContext( 2846): getBleAdapter -return instance created 156734647
04-23 02:28:42.162 I/[MCFSDK_fmm_1.0.2039]_McfAdapter( 2846): getBleAdapter  -  g [#0x11, X3.a@b537b8b]
04-23 02:28:42.162 I/[MCFSDK_fmm_1.0.2039]_17_g( 2846): getBleScanner -
04-23 02:28:42.162 I/[MCFSDK_fmm_1.0.2039]_17_g( 2846): stopScan -
04-23 02:28:42.162 D/SRotationLockTile( 1865):  mRotationLocked: false handleUpdateState: true orientation = true
04-23 02:28:42.163 I/ActivityManager( 1426): Changes in 10125 10 to 10, 128 to 0
04-23 02:28:42.163 I/SecKeyguardClockPositionAlgorithm( 1865): prepareClockContainerHeightChanging:
04-23 02:28:42.163 I/PluginFaceWidgetManager( 1865): isEditMode = false
04-23 02:28:42.163 I/NowBarItemManager( 1865): getVisibleList isScreenTurnedOn = false / aodShowState false shouldControlScreenOff false visibleList size = 0
04-23 02:28:42.164 D/DeviceState( 1865): isESIM() :0 : false
04-23 02:28:42.164 D/NetworkController.MobileSignalController(3)( 1865): isPowerOffServiceState,mCurrentState.getVoiceServiceState() = 0,mCurrentState.airplaneMode = false,mCurrentState.canCellularVoiceService() = true,mCurrentState.getMobileDataRegState() = true
04-23 02:28:42.164 D/Tile.AirplaneModeTile( 1865):  handleUpdateState mIsWiFiOnlyDevice false isNoSimState false isPowerOffServiceState false mSetting.getValue() 0 isSatelliteModeOn false isChinaDevice false
04-23 02:28:42.164 D/Tile.AirplaneModeTile( 1865):  handleUpdateState:  value = false, state = 1
04-23 02:28:42.164 I/[MCFServer]_BleAdapterManager( 3032): stopScan - BAScanCallback{Settings=BleScanSettings{mode=0, rssi=-128, timeout=30000, phy =0}, Callback=CB{i=17, h=81722066}}
04-23 02:28:42.165 D/VRI[NotificationShade]@fbac529( 1865): Not drawing due to screen off
04-23 02:28:42.166 D/PowerManagerService( 1426): [api] release WakeLock DRAW_WAKE_LOCK                    'Doze' ACQ=-239ms (uid=10050 pid=1865 displayId=0 lock=9b03aa9)
04-23 02:28:42.166 W/KeyguardSecurityViewFlipper( 1865): onMeasure: widthSpec MeasureSpec: EXACTLY 1080 should be AT_MOST
04-23 02:28:42.166 W/KeyguardSecurityViewFlipper( 1865): onMeasure: heightSpec MeasureSpec: EXACTLY 2205 should be AT_MOST
04-23 02:28:42.166 W/KeyguardSecurityViewFlipper( 1865): onMeasure: widthSpec MeasureSpec: EXACTLY 1080 should be AT_MOST
04-23 02:28:42.166 W/KeyguardSecurityViewFlipper( 1865): onMeasure: heightSpec MeasureSpec: EXACTLY 2205 should be AT_MOST
04-23 02:28:42.166 I/[MCFServer]_BleScanner(BA)( 3032): stopScan - stop
04-23 02:28:42.167 D/UsbHostRestrictor( 1426): TK NOT ENABLED 2
04-23 02:28:42.168 I/[MCFSDK_fmm_1.0.2039]_McfAdapter( 2846): closeBleAdapter - (#0x11)
04-23 02:28:42.168 I/[MCFSDK_fmm_1.0.2039]_17_g( 2846): closeInternal -
04-23 02:28:42.168 D/AdaptiveBrightnessLongtermModelBuilder[0]( 1426): Received android.intent.action.SCREEN_OFF
04-23 02:28:42.168 I/InsetsController( 1865): onStateChanged: host=NotificationShade, from=android.view.ViewRootImpl.onInsetsStateChanged:3026, state=InsetsState: {mDisplayFrame=Rect(0, 0 - 1080, 2340), mDisplayCutout=DisplayCutout{insets=Rect(0, 80 - 0, 0) waterfall=Insets{left=0, top=0, right=0, bottom=0} boundingRect={Bounds=[Rect(0, 0 - 0, 0), Rect(511, 0 - 569, 80), Rect(0, 0 - 0, 0), Rect(0, 0 - 0, 0)]} cutoutPathParserInfo={CutoutPathParserInfo{displayWidth=1080 displayHeight=2340 physicalDisplayWidth=1080 physicalDisplayHeight=2340 density={2.8125} cutoutSpec={M 0,0 M 0,7.822222222222222‬‬ a 10.31111111111111‬,10.31111111111111‬ 0 1,0 0,20.62222222222222‬ a 10.31111111111111‬,10.31111111111111‬ 0 1,0 0,-20.62222222222222‬ Z @dp} rotation={0} scale={1.0} physicalPixelDisplaySizeRatio={1.0}}} sideOverrides={}}, mRoundedCorners=RoundedCorners{[RoundedCorner{position=TopLeft, radius=113, center=Point(113, 113)}, RoundedCorner{position=TopRight, radius=113, center=Point(967, 113)}, RoundedCorner{position=BottomRight, radius=113, center=Point(967, 2227)}, RoundedCorner{position=BottomLeft, radius=113, center=Point(113, 2227)}]}  mRoundedCornerFrame=Rect(0, 0 - 0, 0), mPrivacyIndicatorBounds=PrivacyIndicatorBounds {static bounds=Rect(956, 0 - 1080, 80) rotation=0}, mDisplayShape=DisplayShape{ spec=-311912193 displayWidth=1080 displayHeight=2340 physicalPixelDisplaySizeRatio=1.0 rotation=0 offsetX=0 offsetY=0 scale=1.0}, mSources= { InsetsSource: {83d80001 mType=navigationBars mFrame=[0,2205][1080,2340] mVisible=true mFlags= mSideHint=BOTTOM mBoundingRects=null}, InsetsSource: {83d80004 mType=systemGestures mFrame=[0,0][0,0] mVisible=true mFlags= mSideHint=NONE mBoundingRects=null}, InsetsSource: {83d80005 mType=mandatorySystemGestures mFrame=[0,2205][1080,2340] mVisible=true mFlags= mSideHint=BOTTOM mBoundingRects=null}, InsetsSource: {83d80006 mType=tappableElement mFrame=[0,2205][1080,2340] mVisible=true mFlags= mSideHint=BOTTOM mBoundingRects=null}, InsetsSource: {83d80024 mType=systemGestures mFrame=[0,0][0,0] mVisible=true mFlags= mSideHint=NONE mBoundingRects=null}, InsetsSource: {27 mType=displayCutout mFrame=[0,0][1080,80] mVisible=true mFlags= mSideHint=TOP mBoundingRects=null}, InsetsSource: {8470005 mType=mandatorySystemGestures mFrame=[0,0][1080,114] mVisible=true mFlags= mSideHint=TOP mBoundingRects=null} }
04-23 02:28:42.168 I/InsetsSourceConsumer( 1865): applyRequestedVisibilityToControl: visible=true, type=statusBars, host=NotificationShade
04-23 02:28:42.168 D/AdaptiveBrightnessWeightStats( 1426): log: l:17.0 b:207.35 t:21.561 u:false
04-23 02:28:42.168 D/AdaptiveBrightnessWeightStats( 1426): updateTransientStats: 7.2 < 17.0 < 45.0  b:207.35 t:21.561s
04-23 02:28:42.169 E/LoadedApk( 2552): Exception : java.lang.NullPointerException: Attempt to invoke virtual method 'boolean android.os.Looper.isPerfLogEnable()' on a null object reference
04-23 02:28:42.169 D/AdaptiveBrightnessWeightStats( 1426): updateTransientStats: b: 207.35 ambientLux:17.0 currentBucketLux:18.0 mBrightnessMapper: 208.35452
04-23 02:28:42.169 I/[MCFSDK_fmm_1.0.2039]_McfContext( 2846): closeBleAdapter  - g [#0x11, X3.a@b537b8b]
04-23 02:28:42.169 I/D_FME:[FMEBleManager       ]( 2846): stopScan : offline , mcf(true
04-23 02:28:42.169 I/D_FMM:[HelperLocationManager]( 2846): getCurrentTimeLine : 1
04-23 02:28:42.169 I/D_FMM:[HelperLocationManager]( 2846): helper location already exist : 1
04-23 02:28:42.169 I/D_FMM:[HelperLocationManager]( 2846): helper location report condition is not ready : 4
04-23 02:28:42.170 W/ContextImpl( 3827): Calling a method in the system process without a qualified user: android.app.ContextImpl.startService:2068 android.content.ContextWrapper.startService:872 android.content.ContextWrapper.startService:872 com.sec.android.diagmonagent.sa.receiver.CFLogReceiver.onReceive:56 android.app.ActivityThread.handleReceiver:5663
04-23 02:28:42.171 E/LoadedApk( 2552): Exception : java.lang.NullPointerException: Attempt to invoke virtual method 'boolean android.os.Looper.isPerfLogEnable()' on a null object reference
04-23 02:28:42.173 I/ehai    ( 3789): (REDACTED) appOpsListener %s %s
04-23 02:28:42.173 I/ehai    ( 3789): (REDACTED) Ignoring irrelevant audio permission changes for package %s
04-23 02:28:42.173 W/RippleDrawable( 1865): Thread doesn't have a looper. Skipping animation.
04-23 02:28:42.175 D/SLocation( 1426): DeviceStatusNotifyManager - broadcastReceiver.onReceive start 2686477
04-23 02:28:42.175 D/SLocation( 1426): DeviceStatusNotifyManager - broadcastReceiver.onReceive end 2686477
04-23 02:28:42.176 I/SLocation( 1426): DeviceStatusNotifyManager - received action : android.intent.action.SCREEN_OFF, package : null
04-23 02:28:42.176 D/LiftUpHandler( 1426):   mReceiver.onReceive : ACTION_SCREEN_OFF
04-23 02:28:42.176 D/LiftUpHandler( 1426): [LTW] Running already.
04-23 02:28:42.178 I/HoneySpace.EdgePanel.EdgeVisibilityRepository( 2347): getComputedTrayVisible : keyguardState = 3
04-23 02:28:42.178 I/HoneySpace.EdgePanel.EdgeVisibilityRepository( 2347): updateTrayVisible: State = 0x3, visible = false, current containerState = 4, specificMode = 0
04-23 02:28:42.178 I/HoneySpace.EdgePanel.DumpHelper( 2347): Tray State
04-23 02:28:42.178 I/bt_shim_scanner( 2688): system/main/shim/le_scanning_manager.cc:197 ScanFilterParamSetup: in shim layer, clientIf=3
04-23 02:28:42.178 I/HoneySpace.EdgePanel.EdgeVisibilityRepository( 2347): Same container state 4
04-23 02:28:42.178 E/bluetooth( 2688): system/gd/hci/le_scanning_manager.cc:929 scan_filter_parameter_setup: Remove passive filterScan. filter_index=38, uuid=0000fd5a-0000-1000-8000-00805f9b34fb
04-23 02:28:42.179 I/bt_shim_scanner( 2688): system/main/shim/le_scanning_manager.cc:141 Unregister: in shim layer, scannerId=3
04-23 02:28:42.179 W/bluetooth( 2688): system/gd/hci/le_scanning_manager.cc:697 unregister_scanner: unregister_scanner
04-23 02:28:42.179 I/bt_shim_scanner( 2688): system/main/shim/le_scanning_manager.cc:197 ScanFilterParamSetup: in shim layer, clientIf=3
04-23 02:28:42.180 I/[MCFServer]_McfMainController( 3032): destroyBleAdapter - appId=17 , mBleAdapterCallbacks size:0
04-23 02:28:42.180 I/[MCFServer]_McfMainController( 3032): destroyBleAdapter - mBleAdapterCallbacks is empty, destroyBleAdapterManager after 3s
04-23 02:28:42.180 E/bluetooth( 2688): system/gd/hci/le_scanning_manager.cc:929 scan_filter_parameter_setup: Remove passive filterScan. filter_index=5, uuid=0000fd69-0000-1000-8000-00805f9b34fb
04-23 02:28:42.180 I/InsetsController( 1865): controlAnimationUncheckedInner: Added types=navigationBars, animType=1, host=NotificationShade, from=android.view.InsetsController.controlAnimationUnchecked:1608 android.view.InsetsController.applyAnimation:2416 android.view.InsetsController.applyAnimation:2343
04-23 02:28:42.181 I/SDHMS:LOAD( 3856): type: LoadsFreqs, value: 0:0:0:0:0:0:0:0:0:0:0:0
04-23 02:28:42.182 I/WallpaperService( 1865): resized: systemlock, reportDraw=false, forceLayout=false, displayId=0
04-23 02:28:42.182 I/WallpaperService( 1865): handleResized: which=7, reportDraw=false
04-23 02:28:42.182 I/bt_shim_scanner( 2688): system/main/shim/le_scanning_manager.cc:151 Scan: in shim layer stopped
04-23 02:28:42.183 I/bt_shim_scanner( 2688): system/main/shim/le_scanning_manager.cc:335 SetScanParameters: in shim layer, scannerId1m=1, scannerIdCoded=0
04-23 02:28:42.183 W/bt_shim_scanner( 2688): system/main/shim/le_scanning_manager.cc:365 SetScanParameters: Set scan params scan_int_1m : 3120, scan_win_1m : 55, Duty : 1.76% | scan_int_coded : 0, scan_win_coded : 0, Duty : nan%
04-23 02:28:42.183 I/bt_shim_scanner( 2688): system/main/shim/le_scanning_manager.cc:151 Scan: in shim layer started
04-23 02:28:42.183 E/ScanManager( 2688): [GSIM LOG]: gsimLogHandler, msg: MESSAGE_SCAN_STOP, appName: com.samsung.android.mcfserver, scannerId: 3, reportDelayMillis=0
04-23 02:28:42.183 I/WallpaperService( 1865): updateSurface systemlock forceRelayout=true forceReport=false redrawNeeded=false myWidth=-1 myHeight=-1 fixedSize=false x = 0 y = 0 mWidth=-1 mHeight=-1
04-23 02:28:42.183 I/InsetsController( 1865): onStateChanged: host=StatusBar, from=android.view.ViewRootImpl.onInsetsStateChanged:3026, state=InsetsState: {mDisplayFrame=Rect(0, 0 - 1080, 2340), mDisplayCutout=DisplayCutout{insets=Rect(0, 80 - 0, 0) waterfall=Insets{left=0, top=0, right=0, bottom=0} boundingRect={Bounds=[Rect(0, 0 - 0, 0), Rect(511, 0 - 569, 80), Rect(0, 0 - 0, 0), Rect(0, 0 - 0, 0)]} cutoutPathParserInfo={CutoutPathParserInfo{displayWidth=1080 displayHeight=2340 physicalDisplayWidth=1080 physicalDisplayHeight=2340 density={2.8125} cutoutSpec={M 0,0 M 0,7.822222222222222‬‬ a 10.31111111111111‬,10.31111111111111‬ 0 1,0 0,20.62222222222222‬ a 10.31111111111111‬,10.31111111111111‬ 0 1,0 0,-20.62222222222222‬ Z @dp} rotation={0} scale={1.0} physicalPixelDisplaySizeRatio={1.0}}} sideOverrides={}}, mRoundedCorners=RoundedCorners{[RoundedCorner{position=TopLeft, radius=113, center=Point(113, 113)}, RoundedCorner{position=TopRight, radius=113, center=Point(967, 113)}, RoundedCorner{position=BottomRight, radius=113, center=Point(967, 2227)}, RoundedCorner{position=BottomLeft, radius=113, center=Point(113, 2227)}]}  mRoundedCornerFrame=Rect(0, 0 - 0, 0), mPrivacyIndicatorBounds=PrivacyIndicatorBounds {static bounds=Rect(956, 0 - 1080, 80) rotation=0}, mDisplayShape=DisplayShape{ spec=-311912193 displayWidth=1080 displayHeight=2340 physicalPixelDisplaySizeRatio=1.0 rotation=0 offsetX=0 offsetY=0 scale=1.0}, mSources= { InsetsSource: {83d80001 mType=navigationBars mFrame=[0,2205][1080,2340] mVisible=false mFlags= mSideHint=BOTTOM mBoundingRects=null}, InsetsSource: {83d80004 mType=systemGestures mFrame=[0,0][0,0] mVisible=true mFlags= mSideHint=NONE mBoundingRects=null}, InsetsSource: {83d80005 mType=mandatorySystemGestures mFrame=[0,2205][1080,2340] mVisible=true mFlags= mSideHint=BOTTOM mBoundingRects=null}, InsetsSource: {83d80006 mType=tappableElement mFrame=[0,2205][1080,2340] mVisible=true mFlags= mSideHint=BOTTOM mBoundingRects=null}, InsetsSource: {83d80024 mType=systemGestures mFrame=[0,0][0,0] mVisible=true mFlags= mSideHint=NONE mBoundingRects=null}, InsetsSource: {27 mType=displayCutout mFrame=[0,0][1080,80] mVisible=true mFlags= mSideHint=TOP mBoundingRects=null}, InsetsSource: {8470005 mType=mandatorySystemGestures mFrame=[0,0][1080,114] mVisible=true mFlags= mSideHint=TOP mBoundingRects=null} }
04-23 02:28:42.184 W/RippleDrawable( 1865): Thread doesn't have a looper. Skipping animation.
04-23 02:28:42.184 I/VRI[StatusBar]@7f65874( 1865): handleResized, frames=ClientWindowFrames{frame=[0,0][1080,80] display=[0,0][1080,2340] parentFrame=[0,0][0,0]} displayId=0 dragResizing=false compatScale=1.0 frameChanged=false attachedFrameChanged=false configChanged=false displayChanged=false compatScaleChanged=false dragResizingChanged=false
04-23 02:28:42.184 I/InsetsController( 1865): onStateChanged: host=NotificationShade, from=android.view.ViewRootImpl.onInsetsStateChanged:3026, state=InsetsState: {mDisplayFrame=Rect(0, 0 - 1080, 2340), mDisplayCutout=DisplayCutout{insets=Rect(0, 80 - 0, 0) waterfall=Insets{left=0, top=0, right=0, bottom=0} boundingRect={Bounds=[Rect(0, 0 - 0, 0), Rect(511, 0 - 569, 80), Rect(0, 0 - 0, 0), Rect(0, 0 - 0, 0)]} cutoutPathParserInfo={CutoutPathParserInfo{displayWidth=1080 displayHeight=2340 physicalDisplayWidth=1080 physicalDisplayHeight=2340 density={2.8125} cutoutSpec={M 0,0 M 0,7.822222222222222‬‬ a 10.31111111111111‬,10.31111111111111‬ 0 1,0 0,20.62222222222222‬ a 10.31111111111111‬,10.31111111111111‬ 0 1,0 0,-20.62222222222222‬ Z @dp} rotation={0} scale={1.0} physicalPixelDisplaySizeRatio={1.0}}} sideOverrides={}}, mRoundedCorners=RoundedCorners{[RoundedCorner{position=TopLeft, radius=113, center=Point(113, 113)}, RoundedCorner{position=TopRight, radius=113, center=Point(967, 113)}, RoundedCorner{position=BottomRight, radius=113, center=Point(967, 2227)}, RoundedCorner{position=BottomLeft, radius=113, center=Point(113, 2227)}]}  mRoundedCornerFrame=Rect(0, 0 - 0, 0), mPrivacyIndicatorBounds=PrivacyIndicatorBounds {static bounds=Rect(956, 0 - 1080, 80) rotation=0}, mDisplayShape=DisplayShape{ spec=-311912193 displayWidth=1080 displayHeight=2340 physicalPixelDisplaySizeRatio=1.0 rotation=0 offsetX=0 offsetY=0 scale=1.0}, mSources= { InsetsSource: {83d80001 mType=navigationBars mFrame=[0,2205][1080,2340] mVisible=false mFlags= mSideHint=BOTTOM mBoundingRects=null}, InsetsSource: {83d80004 mType=systemGestures mFrame=[0,0][0,0] mVisible=true mFlags= mSideHint=NONE mBoundingRects=null}, InsetsSource: {83d80005 mType=mandatorySystemGestures mFrame=[0,2205][1080,2340] mVisible=true mFlags= mSideHint=BOTTOM mBoundingRects=null}, InsetsSource: {83d80006 mType=tappableElement mFrame=[0,2205][1080,2340] mVisible=true mFlags= mSideHint=BOTTOM mBoundingRects=null}, InsetsSource: {83d80024 mType=systemGestures mFrame=[0,0][0,0] mVisible=true mFlags= mSideHint=NONE mBoundingRects=null}, InsetsSource: {27 mType=displayCutout mFrame=[0,0][1080,80] mVisible=true mFlags= mSideHint=TOP mBoundingRects=null}, InsetsSource: {8470005 mType=mandatorySystemGestures mFrame=[0,0][1080,114] mVisible=true mFlags= mSideHint=TOP mBoundingRects=null} }
04-23 02:28:42.184 W/Settings( 1865): Setting accessibility_reduce_transparency has moved from android.provider.Settings.System to android.provider.Settings.Global, returning read-only global URI.
04-23 02:28:42.184 I/VRI[NotificationShade]@fbac529( 1865): handleResized, frames=ClientWindowFrames{frame=[0,0][1080,2340] display=[0,0][1080,2340] parentFrame=[0,0][0,0]} displayId=0 dragResizing=false compatScale=1.0 frameChanged=false attachedFrameChanged=false configChanged=false displayChanged=false compatScaleChanged=false dragResizingChanged=false
04-23 02:28:42.184 I/VRI[NotificationShade]@fbac529( 1865): handleResized mSyncSeqId = 0
