04-23 02:28:42.184 D/VRI[NotificationShade]@fbac529( 1865): reportNextDraw android.view.ViewRootImpl.handleResized:2983 android.view.ViewRootImpl.-$$Nest$mhandleResized:0 android.view.ViewRootImpl$W.resized:14082 android.app.servertransaction.WindowStateResizeItem.execute:93 android.app.servertransaction.WindowStateTransactionItem.execute:62
04-23 02:28:42.184 D/SystemUITextView( 1865): mOriginalFontSizeDp 13.866667  com.android.systemui.widget.SystemUITextView{b806fd4 V.ED..... ......I. 0,0-0,0 #7f0a0571 app:id/hint_text}
04-23 02:28:42.184 W/RippleDrawable( 1865): Thread doesn't have a looper. Skipping animation.
04-23 02:28:42.184 W/RippleDrawable( 1865): Thread doesn't have a looper. Skipping animation.
04-23 02:28:42.185 W/Settings( 1865): Setting accessibility_reduce_transparency has moved from android.provider.Settings.System to android.provider.Settings.Global, returning read-only global URI.
04-23 02:28:42.185 D/SystemUITextView( 1865): mOriginalFontSizeDp 13.866667  com.android.systemui.widget.SystemUITextView{af77c72 G.ED..... ......I. 0,0-0,0 #7f0a0c00 app:id/show_hint_text}
04-23 02:28:42.185 I/WallpaperService( 1865): maxBounds : Rect(0, 0 - 1080, 2340) , mDeviceHeight : 2340, mDeviceWidth : 1080,mDeviceRotation  : 0
04-23 02:28:42.185 W/RippleDrawable( 1865): Thread doesn't have a looper. Skipping animation.
04-23 02:28:42.185 I/WallpaperService( 1865): updateSurface: invoke Session.relayout
04-23 02:28:42.186 W/View    ( 1865): requestLayout() improperly called by com.android.systemui.shade.NotificationsQuickSettingsContainer{d76d808 V.E...... ......ID 0,0-1080,2340 #7f0a087e app:id/notification_container_parent} during second layout pass: posting in next frame
04-23 02:28:42.186 W/View    ( 1865): requestLayout() improperly called by com.android.systemui.qs.SecQSGradationDrawableView{35418d5 V.E...... ........ 0,0-1080,332 #7f0a0a16 app:id/qs_gradation_view} during second layout pass: posting in next frame
04-23 02:28:42.186 W/View    ( 1865): requestLayout() improperly called by android.widget.FrameLayout{41da8ea V.E...... ........ 0,0-1080,2340 #2} during second layout pass: posting in next frame
04-23 02:28:42.186 W/View    ( 1865): requestLayout() improperly called by android.widget.FrameLayout{91467db V.E...... ........ 0,148-1080,2205 #7f0a0a14 app:id/qs_frame} during second layout pass: posting in next frame
04-23 02:28:42.186 W/View    ( 1865): requestLayout() improperly called by large_screen_header_constraint_qqs->large_screen_header_constraint_qs (pos:0.0 Dpos/Dt:0.0 during second layout pass: posting in next frame
04-23 02:28:42.186 W/View    ( 1865): requestLayout() improperly called by com.android.systemui.qs.SecQSDetail{a95622d I.E...... ......ID 0,0-1080,2340 #7f0a09fa app:id/qs_detail} during second layout pass: posting in next frame
04-23 02:28:42.186 W/View    ( 1865): requestLayout() improperly called by com.android.systemui.statusbar.phone.KeyguardStatusBarView{f9c9ba1 I.E...... ......ID 0,0-1080,80 #7f0a0615 app:id/keyguard_header} during second layout pass: posting in next frame
04-23 02:28:42.186 W/View    ( 1865): requestLayout() improperly called by android.widget.Button{152b362 IFED..C.. ......I. 0,0-516,103 #7f0a0a65 app:id/report_rejected_touch} during second layout pass: posting in next frame
04-23 02:28:42.187 D/SBluetoothControllerImpl( 1865): handleMessage : 3
04-23 02:28:42.187 D/SBluetoothControllerImpl( 1865): handleMessage : 2
04-23 02:28:42.187 I/WindowManager( 1426): Relayout Window{a7d6027 u0 com.android.systemui.wallpapers.ImageWallpaper}: viewVisibility=0 req=-1x-1 ty=2013 d0
04-23 02:28:42.188 D/SecKeyguardStatusViewObserver( 1865): onChanged() FaceWidgetContainerLiveData{mIsContainerVisible=true, mClipLayoutVisibility=0, mRotation=0, mIsDashBoardVIRunning=false, mIsAdditionalInfoVisible=8, mAdditionalInfoGravity=17, mClockSideStartPadding=0, mClockSideEndPadding=0, mMusicSideStartPadding=30, mMusicSideEndPadding=30, mInfoSideStartPadding=0, mInfoSideEndPadding=0, mClipLayoutWidth = -1, mAdditionalInfoRemoteView=null, mIsAdditionalViewGoingToSleep=true, mConfig=CustomConfiguration{fontScale=1.0, screenLayout=268435810, orientation=1, screenWidthDp=384, screenHeightDp=832, smallestScreenWidthDp=384, densityDpi=450, uiMode=17, isRTL=false, mConfiguration={1.0 286mcc3mnc [tr_TR] ldltr sw384dp w384dp h832dp 450dpi nrml long port finger -keyb/v/h -nav/h winConfig={ mBounds=Rect(0, 0 - 1080, 2340) mAppBounds=Rect(0, 0 - 1080, 2340) mMaxBounds=Rect(0, 0 - 1080, 2340) mDisplayRotation=ROTATION_0 mWindowingMode=fullscreen mActivityType=undefined mAlwaysOnTop=undefined mRotation=ROTATION_0 mStageConfig=undefined mEmbedActivityMode=undefined mPopOver=undefined mOverlappingWithCutout=false} s.58 fontWeightAdjustment=0 ff=0 bf=-1 bts=0 cst=1.0 nightDim=0 themeSeq=0}}}
04-23 02:28:42.188 D/FaceWidgetPagesController( 1865): onGravityChanged()
04-23 02:28:42.188 I/StretchMeasureDataCalculator( 1865): setGravity: 49, isStart=false, isEnd=false, isCenterHorizontal=true
04-23 02:28:42.188 D/FaceWidgetClockPage( 1865): setClockGravity() gravity = 49
04-23 02:28:42.188 D/FaceWidgetClockPage( 1865): updateClockPadding
04-23 02:28:42.189 D/VRI[NotificationShade]@fbac529( 1865): mThreadedRenderer.initializeIfNeeded()#2 mSurface={isValid=true 0xb400007a4ebb4170}
04-23 02:28:42.189 I/ImeFocusController( 1865): onPreWindowFocus: skipped hasWindowFocus=true mHasImeFocus=false
04-23 02:28:42.189 D/KeyguardUpdateMonitor( 1865): setFocusForBiometrics : true -> true, Focus window : 3 -> 1
04-23 02:28:42.189 W/Settings( 1865): Setting accessibility_reduce_transparency has moved from android.provider.Settings.System to android.provider.Settings.Global, returning read-only global URI.
04-23 02:28:42.189 I/DymLock|BaseLockContainer( 1865): onWindowFocusChanged true
04-23 02:28:42.189 I/DymLock|DynamicLockContainer( 1865): onWindowFocusChanged true
04-23 02:28:42.189 D/SystemUITextView( 1865): mOriginalFontSizeDp 18.133333  com.android.keyguard.BouncerKeyguardMessageArea{f554e1f VFED.V... ......ID 0,0-0,0 #7f0a0b23 app:id/sec_bouncer_message_area}
04-23 02:28:42.190 I/WindowManager( 1426): Relayout hash=a7d6027, pid=1865, syncId=-1: mAttrs={(0,0)(fillxfill) gr=TOP START CENTER layoutInDisplayCutoutMode=always ty=WALLPAPER fmt=RGBX_8888 wanim=0x1030328
04-23 02:28:42.190 I/WindowManager( 1426):   fl=10318
04-23 02:28:42.190 I/WindowManager( 1426):   pfl=14
04-23 02:28:42.190 I/WindowManager( 1426):   bhv=1
04-23 02:28:42.190 I/WindowManager( 1426):   frameRateBoostOnTouch=true
04-23 02:28:42.190 I/WindowManager( 1426):   dvrrWindowFrameRateHint=true naviIconColor=0}
04-23 02:28:42.191 I/BLASTBufferQueue_Java( 1865): update, w= 1080 h= 2340 mName = Wallpaper mNativeObject= 0xb40000794eb01b50 sc.mNativeObject= 0xb400007a3ea4c7d0 format= 2 caller= android.service.wallpaper.WallpaperService$Engine.getOrCreateBLASTSurface:2929 android.service.wallpaper.WallpaperService$Engine.updateSurface:1682 android.service.wallpaper.WallpaperService$IWallpaperEngineWrapper.handleResized:3540 android.service.wallpaper.WallpaperService$IWallpaperEngineWrapper.executeMessage:3459 com.android.internal.os.HandlerCaller$MyHandler.handleMessage:44 android.os.Handler.dispatchMessage:110
04-23 02:28:42.191 I/BLASTBufferQueue( 1865): [Wallpaper#2](f:0,a:1,s:0) update width=1080 height=2340 format=2 mTransformHint=0
04-23 02:28:42.191 W/Settings( 1865): Setting accessibility_reduce_transparency has moved from android.provider.Settings.System to android.provider.Settings.Global, returning read-only global URI.
04-23 02:28:42.191 D/SBluetoothTile( 1865):  handleUpdateState enabled = false connected = false connecting = false changedState =false bluetoothState = 10 enabledChanging = false state = QSTile$BooleanState[spec=Bluetooth,icon=ResourceIcon[resId=0x7f080f78],nextIcon=null,iconSupplier=null,label=Bluetooth,secondaryLabel=,contentDescription=Bluetooth,stateDescription=null,dualLabelContentDescription=null,expandedAccessibilityClassName=null,disabledByPolicy=false,dualTarget=true,isTransient=false,handlesSecondaryClick=false,state=1,sideViewCustomDrawable=null,tileClassName=null,value=false,forceExpandIcon=false]
04-23 02:28:42.191 D/SystemUITextView( 1865): mOriginalFontSizeDp 13.155556  com.android.keyguard.BouncerKeyguardMessageArea{15537f7 VFED..... ......ID 0,0-0,0 #7f0a064a app:id/keyguard_sub_help_text}
04-23 02:28:42.191 I/ImeFocusController( 1865): onPostWindowFocus: skipped hasWindowFocus=true mHasImeFocus=false
04-23 02:28:42.193 W/ContextImpl( 3827): Calling a method in the system process without a qualified user: android.app.ContextImpl.startService:2068 android.content.ContextWrapper.startService:872 android.content.ContextWrapper.startService:872 com.sec.android.diagmonagent.sa.receiver.CFLogReceiver.onReceive:56 android.app.ActivityThread.handleReceiver:5663
04-23 02:28:42.193 D/KnoxStatusBarControlViewModel( 1865): updateHiddenState(hidden:false
04-23 02:28:42.193 W/bluetooth( 2688): system/gd/hci/le_scanning_manager.cc:716 scan: address_manager_registered_
04-23 02:28:42.193 D/KnoxStatusBarControlViewModel( 1865): updateCustomText(text:null
04-23 02:28:42.193 W/bluetooth( 2688): system/gd/hci/le_scanning_manager.cc:768 stop_scan: stop_scan
04-23 02:28:42.193 D/KnoxStatusBarControlViewModel( 1865): updateSystemIconEnabledState(enabled:true
04-23 02:28:42.193 I/bluetooth( 2688): system/gd/hci/le_address_manager.cc:278 unregister_client: Client unregistered
04-23 02:28:42.193 D/KeyguardUpdateMonitor( 1865): isUserUnlocked userId:0, unlocked:true
04-23 02:28:42.193 D/KeyguardSecAffordanceView( 1865): sendBlockingTouchAreaToWallpaper rect: Rect(0, 0 - 0, 0), nowBarVisible: false, LeftShortcut
04-23 02:28:42.193 D/KeyguardUpdateMonitor( 1865): isUserUnlocked userId:0, unlocked:true
04-23 02:28:42.193 D/KeyguardUpdateMonitor( 1865): isUserUnlocked userId:0, unlocked:true
04-23 02:28:42.193 D/KeyguardSecAffordanceView( 1865): sendBlockingTouchAreaToWallpaper rect: Rect(0, 0 - 0, 0), nowBarVisible: false, RightShortcut
04-23 02:28:42.193 D/KeyguardSecBottomAreaView( 1865): mIndicationArea margin start : 73, end : 73, bottom : 352
04-23 02:28:42.194 I/bluetooth( 2688): system/gd/hci/le_scanning_manager.cc:765 stop_scan: Scanning already stopped, return!
04-23 02:28:42.194 W/bluetooth( 2688): system/gd/hci/le_scanning_manager.cc:732 start_scan: start_scan
04-23 02:28:42.194 W/bluetooth( 2688): system/gd/hci/le_scanning_manager.cc:735 start_scan: Register address manager
04-23 02:28:42.194 I/bluetooth( 2688): system/gd/hci/le_address_manager.cc:263 register_client: Client registered
04-23 02:28:42.194 I/LockscreenNotificationIconsOnlyController( 1865): onNotificationInfoUpdated 3
04-23 02:28:42.196 I/AODNotificationManager( 1865): updateNotification()
04-23 02:28:42.197 D/ContrastColorUtil( 1865): GrayScale=false. Bitmap is not grayscale.
04-23 02:28:42.198 D/PluginAODManager( 1865): onNotificationInfoUpdated() 3
04-23 02:28:42.198 D/PluginAODManager( 1865): onNotificationInfoUpdated() 0|com.toov1.dovizaltin|-169915944|null|10471
04-23 02:28:42.198 D/PluginAODManager( 1865): onNotificationInfoUpdated() -1|android|47|null|1000
04-23 02:28:42.198 D/PluginAODManager( 1865): onNotificationInfoUpdated() 0|com.wssyncmldm|3|null|1000
04-23 02:28:42.198 I/AODNotificationManager( 1865): updateVisibleNotifications: 3
04-23 02:28:42.198 I/bauth_FPBAuthService( 1244): pcf : 0x1012, 0 ,1 ,0 ,0 ,0 ,0, 16.0.0.0
04-23 02:28:42.198 I/bauth_FPBAuthService( 1244): thread id : 1, preenroll_flag : 0, nd cnt : 0, cso : 0, et : 0
04-23 02:28:42.198 I/bauth_FPBAuthService( 1244): FPBAuthService, 11451
04-23 02:28:42.199 I/KeyguardTransitionRepository( 1865): FINISHED transition: TransitionStep(from=GONE, to=DOZING, value=1.0, transitionState=FINISHED, ownerName=FromGoneTransitionInteractor(Sleep transition triggered))
04-23 02:28:42.199 W/Settings( 1865): Setting accessibility_reduce_transparency has moved from android.provider.Settings.System to android.provider.Settings.Global, returning read-only global URI.
04-23 02:28:42.199 D/SecDefaultPanelBackgroundDisplayInteractor( 1865): blurReduced = false , minimalBatteryUse = false , statusBarState = KEYGUARD, keyguardState = DOZING
04-23 02:28:42.199 D/SecDefaultPanelBackgroundDisplayInteractor( 1865): blurReduced = false , minimalBatteryUse = false , statusBarState = KEYGUARD, keyguardState = DOZING
04-23 02:28:42.202 I/BatchScanningManager( 2552): (REDACTED) Starting batch scanner in %d seconds.
04-23 02:28:42.203 I/SecKeyguardClockPositionAlgorithm( 1865): prepareClockContainerHeightChanging:
04-23 02:28:42.203 I/PluginFaceWidgetManager( 1865): isEditMode = false
04-23 02:28:42.203 I/NowBarItemManager( 1865): getVisibleList isScreenTurnedOn = false / aodShowState false shouldControlScreenOff false visibleList size = 0
04-23 02:28:42.204 I/SecKeyguardClockPositionAlgorithm( 1865): prepareClockContainerHeightChanging:
04-23 02:28:42.204 I/NearbyDiscovery( 2552): (REDACTED) FastPairHandler: Received action %s
04-23 02:28:42.204 I/PluginFaceWidgetManager( 1865): isEditMode = false
04-23 02:28:42.204 I/NowBarItemManager( 1865): getVisibleList isScreenTurnedOn = false / aodShowState false shouldControlScreenOff false visibleList size = 0
04-23 02:28:42.204 W/View    ( 1865): requestLayout() improperly called by com.android.systemui.qs.SecQSGradationDrawableView{35418d5 V.E...... ......I. 0,0-1080,332 #7f0a0a16 app:id/qs_gradation_view} during layout: running second layout pass
04-23 02:28:42.204 W/View    ( 1865): requestLayout() improperly called by android.widget.FrameLayout{41da8ea V.E...... ......I. 0,0-1080,2340 #2} during layout: running second layout pass
04-23 02:28:42.204 W/View    ( 1865): requestLayout() improperly called by android.widget.FrameLayout{91467db V.E...... ......I. 0,148-1080,2205 #7f0a0a14 app:id/qs_frame} during layout: running second layout pass
04-23 02:28:42.205 I/SecKeyguardClockPositionAlgorithm( 1865): prepareClockContainerHeightChanging:
04-23 02:28:42.205 W/Settings( 1865): Setting accessibility_reduce_transparency has moved from android.provider.Settings.System to android.provider.Settings.Global, returning read-only global URI.
04-23 02:28:42.205 I/ndroid.systemui( 1865): Background concurrent mark compact GC freed 49MB AllocSpace bytes, 28(688KB) LOS objects, 53% free, 41MB/89MB, paused 1.658ms,2.589ms total 142.855ms
04-23 02:28:42.205 I/PluginFaceWidgetManager( 1865): isEditMode = false
04-23 02:28:42.205 I/NowBarItemManager( 1865): getVisibleList isScreenTurnedOn = false / aodShowState false shouldControlScreenOff false visibleList size = 0
04-23 02:28:42.206 D/SatelliteController( 1839): isInCarrierRoamingNbIotNtn: satellite is disabled
04-23 02:28:42.206 I/SecKeyguardClockPositionAlgorithm( 1865): prepareClockContainerHeightChanging:
04-23 02:28:42.206 I/PluginFaceWidgetManager( 1865): isEditMode = false
04-23 02:28:42.206 I/NowBarItemManager( 1865): getVisibleList isScreenTurnedOn = false / aodShowState false shouldControlScreenOff false visibleList size = 0
04-23 02:28:42.207 W/Settings( 1865): Setting accessibility_reduce_transparency has moved from android.provider.Settings.System to android.provider.Settings.Global, returning read-only global URI.
04-23 02:28:42.207 I/InsetsController( 1865): cancelAnimation: types=navigationBars, animType=1, host=NotificationShade, from=android.view.InsetsController.notifyFinished:2006 android.view.InsetsAnimationControlImpl.applyChangeInsets:335 android.view.InsetsController.lambda$new$3:957
04-23 02:28:42.208 D/VRI[NotificationShade]@fbac529( 1865): Setup new sync=wmsSync-VRI[NotificationShade]@fbac529#21
04-23 02:28:42.208 I/VRI[NotificationShade]@fbac529( 1865): Creating new active sync group VRI[NotificationShade]@fbac529#22
04-23 02:28:42.208 D/VRI[NotificationShade]@fbac529( 1865): Resumed drawing after screen turned on
04-23 02:28:42.208 D/VRI[NotificationShade]@fbac529( 1865): registerCallbacksForSync syncBuffer=false
04-23 02:28:42.209 D/SensorService( 1426): setSContextDataLocked ints length 2 , byte length 4
04-23 02:28:42.209 D/SensorService( 1426): setSContextDataLocked f20047c1
04-23 02:28:42.209 I/SurfaceFlinger( 1101): id=696 Removed Surface(name=Task=1)/@0xd6aaabe_transition-leash#696 (126)
04-23 02:28:42.209 I/SensorsHub( 1018): SContextSensor::injecet_sensor_data
04-23 02:28:42.209 D/SensorsHub( 1018): c1 47 00 f2
04-23 02:28:42.209 D/SensorsHub( 1018): inject_scontext_data: New ssp_data_injection_fd(31)
04-23 02:28:42.209 D/SensorsHub( 1018): SContext Data Injection return 64
04-23 02:28:42.210 I/CAE     ( 1426): handleMessage(CaPowerManager.java:295) - SCREEN_OFF_INTENT
04-23 02:28:42.210 I/VRI[NotificationShade]@fbac529( 1865): mWNT: t=0xb400007a1ed319d0 mBlastBufferQueue=0xb40000794ef07b70 fn= 2 HdrRenderState mRenderHdrSdrRatio=1.0 caller= android.view.SyncRtSurfaceTransactionApplier.applyTransaction:100 android.view.SyncRtSurfaceTransactionApplier.lambda$scheduleApply$0:73 android.view.SyncRtSurfaceTransactionApplier.$r8$lambda$afI4fXg3U3-nBZQEDQMiNy-B06s:0
04-23 02:28:42.210 D/VRI[NotificationShade]@fbac529( 1865): Received frameDrawingCallback syncResult=0 frameNum=2.
04-23 02:28:42.210 I/VRI[NotificationShade]@fbac529( 1865): Setting up sync and frameCommitCallback
04-23 02:28:42.213 I/SurfaceFlinger( 1101): destroyed Surface(name=Task=1)/@0xd6aaabe_transition-leash#696
04-23 02:28:42.214 I/Layer   ( 1101): id=696 Destroyed Surface(name=Task=1)/@0xd6aaabe_transition-leash#696
04-23 02:28:42.216 I/[MCFDs]_IntentUtil( 4066): emitToConsumer - (SCREEN_STATE) ACTION_ID_SCREEN_OFF, consumer size=2
04-23 02:28:42.216 I/[MCFDs]_ContextManager( 4066): onContextChanged - DEVICE STATE : SCREEN_OFF
04-23 02:28:42.216 W/[MCFDs]_CommunicationManager( 4066): updateContext - ignore - Bluetooth is off
04-23 02:28:42.216 I/[MCFDs]_AmbientDetectHandler( 4066): onContextChange - 1
04-23 02:28:42.216 I/[MCFDs]_AmbientDetectAdvBehavior( 4066): stop - true
04-23 02:28:42.216 I/[MCFDs]_AmbientDetectAdvBehavior( 4066): setNextStart - -1
04-23 02:28:42.216 I/[MCFDs]_AmbientDetectScanBehavior( 4066): stopScan - -
04-23 02:28:42.216 I/[MCFDs]_AmbientDetectWpsBehavior( 4066): stop - false
04-23 02:28:42.216 I/NearbyDiscovery( 2552): (REDACTED) PureOffloadFastPairScanner: eventType=%s, isInternalReq=%s, isScanning=%s, isScanningAllowed=%s
04-23 02:28:42.217 I/NearbyDiscovery( 2552): (REDACTED) ApFastPairScanner: isScreenOn=%s, isLocationEnabled=%s, disableLocationRequirement=%s, isDiscoveryScanningEnabled=%s, during24GhzWifiWarmingUpPeriod=%s
04-23 02:28:42.217 I/ActivityManager( 1426): Changes in 10081 10 to 10, 0 to 128
04-23 02:28:42.218 D/BluetoothAdapter( 2552): isLeEnabled(): BLE_ON
04-23 02:28:42.218 I/NearbyDiscovery( 2552): (REDACTED) ApFastPairScanner: eventType=%s, intReq=%s, scanning=%s, scanAllowed=%s, bleEnabled=%s, lockScanRate=%s, startScanningByLowPowerMode=%s
04-23 02:28:42.218 I/NearbyDiscovery( 2552): FastPairController: onSystemStateChanged: skip due to flag disabled [CONTEXT service_id=265 ]
04-23 02:28:42.220 D/SmartAlertController( 1426): ACTION_SCREEN_OFF
04-23 02:28:42.221 I/[MCFDs]_IntentUtil( 4066): emitToConsumer - (KEYGUARD_STATE) ACTION_ID_KEY_GUARD_ON, consumer size=1
04-23 02:28:42.221 I/PersonalSafety( 2552): ConnectivityProtectionLockingIntentOperation: cancelled task [CONTEXT service_id=310 ]
04-23 02:28:42.225 I/VRI[NotificationShade]@fbac529( 1865): Received frameCommittedCallback lastAttemptedDrawFrameNum=2 didProduceBuffer=true
04-23 02:28:42.226 I/ChimeraSystemEventListener( 1426): onReceive() - action: android.intent.action.SCREEN_OFF
04-23 02:28:42.226 D/VRI[NotificationShade]@fbac529( 1865): reportDrawFinished seqId=0
04-23 02:28:42.227 D/InsignificantCoordinator( 1865): no update for Insignificant summary, there is no notifications
04-23 02:28:42.227 D/WindowManager( 1426): finishDrawingWindow: Window{e094013 u0 NotificationShade} mDrawState=HAS_DRAWN seqId=0
04-23 02:28:42.227 D/SBluetoothControllerImpl( 1865): handleMessage : 4
04-23 02:28:42.228 I/MR2ServiceImpl( 1426): Updating composite discovery preference | preference: RouteDiscoveryRequest{ preferredFeatures={}, activeScan=false }, active routers: []
04-23 02:28:42.228 D/KeyguardFingerprint( 1865): shouldListenForFingerprint ( isFingerprintEnabled = true , mKeyguardIsVisible = true , mDeviceInteractive = false , mPrimaryBouncerIsOrWillBeShowing = false , mPrimaryBouncerFullyShown = false , mGoingToSleep = false , mSwitchingUser = false , mIsDreamingForBiometrics = true , mKeyguardUnlocking = false , mKeyguardGoingAway = false , mKeyguardShowing = true , mKeyguardOccluded = false , mSystemReady = true , mHasFocus = true
04-23 02:28:42.228 D/KeyguardFingerprint( 1865): updateFingerprintListeningState#mFingerprintRunningState=1 shouldListenForFingerprint=true isUdfpsEnrolled=false bioType : 257
04-23 02:28:42.228 D/KeyguardFace( 1865): shouldListenForFace ( isFaceDefaultCondition = false , isKeyguardVisible = true , isDeviceInteractive = false , mPrimaryBouncerFullyShown = false , isSwitchingUser = false , mIsDreamingForBiometrics = true , isGoingToSleep = false , isKeyguardGoingAway = false , mKeyguardUnlocking = false , isEarlyWakeUp = false , mIsScreenSaverRunning = false , mSystemReady = true , getUserUnlockedWithBiometric = false , isKeyguardShowing = true , isKeyguardOccluded = false , mHasFocus = true)
04-23 02:28:42.228 D/KeyguardFace( 1865): shouldListenForFace ( return false, Face is not default condition)
04-23 02:28:42.228 D/KeyguardFace( 1865): Can't stop stopListeningForFace(), mFaceRunningState = 0
04-23 02:28:42.228 D/QSMumButton( 1865): isMumDeactivated: !result[false] isLduBranding[false] isShopDemo[false]
04-23 02:28:42.229 D/QSMumButton( 1865): needToBeVisible() result: false [MumSetting: false = (TwoPhoneSetting: false || (somethingInDetail(1): true && Pref: false && Settings: false)), !DEX-(DeviceState: true, !DesktopManager: true, !mIsDexEnablingOrEnabled: true) Panel-mExpanded: false, !isEmergencyMode: true, isUserEnabled: true, !isKioskModeEnabled: true, !isDisallowUserSwitch = true
04-23 02:28:42.230 I/SurfaceFlinger( 1101): RequestedLayer [Surface(name=682768d NavigationBar0)[...]mation-leash of insets_animation#728] hidden!! flag  from(0) --> to(1)
04-23 02:28:42.231 V/WifiProfileShare( 1426): screen off
04-23 02:28:42.231 D/SemWifiP2pGoPowerSave( 1426): handleScreenState: false
04-23 02:28:42.232 V/WifiProfileShare.Caster( 1426): clear all confirm history
04-23 02:28:42.232 V/WifiProfileShare.MCF( 1426): clearUserConfirmHistory
04-23 02:28:42.232 D/SystemServerTiming( 1426): getUserSwitchability-0
04-23 02:28:42.232 D/SystemServerTiming( 1426): TM.isInCall
04-23 02:28:42.232 I/Telecom ( 1426): SamsungTelecomServiceImpl : isInCall - callingPackage : android / callingUser : UserHandle{0} / hasCrossUserAccess : true
04-23 02:28:42.232 V/SystemServerTiming( 1426): TM.isInCall took to complete: 1ms
04-23 02:28:42.232 D/SystemServerTiming( 1426): hasUserRestriction-DISALLOW_USER_SWITCH
04-23 02:28:42.232 V/SystemServerTiming( 1426): hasUserRestriction-DISALLOW_USER_SWITCH took to complete: 0ms
04-23 02:28:42.232 D/SystemServerTiming( 1426): getInt-ALLOW_USER_SWITCHING_WHEN_SYSTEM_USER_LOCKED
04-23 02:28:42.232 V/SystemServerTiming( 1426): getInt-ALLOW_USER_SWITCHING_WHEN_SYSTEM_USER_LOCKED took to complete: 0ms
04-23 02:28:42.232 D/SystemServerTiming( 1426): isUserUnlocked-USER_SYSTEM
04-23 02:28:42.232 D/SemWifiSwitchForIndividualAppsService( 1426): stopTCPMonitoring : already stopped
04-23 02:28:42.232 V/SystemServerTiming( 1426): isUserUnlocked-USER_SYSTEM took to complete: 0ms
04-23 02:28:42.232 V/SystemServerTiming( 1426): getUserSwitchability-0 took to complete: 1ms
04-23 02:28:42.233 I/ActivityManager( 1426): Changes in 10110 10 to 10, 0 to 128
04-23 02:28:42.233 D/QSClock ( 1865): StatusBar clock=02:28 notifyTimeChanged(QSClockBellSound - TimeText:02:28, TimeContentDescription:02:28, DateText:23 Nisan Per, ShortDateText:23 Nis Per, Demo:false) clockVisibleByPolicy=true, clockVisibleByUser=true, visible=false, parent=android.widget.LinearLayout{73759ed V.E...... ......ID 0,0-0,58 #7f0a069b app:id/left_clock_container} caller=com.android.systemui.statusbar.phone.fragment.CollapsedStatusBarFragment.animateHiddenState:96 com.android.systemui.statusbar.phone.fragment.CollapsedStatusBarFragment.updateStatusBarVisibilitiesInner:260 com.android.systemui.statusbar.phone.fragment.CollapsedStatusBarFragment$$ExternalSyntheticLambda1.run:6 com.android.systemui.statusbar.phone.fragment.CollapsedStatusBarFragmentExt.onKeyguardShowingChanged:10 com.android.systemui.statusbar.policy.KeyguardStateControllerImpl$$ExternalSyntheticLambda0.accept:24
04-23 02:28:42.234 I/KeyguardSecPatternView( 1865): onVisibilityChanged() visibility : 0
04-23 02:28:42.234 I/SemTspStateManager( 1865): setDeadZone() v2=3.33%,3.33%,0%, v3=null
04-23 02:28:42.234 D/SystemUITextView( 1865): onAttachedToWindow mAttrCount = 3
04-23 02:28:42.234 D/WallpaperEventNotifier( 1865): sendUpdates: typesTobeNotified = [ | | | BACKGROUND | ]
04-23 02:28:42.234 D/SystemUITextView( 1865): updateStyle() flag=0,200 : com.android.systemui.widget.SystemUITextView{387a55 VFED.V... ......ID 0,0-0,0 #7f0a09a7 app:id/prev_info_text}
04-23 02:28:42.234 D/SFText  ( 1865): clearAllTextEffect
04-23 02:28:42.234 D/SystemUITextView( 1865): onAttachedToWindow mAttrCount = 3
04-23 02:28:42.234 D/WallpaperEventNotifier( 1865): sendUpdates: typesTobeNotified = [ | | | BACKGROUND | ]
04-23 02:28:42.234 D/SystemUITextView( 1865): updateStyle() flag=0,200 : com.android.systemui.widget.SystemUITextView{867655b VFED..... ......ID 0,0-0,0 #7f0a09a8 app:id/prev_sub_info_text}
04-23 02:28:42.234 D/SFText  ( 1865): clearAllTextEffect
04-23 02:28:42.234 D/SystemUITextView( 1865): onAttachedToWindow mAttrCount = 4
04-23 02:28:42.234 D/WallpaperEventNotifier( 1865): sendUpdates: typesTobeNotified = [ | | | BACKGROUND | ]
04-23 02:28:42.235 D/SystemUITextView( 1865): onAttachedToWindow mAttrCount = 4
04-23 02:28:42.235 D/WallpaperEventNotifier( 1865): sendUpdates: typesTobeNotified = [ | | | BACKGROUND | ]
04-23 02:28:42.235 D/SystemUITextView( 1865): updateStyle() flag=0,200 : com.android.systemui.widget.SystemUITextView{b806fd4 VFED..C.. ......I. 0,0-0,0 #7f0a0571 app:id/hint_text}
04-23 02:28:42.235 D/SFText  ( 1865): clearAllTextEffect
04-23 02:28:42.235 E/SystemUITextView( 1865): set Background Drawable!!
04-23 02:28:42.235 D/SystemUITextView( 1865): onAttachedToWindow mAttrCount = 4
04-23 02:28:42.235 D/WallpaperEventNotifier( 1865): sendUpdates: typesTobeNotified = [ | | | BACKGROUND | ]
04-23 02:28:42.235 D/SystemUITextView( 1865): onAttachedToWindow mAttrCount = 3
04-23 02:28:42.235 D/WallpaperEventNotifier( 1865): sendUpdates: typesTobeNotified = [ | | | BACKGROUND | ]
04-23 02:28:42.235 D/SystemUITextView( 1865): onAttachedToWindow mAttrCount = 3
04-23 02:28:42.235 D/WallpaperEventNotifier( 1865): sendUpdates: typesTobeNotified = [ | | | BACKGROUND | ]
04-23 02:28:42.235 D/WallpaperEventNotifier( 1865): sendUpdates: typesTobeNotified = [ | | | BACKGROUND | ]
04-23 02:28:42.235 D/SystemUIButton( 1865): updateStyle() flag=0,200 : com.android.keyguard.EmergencyButton{e582b6d VFED..CL. ......I. 0,0-0,0 #7f0a045a app:id/emergency_call_button_flex}
04-23 02:28:42.235 D/SFText  ( 1865): clearAllTextEffect
04-23 02:28:42.235 D/SemStrongRssiRoaming( 1426): updatePollingState 48, 59
04-23 02:28:42.235 D/WallpaperEventNotifier( 1865): sendUpdates: typesTobeNotified = [ | | | BACKGROUND | ]
04-23 02:28:42.235 D/SystemUIButton( 1865): updateStyle() flag=0,200 : com.android.keyguard.EmergencyButton{c13e3a2 VFED..CL. ......I. 0,0-0,0 #7f0a0459 app:id/emergency_call_button}
04-23 02:28:42.235 D/SFText  ( 1865): clearAllTextEffect
04-23 02:28:42.236 D/WallpaperEventNotifier( 1865): sendUpdates: typesTobeNotified = [ | | | BACKGROUND | ]
04-23 02:28:42.236 D/KeyguardSecurityView( 1865): asynchronouslyInflateView layoutId = 2131558820 securityMode = Pattern
04-23 02:28:42.236 W/Settings( 1865): Setting airplane_mode_on has moved from android.provider.Settings.System to android.provider.Settings.Global, returning read-only global URI.
04-23 02:28:42.236 I/DeviceBatteryInfoService( 1426): action: android.intent.action.SCREEN_OFF
04-23 02:28:42.236 I/DeviceBatteryInfoService( 1426): screen off
04-23 02:28:42.237 I/Telecom ( 1426): SamsungTelecomServiceImpl : isInCall - callingPackage : com.android.systemui / callingUser : UserHandle{0} / hasCrossUserAccess : true
04-23 02:28:42.237 I/Telecom ( 1426): SamsungTelecomServiceImpl : isInCall - callingPackage : com.android.systemui / callingUser : UserHandle{0} / hasCrossUserAccess : true
04-23 02:28:42.238 I/Telecom ( 1426): SamsungTelecomServiceImpl : isInCall - callingPackage : com.android.systemui / callingUser : UserHandle{0} / hasCrossUserAccess : true
04-23 02:28:42.239 I/Telecom ( 1426): SamsungTelecomServiceImpl : isInCall - callingPackage : com.android.systemui / callingUser : UserHandle{0} / hasCrossUserAccess : true
04-23 02:28:42.239 I/Telecom ( 1426): SamsungTelecomServiceImpl : isInCall - callingPackage : com.android.systemui / callingUser : UserHandle{0} / hasCrossUserAccess : true
04-23 02:28:42.239 D/WallpaperEventNotifier( 1865): sendUpdates: typesTobeNotified = [ | | | BACKGROUND | ]
04-23 02:28:42.239 D/SemWallpaperColors( 1865): getColorThemeColor :512, 0, -1196649
04-23 02:28:42.239 D/KeyguardSecPatternViewController( 1865): updateStyle theme color: -1196649
04-23 02:28:42.239 D/SemWallpaperColors( 1865): getColorThemeColor :512, 0, -1196649
04-23 02:28:42.241 D/PasswordPolicy( 1426): userHandle 0
04-23 02:28:42.241 I/Rubin   ( 6630): [53] A8.b.A(Unknown Source) : Notify com.samsung.android.rubin.inferenceengine.contextanalytics.engine.loggers.AppUsageLogger's database is updated.
04-23 02:28:42.243 D/SGM:GameManager( 1426): identifyForegroundApp. com.sec.android.app.launcher, mCurrentUserId: 0, callerUserId: 0
04-23 02:28:42.244 I/Rubin   ( 6630): [2] com.samsung.android.rubin.inferenceengine.contextanalytics.engine.loggers.x.onReceive(Unknown Source) : Action=android.intent.action.SCREEN_OFF
04-23 02:28:42.244 D/LocationManagerService( 1426): screen interactive is now false
04-23 02:28:42.245 D/WifiDisplayAdapter( 1426): getWifiDisplayStatusLocked: result=WifiDisplayStatus{featureState=0, scanState=0, activeDisplayState=0, activeDisplay=null, displays=[], sessionInfo=WifiDisplaySessionInfo:
04-23 02:28:42.245 D/WifiDisplayAdapter( 1426):     Client/Owner: Client
04-23 02:28:42.245 D/WifiDisplayAdapter( 1426):     GroupId:
04-23 02:28:42.245 D/WifiDisplayAdapter( 1426):     Passphrase:
04-23 02:28:42.245 D/WifiDisplayAdapter( 1426):     SessionId: 0
04-23 02:28:42.245 D/WifiDisplayAdapter( 1426):     IP Address: }
04-23 02:28:42.245 D/KnoxStateMonitorImpl( 1865): registerCallback() callback=com.android.keyguard.KeyguardSecPatternViewController$4@90b931c
04-23 02:28:42.245 D/KnoxStateMonitorImpl( 1865): removeCallback() callback=null
04-23 02:28:42.246 D/LightBarController( 1865): SKIP updateStatus (white icon) dreaming:true, keyguardVisible:true, goingToSleep:false
04-23 02:28:42.246 W/KeyguardSecurityViewFlipper( 1865): onMeasure: widthSpec MeasureSpec: EXACTLY 1080 should be AT_MOST
04-23 02:28:42.246 W/KeyguardSecurityViewFlipper( 1865): onMeasure: heightSpec MeasureSpec: EXACTLY 2205 should be AT_MOST
04-23 02:28:42.247 W/KeyguardSecurityViewFlipper( 1865): onMeasure: widthSpec MeasureSpec: EXACTLY 1080 should be AT_MOST
04-23 02:28:42.247 W/KeyguardSecurityViewFlipper( 1865): onMeasure: heightSpec MeasureSpec: EXACTLY 2205 should be AT_MOST
04-23 02:28:42.247 V/WifiAwareStateManager( 1426): BroadcastReceiver: action=android.intent.action.SCREEN_OFF
04-23 02:28:42.247 V/WifiAwareStateManager( 1426): WaitState{ when=0 what=1 arg1=120 target=com.android.wifi.x.com.android.internal.util.StateMachine$SmHandler }
04-23 02:28:42.247 V/WifiAwareStateManager( 1426): processCommand: msg={ when=-1ms what=1 arg1=120 target=com.android.wifi.x.com.android.internal.util.StateMachine$SmHandler }
04-23 02:28:42.248 V/WifiAwareStateManager( 1426): reconfigureLocal(): transactionId=24
04-23 02:28:42.249 D/SystemServerTiming( 1426): getUserSwitchability-0
04-23 02:28:42.249 D/SystemServerTiming( 1426): TM.isInCall
04-23 02:28:42.249 D/EmergencyButton( 1865): updateEmergencyCallButton : secure
04-23 02:28:42.249 I/Telecom ( 1426): SamsungTelecomServiceImpl : isInCall - callingPackage : android / callingUser : UserHandle{0} / hasCrossUserAccess : true
04-23 02:28:42.249 D/EmergencyButton( 1865): updateEmergencyCallButton : secure
04-23 02:28:42.249 D/EmergencyButton( 1865): updateEmergencyCallButton : secure
04-23 02:28:42.249 D/EmergencyButton( 1865): updateEmergencyCallButton : secure
04-23 02:28:42.249 D/EmergencyButton( 1865): updateEmergencyCallButton : secure
04-23 02:28:42.249 V/SystemServerTiming( 1426): TM.isInCall took to complete: 0ms
04-23 02:28:42.249 D/SystemServerTiming( 1426): hasUserRestriction-DISALLOW_USER_SWITCH
04-23 02:28:42.249 V/SystemServerTiming( 1426): hasUserRestriction-DISALLOW_USER_SWITCH took to complete: 0ms
04-23 02:28:42.249 D/SystemServerTiming( 1426): getInt-ALLOW_USER_SWITCHING_WHEN_SYSTEM_USER_LOCKED
04-23 02:28:42.249 D/SecLockPatternView( 1865): updateViewStyle whiteWp = false, open theme enabled = false, isSavingMode = false, isColorTheme = false, themeColor = #ffedbd97, updateFlag = [ | | | BACKGROUND | ]
04-23 02:28:42.249 V/SystemServerTiming( 1426): getInt-ALLOW_USER_SWITCHING_WHEN_SYSTEM_USER_LOCKED took to complete: 0ms
04-23 02:28:42.249 D/SystemServerTiming( 1426): isUserUnlocked-USER_SYSTEM
04-23 02:28:42.249 V/SystemServerTiming( 1426): isUserUnlocked-USER_SYSTEM took to complete: 0ms
04-23 02:28:42.249 V/SystemServerTiming( 1426): getUserSwitchability-0 took to complete: 1ms
04-23 02:28:42.252 I/Rubin   ( 6630): [53] com.samsung.android.rubin.inferenceengine.contextanalytics.engine.monitors.moment.exercise.ExercisingWithCmhMonitor.isSatisfiedByCmh(Unknown Source) : isSatisfiedByCmh is false
04-23 02:28:42.252 I/Rubin   ( 6630): [53] f7.b.run(Unknown Source) : currentTimestamp : 1776900522252, lastCollectTimestamp : 1776863767991, diff : 36754261, BATCH_INTERVAL : 86400000
04-23 02:28:42.252 I/Rubin   ( 6630): [53] f7.b.run(Unknown Source) : isPassedSendInterval : FALSE
04-23 02:28:42.252 I/Rubin   ( 6630): [53] f7.b.run(Unknown Source) : IS_COLLECT_CONDITION : false
04-23 02:28:42.252 D/BiometricsRepositoryImpl( 1865): currentUser authFlags changed, new value: AuthenticationFlags(userId=0, flag=0)
04-23 02:28:42.252 I/Rubin   ( 6630): [98] g2.a.n(Unknown Source) : currentTimestamp : 1776900522252, lastBatchTimestamp : 1776860456128, diff : 40066124, batchInterval : 86400000
04-23 02:28:42.252 D/BiometricsRepositoryImpl( 1865): currentUser authFlags changed, new value: AuthenticationFlags(userId=0, flag=0)
04-23 02:28:42.252 I/Rubin   ( 6630): [98] g2.a.n(Unknown Source) : isPassedBatchInterval : FALSE
04-23 02:28:42.252 D/BiometricsRepositoryImpl( 1865): currentUser authFlags changed, new value: AuthenticationFlags(userId=0, flag=0)
04-23 02:28:42.252 I/Rubin   ( 6630): [98] B5.d.run(Unknown Source) : IS_SEND_CONDITION : false
04-23 02:28:42.253 D/BiometricsRepositoryImpl( 1865): currentUser authFlags changed, new value: AuthenticationFlags(userId=0, flag=0)
04-23 02:28:42.253 I/Rubin   ( 6630): [98] g2.a.n(Unknown Source) : currentTimestamp : 1776900522252, lastBatchTimestamp : 1776537381497, diff : 363140755, batchInterval : 604800000
04-23 02:28:42.253 I/Rubin   ( 6630): [98] g2.a.n(Unknown Source) : isPassedBatchInterval : FALSE
04-23 02:28:42.257 D/SemContextEngineService( 1426): ACTION_SCREEN_OFF
04-23 02:28:42.261 D/SEP_UNION_SemDeviceInfoManagerService( 1426): onReceive : android.intent.action.SCREEN_OFF, userId = 0
04-23 02:28:42.262 I/Rubin   ( 6630): [2] g2.a.n(Unknown Source) : currentTimestamp : 1776900522262, lastBatchTimestamp : 1776863767966, diff : 36754296, batchInterval : 86400000
04-23 02:28:42.262 W/KeyguardSecurityViewFlipper( 1865): onMeasure: widthSpec MeasureSpec: EXACTLY 1080 should be AT_MOST
04-23 02:28:42.262 W/KeyguardSecurityViewFlipper( 1865): onMeasure: heightSpec MeasureSpec: EXACTLY 2205 should be AT_MOST
04-23 02:28:42.262 I/Rubin   ( 6630): [2] g2.a.n(Unknown Source) : isPassedBatchInterval : FALSE
04-23 02:28:42.262 I/Rubin   ( 6630): [2] C1.G.onReceive(Unknown Source) : IS_MODEL_INFO_UPDATE_CONDITION : false
04-23 02:28:42.262 W/KeyguardSecurityViewFlipper( 1865): onMeasure: widthSpec MeasureSpec: EXACTLY 1080 should be AT_MOST
04-23 02:28:42.262 W/KeyguardSecurityViewFlipper( 1865): onMeasure: heightSpec MeasureSpec: EXACTLY 2205 should be AT_MOST
04-23 02:28:42.263 D/ActivityManager( 1426): Received BROADCAST intent 0x8af9651 Key{broadcastIntent pkg=com.sec.android.app.launcher intent=act=android.intent.action.SCREEN_OFF xflg=0x4 cmp=com.sec.android.app.launcher/com.samsung.app.honeyspace.edge.edgepanel.data.repository.visibility.ScreenStateBrReceiver flags=0x2000000 u=-1} requestCode=0 sent=0 from uid 1000
04-23 02:28:42.263 D/SEP_UNION_SemDeviceInfoManagerService( 1426): Send intent android.intent.action.SCREEN_OFF, userId: 0 by broadcast
04-23 02:28:42.265 I/Rubin   ( 6630): [100] g2.a.n(Unknown Source) : currentTimestamp : 1776900522265, lastBatchTimestamp : 1776698209690, diff : 202312575, batchInterval : 259200000
04-23 02:28:42.266 I/ActivityManager( 1426): Changes in 10110 10 to 10, 128 to 0
04-23 02:28:42.267 I/Rubin   ( 6630): [100] g2.a.n(Unknown Source) : isPassedBatchInterval : FALSE
04-23 02:28:42.267 I/Rubin   ( 6630): [100] L4.a.run(Unknown Source) : IS_UPDATE_CONDITION : false
04-23 02:28:42.270 D/SGM:FgCheckThread( 1426): com.samsung.keyguard.KEYGUARD_STATE. check for pause
04-23 02:28:42.270 E/BatteryDump( 1012): !@new_battery_dump : 3940,1453,2000,3150,33,350,329,407,350,0,356,377,0,Charging,NO_CHARGING,Normal,Good,PDIC,0,Normal,0,0,7867,0x8000,0x10010000,0x0,0,0,0000,0000,00000000,0,0,0,0,619,3804,3312,1000,0,
04-23 02:28:42.270 D/SGM:FgCheckThread( 1426): onLooperPrepared(), msg: MSG_KEY_GUARD_LOCKED
04-23 02:28:42.270 D/SGM:FgCheckThread( 1426): sendFocusOutConditionally() - mPrevNotiPkg: (unknown), userId: 0
04-23 02:28:42.271 I/ActivityManager( 1426): Changes in 5006 8 to 8, 0 to 128
04-23 02:28:42.272 I/BCMGR[11.2.04.4](11663): BleScanHelper] directStopLeScan - stopScan
04-23 02:28:42.275 I/ActivityManager( 1426): Changes in 5006 8 to 8, 128 to 0
04-23 02:28:42.280 I/android.hardware.health@2.1-service-samsung( 1012): updateLrpSysfs: write: 356
04-23 02:28:42.281 I/sec_fr_TeegrisEngine( 1023): Teegris Allocating WSM for TCI
04-23 02:28:42.282 I/sec_fr_TeegrisEngine( 1023): startTA - succeed
04-23 02:28:42.283 I/sec_fr_PerformanceLog( 1023): [Performance Log] startTA (166284) us
04-23 02:28:42.283 I/sec_fr_TeegrisEngine( 1023): init success mState=0x7
04-23 02:28:42.283 I/sec_fr_NativeFaceService( 1023): E FaceService::engineInit
04-23 02:28:42.283 I/sec_fr_NativeFaceService( 1023): E initialize - mState(3)
04-23 02:28:42.283 W/SemFace ( 1426): sehOpenTaSession FINISH (167ms) RESULT: 0
04-23 02:28:42.285 I/bt_shim_scanner( 2688): system/main/shim/le_scanning_manager.cc:141 Unregister: in shim layer, scannerId=1
04-23 02:28:42.285 W/bluetooth( 2688): system/gd/hci/le_scanning_manager.cc:697 unregister_scanner: unregister_scanner
04-23 02:28:42.287 I/bt_shim_scanner( 2688): system/main/shim/le_scanning_manager.cc:151 Scan: in shim layer stopped
04-23 02:28:42.287 W/bluetooth( 2688): system/gd/hci/le_scanning_manager.cc:716 scan: address_manager_registered_
04-23 02:28:42.287 W/bluetooth( 2688): system/gd/hci/le_scanning_manager.cc:768 stop_scan: stop_scan
04-23 02:28:42.288 I/bluetooth( 2688): system/gd/hci/le_address_manager.cc:278 unregister_client: Client unregistered
04-23 02:28:42.288 I/bt_shim_scanner( 2688): system/main/shim/le_scanning_manager.cc:197 ScanFilterParamSetup: in shim layer, clientIf=1
04-23 02:28:42.289 I/bt_shim_scanner( 2688): system/main/shim/le_scanning_manager.cc:197 ScanFilterParamSetup: in shim layer, clientIf=1
04-23 02:28:42.290 I/bt_shim_scanner( 2688): system/main/shim/le_scanning_manager.cc:197 ScanFilterParamSetup: in shim layer, clientIf=1
04-23 02:28:42.290 I/bt_shim_scanner( 2688): system/main/shim/le_scanning_manager.cc:197 ScanFilterParamSetup: in shim layer, clientIf=1
04-23 02:28:42.290 I/bt_shim_scanner( 2688): system/main/shim/le_scanning_manager.cc:197 ScanFilterParamSetup: in shim layer, clientIf=1
04-23 02:28:42.291 I/bt_shim_scanner( 2688): system/main/shim/le_scanning_manager.cc:197 ScanFilterParamSetup: in shim layer, clientIf=1
04-23 02:28:42.292 I/bt_shim_scanner( 2688): system/main/shim/le_scanning_manager.cc:197 ScanFilterParamSetup: in shim layer, clientIf=1
04-23 02:28:42.294 I/bt_shim_scanner( 2688): system/main/shim/le_scanning_manager.cc:197 ScanFilterParamSetup: in shim layer, clientIf=1
04-23 02:28:42.295 I/bt_shim_scanner( 2688): system/main/shim/le_scanning_manager.cc:197 ScanFilterParamSetup: in shim layer, clientIf=1
04-23 02:28:42.296 I/ActivityManager( 1426): Changes in 10125 10 to 10, 0 to 128
04-23 02:28:42.296 I/[MCFServer]_BleAdapterManager( 3032): onReceive - ACTION_ID_SCREEN_OFF
04-23 02:28:42.297 I/ActivityManager( 1426): Changes in 10125 10 to 10, 128 to 0
04-23 02:28:42.298 W/ContextImpl( 3827): Calling a method in the system process without a qualified user: android.app.ContextImpl.startService:2068 android.content.ContextWrapper.startService:872 android.content.ContextWrapper.startService:872 com.sec.android.diagmonagent.sa.receiver.CFLogReceiver.onReceive:56 android.app.ActivityThread.handleReceiver:5663
04-23 02:28:42.300 I/[CE]_ContextEngineReceiver( 5402): onReceive - action: com.samsung.android.ce.SCREEN_OFF
04-23 02:28:42.303 I/bt_shim_scanner( 2688): system/main/shim/le_scanning_manager.cc:197 ScanFilterParamSetup: in shim layer, clientIf=1
04-23 02:28:42.303 I/bt_shim_scanner( 2688): system/main/shim/le_scanning_manager.cc:197 ScanFilterParamSetup: in shim layer, clientIf=1
04-23 02:28:42.304 I/bt_shim_scanner( 2688): system/main/shim/le_scanning_manager.cc:197 ScanFilterParamSetup: in shim layer, clientIf=1
04-23 02:28:42.306 I/bt_shim_scanner( 2688): system/main/shim/le_scanning_manager.cc:197 ScanFilterParamSetup: in shim layer, clientIf=1
04-23 02:28:42.306 I/bt_shim_scanner( 2688): system/main/shim/le_scanning_manager.cc:197 ScanFilterParamSetup: in shim layer, clientIf=1
04-23 02:28:42.306 E/bluetooth( 2688): system/gd/hci/le_scanning_manager.cc:929 scan_filter_parameter_setup: Remove passive filterScan. filter_index=37, uuid=0000fd59-0000-1000-8000-00805f9b34fb
04-23 02:28:42.307 E/ScanManager( 2688): [GSIM LOG]: gsimLogHandler, msg: MESSAGE_SCAN_STOP, appName: com.samsung.android.beaconmanager, scannerId: 1, reportDelayMillis=0
04-23 02:28:42.308 I/HoneySpace.EdgePanel.ScreenStateBrReceiver( 2347): android.intent.action.SCREEN_OFF
04-23 02:28:42.309 I/HoneySpace.EdgePanel.ScreenStateObserver( 2347): sendScreenStateChanged android.intent.action.SCREEN_OFF android.intent.action.DREAMING_STARTED
04-23 02:28:42.325 W/ParceledListSlice( 1426): Element #335 is 16956 bytes.
04-23 02:28:42.382 I/ActivityManager( 1426): Changes in 10337 11 to 19, 128 to 0
04-23 02:28:42.386 I/ActivityManager( 1426): Changes in 10337 19 to 11, 0 to 128
04-23 02:28:42.389 D/PowerManagerService( 1426): [PWL] sb release: PowerManagerService.Broadcasts
04-23 02:28:42.389 I/ActivityManager( 1426): Changes in 10081 10 to 10, 128 to 0
04-23 02:28:42.397 E/HeatmapThread( 1092): ECT Thread time in milliseconds: 1776900522
04-23 02:28:42.397 D/HeatmapThread( 1092): !@ batteryplugType : 0
04-23 02:28:42.397 D/HeatmapThread( 1092): !@ batteryLevel : 0  batteryTemperature : 0
04-23 02:28:42.397 D/HeatmapThread( 1092): !@ Heatmap currtime: 29615008
04-23 02:28:42.397 D/HeatmapThread( 1092): !@ Heatmap prevtime: 29614994
04-23 02:28:42.397 D/HeatmapThread( 1092): !@ Heatmap plugstarttime: 35791394
04-23 02:28:42.397 D/HeatmapThread( 1092): !@ Heatmap prevv_dsoh_update_time: 29614964
04-23 02:28:42.397 E/HeatmapThread( 1092): !@Could not open '/efs/FactoryApp/bsoh', errno = 13
04-23 02:28:42.397 E/HeatmapThread( 1092): !@ CAM Could not access BSOH EFS
04-23 02:28:42.397 E/HeatmapThread( 1092): !@ CAM New BSOH: 0
04-23 02:28:42.425 I/AlwaysOnDisplayEx( 1865): showChargingInfo: false
04-23 02:28:42.426 I/AODBatteryManager( 1865): updateBatteryData: ACTION_BATTERY_CHANGED: true, isSleepModeChanged:false ,isRemainingTimeChanged: false, isUSBRestriction: false
04-23 02:28:42.426 I/AODBatteryManager( 1865): saveBatteryData : AOD BatteryData [mBatteryLevel=33, mBatteryStatus=CHARGING, mBatteryPlugType=USB, mBatteryPlugged=true, mRemainingChargeTime=5671000, mBatteryChargingType=2, mBatteryChargerType=FAST, mBatteryOnline=NOT_DEFINED, mBatterySwellingMode=NONE, mBatteryProtectMode=false, mBatteryProtectModeType=0, mSleepChargingEvent=null, mSleepChargingEventFinishTime=null, mBatteryHealth=2, mIsDirectPowerMode=false, mIsUsbRestriction=false]
04-23 02:28:42.426 I/ChargingInfoManager( 1865): updateChargingInfo: newState = AOD ChargingInfo [mState=BATTERY_AND_REMAIN_TIME, mIsCharging=true, mIsPlugged=true, mIsFullyCharged=false, mIsBatteryProtectMode=false, mBetteryLevel=33, mBetteryProtectModeType0, mIsSlowChargingfalse], oldState = AOD ChargingInfo [mState=BATTERY_AND_REMAIN_TIME, mIsCharging=true, mIsPlugged=true, mIsFullyCharged=false, mIsBatteryProtectMode=false, mBetteryLevel=33, mBetteryProtectModeType0, mIsSlowChargingfalse]
04-23 02:28:42.426 I/CommonUtils( 1865): isOnlyEmergencyMode: false/false
04-23 02:28:42.426 I/AODStateMachine( 1865): request : (IDLE) --> (CHARGING) : canTransition (true)
04-23 02:28:42.427 I/AODCommonUtils( 1865): isSubUiChargingInfoOnlyAvailable: don't need to display on folder opened and not support cover
04-23 02:28:42.427 I/MODManager( 1865): showSubUIChargingInfo: not available
04-23 02:28:42.427 I/AOD_BRIGHTNESS@BrightnessManager( 1865): releaseForceState: COVER
04-23 02:28:42.427 I/AODStarSettingsUtil( 1865): isAutoBrightnessEnabledtrue
04-23 02:28:42.427 I/AODStarSettingsUtil( 1865): isAutoBrightnessEnabledtrue
04-23 02:28:42.428 I/AODCommonUtils( 1865): isSubUiChargingInfoOnlyAvailable: don't need to display on folder opened and not support cover
04-23 02:28:42.428 I/AlwaysOnDisplayEx( 1865): onRequestDozeCharging
04-23 02:28:42.428 I/AOD_WAKELOCK@WakeLockManager( 1865): acquireIfExists: tag - charging_info, timeout - 300, reason - onRequestDozeCharging, wakeLock = WakeLock{89d8435 held=false, refCount=0}
04-23 02:28:42.430 D/PowerManagerService( 1426): [api] acquire WakeLock DRAW_WAKE_LOCK                    'charging_info' (uid=10050 pid=1865 displayId=0 lock=e32756b)
04-23 02:28:42.431 D/PowerManagerService( 1426): [api] acquire WakeLock DRAW_WAKE_LOCK                    'Doze' (uid=10050 pid=1865 displayId=0 lock=9b03aa9)
04-23 02:28:42.433 I/DozeMachine( 1865): transition: old=DOZE req=DOZE_AOD new=DOZE_AOD
04-23 02:28:42.433 W/SubScreenManager( 1865): dozeTimeTick() no plugin
04-23 02:28:42.433 D/PluginFaceWidgetManager( 1865): dozeTimeTick: time=2565153
04-23 02:28:42.433 I/FaceWidgetViewModel( 1865): dozeTimeTick:
04-23 02:28:42.433 D/FaceWidgetPagesController( 1865): refreshViews() reason = DEFAULT, force = false
04-23 02:28:42.434 D/FaceWidgetClockPage( 1865): refreshViews#start
04-23 02:28:42.434 I/DigitalVerticalClockView_LOCK_SCREEN_1@850( 1865): refresh : true
04-23 02:28:42.439 I/DigitalVerticalClockView_LOCK_SCREEN_1@850( 1865): onTimeChanged : [DateTimeInfo : date = 23 Nisan Per, hourMin = 02:28, hourMinSec = , hour = 02, minute = 28, amPm  = , colon = :, second = , timezone = null, isLeftOfAmPm = false, ttsDate = 23 Nisan Perşembe], timeInMillis = 1776900522434
04-23 02:28:42.439 I/DigitalVerticalClockView_LOCK_SCREEN_1@850( 1865): updatePaletteItemTransition : paletteItem = SOLID color : FFC8C8CC, animation = false, dozeAmount = 1.0
04-23 02:28:42.440 D/FaceWidgetClockPage( 1865): refreshViews#end
04-23 02:28:42.440 D/FaceWidgetMusicViewModel( 1865): updateMusicPageColorForVisibility
04-23 02:28:42.440 D/FaceWidgetMusicViewModel( 1865): updateMusicPageColorForVisibility, useLightModeColor = true
04-23 02:28:42.441 D/DozeScreenState( 1865): applyScreenState(4, shouldWaitForTransitionToAodUi = false)
04-23 02:28:42.442 D/PowerManagerService( 1426): [api] acquire WakeLock DRAW_WAKE_LOCK                    'DozeScreenState' (uid=10050 pid=1865 displayId=0 lock=704c8c8)
04-23 02:28:42.443 V/DreamService[DozeService]( 1865): UpdateDoze mDozeScreenState=4 mDozeScreenBrightness=-1 mDozeScreenBrightnessFloat=NaN
04-23 02:28:42.443 I/AOD_CONFIG@AODConfigurationController( 1865): [transitionTo] IDLE >> CHARGING
04-23 02:28:42.444 E/AOD_CONFIG@AODConfigurationController( 1865): Skipping unregisterMonitor MONITOR_SEMCONTEXT - no registered monitor
04-23 02:28:42.444 E/AOD_CONFIG@AODConfigurationController( 1865): Skipping unregisterMonitor MONITOR_BROADCAST_PSM - no registered monitor
04-23 02:28:42.444 E/AOD_CONFIG@AODConfigurationController( 1865): Skipping unregisterMonitor MONITOR_BROADCAST_WALLPAPER - no registered monitor
04-23 02:28:42.444 E/AOD_CONFIG@AODConfigurationController( 1865): Skipping unregisterMonitor MONITOR_BROADCAST_ROAMING - no registered monitor
04-23 02:28:42.444 E/AOD_CONFIG@AODConfigurationController( 1865): Skipping unregisterMonitor MONITOR_WEATHER_INFO_ENABLED - no registered monitor
04-23 02:28:42.444 E/AOD_CONFIG@AODConfigurationController( 1865): Skipping unregisterMonitor MONITOR_BROADCAST_OMC - no registered monitor
04-23 02:28:42.444 D/AODOverlayContainer( 1865): setVisibility 0
04-23 02:28:42.444 D/PowerManagerService( 1426): [api] setDozeOverrideFromDreamManager: screenState: DOZE_SUSPEND mode: 0x10002 screenBrightnessFloat: -1(NaN) screenBrightnessInt:-1 useNormalBrightnessForDoze:false
04-23 02:28:42.444 I/AODAlarmTimer_AOD_CHARGING_INFO_TICK( 1865): setAlarm: expiration = 04/23/2026 02:29
04-23 02:28:42.445 D/PowerManagerService( 1426): displayReady: false groupId=0
