04-22 02:01:42.088 I/WindowManager( 1432): Relayout Window{eb01f6f u0 com.samsung.android.lool/com.samsung.android.sm.iafd.dialog.AppErrorDialogActivity}: viewVisibility=0 req=0x0 ty=1 d0
04-22 02:01:42.090 I/SurfaceFlinger( 1064): id=73404 createSurf, flag=44004, com.samsung.android.lool/com.samsung.android.sm.iafd.dialog.AppErrorDialogActivity$_12395#73404
04-22 02:01:42.090 D/WindowManager( 1432): makeSurface duration=3 name=com.samsung.android.lool/com.samsung.android.sm.iafd.dialog.AppErrorDialogActivity$_12395
04-22 02:01:42.091 D/SurfaceComposerClient( 1432): setCornerRadius ## eb01f6f com.samsung.android.lool/com.samsung.android.sm.iafd.dialog.AppErrorDialogActivity#73402 cornerRadius=0.000000
04-22 02:01:42.091 D/SurfaceComposerClient( 1432): setCornerRadius ## b840391 com.sec.android.app.launcher/com.sec.android.app.launcher.activities.LauncherActivity#126 cornerRadius=0.000000
04-22 02:01:42.091 D/SurfaceComposerClient( 1432): setCornerRadius ## eb01f6f com.samsung.android.lool/com.samsung.android.sm.iafd.dialog.AppErrorDialogActivity#73402 cornerRadius=0.000000
04-22 02:01:42.091 D/SurfaceComposerClient( 1432): setCornerRadius ## b840391 com.sec.android.app.launcher/com.sec.android.app.launcher.activities.LauncherActivity#126 cornerRadius=0.000000
04-22 02:01:42.091 D/BLASTSyncEngine( 1432): SyncGroup 4593:  Unfinished container: Task{fcd2560 #6087 type=standard I=com.samsung.android.lool/com.samsung.android.sm.iafd.dialog.AppErrorDialogActivity} mSyncState=2
04-22 02:01:42.092 I/WindowManager( 1432): Relayout hash=eb01f6f, pid=12395, syncId=-1: mAttrs={(0,0)(wrapxwrap) sim={adjust=pan} ty=BASE_APPLICATION fmt=TRANSPARENT wanim=0x7f140002 surfaceInsets=Rect(45, 45 - 45, 45)
04-22 02:01:42.092 I/WindowManager( 1432):   fl=1800002
04-22 02:01:42.092 I/WindowManager( 1432):   pfl=40000880
04-22 02:01:42.092 I/WindowManager( 1432):   bhv=1
04-22 02:01:42.092 I/WindowManager( 1432):   fitTypes=207
04-22 02:01:42.092 I/WindowManager( 1432):   frameRateBoostOnTouch=true
04-22 02:01:42.092 I/WindowManager( 1432):   dvrrWindowFrameRateHint=true
04-22 02:01:42.092 I/WindowManager( 1432):  dimAmount=0.65 naviIconColor=0}
04-22 02:01:42.093 I/InsetsController(12395): onStateChanged: host=com.samsung.android.lool/com.samsung.android.sm.iafd.dialog.AppErrorDialogActivity, from=android.view.ViewRootImpl.onInsetsStateChanged:3026, state=InsetsState: {mDisplayFrame=Rect(0, 0 - 1080, 2340), mDisplayCutout=DisplayCutout{insets=Rect(0, 80 - 0, 0) waterfall=Insets{left=0, top=0, right=0, bottom=0} boundingRect={Bounds=[Rect(0, 0 - 0, 0), Rect(511, 0 - 569, 80), Rect(0, 0 - 0, 0), Rect(0, 0 - 0, 0)]} cutoutPathParserInfo={CutoutPathParserInfo{displayWidth=1080 displayHeight=2340 physicalDisplayWidth=1080 physicalDisplayHeight=2340 density={2.8125} cutoutSpec={M 0,0 M 0,7.822222222222222‬‬ a 10.31111111111111‬,10.31111111111111‬ 0 1,0 0,20.62222222222222‬ a 10.31111111111111‬,10.31111111111111‬ 0 1,0 0,-20.62222222222222‬ Z @dp} rotation={0} scale={1.0} physicalPixelDisplaySizeRatio={1.0}}} sideOverrides={}}, mRoundedCorners=RoundedCorners{[RoundedCorner{position=TopLeft, radius=113, center=Point(113, 113)}, RoundedCorner{position=TopRight, radius=113, center=Point(967, 113)}, RoundedCorner{position=BottomRight, radius=113, center=Point(967, 2227)}, RoundedCorner{position=BottomLeft, radius=113, center=Point(113, 2227)}]}  mRoundedCornerFrame=Rect(0, 0 - 1080, 2340), mPrivacyIndicatorBounds=PrivacyIndicatorBounds {static bounds=Rect(956, 0 - 1080, 80) rotation=0}, mDisplayShape=DisplayShape{ spec=-311912193 displayWidth=1080 displayHeight=2340 physicalPixelDisplaySizeRatio=1.0 rotation=0 offsetX=0 offsetY=0 scale=1.0}, mSources= { InsetsSource: {3 mType=ime mFrame=[0,0][0,0] mVisible=false mFlags= mSideHint=NONE mBoundingRects=null}, InsetsSource: {27 mType=displayCutout mFrame=[0,0][1080,80] mVisible=true mFlags= mSideHint=TOP mBoundingRects=null}, InsetsSource: {1ad90000 mType=statusBars mFrame=[0,0][1080,80] mVisible=true mFlags= mSideHint=TOP mBoundingRects=null}, InsetsSource: {1ad90005 mType=mandatorySystemGestures mFrame=[0,0][1080,114] mVisible=true mFlags= mSideHint=TOP mBoundingRects=null}, InsetsSource: {1ad90006 mType=tappableElement mFrame=[0,0][1080,80] mVisible=true mFlags= mSideHint=TOP mBoundingRects=null}, InsetsSource: {74730001 mType=navigationBars mFrame=[0,2205][1080,2340] mVisible=true mFlags= mSideHint=BOTTOM mBoundingRects=null}, InsetsSource: {74730004 mType=systemGestures mFrame=[0,0][0,0] mVisible=true mFlags= mSideHint=NONE mBoundingRects=null}, InsetsSource: {74730005 mType=mandatorySystemGestures mFrame=[0,2205][1080,2340] mVisible=true mFlags= mSideHint=BOTTOM mBoundingRects=null}, InsetsSource: {74730006 mType=tappableElement mFrame=[0,2205][1080,2340] mVisible=true mFlags= mSideHint=BOTTOM mBoundingRects=null}, InsetsSource: {74730024 mType=systemGestures mFrame=[0,0][0,0] mVisible=true mFlags= mSideHint=NONE mBoundingRects=null} }
04-22 02:01:42.093 I/BLASTBufferQueue_Java(12395): new BLASTBufferQueue, mName= VRI[AppErrorDialogActivity]@6b9de8d mNativeObject= 0xb4000072c693b340 caller= android.view.ViewRootImpl.updateBlastSurfaceIfNeeded:3585 android.view.ViewRootImpl.relayoutWindow:11685 android.view.ViewRootImpl.performTraversals:4804 android.view.ViewRootImpl.doTraversal:3924 android.view.ViewRootImpl$TraversalRunnable.run:12903 android.view.Choreographer$CallbackRecord.run:1901 android.view.Choreographer$CallbackRecord.run:1910 android.view.Choreographer.doCallbacks:1367 android.view.Choreographer.doFrame:1292 android.view.Choreographer$FrameDisplayEventReceiver.run:1870 
04-22 02:01:42.093 I/BLASTBufferQueue_Java(12395): update, w= 91 h= 91 mName = VRI[AppErrorDialogActivity]@6b9de8d mNativeObject= 0xb4000072c693b340 sc.mNativeObject= 0xb400007286819ed0 format= -2 caller= android.view.ViewRootImpl.updateBlastSurfaceIfNeeded:3590 android.view.ViewRootImpl.relayoutWindow:11685 android.view.ViewRootImpl.performTraversals:4804 android.view.ViewRootImpl.doTraversal:3924 android.view.ViewRootImpl$TraversalRunnable.run:12903 android.view.Choreographer$CallbackRecord.run:1901 
04-22 02:01:42.094 I/VRI[AppErrorDialogActivity]@6b9de8d(12395): Relayout returned: old=(0,80,1080,2205) new=(540,1142,540,1142) relayoutAsync=false req=(0,0)0 dur=9 res=0x3 s={true 0xb400007436872590} ch=true seqId=0
04-22 02:01:42.094 I/VRI[AppErrorDialogActivity]@6b9de8d(12395): performConfigurationChange setNightDimText nightDimLevel=0
04-22 02:01:42.095 I/SurfaceFlinger( 1064): [com.samsung.android.lool/com.samsung.android.sm.iafd.dialog.AppErrorDialogActivity$_12395#73404] attach to parent LayerHierarchy{RequestedLayerState{eb01f6f com.samsung.android.lool/com.samsung.android.sm.iafd.dialog.AppErrorDialogActivity#73402 parentId=73393} 1 children}
04-22 02:01:42.095 I/VRI[AppErrorDialogActivity]@6b9de8d(12395): Creating new active sync group VRI[AppErrorDialogActivity]@6b9de8d#15
04-22 02:01:42.096 D/Zygote  (  989): Forked child process 22388
04-22 02:01:42.097 I/SDHMS:PowerAnomaly::Notifier( 4152): send Intent com.sec.android.sdhms.action.NOTIFY_ANOMALY package_name : [com.toov1.dovizaltin], uid : [10468], anomaly_type : [1008]
04-22 02:01:42.097 I/SemDvfsHyPerManager( 4152): acquire hyper - APP_START_SHORT/4152@20, type = -999
04-22 02:01:42.098 I/ActivityManager( 1432): Start proc 22388:com.toov1.dovizaltin/u0a468 for content provider {com.toov1.dovizaltin/com.reactnativeandroidwidget.RNWidgetImageProvider}
04-22 02:01:42.098 I/SemDvfsHyPerManager( 4152): acquire hyper - APP_START/4152@22, type = -999
04-22 02:01:42.098 I/HYPER-HAL( 1019): [RequestManager.cpp]acquire(): Acquired ID : 8704898  [4152 / 20]    HINT : APP_START    list : [TIMEOUT / 1500] 
04-22 02:01:42.098 I/HYPER-HAL( 1019): [RequestManager.cpp]acquire(): Acquired ID : 8713247  [4152 / 22]    HINT : APP_START    list : 
04-22 02:01:42.098 I/InsetsSourceConsumer(12395): applyRequestedVisibilityToControl: visible=true, type=navigationBars, host=com.samsung.android.lool/com.samsung.android.sm.iafd.dialog.AppErrorDialogActivity
04-22 02:01:42.099 I/InsetsSourceConsumer(12395): applyRequestedVisibilityToControl: visible=true, type=statusBars, host=com.samsung.android.lool/com.samsung.android.sm.iafd.dialog.AppErrorDialogActivity
04-22 02:01:42.100 I/DC.AnomalyReceiver(12395): Received action : com.sec.android.sdhms.action.NOTIFY_ANOMALY
04-22 02:01:42.100 I/DC.AnomalyReceiver(12395): anomalyUserId 0, currentMyProcessUserId 0
04-22 02:01:42.100 W/ContextImpl(12395): Calling a method in the system process without a qualified user: android.app.ContextImpl.startService:2068 android.content.ContextWrapper.startService:872 com.samsung.android.sm.anomaly.AnomalyReceiver.onReceive:355 android.app.ActivityThread.handleReceiver:5663 android.app.ActivityThread.-$$Nest$mhandleReceiver:0 
04-22 02:01:42.101 I/ActivityManager( 1432): ProcessObserver broadcast disabled
04-22 02:01:42.101 D/WindowManager( 1432): finishDrawingWindow: Window{eb01f6f u0 com.samsung.android.lool/com.samsung.android.sm.iafd.dialog.AppErrorDialogActivity} mDrawState=DRAW_PENDING seqId=0
04-22 02:01:42.101 D/SurfaceComposerClient( 1432): setCornerRadius ## eb01f6f com.samsung.android.lool/com.samsung.android.sm.iafd.dialog.AppErrorDialogActivity#73402 cornerRadius=0.000000
04-22 02:01:42.102 D/SurfaceComposerClient( 1432): setCornerRadius ## b840391 com.sec.android.app.launcher/com.sec.android.app.launcher.activities.LauncherActivity#126 cornerRadius=0.000000
04-22 02:01:42.103 D/SurfaceComposerClient( 1432): setCornerRadius ## eb01f6f com.samsung.android.lool/com.samsung.android.sm.iafd.dialog.AppErrorDialogActivity#73402 cornerRadius=0.000000
04-22 02:01:42.103 D/SurfaceComposerClient( 1432): setCornerRadius ## b840391 com.sec.android.app.launcher/com.sec.android.app.launcher.activities.LauncherActivity#126 cornerRadius=0.000000
04-22 02:01:42.103 V/WindowManager( 1432): SyncGroup 4593: Finished!
04-22 02:01:42.104 I/SemDvfsHyPerManager( 1432): acquire hyper - AMS_RESUME_TAIL/1432@21, type = -999
04-22 02:01:42.104 I/SemDvfsHyPerManager( 1432): acquire hyper - AMS_ACT_LAZY/1432@22, type = -999
04-22 02:01:42.104 D/ActivityManagerPerformance( 1432): AMP_acquire() TAIL
04-22 02:01:42.104 D/ActivityManagerPerformance( 1432): AMP_release() APP_SWITCH
04-22 02:01:42.104 I/VRI[AppErrorDialogActivity]@6b9de8d(12395): handleResized, frames=ClientWindowFrames{frame=[540,1142][540,1142] display=[0,80][1080,2205] parentFrame=[0,0][0,0]} displayId=0 dragResizing=false compatScale=1.0 frameChanged=false attachedFrameChanged=false configChanged=false displayChanged=false compatScaleChanged=false dragResizingChanged=false
04-22 02:01:42.104 I/VRI[AppErrorDialogActivity]@6b9de8d(12395): handleResized mSyncSeqId = 0
04-22 02:01:42.105 I/HYPER-HAL( 1019): [RequestManager.cpp]acquire(): Acquired ID : 1056352  [1432 / 21]    HINT : AMS_RESUME_TAIL    list : 
04-22 02:01:42.105 V/WindowManager( 1432): Loading animations: picked package=com.samsung.android.lool
04-22 02:01:42.106 I/HYPER-HAL( 1019): [ResourceManager.cpp]removeResource(): [CPULittleMinFreq] RemoveResource Request ID : 1062178
04-22 02:01:42.106 I/HYPER-HAL( 1019): [RequestManager.cpp]releaseLocked(): Released ID : 1062178
04-22 02:01:42.106 I/VRI[AppErrorDialogActivity]@6b9de8d(12395): Creating new active sync group VRI[AppErrorDialogActivity]@6b9de8d#17
04-22 02:01:42.106 I/WindowManager( 1432): Reparenting to leash, surface=Surface(name=177bdaa com.samsung.android.lool/com.samsung.android.sm.iafd.dialog.AppErrorDialogActivity)/@0xbc8c5b2, leashParent=Surface(name=ActivityRecord{177238983 u0 com.samsung.android.lool/com.samsung.android.sm.iafd.dialog.AppErrorDialogActivity t6087})/@0xa649903
04-22 02:01:42.106 I/SurfaceFlinger( 1064): id=73405 createSurf, flag=24004, Surface(name=177bdaa com.samsung.android.lool/com.samsung.android.sm.iafd.dialog.AppErrorDialogActivity)/@0xbc8c5b2 - animation-leash of window_animation#73405
04-22 02:01:42.108 D/WindowManager( 1432): makeSurface duration=2 leash=Surface(name=Surface(name=177bdaa com.samsung.android.lool/com.samsung.android.sm.iafd.dialog.AppErrorDialogActivity)/@0xbc8c5b2 - animation-leash of window_animation)/@0x510a6b9
04-22 02:01:42.108 V/WindowManager( 1432): performShowLocked: mDrawState=HAS_DRAWN in Window{177bdaa u0 com.samsung.android.lool/com.samsung.android.sm.iafd.dialog.AppErrorDialogActivity}
04-22 02:01:42.108 V/WindowManager( 1432): performShowLocked: mDrawState=HAS_DRAWN in Window{eb01f6f u0 com.samsung.android.lool/com.samsung.android.sm.iafd.dialog.AppErrorDialogActivity}
04-22 02:01:42.108 W/chbox:googleapp(22344): Failed to find entry 'classes.dex': Entry not found
04-22 02:01:42.109 I/DC.AnomalyNotiService(12395): pkg:com.toov1.dovizaltin,uid:10468,auto:0,type:1008,reason:4
04-22 02:01:42.109 W/chbox:googleapp(22344): Failed to find entry 'classes.dex': Entry not found
04-22 02:01:42.109 W/chbox:googleapp(22344): Failed to find entry 'classes.dex': Entry not found
04-22 02:01:42.110 W/chbox:googleapp(22344): Failed to find entry 'classes.dex': Entry not found
04-22 02:01:42.110 D/nativeloader(22344): Configuring clns-10 for other apk /data/app/~~WarGgiMkYrreOIlwzjQZmg==/com.google.android.googlequicksearchbox-Iiujb7cV-nnQCXT6NSzPng==/base.apk:/data/app/~~WarGgiMkYrreOIlwzjQZmg==/com.google.android.googlequicksearchbox-Iiujb7cV-nnQCXT6NSzPng==/split_config.xxhdpi.apk:/data/app/~~WarGgiMkYrreOIlwzjQZmg==/com.google.android.googlequicksearchbox-Iiujb7cV-nnQCXT6NSzPng==/split_lens_ondevice_engine_feature_module.apk:/data/app/~~WarGgiMkYrreOIlwzjQZmg==/com.google.android.googlequicksearchbox-Iiujb7cV-nnQCXT6NSzPng==/split_lens_ondevice_engine_play_ml_module.apk:/data/app/~~WarGgiMkYrreOIlwzjQZmg==/com.google.android.googlequicksearchbox-Iiujb7cV-nnQCXT6NSzPng==/split_tclib_native_feature_module.apk. target_sdk_version=36, uses_libraries=, library_path=/data/app/~~WarGgiMkYrreOIlwzjQZmg==/com.google.android.googlequicksearchbox-Iiujb7cV-nnQCXT6NSzPng==/lib/arm64:/data/app/~~WarGgiMkYrreOIlwzjQZmg==/com.google.android.googlequicksearchbox-Iiujb7cV-nnQCXT6NSzPng==/base.apk!/lib/arm64-v8a:/data/app/~~WarGgiMkYrre
04-22 02:01:42.110 V/WindowManager( 1432): performShowLocked: mDrawState=HAS_DRAWN in Window{b840391 u0 com.sec.android.app.launcher/com.sec.android.app.launcher.activities.LauncherActivity}
04-22 02:01:42.110 D/ChangeTransitionController( 1432): onTransactionReady: TransitionRecord{7a5e1f5 id=4593 type=CLOSE flags=0x10 c=[
04-22 02:01:42.110 D/ChangeTransitionController( 1432):    ChangeInfo{edf590a container=DefaultTaskDisplayArea_d0@29683498 flags=0x0}
04-22 02:01:42.110 D/ChangeTransitionController( 1432):    ChangeInfo{9f6257b container=Display{#0 state=ON size=1080x2340 ROTATION_0} flags=0x0}
04-22 02:01:42.110 D/ChangeTransitionController( 1432):    ChangeInfo{55b9f98 container=ActivityRecord{45800689 u0 com.toov1.dovizaltin/.MainActivity t6086 f} isExiting} flags=0x0}
04-22 02:01:42.110 D/ChangeTransitionController( 1432):    ChangeInfo{a3373f1 container=WallpaperWindowToken{54c5431 showWhenLocked=true}_<lock> flags=0x0}
04-22 02:01:42.110 D/ChangeTransitionController( 1432):    ChangeInfo{2a1fbd6 container=ActivityRecord{106574585 u0 com.sec.android.app.launcher/.activities.LauncherActivity t5770} flags=0x0}
04-22 02:01:42.110 D/ChangeTransitionController( 1432):    ChangeInfo{7379e57 container=Task{6fcef35 #1 type=home} flags=0x0}
04-22 02:01:42.110 D/ChangeTransitionController( 1432):    ChangeInfo{3371d44 container=Task{8a86b4f #5770 type=home I=com.sec.android.app.launcher/.activities.LauncherActivity} flags=0x0}
04-22 02:01:42.110 D/ChangeTransitionController( 1432):    ChangeInfo{ffa5e2d container=RemoteWallpaperAnim:1:1@176776386 flags=0x0}
04-22 02:01:42.110 D/ChangeTransitionController( 1432):    ChangeInfo{a19ff62 container=ActivityRecord{177238983 u0 com.samsung.android.lool/com.samsung.android.sm.iafd.dialog.AppErrorDialogActivity t6087} flags=0x0}
04-22 02:01:42.110 D/ChangeTransitionController( 1432):    ChangeInfo{adc8f3 container=Task{c47b0d6 #6086 type=standard A=10468:com.toov1.dovizaltin} flags=0x0}
04-22 02:01:42.110 D/ChangeTransitionController( 1432):    ChangeInfo{c2ac9b0 container=Task{fcd2560 #6087 type=standard I=com.samsung.android.lool/com.samsung.android.sm.iafd.dialog.AppErrorDialogActivity} flags=0x0}
04-22 02:01:42.110 D/ChangeTransitionController( 1432): ]
04-22 02:01:42.110 D/ChangeTransitionController( 1432): }
04-22 02:01:42.110 V/WindowManager( 1432): Start calculating TransitionInfo based on participants: {ActivityRecord{45800689 u0 com.toov1.dovizaltin/.MainActivity t6086 f} isExiting}, WallpaperWindowToken{54c5431 showWhenLocked=true}_<lock>, ActivityRecord{106574585 u0 com.sec.android.app.launcher/.activities.LauncherActivity t5770}, ActivityRecord{177238983 u0 com.samsung.android.lool/com.samsung.android.sm.iafd.dialog.AppErrorDialogActivity t6087}, Task{c47b0d6 #6086 type=standard A=10468:com.toov1.dovizaltin}, Task{fcd2560 #6087 type=standard I=com.samsung.android.lool/com.samsung.android.sm.iafd.dialog.AppErrorDialogActivity}}
04-22 02:01:42.111 V/WindowManager( 1432):   Final targets: [ChangeInfo{c2ac9b0 container=Task{fcd2560 #6087 type=standard I=com.samsung.android.lool/com.samsung.android.sm.iafd.dialog.AppErrorDialogActivity} flags=0x30}, ChangeInfo{7379e57 container=Task{6fcef35 #1 type=home} flags=0x10}, ChangeInfo{adc8f3 container=Task{c47b0d6 #6086 type=standard A=10468:com.toov1.dovizaltin} flags=0x10}, ChangeInfo{a3373f1 container=WallpaperWindowToken{54c5431 showWhenLocked=true}_<lock> flags=0x0}]
04-22 02:01:42.111 I/SurfaceFlinger( 1064): id=73406 createSurf, flag=84004, Transition Root: Task=6087#73406
04-22 02:01:42.111 I/SurfaceFlinger( 1064): [Surface(name=177bdaa com.samsung.android.lool/com.samsung.android.sm.iafd.dialog.AppErrorDialogActivity)/@0xbc8c5b2 - animation-leash of window_animation#73405] attach to parent LayerHierarchy{RequestedLayerState{ActivityRecord{177238983 u0 com.samsung.android.lool/com.samsung.android.sm.iafd.dialog.AppErrorDialogActivity t6087}#73393 parentId=73392} 3 children}
04-22 02:01:42.112 I/SurfaceFlinger( 1064): [Transition Root: Task=6087#73406] attach to parent LayerHierarchy{RequestedLayerState{DefaultTaskDisplayArea_d0#10 parentId=9} 37 children}
04-22 02:01:42.112 I/SurfaceControlRegistry( 1432): show, t=StartTransaction_SyncId<4593> sc=ActivityRecord{177238983 u0 com.samsung.android.lool/com.samsung.android.sm.iafd.dialog.AppErrorDialogActivity t6087}, caller=android.view.SurfaceControl$Transaction.show:3557 com.android.server.wm.Transition.onTransactionReady:2048 com.android.server.wm.BLASTSyncEngine$SyncGroup.finishNow:240 com.android.server.wm.BLASTSyncEngine.onSurfacePlacement:263 com.android.server.wm.RootWindowContainer.performSurfacePlacementNoTrace:1083 com.android.server.wm.WindowSurfacePlacer.performSurfacePlacement:166 
04-22 02:01:42.112 I/SurfaceControlRegistry( 1432): show, t=StartTransaction_SyncId<4593> sc=ActivityRecord{106574585 u0 com.sec.android.app.launcher/.activities.LauncherActivity t5770}, caller=android.view.SurfaceControl$Transaction.show:3557 com.android.server.wm.Transition.onTransactionReady:2048 com.android.server.wm.BLASTSyncEngine$SyncGroup.finishNow:240 com.android.server.wm.BLASTSyncEngine.onSurfacePlacement:263 com.android.server.wm.RootWindowContainer.performSurfacePlacementNoTrace:1083 com.android.server.wm.WindowSurfacePlacer.performSurfacePlacement:166 
04-22 02:01:42.112 I/SurfaceControlRegistry( 1432): show, t=StartTransaction_SyncId<4593> sc=Task=5770, caller=android.view.SurfaceControl$Transaction.show:3557 com.android.server.wm.Transition.onTransactionReady:2081 com.android.server.wm.BLASTSyncEngine$SyncGroup.finishNow:240 com.android.server.wm.BLASTSyncEngine.onSurfacePlacement:263 com.android.server.wm.RootWindowContainer.performSurfacePlacementNoTrace:1083 com.android.server.wm.WindowSurfacePlacer.performSurfacePlacement:166 
04-22 02:01:42.112 D/SurfaceComposerClient( 1432): setCornerRadius ## WallpaperWindowToken{54c5431 showWhenLocked=false}#77 cornerRadius=0.000000
04-22 02:01:42.112 D/SurfaceComposerClient( 1432): setCornerRadius ## Task=6086#73375 cornerRadius=0.000000
04-22 02:01:42.112 D/SurfaceComposerClient( 1432): setCornerRadius ## Task=1#53 cornerRadius=0.000000
04-22 02:01:42.112 D/SurfaceComposerClient( 1432): setCornerRadius ## Task=6087#73392 cornerRadius=0.000000
04-22 02:01:42.113 V/WindowManager( 1432): Calling onTransitionReady: {id=4593 t=CLOSE f=0x10 trk=0 r=[0@Point(0, 0)] c=[
04-22 02:01:42.113 V/WindowManager( 1432):         {WCT{RemoteToken{58818ba Task{fcd2560 #6087 type=standard I=com.samsung.android.lool/com.samsung.android.sm.iafd.dialog.AppErrorDialogActivity}}} m=OPEN f=TRANSLUCENT|MOVE_TO_TOP|EDGE_EXTENSION_RESTRICTION leash=Surface(name=Task=6087)/@0x852014f sb=Rect(0, 0 - 1080, 2340) eb=Rect(0, 0 - 1080, 2340) epz=Point(1080, 2340) d=0 taskParent=-1 inset=Rect(0, 80 - 0, 135)},
04-22 02:01:42.113 V/WindowManager( 1432):         {WCT{RemoteToken{22ef110 Task{6fcef35 #1 type=home}}} m=TO_FRONT f=SHOW_WALLPAPER|EDGE_EXTENSION_RESTRICTION leash=Surface(name=Task=1)/@0x1f9c4ae sb=Rect(0, 0 - 1080, 2340) eb=Rect(0, 0 - 1080, 2340) epz=Point(1080, 2340) d=0 taskParent=-1 inset=Rect(0, 80 - 0, 135)},
04-22 02:01:42.113 V/WindowManager( 1432):         {WCT{RemoteToken{3efb4e6 Task{c47b0d6 #6086 type=standard A=10468:com.toov1.dovizaltin}}} m=CLOSE f=NONE leash=Surface(name=Task=6086)/@0xfb3ce28 sb=Rect(0, 0 - 1080, 2340) eb=Rect(0, 0 - 1080, 2340) epz=Point(1080, 2340) d=0 taskParent=-1 inset=Rect(0, 0 - 0, 0) dim=true},
04-22 02:01:42.113 V/WindowManager( 1432):         {m=TO_FRONT f=IS_WALLPAPER p=WCT{RemoteToken{63b2749 RemoteWallpaperAnim:1:1@176776386}} leash=Surface(name=WallpaperWindowToken{54c5431 showWhenLocked=false})/@0x95aa34d sb=Rect(0, 0 - 1080, 2340) eb=Rect(0, 0 - 1080, 2340) epz=Point(1080, 2340) d=0 inset=Rect(0, 0 - 0, 0)}
04-22 02:01:42.113 V/WindowManager( 1432):     ]}
04-22 02:01:42.113 I/ActivityTaskManager( 1432): done cause=notifyTransitionStarting drawn timestamp=167810647188396 info=TransitionInfo{90f0686 a=ActivityRecord{177238983 u0 com.samsung.android.lool/com.samsung.android.sm.iafd.dialog.AppErrorDialogActivity t6087} d=true}
04-22 02:01:42.113 D/RestrictionPolicy( 1432): isScreenCaptureEnabled : ret=true userId=0
04-22 02:01:42.114 D/ScreenCapture( 1432): [Capture_TEST] : setIsScreenShotBySystem false
04-22 02:01:42.114 I/SurfaceComposerClient( 1432): captureLayers:childrenOnly:1, sync:1
04-22 02:01:42.115 I/oov1.dovizaltin(22388): Using CollectorTypeCMC GC.
04-22 02:01:42.115 V/WindowManagerShell( 1877): onTransitionReady(transaction=6150393510772)
04-22 02:01:42.116 V/WindowManagerShell( 1877): onTransitionReady (#4593) android.os.BinderProxy@145ded3: {id=4593 t=CLOSE f=0x10 trk=0 r=[0@Point(0, 0)] c=[
04-22 02:01:42.116 V/WindowManagerShell( 1877):         {m=OPEN f=TRANSLUCENT|MOVE_TO_TOP|EDGE_EXTENSION_RESTRICTION leash=Surface(name=Task=6087)/@0xd60554b sb=Rect(0, 0 - 1080, 2340) eb=Rect(0, 0 - 1080, 2340) epz=Point(1080, 2340) d=0 taskParent=-1 inset=Rect(0, 80 - 0, 135)},
04-22 02:01:42.116 V/WindowManagerShell( 1877):         {m=TO_FRONT f=SHOW_WALLPAPER|EDGE_EXTENSION_RESTRICTION leash=Surface(name=Task=1)/@0xf035b28 sb=Rect(0, 0 - 1080, 2340) eb=Rect(0, 0 - 1080, 2340) epz=Point(1080, 2340) d=0 taskParent=-1 inset=Rect(0, 80 - 0, 135)},
04-22 02:01:42.116 V/WindowManagerShell( 1877):         {m=CLOSE f=NONE leash=Surface(name=Task=6086)/@0x3243041 sb=Rect(0, 0 - 1080, 2340) eb=Rect(0, 0 - 1080, 2340) epz=Point(1080, 2340) d=0 taskParent=-1 inset=Rect(0, 0 - 0, 0) dim=true},
04-22 02:01:42.116 V/WindowManagerShell( 1877):         {m=TO_FRONT f=IS_WALLPAPER p=WCT{android.window.IWindowContainerToken$Stub$Proxy@2c701d4} leash=Surface(name=WallpaperWindowToken{54c5431 showWhenLocked=false})/@0x6289e6 sb=Rect(0, 0 - 1080, 2340) eb=Rect(0, 0 - 1080, 2340) epz=Point(1080, 2340) d=0 inset=Rect(0, 0 - 0, 0)}
04-22 02:01:42.116 V/WindowManagerShell( 1877):     ]}
04-22 02:01:42.116 V/ShellDesktopMode( 1877): DesktopModeLogger: taskInfo map after processing changes 0
04-22 02:01:42.116 D/ShellDesktopMode( 1877): DesktopTaskChangeListener: onTaskOpening for taskId=6087, displayId=0
04-22 02:01:42.116 D/ShellDesktopMode( 1877): DesktopTaskChangeListener: onTaskMovingToFront for taskId=1, displayId=0
04-22 02:01:42.116 D/ShellDesktopMode( 1877): DesktopTaskChangeListener: onTaskClosing for taskId=6086, displayId=0
04-22 02:01:42.116 I/SurfaceControlRegistry( 1877): show, t=StartTransaction_SyncId<4593> sc=WallpaperWindowToken{54c5431 showWhenLocked=false}, caller=android.view.SurfaceControl$Transaction.show:3557 com.android.wm.shell.transition.Transitions.dispatchReady:907 com.android.wm.shell.transition.Transitions.onTransitionReady:251 com.android.wm.shell.transition.Transitions$TransitionPlayerImpl$$ExternalSyntheticLambda0.run:13 android.os.Handler.handleCallback:995 android.os.Handler.dispatchMessage:103 
04-22 02:01:42.116 I/SurfaceControlRegistry( 1877): hide, t=FinishTransaction_SyncId<4593> sc=Task=6086, caller=android.view.SurfaceControl$Transaction.hide:3583 com.android.wm.shell.transition.Transitions.dispatchReady:1263 com.android.wm.shell.transition.Transitions.onTransitionReady:251 com.android.wm.shell.transition.Transitions$TransitionPlayerImpl$$ExternalSyntheticLambda0.run:13 android.os.Handler.handleCallback:995 android.os.Handler.dispatchMessage:103 
04-22 02:01:42.116 I/SurfaceControlRegistry( 1877): show, t=StartTransaction_SyncId<4593> sc=Task=1, caller=android.view.SurfaceControl$Transaction.show:3557 com.android.wm.shell.transition.Transitions.dispatchReady:1279 com.android.wm.shell.transition.Transitions.onTransitionReady:251 com.android.wm.shell.transition.Transitions$TransitionPlayerImpl$$ExternalSyntheticLambda0.run:13 android.os.Handler.handleCallback:995 android.os.Handler.dispatchMessage:103 
04-22 02:01:42.116 I/SurfaceControlRegistry( 1877): show, t=FinishTransaction_SyncId<4593> sc=Task=1, caller=android.view.SurfaceControl$Transaction.show:3557 com.android.wm.shell.transition.Transitions.dispatchReady:1330 com.android.wm.shell.transition.Transitions.onTransitionReady:251 com.android.wm.shell.transition.Transitions$TransitionPlayerImpl$$ExternalSyntheticLambda0.run:13 android.os.Handler.handleCallback:995 android.os.Handler.dispatchMessage:103 
04-22 02:01:42.117 I/SurfaceControlRegistry( 1877): show, t=StartTransaction_SyncId<4593> sc=Task=6087, caller=android.view.SurfaceControl$Transaction.show:3557 com.android.wm.shell.transition.Transitions.dispatchReady:1279 com.android.wm.shell.transition.Transitions.onTransitionReady:251 com.android.wm.shell.transition.Transitions$TransitionPlayerImpl$$ExternalSyntheticLambda0.run:13 android.os.Handler.handleCallback:995 android.os.Handler.dispatchMessage:103 
04-22 02:01:42.117 I/SurfaceControlRegistry( 1877): show, t=FinishTransaction_SyncId<4593> sc=Task=6087, caller=android.view.SurfaceControl$Transaction.show:3557 com.android.wm.shell.transition.Transitions.dispatchReady:1330 com.android.wm.shell.transition.Transitions.onTransitionReady:251 com.android.wm.shell.transition.Transitions$TransitionPlayerImpl$$ExternalSyntheticLambda0.run:13 android.os.Handler.handleCallback:995 android.os.Handler.dispatchMessage:103 
04-22 02:01:42.117 V/WindowManagerShell( 1877): Playing animation for (#4593) android.os.BinderProxy@145ded3@0
04-22 02:01:42.117 I/SurfaceControlRegistry( 1877): show, t=StartTransaction_SyncId<4593> sc=Transition Root: Task=6087, caller=android.view.SurfaceControl$Transaction.show:3557 com.android.wm.shell.transition.Transitions.playTransition:79 com.android.wm.shell.transition.Transitions.processReadyQueue:239 com.android.wm.shell.transition.Transitions.dispatchReady:1352 com.android.wm.shell.transition.Transitions.onTransitionReady:251 com.android.wm.shell.transition.Transitions$TransitionPlayerImpl$$ExternalSyntheticLambda0.run:13 
04-22 02:01:42.117 V/ShellRecents( 1877): RecentsTransitionHandler.startAnimation: no controller found
04-22 02:01:42.117 V/ShellDesktopMode( 1877): DesktopMixedTransitionHandler: No pending desktop transition
04-22 02:01:42.117 V/WindowManagerShell( 1877): Transition doesn't have explicit remote, search filters for match for {id=4593 t=CLOSE f=0x10 trk=0 r=[0@Point(0, 0)] c=[{m=OPEN f=TRANSLUCENT|MOVE_TO_TOP|EDGE_EXTENSION_RESTRICTION leash=Surface(name=Task=6087)/@0xd60554b sb=Rect(0, 0 - 1080, 2340) eb=Rect(0, 0 - 1080, 2340) epz=Point(1080, 2340) d=0 taskParent=-1 inset=Rect(0, 80 - 0, 135)},{m=TO_FRONT f=SHOW_WALLPAPER|EDGE_EXTENSION_RESTRICTION leash=Surface(name=Task=1)/@0xf035b28 sb=Rect(0, 0 - 1080, 2340) eb=Rect(0, 0 - 1080, 2340) epz=Point(1080, 2340) d=0 taskParent=-1 inset=Rect(0, 80 - 0, 135)},{m=CLOSE f=NONE leash=Surface(name=Task=6086)/@0x3243041 sb=Rect(0, 0 - 1080, 2340) eb=Rect(0, 0 - 1080, 2340) epz=Point(1080, 2340) d=0 taskParent=-1 inset=Rect(0, 0 - 0, 0) dim=true},{m=TO_FRONT f=IS_WALLPAPER p=WCT{android.window.IWindowContainerToken$Stub$Proxy@2c701d4} leash=Surface(name=WallpaperWindowToken{54c5431 showWhenLocked=false})/@0x6289e6 sb=Rect(0, 0 - 1080, 2340) eb=Rect(0, 0 - 1080, 2340) epz=Point(1080, 2340) d=0 inset=Rect(0, 0 - 0, 0)}]}
04-22 02:01:42.117 V/WindowManagerShell( 1877):  Checking filter Pair{{types=[] flags=0x0] notFlags=0x100 checks=[{atype=home independent=true modes=[OPEN,TO_FRONT] flags=NONE mustBeTask=false order=TOP topActivity=ComponentInfo{com.sec.android.app.launcher/com.sec.android.app.launcher.Launcher} launchCookie=null windowingMode=undefined},{atype=recents independent=true modes=[CLOSE,TO_BACK] flags=NONE mustBeTask=false order=ANY topActivity=null launchCookie=null windowingMode=undefined}]} RemoteTransition { remoteTransition = android.window.IRemoteTransition$Stub$Proxy@a68a09c, appThread = android.app.IApplicationThread$Stub$Proxy@4241aa5, debugName = QuickstepLaunchHomeFromRecentsflags =NONE }}
04-22 02:01:42.117 V/WindowManagerShell( 1877):  Checking filter Pair{{types=[] flags=0x0] notFlags=0x100 checks=[{atype=home independent=true modes=[OPEN,TO_FRONT] flags=NONE mustBeTask=false order=TOP topActivity=ComponentInfo{com.sec.android.app.launcher/com.sec.android.app.launcher.Launcher} launchCookie=null windowingMode=undefined},{atype=standard independent=true modes=[CLOSE,TO_BACK] flags=NONE mustBeTask=false order=ANY topActivity=null launchCookie=null windowingMode=undefined}]} RemoteTransition { remoteTransition = android.window.IRemoteTransition$Stub$Proxy@41bce7a, appThread = android.app.IApplicationThread$Stub$Proxy@51c462b, debugName = QuickstepLaunchHomeflags =NONE }}
04-22 02:01:42.117 V/WindowManagerShell( 1877):  Delegate animation for (#4593) to null
04-22 02:01:42.117 V/WindowManagerShell( 1877): start default transition animation, info = {id=4593 t=CLOSE f=0x10 trk=0 r=[0@Point(0, 0)] c=[{m=OPEN f=TRANSLUCENT|MOVE_TO_TOP|EDGE_EXTENSION_RESTRICTION leash=Surface(name=Task=6087)/@0xd60554b sb=Rect(0, 0 - 1080, 2340) eb=Rect(0, 0 - 1080, 2340) epz=Point(1080, 2340) d=0 taskParent=-1 inset=Rect(0, 80 - 0, 135)},{m=TO_FRONT f=SHOW_WALLPAPER|EDGE_EXTENSION_RESTRICTION leash=Surface(name=Task=1)/@0xf035b28 sb=Rect(0, 0 - 1080, 2340) eb=Rect(0, 0 - 1080, 2340) epz=Point(1080, 2340) d=0 taskParent=-1 inset=Rect(0, 80 - 0, 135)},{m=CLOSE f=NONE leash=Surface(name=Task=6086)/@0x3243041 sb=Rect(0, 0 - 1080, 2340) eb=Rect(0, 0 - 1080, 2340) epz=Point(1080, 2340) d=0 taskParent=-1 inset=Rect(0, 0 - 0, 0) dim=true},{m=TO_FRONT f=IS_WALLPAPER p=WCT{android.window.IWindowContainerToken$Stub$Proxy@2c701d4} leash=Surface(name=WallpaperWindowToken{54c5431 showWhenLocked=false})/@0x6289e6 sb=Rect(0, 0 - 1080, 2340) eb=Rect(0, 0 - 1080, 2340) epz=Point(1080, 2340) d=0 inset=Rect(0, 0 - 0, 0)}]}
04-22 02:01:42.117 V/WindowManagerShell( 1877): loadAnimation: anim=null animAttr=0x0 type=CLOSE isEntrance=false
04-22 02:01:42.117 V/WindowManagerShell( 1877):    wallpaperTransit=WALLPAPER_TRANSLUCENT_OPEN translucent=true
04-22 02:01:42.117 V/WindowManagerShell( 1877):    change={m=CLOSE f=NONE leash=Surface(name=Task=6086)/@0x3243041 sb=Rect(0, 0 - 1080, 2340) eb=Rect(0, 0 - 1080, 2340) epz=Point(1080, 2340) d=0 taskParent=-1 inset=Rect(0, 0 - 0, 0) dim=true}
04-22 02:01:42.117 V/WindowManagerShell( 1877): loadAnimation: anim=android.view.animation.AnimationSet@79422c3 animAttr=0x4 type=CLOSE isEntrance=true
04-22 02:01:42.117 V/WindowManagerShell( 1877):    wallpaperTransit=WALLPAPER_TRANSLUCENT_OPEN translucent=true
04-22 02:01:42.117 V/WindowManagerShell( 1877):    change={m=TO_FRONT f=SHOW_WALLPAPER|EDGE_EXTENSION_RESTRICTION leash=Surface(name=Task=1)/@0xf035b28 sb=Rect(0, 0 - 1080, 2340) eb=Rect(0, 0 - 1080, 2340) epz=Point(1080, 2340) d=0 taskParent=-1 inset=Rect(0, 80 - 0, 135)}
04-22 02:01:42.118 V/WindowManagerShell( 1877): loadAnimation: anim=android.view.animation.AnimationSet@27c6740 animAttr=0x4 type=CLOSE isEntrance=true
04-22 02:01:42.118 V/WindowManagerShell( 1877):    wallpaperTransit=WALLPAPER_TRANSLUCENT_OPEN translucent=true
04-22 02:01:42.118 V/WindowManagerShell( 1877):    change={m=OPEN f=TRANSLUCENT|MOVE_TO_TOP|EDGE_EXTENSION_RESTRICTION leash=Surface(name=Task=6087)/@0xd60554b sb=Rect(0, 0 - 1080, 2340) eb=Rect(0, 0 - 1080, 2340) epz=Point(1080, 2340) d=0 taskParent=-1 inset=Rect(0, 80 - 0, 135)}
04-22 02:01:42.118 I/SurfaceControlRegistry( 1877): apply, t=StartTransaction_SyncId<4593>, caller=android.view.SurfaceControl$Transaction.apply:3459 android.view.SurfaceControl$Transaction.apply:3447 android.view.SurfaceControl$Transaction.apply:3397 com.android.wm.shell.transition.DefaultTransitionHandler.startAnimation:3387 com.android.wm.shell.transition.Transitions.dispatchTransition:90 com.android.wm.shell.transition.Transitions.playTransition:774 
04-22 02:01:42.118 D/FreecessController( 1432): BG freezed, skip OLAF unfreeze for (com.instagram.android, 10337)
04-22 02:01:42.118 W/FreecessController( 1432): getAllRunningPackagePids: Failed to read pid from /sys/fs/cgroup/apps/uid_10361/pid_30371/cgroup.procs
04-22 02:01:42.118 V/GraphicsEnvironment(22344): Currently set values for:
04-22 02:01:42.118 V/GraphicsEnvironment(22344):   angle_gl_driver_selection_pkgs=[]
04-22 02:01:42.118 V/GraphicsEnvironment(22344):   angle_gl_driver_selection_values=[]
04-22 02:01:42.118 V/GraphicsEnvironment(22344): com.google.android.googlequicksearchbox is not listed in per-application setting
04-22 02:01:42.118 V/GraphicsEnvironment(22344): ANGLE allowlist from config: 
04-22 02:01:42.119 V/GraphicsEnvironment(22344): com.google.android.googlequicksearchbox is not listed in ANGLE allowlist or settings, returning default
04-22 02:01:42.119 V/WindowManagerShell( 1877):  animated by com.android.wm.shell.transition.DefaultTransitionHandler@27b6f59
04-22 02:01:42.119 D/FreecessController( 1432): BG freezed, skip OLAF unfreeze for (com.rssinteractive.altinfiyatlari, 10466)
04-22 02:01:42.119 D/FreecessController( 1432): restrictJobsByOlaf: restrict=false, uid=-1
04-22 02:01:42.120 E/SurfaceFlinger( 1064): alpha changed 1.000 -> 0.000 - Surface(name=177bdaa com.samsung.android.lool/com.samsung.android.sm.iafd.dialog.AppErrorDialogActivity)/@0xbc8c5b2 - animation-leash of window_animation#73405
04-22 02:01:42.120 I/SurfaceFlinger( 1064): RequestedLayer [eb01f6f com.samsung.android.lool/com[...].dialog.AppErrorDialogActivity#73402] hidden!! flag  from(1) --> to(0)
04-22 02:01:42.120 I/SurfaceFlinger( 1064): RequestedLayer [177bdaa com.samsung.android.lool/com[...].dialog.AppErrorDialogActivity#73399] hidden!! flag  from(1) --> to(0)
04-22 02:01:42.120 I/SurfaceFlinger( 1064): RequestedLayer [com.samsung.android.lool/com.samsung[...].AppErrorDialogActivity$_12395#73403] hidden!! flag  from(1) --> to(0)
04-22 02:01:42.120 I/SurfaceFlinger( 1064): RequestedLayer [Surface(name=177bdaa com.samsung.and[...]tion-leash of window_animation#73405] hidden!! flag  from(1) --> to(0)
04-22 02:01:42.120 E/SurfaceFlinger( 1064): alpha changed 0.000 -> 0.000 - Surface(name=177bdaa com.samsung.android.lool/com.samsung.android.sm.iafd.dialog.AppErrorDialogActivity)/@0xbc8c5b2 - animation-leash of window_animation#73405
04-22 02:01:42.121 I/SurfaceFlinger( 1064): RequestedLayer [com.samsung.android.lool/com.samsung[...].AppErrorDialogActivity$_12395#73404] hidden!! flag  from(1) --> to(0)
04-22 02:01:42.121 I/SurfaceFlinger( 1064): RequestedLayer [com.sec.android.app.launcher/com.sec[...]ivities.LauncherActivity$_2439#73394] hidden!! flag  from(1) --> to(0)
04-22 02:01:42.121 I/SurfaceFlinger( 1064): RequestedLayer [Task=6087#73392] hidden!! flag  from(1) --> to(0)
04-22 02:01:42.121 I/SurfaceFlinger( 1064): RequestedLayer [Transition Root: Task=6087#73406] hidden!! flag  from(1) --> to(0)
04-22 02:01:42.121 I/SurfaceFlinger( 1064): RequestedLayer [ActivityRecord{177238983 u0 com.sams[...].AppErrorDialogActivity t6087}#73393] hidden!! flag  from(1) --> to(0)
04-22 02:01:42.121 I/SurfaceFlinger( 1064): RequestedLayer [ActivityRecord{106574585 u0 com.sec.[...]tivities.LauncherActivity t5770}#124] hidden!! flag  from(1) --> to(0)
04-22 02:01:42.121 I/SurfaceFlinger( 1064): RequestedLayer [Task=5770#123] hidden!! flag  from(1) --> to(0)
04-22 02:01:42.121 I/SurfaceFlinger( 1064): RequestedLayer [WallpaperWindowToken{54c5431 showWhenLocked=false}#77] hidden!! flag  from(1) --> to(0)
04-22 02:01:42.121 I/SurfaceFlinger( 1064): RequestedLayer [Task=1#53] hidden!! flag  from(1) --> to(0)
04-22 02:01:42.121 E/SurfaceFlinger( 1064): alpha changed 1.000 -> 0.000 - Task=1#53
04-22 02:01:42.121 E/SurfaceFlinger( 1064): alpha changed 1.000 -> 0.000 - Task=6087#73392
04-22 02:01:42.121 I/SurfaceFlinger( 1064): [LayerHierarchy{RequestedLayerState{Task=1#53 parentId=73406 z=4} 2 children}] reparent to LayerHierarchy{RequestedLayerState{Transition Root: Task=6087#73406 parentId=10 z=33} 1 children}
04-22 02:01:42.121 I/SurfaceFlinger( 1064): [LayerHierarchy{RequestedLayerState{Task=6086#73375 parentId=73406 z=7} 1 children}] reparent to LayerHierarchy{RequestedLayerState{Transition Root: Task=6087#73406 parentId=10 z=33} 2 children}
04-22 02:01:42.121 I/SurfaceFlinger( 1064): [LayerHierarchy{RequestedLayerState{Task=6087#73392 parentId=73406 z=5} 1 children}] reparent to LayerHierarchy{RequestedLayerState{Transition Root: Task=6087#73406 parentId=10 z=33} 3 children}
04-22 02:01:42.121 I/SurfaceFlinger( 1064): [LayerHierarchy{RequestedLayerState{177bdaa com.samsung.android.lool/com.samsung.android.sm.iafd.dialog.AppErrorDialogActivity#73399 parentId=73405 z=1} 1 children}] reparent to LayerHierarchy{RequestedLayerState{Surface(name=177bdaa com.samsung.android.lool/com.samsung.android.sm.iafd.dialog.AppErrorDialogActivity)/@0xbc8c5b2 - animation-leash of window_animation#73405 parentId=73393 z=1} 1 children}
04-22 02:01:42.121 I/SurfaceFlinger( 1064): Capture layer list: 	 com.toov1.dovizaltin/com.toov1.dovizaltin.MainActivity$_21021#73381(seamlessTransition:0)
04-22 02:01:42.122 D/RenderEngine( 1064): [SEC_SF_EFFECTS] drawLayersInternal,1494, Rendering layer ScreenCaptureFillLayer at index 0
04-22 02:01:42.122 D/RenderEngine( 1064): [SEC_SF_EFFECTS] drawLayersInternal,1494, Rendering layer com.toov1.dovizaltin/com.toov1.dovizaltin.MainActivity$_21021#73381 at index 1
04-22 02:01:42.125 I/HoneySpace.PredictionDataSourceImpl( 2439): TYPE_SUGGESTED_APPS updated: 9
04-22 02:01:42.126 D/RestrictionPolicy( 1432): isScreenCaptureEnabled : ret=true userId=0
04-22 02:01:42.126 I/HoneySpace.PredictionDataSourceImpl( 2439): TYPE_RECOMMENDED_WIDGETS updated: 50
04-22 02:01:42.126 D/SurfaceComposerClient( 1432): setCornerRadius ## eb01f6f com.samsung.android.lool/com.samsung.android.sm.iafd.dialog.AppErrorDialogActivity#73402 cornerRadius=0.000000
04-22 02:01:42.127 D/SurfaceComposerClient( 1432): setCornerRadius ## b840391 com.sec.android.app.launcher/com.sec.android.app.launcher.activities.LauncherActivity#126 cornerRadius=0.000000
04-22 02:01:42.127 D/SurfaceComposerClient( 1432): setCornerRadius ## eb01f6f com.samsung.android.lool/com.samsung.android.sm.iafd.dialog.AppErrorDialogActivity#73402 cornerRadius=0.000000
04-22 02:01:42.127 D/SurfaceComposerClient( 1432): setCornerRadius ## b840391 com.sec.android.app.launcher/com.sec.android.app.launcher.activities.LauncherActivity#126 cornerRadius=0.000000
04-22 02:01:42.127 D/WindowManager( 1432): finishDrawingWindow: Window{eb01f6f u0 com.samsung.android.lool/com.samsung.android.sm.iafd.dialog.AppErrorDialogActivity} mDrawState=HAS_DRAWN seqId=0
04-22 02:01:42.128 E/SurfaceFlinger( 1064): alpha changed 0.000 -> 0.081 - Surface(name=177bdaa com.samsung.android.lool/com.samsung.android.sm.iafd.dialog.AppErrorDialogActivity)/@0xbc8c5b2 - animation-leash of window_animation#73405
04-22 02:01:42.129 I/SDHMS:k ( 4152): onTaskStackChanged
04-22 02:01:42.129 I/DisplayDeviceRepository( 1432): Display device changed render timings: "Yerleşik Ekran", renderFrameRate=120.00001, presentationDeadlineNanos=9333333, appVsyncOffsetNanos=8333333, frameRateOverrides=[{uid=1000 frameRateHz=120.00001}, {uid=10050 frameRateHz=120.00001}, {uid=10153 frameRateHz=120.00001}, {uid=10468 frameRateHz=120.00001}]
04-22 02:01:42.130 I/SemDvfsHyPerManager( 4152): acquire hyper - BaseTABoost/4152@28, type = -999
04-22 02:01:42.130 I/HoneySpace.RecentTasks( 2439): onRunningTaskAppeared
04-22 02:01:42.130 I/HoneySpace.RecentTasks( 2439): onRecentTasksChanged
04-22 02:01:42.130 I/HoneySpace.RecentTasks( 2439): onRecentTasksChanged
04-22 02:01:42.131 D/SGM:GameManager( 1432): onDisplayChanged. displyId: 0, state: 2
04-22 02:01:42.131 D/AODManagerService( 1432): requestReCalToTSP IsSingleTouchMode = falserequestedReCalToTSP = false / previousDisplayState = ON
04-22 02:01:42.131 I/HYPER-HAL( 1019): [RequestManager.cpp]acquire(): Acquired ID : 8738318  [4152 / 28]    HINT :      list : [TABoost / 1] 
04-22 02:01:42.133 D/SGM:FgCheckThread( 1432): onLooperPrepared(), msg: MSG_LCD_ON
04-22 02:01:42.133 D/LiftUpHandler( 1432): [LTW] Stopped already.
04-22 02:01:42.133 D/AudioFlinger( 1053): setParameters: filtered dev setParameters keyvalue screen_state=on
04-22 02:01:42.133 D/audio_hw_primary(  999): device-adev_set_parameters: enter
04-22 02:01:42.133 I/audio_hw_proxy2(  999): proxy-proxy_set_parameters: set Screen-state 1
04-22 02:01:42.133 D/audio_hw_primary(  999): device-adev_set_parameters: param (screen_state=on)
04-22 02:01:42.134 I/Audio_a2dpsink_hw(  999): adev_set_parameters: kevpairs=[screen_state=on]
04-22 02:01:42.134 I/SurfaceFlinger( 1064): id=73407 createSurf, flag=84000, 5b21df4 ActivityRecordInputSink com.samsung.android.lool/com.samsung.android.sm.iafd.dialog.AppErrorDialogActivity#73407
04-22 02:01:42.134 D/[secipm]( 1432): mSecIpmManager report to nap
04-22 02:01:42.134 D/nativeloader(22388): Load libframework-connectivity-tiramisu-jni.so using APEX ns com_android_tethering for caller /apex/com.android.tethering/javalib/framework-connectivity-t.jar: ok
04-22 02:01:42.134 I/PkgPredictorService-SecIpmManagerServiceImpl( 1432): reportToNAP uid:1000 com.samsung.android.lool/com.samsung.android.sm.iafd.dialog.AppErrorDialogActivity thisTime:100
04-22 02:01:42.134 D/PkgPredictorService-SecIpmManagerServiceImpl( 1432): reportToNAP: mHeavyLaunchCounter is false
04-22 02:01:42.135 D/PkgPredictorService-SecIpmManagerServiceImpl( 1432): ACTION_FOREGROUND_FINISH_EVENT sCurForegroundApp :com.samsung.android.lool
04-22 02:01:42.135 D/AS.DesktopModeHelper( 1432): onDisplayChanged: #Id=0
04-22 02:01:42.135 I/SurfaceFlinger( 1064): id=73408 createSurf, flag=20004, Dim Layer for - Task=6087#73408
04-22 02:01:42.136 D/ActivityThread(22388): setConscryptValidator
04-22 02:01:42.136 D/ActivityThread(22388): setConscryptValidator - put
04-22 02:01:42.136 D/SurfaceComposerClient( 1432): [SEC_SF_EFFECTS] setBackgroundBlurRadius ## Dim Layer for - Task=6087#73408 backgroundBlurRadius=0
04-22 02:01:42.136 D/SurfaceComposerClient( 1432): [SEC_SF_EFFECTS] setBackgroundBlurRadius ## Dim Layer for - Task=6087#73408 backgroundBlurRadius=0
04-22 02:01:42.136 E/SurfaceFlinger( 1064): alpha changed 0.000 -> 0.020 - Task=1#53
04-22 02:01:42.136 E/SurfaceFlinger( 1064): alpha changed 0.000 -> 0.020 - Task=6087#73392
04-22 02:01:42.137 I/SurfaceFlinger( 1064): RequestedLayer [Dim Layer for - Task=6087#73408] hidden!! flag  from(1) --> to(0)
04-22 02:01:42.137 E/SurfaceFlinger( 1064): alpha changed 1.000 -> 0.000 - Dim Layer for - Task=6087#73408
04-22 02:01:42.137 I/SurfaceFlinger( 1064): [5b21df4 ActivityRecordInputSink com.samsung.android.lool/com.samsung.android.sm.iafd.dialog.AppErrorDialogActivity#73407] attach to parent LayerHierarchy{RequestedLayerState{ActivityRecord{177238983 u0 com.samsung.android.lool/com.samsung.android.sm.iafd.dialog.AppErrorDialogActivity t6087}#73393 parentId=73392} 3 children}
04-22 02:01:42.137 I/SurfaceFlinger( 1064): [Dim Layer for - Task=6087#73408] attach to parent LayerHierarchy{RequestedLayerState{Display 0 name="Yerleşik Ekran"#49} 7 children}
04-22 02:01:42.137 D/SurfaceComposerClient( 1432): setCornerRadius ## eb01f6f com.samsung.android.lool/com.samsung.android.sm.iafd.dialog.AppErrorDialogActivity#73402 cornerRadius=0.000000
04-22 02:01:42.137 D/SurfaceComposerClient( 1432): setCornerRadius ## b840391 com.sec.android.app.launcher/com.sec.android.app.launcher.activities.LauncherActivity#126 cornerRadius=0.000000
04-22 02:01:42.137 D/DmaBufLeakDetector( 1432): system:            31332 kB
04-22 02:01:42.137 D/SystemUIService( 1877): SYSUI_RAM_OPTIMIZATION onTrimMemory=20
04-22 02:01:42.137 D/DmaBufLeakDetector( 1432): system-uncached:  277044 kB
04-22 02:01:42.137 D/CentralSurfaces( 1877): SYSUI_RAM_OPTIMIZATION onTrimMemory=20
04-22 02:01:42.137 D/SurfaceComposerClient( 1432): setCornerRadius ## eb01f6f com.samsung.android.lool/com.samsung.android.sm.iafd.dialog.AppErrorDialogActivity#73402 cornerRadius=0.000000
04-22 02:01:42.137 D/SurfaceComposerClient( 1432): setCornerRadius ## b840391 com.sec.android.app.launcher/com.sec.android.app.launcher.activities.LauncherActivity#126 cornerRadius=0.000000
04-22 02:01:42.137 D/HWUI    ( 1877): CacheManager::trimMemory(20)
04-22 02:01:42.138 I/DmaBufLeakDetector( 1432): DmaBuf : 308376 KB
04-22 02:01:42.139 I/ActivityTaskManager( 1432): Displayed com.samsung.android.lool/com.samsung.android.sm.iafd.dialog.AppErrorDialogActivity for user 0: +100ms
04-22 02:01:42.139 I/Pageboost( 1432): Launch time gathered : pid 12395 com.samsung.android.lool 100
04-22 02:01:42.140 E/pageboostd( 2956): Received HALT command code 2
04-22 02:01:42.140 D/OlafRestriction( 1432):  olaf state update: state=false
04-22 02:01:42.140 D/OlafRestriction( 1432):  sending trigger onRestrictionStateChanged msg.
04-22 02:01:42.140 V/WindowManager( 1432): Sent Transition (#4593) createdAt=04-22 02:01:41.960 via request=TransitionRequestInfo { type = CLOSE, triggerTask = TaskInfo{userId=0 taskId=6086 effectiveUid=10468 displayId=0 isRunning=true baseIntent=Intent { act=android.intent.action.MAIN cat=[android.intent.category.LAUNCHER] flg=0x10200000 cmp=com.toov1.dovizaltin/.MainActivity } baseActivity=ComponentInfo{com.toov1.dovizaltin/com.toov1.dovizaltin.MainActivity} topActivity=ComponentInfo{com.toov1.dovizaltin/com.toov1.dovizaltin.MainActivity} origActivity=null realActivity=ComponentInfo{com.toov1.dovizaltin/com.toov1.dovizaltin.MainActivity} numActivities=1 lastActiveTime=265733791 supportsMultiWindow=true resizeMode=1 isResizeable=true minWidth=-1 minHeight=-1 maxWidth=-1 maxHeight=-1 defaultMinSize=220 desktopDefaultMinSize=304 token=WCT{RemoteToken{3efb4e6 Task{c47b0d6 #6086 type=standard A=10468:com.toov1.dovizaltin}}} topActivityType=1 pictureInPictureParams=null shouldDockBigOverlays=false launchIntoPipHostTaskId=-1 lastParentTaskIdBeforePip=-1 displayCutoutSafeInsets=Rect(0, 0 - 0, 0) topActivityInfo=ActivityInfo{6124a27 com.toov1.dovizaltin.MainActivity} launchCookies=[android.os.BinderProxy@98ba4d4] positionInParent=Point(0, 0) parentTaskId=-1 isFocused=true isVisible=true isVisibleRequested=true isTopActivityNoDisplay=false isSleeping=false locusId=null displayAreaFeatureId=1 isTopActivityTransparent=false isActivityStackTransparent=false lastNonFullscreenBounds=Rect(81, 557 - 999, 1727) capturedLink=null capturedLinkTimestamp=0 requestedVisibleTypes=-9 topActivityRequestOpenInBrowserEducationTimestamp=0 appCompatTaskInfo=AppCompatTaskInfo { topActivityInSizeCompat=false eligibleForLetterboxEducation= false isLetterboxEducationEnabled= false isLetterboxDoubleTapEnabled= false eligibleForUserAspectRatioButton= false topActivityBoundsLetterboxed= false isFromLetterboxDoubleTap= false topActivityLetterboxVerticalPosition= -1 topActivityLetterboxHorizontalPosition= -1 topActivityLetterboxWidth=-1 topActivityLetterboxHeight=-1 topActivityAppBounds=Rect(0, 0 - 1080, 2340) isUserFullscreenOverrideEnabled=false isSystemFullscreenOverrideEnabled=false hasMinAspectRatioOverride=false topActivityLetterboxBounds=null cameraCompatTaskInfo=CameraCompatTaskInfo { freeformCameraCompatMode=inactive} topActivityBounds=null topActivityInDisplayCompat=false singleTapFromLetterbox=false} topActivityMainWindowFrame=null originallySupportedMultiWindow=true hasWallpaper=false rootAffinity=10468:com.toov1.dovizaltin isTopTaskInStage=false CoverLauncherWidgetTask=false LaunchedFromAppsCoverLauncherTask=false LaunchedFromMultistarCoverLauncherTask=false isAllowedSeamlessRotation=false isTopTransparentActivity=false isAliasManaged=false hasConfigChanged=false snappingGuideBounds=null isAiKeyRemoveAppTask=false lastDesktopWindowingBounds=null lastExternalDesktopWindowingBounds=null safeCutoutInsets=null}, pipChange = null, remoteTransition = null, displayChange = null, flags = 16, debugId = 4593 }
04-22 02:01:42.140 V/WindowManager( 1432):     startWCT=WindowContainerTransaction { changes= {} hops= [] errorCallbackToken=null taskFragmentOrganizer=null }
04-22 02:01:42.140 V/WindowManager( 1432):     info={id=4593 t=CLOSE f=0x10 trk=0 r=[0@Point(0, 0)] c=[
