04-23 02:28:42.445 D/DisplayPowerController[0]( 1426): animateScreenStateChange: target=DOZE, mIsEnabled=true
04-23 02:28:42.446 I/AODStarSettingsUtil( 1865): isAutoBrightnessEnabledtrue
04-23 02:28:42.447 D/AODChargingModel( 1865): registerChargingLightSensor()
04-23 02:28:42.447 I/DisplayPowerController[0]( 1426): Blocking screen on until initial contents have been drawn.
04-23 02:28:42.447 D/DisplayPowerController[0]( 1426): mWindowManagerPolicy.screenTurningOn() +
04-23 02:28:42.447 D/PowerManagerService( 1426): [PWL] sb acquire: PowerManagerService.Display
04-23 02:28:42.447 I/PhoneWindowManager( 1426): Display 0 turning on...
04-23 02:28:42.448 D/WALLPAPER_SVC:WallpaperData( 1426): getWallpaperFile: file = /data/system/users/0/wallpaper_orig
04-23 02:28:42.448 D/WALLPAPER_SVC:WallpaperData( 1426): getWallpaperFile: file = /data/system/users/0/wallpaper_orig
04-23 02:28:42.448 I/SensorsHub( 1018): batch: handle=5 period=200000000 timeout=0
04-23 02:28:42.449 D/WALLPAPER_SVC:WallpaperManagerService( 1426): notifyScreenTurningOn: displayId= 0 , target data= WallpaperData@8ad1bdd, id: 5, which: 7, file mod: 1772908080930, info: null, engine(s): Proxy@290daf2, type = 0, userId = 0, uri= null, allowBackup= true, wallpaperComponent = ComponentInfo{com.android.systemui/com.android.systemui.wallpapers.ImageWallpaper}, nextWallpaperComponent = ComponentInfo{com.android.systemui/com.android.systemui.wallpapers.ImageWallpaper}
04-23 02:28:42.450 I/SensorsHub( 1018): activate: handle 5 enable 1
04-23 02:28:42.450 D/WindowManager( 1426): Remove SleepToken: tag=Display-off, displayId=0
04-23 02:28:42.450 I/PhoneWindowManager( 1426): screenTurningOn(+), before calling onScreenTurningOn to KeyguardDelegate
04-23 02:28:42.450 I/PhoneWindowManager( 1426): screenTurningOn(-), after calling onScreenTurningOn to KeyguardDelegate
04-23 02:28:42.451 I/DisplayPowerController( 1426): Window Manager Policy screenTurningOn complete
04-23 02:28:42.451 D/DisplayPowerController[0]( 1426): mWindowManagerPolicy.screenTurningOn() -
04-23 02:28:42.451 I/KeyguardService( 1865): onScreenTurningOn
04-23 02:28:42.451 I/DisplayBrightnessStrategySelector( 1426): Changing the DisplayBrightnessStrategy from ScreenOffBrightnessStrategy to LastTargetBrightnessStrategy for display 0
04-23 02:28:42.451 D/DisplayPowerController[0]( 1426): saveBrightnessInfo: brt:0.5058823 adjBrt:0.0 min:0.0 max:1.0 hbm:0 tp:1.0 throttler:0 isAnimating:false
04-23 02:28:42.452 V/DisplayPowerController[0]( 1426): Brightness [0.0] reason changing to: 'last_target', previous reason: 'screen_off'.
04-23 02:28:42.452 I/DisplayPowerController[0]( 1426): BrightnessEvent: brt=0.0 (0.0%), nits= 2.0, lux=-1.0, reason=last_target, strat=LastTargetBrightnessStrategy, state=DOZE, stateReason=DRAW_WAKE_LOCK, policy=DOZE, flags=, initBrt=0.0, rcmdBrt=NaN, preBrt=NaN, preLux=0.0, wasShortTermModelActive=false, autoBrightness=true (default), unclampedBrt=0.0, hbmMax=1.0, hbmMode=off, thrmMax=1.0, rbcStrength=-1, powerFactor=1.0, physDisp=Yerleşik Ekran(local:4633128672291736000), logicalId=0, slowChange=false, rampSpeed=0.0
04-23 02:28:42.452 I/SensorsHub( 1018): type : 5, enable : 1
04-23 02:28:42.453 D/DisplayManagerService( 1426): !@display_state requestDisplayStateInternal: OFF -> DOZE displayId=0
04-23 02:28:42.453 D/SemInputDeviceManagerService( 1426): setDisplayState[1] EARLY: OFF(1) -> DOZE(3)
04-23 02:28:42.454 D/SensorManager( 1865): registerListener :: 5, STK31610 Light, 200000, 0,
04-23 02:28:42.454 E/AODUiController( 1865): removeBottomUI: container is null
04-23 02:28:42.454 I/AODUiController( 1865): attachBottomUI
04-23 02:28:42.454 I/AODBatteryManager( 1865): updateBatteryData: ACTION_BATTERY_CHANGED: true, isSleepModeChanged:false ,isRemainingTimeChanged: false, isUSBRestriction: false
04-23 02:28:42.454 I/AODBatteryManager( 1865): saveBatteryData : AOD BatteryData [mBatteryLevel=33, mBatteryStatus=CHARGING, mBatteryPlugType=USB, mBatteryPlugged=true, mRemainingChargeTime=5671000, mBatteryChargingType=2, mBatteryChargerType=FAST, mBatteryOnline=NOT_DEFINED, mBatterySwellingMode=NONE, mBatteryProtectMode=false, mBatteryProtectModeType=0, mSleepChargingEvent=null, mSleepChargingEventFinishTime=null, mBatteryHealth=2, mIsDirectPowerMode=false, mIsUsbRestriction=false]
04-23 02:28:42.454 D/LocalDisplayAdapter( 1426): notifyStateChangeStart: com.samsung.android.hardware.secinputdev.external.DisplayStateListenerWrapper$1@59a090 took 1 ms
04-23 02:28:42.454 I/ChargingInfoManager( 1865): updateChargingInfo: newState = AOD ChargingInfo [mState=BATTERY_AND_REMAIN_TIME, mIsCharging=true, mIsPlugged=true, mIsFullyCharged=false, mIsBatteryProtectMode=false, mBetteryLevel=33, mBetteryProtectModeType0, mIsSlowChargingfalse], oldState = AOD ChargingInfo [mState=BATTERY_AND_REMAIN_TIME, mIsCharging=true, mIsPlugged=true, mIsFullyCharged=false, mIsBatteryProtectMode=false, mBetteryLevel=33, mBetteryProtectModeType0, mIsSlowChargingfalse]
04-23 02:28:42.455 I/AODBottomUIContainer( 1865): updateChargingInfoShowing = true
04-23 02:28:42.455 D/SemInputDevice:TSP( 1426): ActivateTask: 3,0 [04-23 02:28:42.454]
04-23 02:28:42.455 I/AODBottomUIContainer( 1865): updateHomeKeyOnlyMode = false
04-23 02:28:42.455 D/LocalDisplayAdapter( 1426): notifyStateChangeStart: com.android.server.biometrics.SemBiometricDisplayStateMonitor@96cd632 took 0 ms
04-23 02:28:42.455 D/LocalDisplayAdapter( 1426): notifyStateChangeStart: com.android.server.display.mode.RefreshRateModeManager$1@613f62a took 0 ms
04-23 02:28:42.455 I/DisplayDeviceRepository( 1426): Display device changed state: "Yerleşik Ekran", DOZE
04-23 02:28:42.455 I/SemBiometricDisplayStateMonitor( 1426): DisplayStateListener#onStart : DOZE, DOZE, DEFAULT_DISPLAY
04-23 02:28:42.455 W/LocalDisplayAdapter( 1426): !@display_state - 508 : OFF -> DOZE (MAIN)
04-23 02:28:42.456 I/ResourceUtils( 1865): initDisplayValues LogicalHeight 2340 LogicalWidth = 1080 DisplayDeviceType = -1, sIsLandscape = false
04-23 02:28:42.456 I/AODBottomUIContainer( 1865): initChargingInfo: cover close = false, type = 2
04-23 02:28:42.456 D/BrightnessThermalClamper( 1426): Thermal status observer already started
04-23 02:28:42.456 I/NowBarItemManager( 1865): getVisibleList isScreenTurnedOn = false / aodShowState false shouldControlScreenOff false visibleList size = 0
04-23 02:28:42.456 I/AODBottomUIContainer( 1865): mIsNowBarEmpty: true / isZigZagViewController = true
04-23 02:28:42.456 D/BrightnessSynchronizer( 1426): onDisplayChanged() : displayId=0
04-23 02:28:42.456 I/ChargingInfoComponent( 1865): create false -> true
04-23 02:28:42.456 I/ChargingInfoComponent( 1865): inflateChild mIsZigZagViewController true
04-23 02:28:42.457 D/SurfaceFlinger( 1101): Setting power mode 1 on physical display 4633128672291736000
04-23 02:28:42.457 D/SurfaceFlinger( 1101): setPhysicalDisplayPowerMode: Optimizing thread scheduling: optimizeForPerformance
04-23 02:28:42.457 D/BrightnessSynchronizer( 1426): updateScreenBrightness: displayId=0 type=2 mPreferredSettingValue=0.5058823(129) currentBrightnessInt=129 currentBrightnessIntFromFloat=129(0.5058823)
04-23 02:28:42.457 D/display ( 1011): setPowerMode:: FBIOBLANK mode(1), blank(0)
04-23 02:28:42.457 D/display ( 1011): setLowPowerMode, 1080, 2340, 1080, 2340
04-23 02:28:42.457 D/WindowManager( 1426): DeferredDisplayUpdater: partially applying DisplayInfo(1080 x 2340) immediately
04-23 02:28:42.458 D/SGM:GameManager( 1426): onDisplayChanged. displyId: 0, state: 3
04-23 02:28:42.458 I/sysinput:Touch( 1035): activate:96, 3,0 OK
04-23 02:28:42.459 D/SGM:FgCheckThread( 1426): onLooperPrepared(), msg: MSG_LCD_OFF
04-23 02:28:42.461 I/DisplayDevice( 1426): [0] Layerstack set to 0 for local:4633128672291736000
04-23 02:28:42.461 I/ClockTextView( 1865): ClockTextView: mOriginalFontType = 2, isDefaultFontStyle() = true, mFlipfont = 0, mFontWeight = 0
04-23 02:28:42.461 I/FontUtils( 1865): getTypefaceBuilder: type=2, builder=null
04-23 02:28:42.461 I/ClockTextView( 1865): updateTypeface() mOriginalFontType=2, mFixedFontVariationSettings=null, builder=null, mTypeface=null
04-23 02:28:42.461 D/SysinputHAL_V1_3(V1_2)( 1426): setTspEnable(TSP(1)),3,true ret=0
04-23 02:28:42.462 I/ClockTextView( 1865): ClockTextView: mOriginalFontType = 2, isDefaultFontStyle() = true, mFlipfont = 0, mFontWeight = 0
04-23 02:28:42.462 I/FontUtils( 1865): getTypefaceBuilder: type=2, builder=null
04-23 02:28:42.462 I/ClockTextView( 1865): updateTypeface() mOriginalFontType=2, mFixedFontVariationSettings=null, builder=null, mTypeface=null
04-23 02:28:42.462 D/SensorService( 1426): setSContextDataLocked ints length 2 , byte length 4
04-23 02:28:42.462 D/SensorService( 1426): setSContextDataLocked 10047c1
04-23 02:28:42.462 I/SensorService( 1426): [PROTOS] Screen state: 1
04-23 02:28:42.462 I/ClockTextView( 1865): ClockTextView: mOriginalFontType = 2, isDefaultFontStyle() = true, mFlipfont = 0, mFontWeight = 0
04-23 02:28:42.462 I/FontUtils( 1865): getTypefaceBuilder: type=2, builder=null
04-23 02:28:42.463 I/ClockTextView( 1865): updateTypeface() mOriginalFontType=2, mFixedFontVariationSettings=null, builder=null, mTypeface=null
04-23 02:28:42.463 I/SensorsHub( 1018): SContextSensor::injecet_sensor_data
04-23 02:28:42.463 D/SensorsHub( 1018): c1 47 00 01
04-23 02:28:42.463 D/SensorsHub( 1018): inject_scontext_data: New ssp_data_injection_fd(31)
04-23 02:28:42.463 D/SensorsHub( 1018): SContext Data Injection return 64
04-23 02:28:42.463 I/ClockTextView( 1865): ClockTextView: mOriginalFontType = 2, isDefaultFontStyle() = true, mFlipfont = 0, mFontWeight = 0
04-23 02:28:42.463 I/FontUtils( 1865): getTypefaceBuilder: type=2, builder=null
04-23 02:28:42.463 I/ClockTextView( 1865): updateTypeface() mOriginalFontType=2, mFixedFontVariationSettings=null, builder=null, mTypeface=null
04-23 02:28:42.463 I/CAE     ( 1426): handleMessage(CaPowerManager.java:263) - SCREEN_ON
04-23 02:28:42.464 D/AudioFlinger( 1080): setParameters: filtered dev setParameters keyvalue screen_state=off
04-23 02:28:42.464 D/audio_hw_primary( 1002): device-adev_set_parameters: enter
04-23 02:28:42.465 I/audio_hw_proxy2( 1002): proxy-proxy_set_parameters: set Screen-state 0
04-23 02:28:42.465 D/audio_hw_primary( 1002): device-adev_set_parameters: param (screen_state=off)
04-23 02:28:42.465 I/SurfaceComposerClient( 1426): apply DisplayState::eLayerStackChanged(index:0) layerStack(0)
04-23 02:28:42.466 I/Audio_a2dpsink_hw( 1002): adev_set_parameters: kevpairs=[screen_state=off]
04-23 02:28:42.466 I/AODBottomUIContainer( 1865): updateChargingInfoVisibility: isChargingInfoDisabled = false, isAODChargingInfoDisabled =  false
04-23 02:28:42.466 I/HBD     ( 4353): DeX h DeX mode state change in non-main thread
04-23 02:28:42.466 I/AODBottomUIContainer( 1865): updateBatteryInfoVisibility: isAODActive = false, isAODBatteryInfoEnabled =  true
04-23 02:28:42.466 I/HBD     ( 4353): DeX h DeX mode state change: 3
04-23 02:28:42.466 I/ChargingInfoView( 1865): setBatteryInfoEnabled: true
04-23 02:28:42.466 I/AODBottomUIContainer( 1865): initChargingInfoPosition nowBarEmptytrue
04-23 02:28:42.466 I/ChargingInfoComponent( 1865): getPositionControlTargetView mIsZigZagViewController true
04-23 02:28:42.466 I/ZigZagViewPositionControllerImpl[CHARGING_INFO]( 1865): initPosition: mRange = Rect(-38, 0 - 38, 60), mParams = ViewPositionParams {name = CHARGING_INFO, width = 100, height = 80, left = 0, top = 0, right = 0, bottom = 0, offset = Point(0, 0), interval = 10, gravity = 49, high = false, baseScreenSizeRate = 0.0, initialBottomMargin = 0}
04-23 02:28:42.466 I/ZigZagViewPositionControllerImpl[CHARGING_INFO]( 1865): mStartX = -1, mStartY = -1
04-23 02:28:42.466 I/ZigZagViewPositionControllerImpl[CHARGING_INFO]( 1865): left = 7, right = 0, top = 28, bottom = 0, initialBottomMargin = 0
04-23 02:28:42.466 I/HoneySpace.Memory-Monitor( 2347): current state = 3, didTrim = true
04-23 02:28:42.466 I/ZigZagViewPositionControllerImpl[CHARGING_INFO]( 1865): updatePosition: mCurPoint = Point(7, 28), mRange = Rect(-38, 0 - 38, 60), count = 1, interval = 10
04-23 02:28:42.467 I/AlwaysOnDisplayEx( 1865): setBottomArea:
04-23 02:28:42.467 D/PluginAODManager( 1865): setBottomArea()
04-23 02:28:42.467 I/AODBatteryManager( 1865): updateBatteryData: ACTION_BATTERY_CHANGED: true, isSleepModeChanged:false ,isRemainingTimeChanged: false, isUSBRestriction: false
04-23 02:28:42.467 I/AODBatteryManager( 1865): saveBatteryData : AOD BatteryData [mBatteryLevel=33, mBatteryStatus=CHARGING, mBatteryPlugType=USB, mBatteryPlugged=true, mRemainingChargeTime=5671000, mBatteryChargingType=2, mBatteryChargerType=FAST, mBatteryOnline=NOT_DEFINED, mBatterySwellingMode=NONE, mBatteryProtectMode=false, mBatteryProtectModeType=0, mSleepChargingEvent=null, mSleepChargingEventFinishTime=null, mBatteryHealth=2, mIsDirectPowerMode=false, mIsUsbRestriction=false]
04-23 02:28:42.467 I/ChargingInfoManager( 1865): updateChargingInfo: newState = AOD ChargingInfo [mState=BATTERY_AND_REMAIN_TIME, mIsCharging=true, mIsPlugged=true, mIsFullyCharged=false, mIsBatteryProtectMode=false, mBetteryLevel=33, mBetteryProtectModeType0, mIsSlowChargingfalse], oldState = AOD ChargingInfo [mState=BATTERY_AND_REMAIN_TIME, mIsCharging=true, mIsPlugged=true, mIsFullyCharged=false, mIsBatteryProtectMode=false, mBetteryLevel=33, mBetteryProtectModeType0, mIsSlowChargingfalse]
04-23 02:28:42.467 I/AODBatteryManager( 1865): updateBatteryData: ACTION_BATTERY_CHANGED: true, isSleepModeChanged:false ,isRemainingTimeChanged: false, isUSBRestriction: false
04-23 02:28:42.467 I/AODBatteryManager( 1865): saveBatteryData : AOD BatteryData [mBatteryLevel=33, mBatteryStatus=CHARGING, mBatteryPlugType=USB, mBatteryPlugged=true, mRemainingChargeTime=5671000, mBatteryChargingType=2, mBatteryChargerType=FAST, mBatteryOnline=NOT_DEFINED, mBatterySwellingMode=NONE, mBatteryProtectMode=false, mBatteryProtectModeType=0, mSleepChargingEvent=null, mSleepChargingEventFinishTime=null, mBatteryHealth=2, mIsDirectPowerMode=false, mIsUsbRestriction=false]
04-23 02:28:42.468 D/AS.DesktopModeHelper( 1426): onDisplayChanged: #Id=0
04-23 02:28:42.469 I/NearbyDiscovery( 2552): (REDACTED) FastPairDisplayObserver: %s -> %s
04-23 02:28:42.470 I/SecKeyguardClockPositionAlgorithm( 1865): prepareClockContainerHeightChanging:
04-23 02:28:42.471 I/PluginFaceWidgetManager( 1865): isEditMode = false
04-23 02:28:42.471 I/NowBarItemManager( 1865): getVisibleList isScreenTurnedOn = false / aodShowState false shouldControlScreenOff false visibleList size = 0
04-23 02:28:42.472 I/SecKeyguardClockPositionAlgorithm( 1865): prepareClockContainerHeightChanging:
04-23 02:28:42.473 I/PluginFaceWidgetManager( 1865): isEditMode = false
04-23 02:28:42.473 I/NowBarItemManager( 1865): getVisibleList isScreenTurnedOn = false / aodShowState false shouldControlScreenOff false visibleList size = 0
04-23 02:28:42.473 I/VRI[LauncherActivity]@ccdf59b( 2347): onDisplayChanged oldDisplayState=1 newDisplayState=3
04-23 02:28:42.474 D/VRI[NotificationShade]@fbac529( 1865): Not drawing due to screen off
04-23 02:28:42.474 I/VRI[RecentsTransitionOverlay]@add9b6b( 2347): onDisplayChanged oldDisplayState=1 newDisplayState=3
04-23 02:28:42.474 D/ClockFaceEvents( 1865): onTimeTick. callers : com.android.keyguard.ClockEventController$keyguardUpdateMonitorCallback$1.refreshTime:19
04-23 02:28:42.474 D/ClockFaceEvents( 1865): com.android.keyguard.ClockEventController$keyguardUpdateMonitorCallback$1.onTimeChanged:1
04-23 02:28:42.474 D/ClockFaceEvents( 1865): com.android.keyguard.KeyguardUpdateMonitor$16.handleMessage:732
04-23 02:28:42.474 I/VRI[CocktailBarService]@aef131d( 2347): onDisplayChanged oldDisplayState=1 newDisplayState=3
04-23 02:28:42.475 D/ClockFaceEvents( 1865): onTimeTick. callers : com.android.keyguard.ClockEventController$keyguardUpdateMonitorCallback$1.refreshTime:38
04-23 02:28:42.475 D/ClockFaceEvents( 1865): com.android.keyguard.ClockEventController$keyguardUpdateMonitorCallback$1.onTimeChanged:1
04-23 02:28:42.475 D/ClockFaceEvents( 1865): com.android.keyguard.KeyguardUpdateMonitor$16.handleMessage:732
04-23 02:28:42.475 I/VRI[RecentsActivity]@b211fe5( 2347): onDisplayChanged oldDisplayState=1 newDisplayState=3
04-23 02:28:42.475 D/FaceWidgetPagesController( 1865): onTimeChanged()
04-23 02:28:42.475 I/VRI[FP Iconview]@f762048(24218): onDisplayChanged oldDisplayState=1 newDisplayState=3
04-23 02:28:42.475 I/VRI[MainActivity]@ef42499(26529): onDisplayChanged oldDisplayState=1 newDisplayState=3
04-23 02:28:42.475 D/FaceWidgetPagesController( 1865): refreshViews() reason = ON_TIME_TICK, force = false
04-23 02:28:42.475 I/VRI[FP Maskview]@6dcfa92(24218): onDisplayChanged oldDisplayState=1 newDisplayState=3
04-23 02:28:42.476 I/VRI[FP BlackMaskView]@a0c2453(24218): onDisplayChanged oldDisplayState=1 newDisplayState=3
04-23 02:28:42.476 D/KeyguardTouchAnimator( 1865): screenPowerState it=SCREEN_TURNING_ON dozeUiState=true
04-23 02:28:42.476 D/KeyguardTouchAnimator( 1865): screenPowerState Do not animation in dozeUiState
04-23 02:28:42.476 D/KeyguardViewMediator( 1865): handleMessage 1002
04-23 02:28:42.476 D/KeyguardViewMediator( 1865): handleNotifyScreenTurningOn fastWakeUnlockMode=false, bioUnlock=false hasShow=false, pendingLock=false, hasCb=true, interval=417, hasOccluded=false
04-23 02:28:42.476 D/KeyguardViewMediator( 1865): notifyDrawn 25ms
04-23 02:28:42.476 D/KeyguardViewMediator( 1865): KeyguardViewMediator queue processing message:
04-23 02:28:42.476 D/SecLifecycle( 1865): screenState=1
04-23 02:28:42.476 I/VRI[InputMethod]@1aa44c0( 4353): onDisplayChanged oldDisplayState=1 newDisplayState=3
04-23 02:28:42.477 D/ClockFaceEvents( 1865): onTimeTick. callers : com.android.keyguard.ClockEventController$keyguardUpdateMonitorCallback$1.refreshTime:19
04-23 02:28:42.477 D/ClockFaceEvents( 1865): com.android.keyguard.ClockEventController$keyguardUpdateMonitorCallback$1.onTimeChanged:1
04-23 02:28:42.477 D/ClockFaceEvents( 1865): com.android.keyguard.KeyguardUpdateMonitor$16.handleMessage:732
04-23 02:28:42.477 D/ClockFaceEvents( 1865): onTimeTick. callers : com.android.keyguard.ClockEventController$keyguardUpdateMonitorCallback$1.refreshTime:38
04-23 02:28:42.477 D/ClockFaceEvents( 1865): com.android.keyguard.ClockEventController$keyguardUpdateMonitorCallback$1.onTimeChanged:1
04-23 02:28:42.477 D/ClockFaceEvents( 1865): com.android.keyguard.KeyguardUpdateMonitor$16.handleMessage:732
04-23 02:28:42.477 D/FaceWidgetPagesController( 1865): onTimeChanged()
04-23 02:28:42.477 D/FaceWidgetPagesController( 1865): refreshViews() reason = ON_TIME_TICK, force = false
04-23 02:28:42.477 I/ChargingInfoView( 1865): handleMessage: MSG_SHOW_CHARGING_INFO
04-23 02:28:42.477 I/BottomChargingInfoView( 1865): updateContents: BATTERY_AND_REMAIN_TIME
04-23 02:28:42.477 I/AOD_WAKELOCK@WakeLockManager( 1865): acquireIfExists: tag - charging_info, timeout - 1000, reason - Charging Info is updating, delay by 500, wakeLock = WakeLock{89d8435 held=true, refCount=1}
04-23 02:28:42.478 I/VRI[ShellDropTarget]@33e8724( 1865): onDisplayChanged oldDisplayState=1 newDisplayState=3
04-23 02:28:42.478 I/ChargingInfoManager( 1865): getDeviceRemainingTime: Dolmasına 1 sa 34 dk kaldı
04-23 02:28:42.478 I/VRI[View root of ReusableWindowDecorViewHost#0]@167a795( 1865): onDisplayChanged oldDisplayState=1 newDisplayState=3
04-23 02:28:42.478 I/AOD_WAKELOCK@WakeLockManager( 1865): acquireIfExists: tag - charging_info, timeout - 5500, reason - Charging Info is updating, delay by 5000, wakeLock = WakeLock{89d8435 held=true, refCount=2}
04-23 02:28:42.478 I/AbsChargingInfoComponent( 1865): setVisibilityWithAnim: true
04-23 02:28:42.479 D/PhoneWindowManager( 1426): mKeyguardDelegate.ShowListener.onDrawn.
04-23 02:28:42.479 D/DisplayLifecycle( 1865): updateDisplay id = 0
04-23 02:28:42.479 W/PhoneWindowManager( 1426): Setting mKeyguardDrawComplete
04-23 02:28:42.479 I/Keyguard.AODTouchModeManager( 1865): onDisplayChanged newDisplayState=3, currentDisplayState=1, displayId=0
04-23 02:28:42.479 I/VRI[View root of ReusableWindowDecorViewHost#1]@9e1f7e4( 1865): onDisplayChanged oldDisplayState=1 newDisplayState=3
04-23 02:28:42.479 D/SemInputDeviceManager( 1426): activate: TSP(1) FORCE_OFF(21),false
04-23 02:28:42.480 I/WindowManager( 1426): Waiting for drawn Window{e094013 u0 NotificationShade}: removed=false visible=true mHasSurface=true drawState=1
04-23 02:28:42.480 D/SemInputDevice:TSP( 1426): ActivateTask: 21,1 [04-23 02:28:42.480]
04-23 02:28:42.481 I/AODManagerService( 1426): setTspEnabled: location=/sys/class/sec/tsp/input/enabled, cmd=0, devid=1, mode=21, mIsSingleTouchMode=false
04-23 02:28:42.481 I/SV[166502607 FP Maskview](24218): releaseSurfaces: viewRoot = VRI[FP Maskview]@6dcfa92
04-23 02:28:42.481 I/Keyguard.AODTouchModeManager( 1865): setDoubleTouchMode: isSubDisplayNodePath()=false called=com.android.systemui.aod.AODTouchModeManager$registerDisplayListener$1.onDisplayChanged:98 android.hardware.display.DisplayManagerGlobal$DisplayListenerDelegate.handleDisplayEventInner:2195
04-23 02:28:42.481 I/Keyguard.AODTouchModeManager( 1865): handleSecondaryTouchInput DOUBLE
04-23 02:28:42.481 I/sysinput:Touch( 1035): activate:96, 21,1 OK
04-23 02:28:42.482 I/SV[145011341 FP BlackMaskView](24218): releaseSurfaces: viewRoot = VRI[FP BlackMaskView]@a0c2453
04-23 02:28:42.482 D/SemInputDeviceManager( 1426): activate: SPEN(11) FORCE_OFF(21),false
04-23 02:28:42.482 D/SysinputHAL_V1_3(V1_2)( 1426): setTspEnable(TSP(1)),21,false ret=0
04-23 02:28:42.482 I/AODManagerService( 1426): setTspEnabled: location=/sys/class/sec/sec_epen/input/enabled, cmd=0, devid=11, mode=21, mIsSingleTouchMode=false
04-23 02:28:42.482 I/Keyguard.AODTouchModeManager( 1865): setUnknownTouchMode
04-23 02:28:42.483 I/WindowManager( 1426): Waiting for drawn Window{e094013 u0 NotificationShade}: removed=false visible=true mHasSurface=true drawState=1
04-23 02:28:42.486 D/WifiDisplayAdapter( 1426): isFitToActiveDisplayLocked : false
04-23 02:28:42.486 D/StackScroller( 1865): onDisplayChanged for predraw skip to 3
04-23 02:28:42.487 I/SecKeyguardClockPositionAlgorithm( 1865): prepareClockContainerHeightChanging:
04-23 02:28:42.489 I/PluginFaceWidgetManager( 1865): isEditMode = false
04-23 02:28:42.489 I/NowBarItemManager( 1865): getVisibleList isScreenTurnedOn = false / aodShowState false shouldControlScreenOff false visibleList size = 0
04-23 02:28:42.490 I/SecKeyguardClockPositionAlgorithm( 1865): prepareClockContainerHeightChanging:
04-23 02:28:42.490 I/PluginFaceWidgetManager( 1865): isEditMode = false
04-23 02:28:42.491 I/NowBarItemManager( 1865): getVisibleList isScreenTurnedOn = false / aodShowState false shouldControlScreenOff false visibleList size = 0
04-23 02:28:42.491 I/AODTriggers( 1865): onAODEventDispatched = 4 / eventData = aod.e0@d86cf7c
04-23 02:28:42.491 I/AOD_LIVE_CLOCK@LiveClockController( 1865): updateDisplayState: DISPLAY_STATE_DOZE
04-23 02:28:42.492 I/VRI[LockscreenShortcutBlur]@dc42a6c( 1865): onDisplayChanged oldDisplayState=1 newDisplayState=3
04-23 02:28:42.492 I/VRI[NavigationBar0]@616fe33( 1865): onDisplayChanged oldDisplayState=1 newDisplayState=3
04-23 02:28:42.492 I/VRI[NotificationShade]@fbac529( 1865): onDisplayChanged oldDisplayState=1 newDisplayState=3
04-23 02:28:42.493 I/VRI[StatusBar]@7f65874( 1865): onDisplayChanged oldDisplayState=1 newDisplayState=3
04-23 02:28:42.493 I/VRI[Bouncer]@99578ce( 1865): onDisplayChanged oldDisplayState=1 newDisplayState=3
04-23 02:28:42.493 I/AODUiController( 1865): onUIEvent : unknown component : 1202/0/0
04-23 02:28:42.494 I/AODStarSettingsUtil( 1865): isAutoBrightnessEnabledtrue
04-23 02:28:42.494 I/AOD_BRIGHTNESS@BrightnessManager( 1865): mCurrentBrightness : HighNit[true], NitMode[null], isForceState[0, ForceStateReason[[], ], mAppliedBrightness[-1]
04-23 02:28:42.494 I/AOD_BRIGHTNESS@AlwaysOnDisplayEx( 1865): updateDozeBrightness: doze [65538] last [null] change to [null]
04-23 02:28:42.494 I/AOD_WAKELOCK@WakeLockManager( 1865): acquireIfExists: tag - AOD_DRAW, timeout - 100, reason - set Doze Brightness updateDozeBrightness, wakeLock = WakeLock{542c979 held=false, refCount=0}
04-23 02:28:42.497 D/PowerManagerService( 1426): [api] acquire WakeLock DRAW_WAKE_LOCK                    'AOD_DRAW' (uid=10050 pid=1865 displayId=0 lock=42ac086)
04-23 02:28:42.498 I/VRI[NotificationShade]@fbac529( 1865): handleResized, frames=ClientWindowFrames{frame=[0,0][1080,2340] display=[0,0][1080,2340] parentFrame=[0,0][0,0]} displayId=0 dragResizing=false compatScale=1.0 frameChanged=false attachedFrameChanged=false configChanged=false displayChanged=false compatScaleChanged=false dragResizingChanged=false
04-23 02:28:42.498 I/VRI[NotificationShade]@fbac529( 1865): handleResized mSyncSeqId = 0
04-23 02:28:42.499 D/VRI[NotificationShade]@fbac529( 1865): reportNextDraw android.view.ViewRootImpl.handleResized:2983 android.view.ViewRootImpl.-$$Nest$mhandleResized:0 android.view.ViewRootImpl$W.resized:14082 android.app.servertransaction.WindowStateResizeItem.execute:93 android.app.servertransaction.WindowStateTransactionItem.execute:62
04-23 02:28:42.499 D/VRI[NavigationBar0]@616fe33( 1865): Resumed drawing after screen turned on
04-23 02:28:42.499 I/VRI[NavigationBar0]@616fe33( 1865): registerCallbackForPendingTransactions
04-23 02:28:42.499 D/NavBarStateManager( 1865): NavBarStates(0) canUseNavBarBackgroundFrame: false
04-23 02:28:42.500 D/VRI[NotificationShade]@fbac529( 1865): Setup new sync=wmsSync-VRI[NotificationShade]@fbac529#23
04-23 02:28:42.500 I/VRI[NotificationShade]@fbac529( 1865): Creating new active sync group VRI[NotificationShade]@fbac529#24
04-23 02:28:42.501 D/VRI[NotificationShade]@fbac529( 1865): Resumed drawing after screen turned on
04-23 02:28:42.501 I/VRI[NavigationBar0]@616fe33( 1865): mWNT: t=0xb400007a1ead87d0 mBlastBufferQueue=0xb40000794ea5c100 fn= 968 HdrRenderState mRenderHdrSdrRatio=1.0 caller= android.view.ViewRootImpl$10.onFrameDraw:6536 android.view.ViewRootImpl$4.onFrameDraw:2489 android.view.ThreadedRenderer$1.onFrameDraw:718
04-23 02:28:42.505 D/VRI[NotificationShade]@fbac529( 1865): registerCallbacksForSync syncBuffer=false
04-23 02:28:42.509 D/VRI[NotificationShade]@fbac529( 1865): Received frameDrawingCallback syncResult=0 frameNum=3.
04-23 02:28:42.509 I/VRI[NotificationShade]@fbac529( 1865): Setting up sync and frameCommitCallback
04-23 02:28:42.515 I/VRI[NotificationShade]@fbac529( 1865): Received frameCommittedCallback lastAttemptedDrawFrameNum=3 didProduceBuffer=true
04-23 02:28:42.515 D/VRI[NotificationShade]@fbac529( 1865): reportDrawFinished seqId=0
04-23 02:28:42.515 D/VRI[StatusBar]@7f65874( 1865): Resumed drawing after screen turned on
04-23 02:28:42.517 D/WindowManager( 1426): finishDrawingWindow: Window{e094013 u0 NotificationShade} mDrawState=DRAW_PENDING seqId=0
04-23 02:28:42.517 D/SecBrightnessController( 1865): updateSlider() - BrightnessDialog resetTimer()
04-23 02:28:42.517 D/SecBrightnessController( 1865): updateSlider() - BrightnessDialog resetTimer()
04-23 02:28:42.520 V/WindowManager( 1426): performShowLocked: mDrawState=HAS_DRAWN in Window{e094013 u0 NotificationShade}
04-23 02:28:42.521 I/WindowManager( 1426): Waiting for drawn Window{e094013 u0 NotificationShade}: removed=false visible=true mHasSurface=true drawState=4
04-23 02:28:42.521 D/WindowManager( 1426): Window drawn win=Window{e094013 u0 NotificationShade}
04-23 02:28:42.521 D/WindowManager( 1426): All windows drawn!
04-23 02:28:42.521 W/PhoneWindowManager( 1426): All windows drawn on display -1
04-23 02:28:42.524 D/WindowManager( 1426): finishScreenTurningOn: mAwake=false, mScreenOnEarly=true, mScreenOnFully=false, mKeyguardDrawComplete=true, mWindowManagerDrawComplete=true
04-23 02:28:42.525 D/DisplayPowerController[0]( 1426): [api] WindowManagerPolicy.ScreenOnListener : called onScreenOn()
04-23 02:28:42.525 I/SensorsHub( 1018): LightSensor: lux = 16, time = 2686822553320
04-23 02:28:42.525 I/AOD_BRIGHTNESS@BrightnessManager( 1865): setSensorBrightnessIndex: 1
04-23 02:28:42.525 I/DisplayPowerController[0]( 1426): Unblocked screen on after 79 ms
04-23 02:28:42.525 D/DisplayPowerController[0]( 1426): animateScreenStateChange: target=DOZE, mIsEnabled=true
04-23 02:28:42.526 W/DisplayPowerState( 1426): !@ColorFade exit displayId=0
04-23 02:28:42.526 D/SemInputDeviceManager( 1426): setProperty: (0) CMD,GRIP_DATA,1,45,7,24,702,24,2340
04-23 02:28:42.527 I/BLASTBufferQueue( 1426): [ColorFade#9](f:0,a:1,s:0) ~BLASTBufferQueue()
04-23 02:28:42.527 D/TspStateManager( 1426): wrote command: cmd=1,45,7,24,702,24,2340, type=1
04-23 02:28:42.528 D/SemInputDevice:TSP( 1426): SetPropertyTask: CMD,set_grip_data,1,45,7,24,702,24,2340 [04-23 02:28:42.526]
04-23 02:28:42.528 I/SurfaceFlinger( 1101): id=719 Removed ColorFade BLAST_d0#719 (125)
04-23 02:28:42.529 I/sysinput:Touch( 1035): writeInformation:249, OK
04-23 02:28:42.530 D/SysinputHAL_V1_3(V1_2)( 1426): runTspCmdNoRead(TSP(1)): set_grip_data,1,45,7,24,702,24,2340 ret=0
04-23 02:28:42.530 I/AbsSettings( 1865): putStringInner: updated AODSettingsDBItem / aod_brightness_value=1
04-23 02:28:42.530 I/AODChargingModel( 1865): onChargingLightSensorChanged lux : 16.0 appliedBrightness = -1 currentBrightness = 1
04-23 02:28:42.530 I/AODStarSettingsUtil( 1865): isAutoBrightnessEnabledtrue
04-23 02:28:42.530 I/AOD_BRIGHTNESS@BrightnessManager( 1865): mCurrentBrightness : HighNit[true], NitMode[10NIT], isForceState[0, ForceStateReason[[], ], mAppliedBrightness[-1]
04-23 02:28:42.531 I/AOD_BRIGHTNESS@AlwaysOnDisplayEx( 1865): updateDozeBrightness: doze [65538] last [null] change to [10NIT]
04-23 02:28:42.531 I/AOD_WAKELOCK@WakeLockManager( 1865): acquireIfExists: tag - AOD_DRAW, timeout - 100, reason - set Doze Brightness updateDozeBrightness, wakeLock = WakeLock{542c979 held=true, refCount=1}
04-23 02:28:42.531 V/DreamService[DozeService]( 1865): UpdateDoze mDozeScreenState=4 mDozeScreenBrightness=11 mDozeScreenBrightnessFloat=NaN
04-23 02:28:42.531 I/KeyguardFingerprint( 1865): Waiting window focus change
04-23 02:28:42.531 D/KeyguardFingerprint( 1865): shouldListenForFingerprint ( isFingerprintEnabled = true , mKeyguardIsVisible = true , mDeviceInteractive = false , mPrimaryBouncerIsOrWillBeShowing = false , mPrimaryBouncerFullyShown = false , mGoingToSleep = false , mSwitchingUser = false , mIsDreamingForBiometrics = true , mKeyguardUnlocking = false , mKeyguardGoingAway = false , mKeyguardShowing = true , mKeyguardOccluded = false , mSystemReady = true , mHasFocus = true
04-23 02:28:42.531 D/KeyguardFingerprint( 1865): updateFingerprintListeningState#mFingerprintRunningState=1 shouldListenForFingerprint=true isUdfpsEnrolled=false bioType : 257
04-23 02:28:42.532 D/KeyguardFace( 1865): shouldListenForFace ( isFaceDefaultCondition = false , isKeyguardVisible = true , isDeviceInteractive = false , mPrimaryBouncerFullyShown = false , isSwitchingUser = false , mIsDreamingForBiometrics = true , isGoingToSleep = false , isKeyguardGoingAway = false , mKeyguardUnlocking = false , isEarlyWakeUp = false , mIsScreenSaverRunning = false , mSystemReady = true , getUserUnlockedWithBiometric = false , isKeyguardShowing = true , isKeyguardOccluded = false , mHasFocus = true)
04-23 02:28:42.532 D/KeyguardFace( 1865): shouldListenForFace ( return false, Face is not default condition)
04-23 02:28:42.532 D/PowerManagerService( 1426): [api] setDozeOverrideFromDreamManager: screenState: DOZE_SUSPEND mode: 0x10002 screenBrightnessFloat: -1(NaN) screenBrightnessInt:11 useNormalBrightnessForDoze:false
04-23 02:28:42.532 D/KeyguardFace( 1865): Can't stop stopListeningForFace(), mFaceRunningState = 0
04-23 02:28:42.532 D/DisplayPowerController[0]( 1426): animateScreenStateChange: target=DOZE, mIsEnabled=true
04-23 02:28:42.532 I/DisplayBrightnessStrategySelector( 1426): Changing the DisplayBrightnessStrategy from LastTargetBrightnessStrategy to DozeBrightnessStrategy for display 0
04-23 02:28:42.533 W/DisplayPowerController[0]( 1426): Animating brightness: target=11(0.04), rate=0,000, rateAtHbm=0,000, reason=doze[11]
04-23 02:28:42.535 D/DisplayPowerController[0]( 1426): saveBrightnessInfo: brt:0.5058823 adjBrt:0.043137256 min:0.0 max:1.0 hbm:0 tp:1.0 throttler:0 isAnimating:false
04-23 02:28:42.535 V/DisplayPowerController[0]( 1426): Brightness [0.043137256] reason changing to: 'doze', previous reason: 'last_target'.
04-23 02:28:42.535 I/DisplayPowerController[0]( 1426): BrightnessEvent: brt=0.043137256 (36.0%), nits= 10.366, lux=-1.0, reason=doze, strat=DozeBrightnessStrategy, state=DOZE, stateReason=DRAW_WAKE_LOCK, policy=DOZE, flags=, initBrt=0.0, rcmdBrt=NaN, preBrt=NaN, preLux=0.0, wasShortTermModelActive=false, autoBrightness=true (default), unclampedBrt=0.043137256, hbmMax=1.0, hbmMode=off, thrmMax=1.0, rbcStrength=-1, powerFactor=1.0, physDisp=Yerleşik Ekran(local:4633128672291736000), logicalId=0, slowChange=false, rampSpeed=0.0
04-23 02:28:42.537 D/BrightnessSynchronizer( 1426): onDisplayChanged() : displayId=0
04-23 02:28:42.538 D/BrightnessSynchronizer( 1426): updateScreenBrightness: displayId=0 type=2 mPreferredSettingValue=0.5058823(129) currentBrightnessInt=129 currentBrightnessIntFromFloat=129(0.5058823)
04-23 02:28:42.539 D/SecBrightnessController( 1865): updateSlider() - BrightnessDialog resetTimer()
04-23 02:28:42.539 D/SecBrightnessController( 1865): updateSlider() - BrightnessDialog resetTimer()
04-23 02:28:42.629 D/display ( 1011): setActiveDrmMode, commit  3 -> 2
04-23 02:28:42.636 D/SemWifiApSmartUtil( 1426):  getting AES
04-23 02:28:42.638 D/PowerManagerService( 1426): [api] release WakeLock DRAW_WAKE_LOCK                    'AOD_DRAW' ACQ=-140ms (uid=10050 pid=1865 displayId=0 lock=42ac086)
04-23 02:28:42.640 I/SemWifiApSmartUtil( 1426): checkCommonConditionForAutoHotspot
04-23 02:28:42.643 I/SensorsHub( 1018): LightSensor: lux = 13, time = 2686942759687
04-23 02:28:42.645 I/SemWifiApSmartUtil( 1426): default value : 1   isNearbyEnabled : true
04-23 02:28:42.646 I/SemWifiApSmartUtil( 1426): Preconditions BLE is ON
04-23 02:28:42.646 I/SemWifiApSmartBleScanner( 1426): checkPreConditions : CAN_USE_BLE
04-23 02:28:42.646 I/SemWifiApSmartUtil( 1426): checkCommonConditionForAutoHotspot
04-23 02:28:42.646 I/SemWifiApSmartUtil( 1426): default value : 1   isNearbyEnabled : true
04-23 02:28:42.646 I/SemWifiApSmartUtil( 1426): Preconditions BLE is ON
04-23 02:28:42.649 I/SemWifiApSmartUtil( 1426): default value : 1   isNearbyEnabled : true
04-23 02:28:42.649 D/BluetoothAdapter( 1426): semIsBleEnabled(): BLE_ON
04-23 02:28:42.651 I/SemWifiApSmartUtil( 1426): default value : 1   isNearbyEnabled : true
04-23 02:28:42.654 E/SemWifiApSmartBleScanner( 1426): mGuidScanFilterBluetoothLeScanFilter [mDeviceName=null, mDeviceAddress=null, mUuid=null, mUuidMask=null, mServiceSolicitationUuid=null, mServiceSolicitationUuidMask=null, mServiceDataUuid=null, mServiceData=null, mServiceDataMask=null, mManufacturerId=117, mManufacturerData=[1, 18, 88, -65, -83, -120, 0, 0, 0, 0, 4, 0, 0, 0, 0, 0, 0, 0, 0, 0, 0, 0, 0, 0], mManufacturerDataMask=[0, -1, -1, -1, -1, -1, 0, 0, 0, 0, 0, 0, 0, 0, 0, 0, 0, 0, 0, 0, 0, 0, 0, 0], mAdvertisingDataType=-1, mAdvertisingData=null, mAdvertisingDataMask=null, mTransportBlockFilter=null]
04-23 02:28:42.655 D/BluetoothAdapter( 1426): isLeEnabled(): BLE_ON
04-23 02:28:42.658 D/BluetoothLeScanner( 1426): Start Scan with callback
04-23 02:28:42.662 I/bt_shim_scanner( 2688): system/main/shim/le_scanning_manager.cc:135 RegisterScanner: in shim layer, UUID=d35b6eb9-4757-4042-9567-d7c431e8b2f0
04-23 02:28:42.663 W/bluetooth( 2688): system/gd/hci/le_scanning_manager.cc:650 register_scanner: register_scanner
04-23 02:28:42.664 D/BluetoothLeScanner( 1426): onScannerRegistered() - status=0 scannerId=1 mScannerId=0
04-23 02:28:42.685 D/BoundBrokerSvc( 2552): onRebind: Intent { act=com.google.android.gms.libs.gmscorelogger.service.START dat=chimera-action:/... xflg=0x4 cmp=com.google.android.gms/.chimera.PersistentDirectBootAwareApiService }
04-23 02:28:42.695 D/display ( 1011): setPowerDoze, Doze request done
04-23 02:28:42.695 I/display ( 1011): [compareVsyncPeriod] set the lowest(mode:0) vsync 333 of display(0)
04-23 02:28:42.695 I/display ( 1011): getFpsForPerformance, performance table found using table(key:120, cpu:255)
04-23 02:28:42.695 I/display ( 1011): Set m2mMPP capacity(4) for fps(120)
04-23 02:28:42.695 I/display ( 1011): getFpsForPerformance, performance table found using table(key:120, cpu:255)
04-23 02:28:42.695 I/display ( 1011): Set Affinity config for fps(120) : cpuIDs : 255
04-23 02:28:42.695 I/display ( 1011): Set Affinity CPU ID : 0
04-23 02:28:42.695 I/display ( 1011): Set Affinity CPU ID : 1
04-23 02:28:42.695 I/display ( 1011): Set Affinity CPU ID : 2
04-23 02:28:42.695 I/display ( 1011): Set Affinity CPU ID : 3
04-23 02:28:42.695 I/display ( 1011): Set Affinity CPU ID : 4
04-23 02:28:42.695 I/display ( 1011): Set Affinity CPU ID : 5
04-23 02:28:42.695 I/display ( 1011): Set Affinity CPU ID : 6
04-23 02:28:42.695 I/display ( 1011): Set Affinity CPU ID : 7
04-23 02:28:42.695 I/display ( 1011): Set affinity HWC : 1011
04-23 02:28:42.695 I/display ( 1011): CPU set : Cluster(0), min_clock(0)
04-23 02:28:42.695 I/display ( 1011): CPU set : Cluster(1), min_clock(0)
04-23 02:28:42.695 I/display ( 1011): CPU set : Cluster(2), min_clock(0)
04-23 02:28:42.695 I/display ( 1011): [compareVsyncPeriod] set the lowest(mode:0) vsync 333 of display(0)
04-23 02:28:42.695 I/display ( 1011): getFpsForPerformance, performance table found using table(key:120, cpu:255)
04-23 02:28:42.695 I/display ( 1011): Set m2mMPP capacity(4) for fps(120)
04-23 02:28:42.695 I/display ( 1011): getFpsForPerformance, performance table found using table(key:120, cpu:255)
04-23 02:28:42.695 I/display ( 1011): Set Affinity config for fps(120) : cpuIDs : 255
04-23 02:28:42.695 I/display ( 1011): Set Affinity CPU ID : 0
04-23 02:28:42.695 I/display ( 1011): Set Affinity CPU ID : 1
04-23 02:28:42.695 I/display ( 1011): Set Affinity CPU ID : 2
04-23 02:28:42.695 I/display ( 1011): Set Affinity CPU ID : 3
04-23 02:28:42.695 I/display ( 1011): Set Affinity CPU ID : 4
04-23 02:28:42.695 I/display ( 1011): Set Affinity CPU ID : 5
04-23 02:28:42.695 I/display ( 1011): Set Affinity CPU ID : 6
04-23 02:28:42.695 I/display ( 1011): Set Affinity CPU ID : 7
04-23 02:28:42.695 I/display ( 1011): Set affinity HWC : 1011
04-23 02:28:42.695 I/display ( 1011): CPU set : Cluster(0), min_clock(0)
04-23 02:28:42.695 I/display ( 1011): CPU set : Cluster(1), min_clock(0)
04-23 02:28:42.695 I/display ( 1011): CPU set : Cluster(2), min_clock(0)
04-23 02:28:42.696 D/SurfaceFlinger( 1101): Finished setting power mode 1 on physical display 4633128672291736000
04-23 02:28:42.696 D/SurfaceControl( 1426): Excessive delay in setPowerMode()
04-23 02:28:42.696 W/LocalDisplayAdapter( 1426): !@display_state - 508 : DOZE (MAIN) took 241 ms
04-23 02:28:42.697 I/SurfaceFlinger( 1101): [LayerHierarchy{RequestedLayerState{ColorFade_d0#718 z=1073741825} 1 children}] reparent to OffscreenRoot
04-23 02:28:42.697 I/SurfaceFlinger( 1101): [LayerHierarchy{RequestedLayerState{ColorFade_d0#718 z=1073741825} 1 children}] RelativeParent to null
04-23 02:28:42.697 I/DisplayDevice( 1101): setLayerFilter : layerstack=0, samsung lcd
04-23 02:28:42.697 D/SemInputDeviceManagerService( 1426): setDisplayState[1] LATE: DOZE(3) -> DOZE(3)
04-23 02:28:42.698 D/LocalDisplayAdapter( 1426): notifyStateChangeFinish: com.samsung.android.hardware.secinputdev.external.DisplayStateListenerWrapper$1@59a090 took 1 ms
04-23 02:28:42.698 D/LocalDisplayAdapter( 1426): notifyStateChangeFinish: com.android.server.biometrics.SemBiometricDisplayStateMonitor@96cd632 took 0 ms
04-23 02:28:42.698 D/LocalDisplayAdapter( 1426): notifyStateChangeFinish: com.android.server.display.mode.RefreshRateModeManager$1@613f62a took 0 ms
04-23 02:28:42.699 I/SurfaceFlinger( 1101): id=718 Removed ColorFade_d0#718 (125)
04-23 02:28:42.701 D/DisplayPowerController[0]( 1426): setActualDisplayState: OFF -> DOZE
04-23 02:28:42.701 D/DisplayPowerController[0]( 1426): animateScreenStateChange: target=DOZE, mIsEnabled=true
04-23 02:28:42.701 I/display ( 1011): setColorTransform:: 0, 0
04-23 02:28:42.701 I/SemBiometricDisplayStateMonitor( 1426): DisplayStateListener#onFinish : DOZE, DOZE, DEFAULT_DISPLAY
04-23 02:28:42.701 D/android.hardware.graphics.composer@2.4-service( 1011): no set functions called prior to getDqeLut()
04-23 02:28:42.702 D/SemInputDevice:TSP( 1426): ActivateTask: 3,1 [04-23 02:28:42.697]
04-23 02:28:42.702 D/HdrSolution_HdrDisplayNitMapper( 1426): updataTargetNit--------------mLightSensorData: -1.0, scaleRatio: 19.29, target: 10.366->200
04-23 02:28:42.702 D/SurfaceFlinger( 1101): Display 4633128672291736000 HWC layers:
04-23 02:28:42.702 D/SurfaceFlinger( 1101):        DEVICE |            8010114007048 | 00000100 | RGBA_8888    |   25.0   55.0 1054.0 2285.0 |    0    0 1080 2340 | Wallpaper BBQ wrapper 7_systemlock#80 (1)
04-23 02:28:42.702 D/SurfaceFlinger( 1101):        DEVICE |            8010114007294 | 00002100 | RGBA_8888    |    0.0    0.0 1080.0   80.0 |    0    0 1080   80 | StatusBar$_1865#99 (1146)
04-23 02:28:42.702 D/SurfaceFlinger( 1101):        DEVICE |            8010114007312 | 00002100 | RGBA_8888    |    0.0    0.0 1080.0 2340.0 |    0    0 1080 2340 | NotificationShade$_1865#726 (3)
04-23 02:28:42.702 D/SurfaceFlinger( 1101):
04-23 02:28:42.703 I/SurfaceFlinger( 1101): destroyed ColorFade_d0#718
04-23 02:28:42.703 I/SurfaceFlinger( 1101): destroyed ColorFade BLAST_d0#719
04-23 02:28:42.703 I/Layer   ( 1101): id=718 Destroyed ColorFade_d0#718
04-23 02:28:42.703 I/Layer   ( 1101): id=719 Destroyed ColorFade BLAST_d0#719
04-23 02:28:42.704 D/BrightnessHandler( 1426): inject brightness = 11.0, Brightness: 0.043137256
04-23 02:28:42.704 I/sysinput:Touch( 1035): activate:96, 3,1 OK
04-23 02:28:42.705 D/SysinputHAL_V1_3(V1_2)( 1426): setTspEnable(TSP(1)),3,false ret=0
04-23 02:28:42.706 I/SensorsHub( 1018): LightSensor::injectSensorData: brightness 11
04-23 02:28:42.706 I/BSS_DisplayStateManager(24218): handleDisplayStateChanged: OFF -> DOZE
04-23 02:28:42.707 I/BSS_DisplayConstraintHandler(24218): handleMessage = 1001, 0, 0
04-23 02:28:42.707 D/BrightnessHandler( 1426): inject brightness = 11.0, Brightness: 0.043137256
04-23 02:28:42.708 I/SensorsHub( 1018): LightSensor::injectSensorData: brightness 11
04-23 02:28:42.710 D/LocalDisplayAdapter( 1426): surface lcd : 11(0.022), 11(0.022), main +
04-23 02:28:42.710 D/DisplayPowerController[0]( 1426): animateScreenStateChange: target=DOZE, mIsEnabled=true
04-23 02:28:42.711 I/PhoneWindowManager( 1426): Display 0 turned on...
04-23 02:28:42.711 D/WALLPAPER_SVC:WallpaperData( 1426): getWallpaperFile: file = /data/system/users/0/wallpaper_orig
04-23 02:28:42.711 D/WALLPAPER_SVC:WallpaperData( 1426): getWallpaperFile: file = /data/system/users/0/wallpaper_orig
04-23 02:28:42.713 D/WALLPAPER_SVC:WallpaperManagerService( 1426): notifyScreenTurnedOn: displayId= 0 , target data= WallpaperData@8ad1bdd, id: 5, which: 7, file mod: 1772908080930, info: null, engine(s): Proxy@290daf2, type = 0, userId = 0, uri= null, allowBackup= true, wallpaperComponent = ComponentInfo{com.android.systemui/com.android.systemui.wallpapers.ImageWallpaper}, nextWallpaperComponent = ComponentInfo{com.android.systemui/com.android.systemui.wallpapers.ImageWallpaper}
04-23 02:28:42.713 I/KeyguardService( 1865): onScreenTurnedOn
04-23 02:28:42.714 D/PowerManagerService( 1426): displayReady: true groupId=0
04-23 02:28:42.716 D/PowerManagerService( 1426): [PWL] sb release: PowerManagerService.Display
04-23 02:28:42.718 D/KeyguardTouchAnimator( 1865): screenPowerState it=SCREEN_ON dozeUiState=true
04-23 02:28:42.718 D/KeyguardTouchAnimator( 1865): screenPowerState Do not animation in dozeUiState
04-23 02:28:42.719 D/SecLifecycle( 1865): screenState=2
04-23 02:28:42.720 D/ClockFaceEvents( 1865): onTimeTick. callers : com.android.keyguard.ClockEventController$keyguardUpdateMonitorCallback$1.refreshTime:19
04-23 02:28:42.720 D/ClockFaceEvents( 1865): com.android.keyguard.ClockEventController$keyguardUpdateMonitorCallback$1.onTimeChanged:1
04-23 02:28:42.720 D/ClockFaceEvents( 1865): com.android.keyguard.KeyguardUpdateMonitor$16.handleMessage:732
04-23 02:28:42.721 D/ClockFaceEvents( 1865): onTimeTick. callers : com.android.keyguard.ClockEventController$keyguardUpdateMonitorCallback$1.refreshTime:38
04-23 02:28:42.721 D/ClockFaceEvents( 1865): com.android.keyguard.ClockEventController$keyguardUpdateMonitorCallback$1.onTimeChanged:1
04-23 02:28:42.721 D/ClockFaceEvents( 1865): com.android.keyguard.KeyguardUpdateMonitor$16.handleMessage:732
04-23 02:28:42.721 D/FaceWidgetPagesController( 1865): onTimeChanged()
04-23 02:28:42.722 D/FaceWidgetPagesController( 1865): refreshViews() reason = ON_TIME_TICK, force = false
04-23 02:28:42.723 I/SensorsHub( 1018): LightSensor: lux = 12, time = 2687022871992
04-23 02:28:42.723 I/SemWifiApSmartBleScanner( 1426): Started scanning
04-23 02:28:42.725 D/QSClockBellTower( 1865): He is ready to ring the bell. (((QSClockBellSound - TimeText:02:28, TimeContentDescription:02:28, DateText:23 Nisan Per, ShortDateText:23 Nis Per, Demo:false)))
04-23 02:28:42.725 D/SurfaceFlinger( 1101): GPIS:: requestGpisForSFSluggish
04-23 02:28:42.725 D/QSClock ( 1865): StatusBar clock=02:28 notifyTimeChanged(QSClockBellSound - TimeText:02:28, TimeContentDescription:02:28, DateText:23 Nisan Per, ShortDateText:23 Nis Per, Demo:false) clockVisibleByPolicy=true, clockVisibleByUser=true, visible=false, parent=android.widget.LinearLayout{73759ed V.E...... ........ 0,0-0,58 #7f0a069b app:id/left_clock_container} caller=com.android.systemui.statusbar.phone.fragment.CollapsedStatusBarFragment.animateHiddenState:96 com.android.systemui.statusbar.phone.fragment.CollapsedStatusBarFragment.updateStatusBarVisibilitiesInner:260 com.android.systemui.statusbar.phone.fragment.CollapsedStatusBarFragment$$ExternalSyntheticLambda1.run:6 com.android.systemui.statusbar.phone.fragment.CollapsedStatusBarFragmentExt.onKeyguardShowingChanged:10 com.android.systemui.statusbar.policy.KeyguardStateControllerImpl$$ExternalSyntheticLambda0.accept:24
04-23 02:28:42.726 D/QSClockBellTower( 1865): Everyone heard the bell. run(currentTime:1776900522723, getTime():Thu Apr 23 02:28:42 GMT+03:00 2026, getTimeZone():libcore.util.ZoneInfo[mDstSavings=0,mUseDst=false,mDelegate=[id="Europe/Istanbul",mRawOffset=10800000,mEarliestRawOffset=6952000,transitions=115]])
04-23 02:28:42.730 I/SecKeyguardClockPositionAlgorithm( 1865): prepareClockContainerHeightChanging:
04-23 02:28:42.732 I/PluginFaceWidgetManager( 1865): isEditMode = false
04-23 02:28:42.732 I/NowBarItemManager( 1865): getVisibleList isScreenTurnedOn = false / aodShowState false shouldControlScreenOff false visibleList size = 0
04-23 02:28:42.734 W/ContextImpl( 3827): Calling a method in the system process without a qualified user: android.app.ContextImpl.startService:2068 android.content.ContextWrapper.startService:872 android.content.ContextWrapper.startService:872 com.sec.android.diagmonagent.sa.receiver.CFLogReceiver.onReceive:56 android.app.ActivityThread.handleReceiver:5663
04-23 02:28:42.734 I/SecKeyguardClockPositionAlgorithm( 1865): prepareClockContainerHeightChanging:
04-23 02:28:42.735 I/PluginFaceWidgetManager( 1865): isEditMode = false
04-23 02:28:42.735 I/NowBarItemManager( 1865): getVisibleList isScreenTurnedOn = false / aodShowState false shouldControlScreenOff false visibleList size = 0
04-23 02:28:42.751 I/display ( 1011): HWC brightness (0.021869, 11)
04-23 02:28:42.751 D/LocalDisplayAdapter( 1426): surface lcd : 11(0.022), 11(0.022), main -
04-23 02:28:42.753 D/SemDisplaySolutionManagerService( 1426): getFingerPrintBacklightValue() brightnessNits : 10 , FingerPrintBacklightValue : 11.0 , mBrightnessNitsValueStringArray_Size : 504
04-23 02:28:42.757 D/SemDisplaySolutionManagerService( 1426): getAlphaMaskLevel() CurrentPlatformBrightnessValue : 11.0 , FingerPrintPlatformValue : 272.0 , br_ctrl : 1.0 , gamma : 2.2
04-23 02:28:42.758 D/SemDisplaySolutionManagerService( 1426): calculateAlphaBlendingValue() currentNits : 10.0 , targetNits : 547.0 , br_ctrl : 1.0 , gamma : 2.2
04-23 02:28:42.759 I/BSS_UdfpsMaskWindow(24218): updateBackgroundColor: d5000000, 11.0, 0.83781683
04-23 02:28:42.789 E/ScanManager( 2688): [GSIM LOG]: gsimLogHandler, msg: MESSAGE_SCAN_START, appName: android, scannerId: 1, reportDelayMillis=0
04-23 02:28:42.789 I/bt_shim_scanner( 2688): system/main/shim/le_scanning_manager.cc:260 ScanFilterEnable: in shim layer
04-23 02:28:42.791 I/bt_shim_scanner( 2688): system/main/shim/le_scanning_manager.cc:233 ScanFilterAdd: in shim layer
04-23 02:28:42.792 I/bt_shim_scanner( 2688): system/main/shim/le_scanning_manager.cc:197 ScanFilterParamSetup: in shim layer, clientIf=1
04-23 02:28:42.792 I/bt_shim_scanner( 2688): system/main/shim/le_scanning_manager.cc:151 Scan: in shim layer started
04-23 02:28:42.792 I/bluetooth( 2688): system/gd/hci/le_scanning_manager.cc:765 stop_scan: Scanning already stopped, return!
04-23 02:28:42.793 W/bluetooth( 2688): system/gd/hci/le_scanning_manager.cc:732 start_scan: start_scan
04-23 02:28:42.793 W/bluetooth( 2688): system/gd/hci/le_scanning_manager.cc:735 start_scan: Register address manager
04-23 02:28:42.793 I/bluetooth( 2688): system/gd/hci/le_address_manager.cc:263 register_client: Client registered
04-23 02:28:42.794 I/bt_shim_scanner( 2688): system/main/shim/le_scanning_manager.cc:151 Scan: in shim layer stopped
04-23 02:28:42.794 W/bluetooth( 2688): system/gd/hci/le_scanning_manager.cc:716 scan: address_manager_registered_
04-23 02:28:42.794 W/bluetooth( 2688): system/gd/hci/le_scanning_manager.cc:768 stop_scan: stop_scan
04-23 02:28:42.794 I/bluetooth( 2688): system/gd/hci/le_address_manager.cc:278 unregister_client: Client unregistered
04-23 02:28:42.794 W/ScanManager( 2688): There is no scan radio to stop
