04-22 02:01:41.191 I/SurfaceFlinger( 1064): [LayerHierarchy{RequestedLayerState{ImeContainer#15 parentId=73376 relativeParentId=73379 z=1} 1 children}] reparent to LayerHierarchy{RequestedLayerState{ActivityRecord{45800689 u0 com.toov1.dovizaltin/.MainActivity t6086}#73376 parentId=73375} 4 children}
04-22 02:01:41.191 I/SurfaceFlinger( 1064): [LayerHierarchy{RequestedLayerState{ImeContainer#15 parentId=73376 relativeParentId=73379 z=1} 1 children}] RelativeParent to LayerHierarchy{RequestedLayerState{1548009 com.toov1.dovizaltin/com.toov1.dovizaltin.MainActivity#73379 parentId=73376} 2 children}
04-22 02:01:41.191 I/SurfaceFlinger( 1064): [LayerHierarchy{RequestedLayerState{d47b992 InputMethod#136 parentId=73391} no children}] reparent to LayerHierarchy{RequestedLayerState{Surface(name=d47b992 InputMethod)/@0x34b9419 - animation-leash of insets_animation#73391 parentId=119} 1 children}
04-22 02:01:41.191 I/SurfaceFlinger( 1064): [LayerHierarchy{RequestedLayerState{Surface(name=d47b992 InputMethod)/@0x34b9419 - animation-leash of insets_animation#73364} no children}] reparent to OffscreenRoot
04-22 02:01:41.191 I/SurfaceFlinger( 1064): [LayerHierarchy{RequestedLayerState{Surface(name=d47b992 InputMethod)/@0x34b9419 - animation-leash of insets_animation#73364} no children}] RelativeParent to null
04-22 02:01:41.191 I/SurfaceFlinger( 1064): [LayerHierarchy{RequestedLayerState{9611c47 Splash Screen com.toov1.dovizaltin#73377 z=2147483647} 1 children}] reparent to OffscreenRoot
04-22 02:01:41.191 I/SurfaceFlinger( 1064): [LayerHierarchy{RequestedLayerState{9611c47 Splash Screen com.toov1.dovizaltin#73377 z=2147483647} 1 children}] RelativeParent to null
04-22 02:01:41.191 I/SurfaceFlinger( 1064): [LayerHierarchy{RequestedLayerState{Splash Screen com.toov1.dovizaltin$_1877#73378} no children}] reparent to OffscreenRoot
04-22 02:01:41.191 I/SurfaceFlinger( 1064): [LayerHierarchy{RequestedLayerState{Splash Screen com.toov1.dovizaltin$_1877#73378} no children}] RelativeParent to null
04-22 02:01:41.192 I/HBD     ( 4938): a [SKE_SPECIFIC] specific model[com.toov1.dovizaltin] loaded, 1114531 ns
04-22 02:01:41.193 I/HBD     ( 4938): l writeToFile complete 
04-22 02:01:41.193 D/SecContentProvider( 1432): query(), uri = 17 selection = isSettingsChangesAllowed
04-22 02:01:41.193 D/SecContentProvider( 1432): called from android.uid.honeyboard:10194
04-22 02:01:41.193 D/RestrictionPolicy( 1432): isSettingsChangesAllowedAsUser, userId 0 : true
04-22 02:01:41.193 D/KNOX_MDM_SettingsProvider( 1432): ret = 1
04-22 02:01:41.194 I/Layer   ( 1064): id=73390 Destroyed Surface(name=9611c47 Splash Screen com.toov1.dovizaltin)/@0x4743515 - animation-leash of starting_reveal#73390
04-22 02:01:41.194 D/KNOX_MDM_SettingsProvider( 1432): isChangeAllowed() : name = default_input_method
04-22 02:01:41.194 D/KNOX_MDM_SettingsProvider( 1432): edmUri: content://com.sec.knox.provider/RestrictionPolicy3
04-22 02:01:41.194 D/KNOX_MDM_SettingsProvider( 1432): projectionArgs: isSettingsChangesAllowed
04-22 02:01:41.194 D/KNOX_MDM_SettingsProvider( 1432): selectionArgs: false
04-22 02:01:41.194 D/KNOX_MDM_SettingsProvider( 1432): selectionArgs: 10194
04-22 02:01:41.194 D/SecContentProvider( 1432): query(), uri = 17 selection = isSettingsChangesAllowed
04-22 02:01:41.194 D/SecContentProvider( 1432): called from android.uid.honeyboard:10194
04-22 02:01:41.194 D/RestrictionPolicy( 1432): isSettingsChangesAllowedAsUser, userId 0 : true
04-22 02:01:41.195 D/KNOX_MDM_SettingsProvider( 1432): isChangeAllowed() : name = enabled_input_methods
04-22 02:01:41.195 D/KNOX_MDM_SettingsProvider( 1432): edmUri: content://com.sec.knox.provider/RestrictionPolicy3
04-22 02:01:41.195 D/KNOX_MDM_SettingsProvider( 1432): projectionArgs: isSettingsChangesAllowed
04-22 02:01:41.195 D/KNOX_MDM_SettingsProvider( 1432): selectionArgs: false
04-22 02:01:41.195 D/KNOX_MDM_SettingsProvider( 1432): selectionArgs: 10194
04-22 02:01:41.195 D/SecContentProvider( 1432): query(), uri = 17 selection = isSettingsChangesAllowed
04-22 02:01:41.195 D/SecContentProvider( 1432): called from android.uid.honeyboard:10194
04-22 02:01:41.195 I/SurfaceFlinger( 1064): id=73364 Removed Surface(name=d47b992 InputMethod)/@0x34b9419 - animation-leash of insets_animation#73364 (252)
04-22 02:01:41.195 D/RestrictionPolicy( 1432): isSettingsChangesAllowedAsUser, userId 0 : true
04-22 02:01:41.195 D/KNOX_MDM_SettingsProvider( 1432): ret = 1
04-22 02:01:41.195 D/KNOX_MDM_SettingsProvider( 1432): isChangeAllowed() : name = default_input_method
04-22 02:01:41.195 D/KNOX_MDM_SettingsProvider( 1432): edmUri: content://com.sec.knox.provider/RestrictionPolicy3
04-22 02:01:41.195 D/KNOX_MDM_SettingsProvider( 1432): projectionArgs: isSettingsChangesAllowed
04-22 02:01:41.195 D/KNOX_MDM_SettingsProvider( 1432): selectionArgs: false
04-22 02:01:41.195 D/KNOX_MDM_SettingsProvider( 1432): selectionArgs: 10194
04-22 02:01:41.195 I/HoneySpace.FloatingAnimator( 2439): [Player:A(41.059)] container x: 338.79962, y: 668.9648, scale : 0.6562208
04-22 02:01:41.195 D/SecContentProvider( 1432): query(), uri = 17 selection = isSettingsChangesAllowed
04-22 02:01:41.195 D/SecContentProvider( 1432): called from android.uid.honeyboard:10194
04-22 02:01:41.195 D/RestrictionPolicy( 1432): isSettingsChangesAllowedAsUser, userId 0 : true
04-22 02:01:41.195 D/KNOX_MDM_SettingsProvider( 1432): ret = 1
04-22 02:01:41.195 D/KNOX_MDM_SettingsProvider( 1432): ret = 1
04-22 02:01:41.196 I/VRI[LauncherActivity]@f88b733( 2439): mWNT: t=0xb40000721694fd10 mBlastBufferQueue=0xb4000072c69918a0 fn= 69 HdrRenderState mRenderHdrSdrRatio=1.0 caller= com.android.systemui.shared.launcher.ViewRootImplCompat.mergeWithNextTransaction:4 com.honeyspace.transition.utils.SurfaceTransactionApplier.scheduleApply$lambda$1:16 com.honeyspace.transition.utils.SurfaceTransactionApplier.b:0 
04-22 02:01:41.196 I/HBD     ( 4938): u updated Sub Types. Turkish 
04-22 02:01:41.197 I/HBD     ( 4938): u updated Sub Types. Turkish 
04-22 02:01:41.198 I/HBD     ( 4938): b InputMethodSubtype is set as local:tr 
04-22 02:01:41.199 I/HBD     ( 4938): b InputMethodSubtype is set as local:tr 
04-22 02:01:41.200 I/InputMethodManagerService( 1432): subtype state: oldSubtype = android.view.inputmethod.InputMethodSubtype@420000 newSubtype = android.view.inputmethod.InputMethodSubtype@420000 force = false, intent received : false
04-22 02:01:41.200 I/InputMethodManagerService( 1432): subtype state: oldSubtype = android.view.inputmethod.InputMethodSubtype@420000 newSubtype = android.view.inputmethod.InputMethodSubtype@420000 force = false, intent received : false
04-22 02:01:41.202 I/SurfaceFlinger( 1064): destroyed Surface(name=d47b992 InputMethod)/@0x34b9419 - animation-leash of insets_animation#73364
04-22 02:01:41.203 I/HoneySpace.FloatingAnimator( 2439): [Player:A(41.059)] container x: 295.0654, y: 582.61096, scale : 0.7005977
04-22 02:01:41.203 I/InputMethodService( 4938): scheduleImeSurfaceRemoval: removeImeSurface is posted.
04-22 02:01:41.205 I/Layer   ( 1064): id=73364 Destroyed Surface(name=d47b992 InputMethod)/@0x34b9419 - animation-leash of insets_animation#73364
04-22 02:01:41.205 I/VRI[LauncherActivity]@f88b733( 2439): mWNT: t=0xb4000072169d94d0 mBlastBufferQueue=0xb4000072c69918a0 fn= 70 HdrRenderState mRenderHdrSdrRatio=1.0 caller= com.android.systemui.shared.launcher.ViewRootImplCompat.mergeWithNextTransaction:4 com.honeyspace.transition.utils.SurfaceTransactionApplier.scheduleApply$lambda$1:16 com.honeyspace.transition.utils.SurfaceTransactionApplier.b:0 
04-22 02:01:41.211 D/ScrollView(21021): initGoToTop
04-22 02:01:41.212 I/HoneySpace.FloatingAnimator( 2439): [Player:A(41.059)] container x: 260.38184, y: 514.1277, scale : 0.735791
04-22 02:01:41.213 D/MdnieScenarioControlService( 1432):  packageName : com.toov1.dovizaltin    className : com.toov1.dovizaltin.MainActivity
04-22 02:01:41.213 V/MdnieScenarioControlService( 1432): setUIMode from UI function(3)
04-22 02:01:41.215 I/VRI[LauncherActivity]@f88b733( 2439): mWNT: t=0xb4000072169e9ed0 mBlastBufferQueue=0xb4000072c69918a0 fn= 71 HdrRenderState mRenderHdrSdrRatio=1.0 caller= com.android.systemui.shared.launcher.ViewRootImplCompat.mergeWithNextTransaction:4 com.honeyspace.transition.utils.SurfaceTransactionApplier.scheduleApply$lambda$1:16 com.honeyspace.transition.utils.SurfaceTransactionApplier.b:0 
04-22 02:01:41.216 I/ReactNative(21021): [GESTURE HANDLER] Initialize gesture handler for root view com.facebook.react.runtime.ReactSurfaceView{75e547c V.E...... .......D 0,0-1080,2340 #b}
04-22 02:01:41.220 I/HoneySpace.FloatingAnimator( 2439): [Player:A(41.059)] container x: 222.82663, y: 439.97443, scale : 0.7738982
04-22 02:01:41.222 I/Kumiho-Kumiho(21021): getPackageName: com.toov1.dovizaltin
04-22 02:01:41.224 I/VRI[LauncherActivity]@f88b733( 2439): mWNT: t=0xb4000072169b5350 mBlastBufferQueue=0xb4000072c69918a0 fn= 72 HdrRenderState mRenderHdrSdrRatio=1.0 caller= com.android.systemui.shared.launcher.ViewRootImplCompat.mergeWithNextTransaction:4 com.honeyspace.transition.utils.SurfaceTransactionApplier.scheduleApply$lambda$1:16 com.honeyspace.transition.utils.SurfaceTransactionApplier.b:0 
04-22 02:01:41.225 I/Kumiho-Kumiho(21021): getPackageName: com.toov1.dovizaltin
04-22 02:01:41.226 I/Kumiho-Kumiho(21021): getPackageName: com.toov1.dovizaltin
04-22 02:01:41.227 I/Kumiho-Kumiho(21021): getPackageName: com.toov1.dovizaltin
04-22 02:01:41.227 I/Kumiho-Kumiho(21021): getPackageName: com.toov1.dovizaltin
04-22 02:01:41.228 I/HoneySpace.FloatingAnimator( 2439): [Player:A(41.059)] container x: 199.29419, y: 393.50928, scale : 0.79777664
04-22 02:01:41.231 I/VRI[LauncherActivity]@f88b733( 2439): mWNT: t=0xb4000072169fa1d0 mBlastBufferQueue=0xb4000072c69918a0 fn= 73 HdrRenderState mRenderHdrSdrRatio=1.0 caller= com.android.systemui.shared.launcher.ViewRootImplCompat.mergeWithNextTransaction:4 com.honeyspace.transition.utils.SurfaceTransactionApplier.scheduleApply$lambda$1:16 com.honeyspace.transition.utils.SurfaceTransactionApplier.b:0 
04-22 02:01:41.237 I/HoneySpace.FloatingAnimator( 2439): [Player:A(41.059)] container x: 175.76175, y: 347.04413, scale : 0.8216549
04-22 02:01:41.240 I/VRI[LauncherActivity]@f88b733( 2439): mWNT: t=0xb4000072169a1bd0 mBlastBufferQueue=0xb4000072c69918a0 fn= 74 HdrRenderState mRenderHdrSdrRatio=1.0 caller= com.android.systemui.shared.launcher.ViewRootImplCompat.mergeWithNextTransaction:4 com.honeyspace.transition.utils.SurfaceTransactionApplier.scheduleApply$lambda$1:16 com.honeyspace.transition.utils.SurfaceTransactionApplier.b:0 
04-22 02:01:41.245 I/HoneySpace.FloatingAnimator( 2439): [Player:A(41.059)] container x: 155.2516, y: 306.54654, scale : 0.8424666
04-22 02:01:41.246 D/NavBarStateManager( 1877): NavBarStates(0) canUseNavBarBackgroundFrame: false
04-22 02:01:41.249 I/VRI[LauncherActivity]@f88b733( 2439): mWNT: t=0xb40000721697ce10 mBlastBufferQueue=0xb4000072c69918a0 fn= 75 HdrRenderState mRenderHdrSdrRatio=1.0 caller= com.android.systemui.shared.launcher.ViewRootImplCompat.mergeWithNextTransaction:4 com.honeyspace.transition.utils.SurfaceTransactionApplier.scheduleApply$lambda$1:16 com.honeyspace.transition.utils.SurfaceTransactionApplier.b:0 
04-22 02:01:41.254 I/HoneySpace.FloatingAnimator( 2439): [Player:A(41.059)] container x: 139.56038, y: 275.56403, scale : 0.8583884
04-22 02:01:41.257 I/VRI[LauncherActivity]@f88b733( 2439): mWNT: t=0xb4000072169cc810 mBlastBufferQueue=0xb4000072c69918a0 fn= 76 HdrRenderState mRenderHdrSdrRatio=1.0 caller= com.android.systemui.shared.launcher.ViewRootImplCompat.mergeWithNextTransaction:4 com.honeyspace.transition.utils.SurfaceTransactionApplier.scheduleApply$lambda$1:16 com.honeyspace.transition.utils.SurfaceTransactionApplier.b:0 
04-22 02:01:41.262 I/HoneySpace.FloatingAnimator( 2439): [Player:A(41.059)] container x: 123.86918, y: 244.5815, scale : 0.87431026
04-22 02:01:41.265 I/VRI[LauncherActivity]@f88b733( 2439): mWNT: t=0xb4000072169af690 mBlastBufferQueue=0xb4000072c69918a0 fn= 77 HdrRenderState mRenderHdrSdrRatio=1.0 caller= com.android.systemui.shared.launcher.ViewRootImplCompat.mergeWithNextTransaction:4 com.honeyspace.transition.utils.SurfaceTransactionApplier.scheduleApply$lambda$1:16 com.honeyspace.transition.utils.SurfaceTransactionApplier.b:0 
04-22 02:01:41.270 I/HoneySpace.FloatingAnimator( 2439): [Player:A(41.059)] container x: 111.68335, y: 220.5204, scale : 0.8866751
04-22 02:01:41.272 D/ScrollView(21021): initGoToTop
04-22 02:01:41.273 I/VRI[LauncherActivity]@f88b733( 2439): mWNT: t=0xb4000072169d2a10 mBlastBufferQueue=0xb4000072c69918a0 fn= 78 HdrRenderState mRenderHdrSdrRatio=1.0 caller= com.android.systemui.shared.launcher.ViewRootImplCompat.mergeWithNextTransaction:4 com.honeyspace.transition.utils.SurfaceTransactionApplier.scheduleApply$lambda$1:16 com.honeyspace.transition.utils.SurfaceTransactionApplier.b:0 
04-22 02:01:41.278 I/Kumiho-Kumiho(21021): getPackageName: com.toov1.dovizaltin
04-22 02:01:41.279 I/Kumiho-Kumiho(21021): getPackageName: com.toov1.dovizaltin
04-22 02:01:41.279 I/HoneySpace.FloatingAnimator( 2439): [Player:A(41.059)] container x: 101.590126, y: 200.59119, scale : 0.8969166
04-22 02:01:41.282 I/VRI[LauncherActivity]@f88b733( 2439): mWNT: t=0xb4000072169797d0 mBlastBufferQueue=0xb4000072c69918a0 fn= 79 HdrRenderState mRenderHdrSdrRatio=1.0 caller= com.android.systemui.shared.launcher.ViewRootImplCompat.mergeWithNextTransaction:4 com.honeyspace.transition.utils.SurfaceTransactionApplier.scheduleApply$lambda$1:16 com.honeyspace.transition.utils.SurfaceTransactionApplier.b:0 
04-22 02:01:41.285 D/Glide   (21021): Finished loading BitmapDrawable from RESOURCE_DISK_CACHE for android.resource://com.toov1.dovizaltin/2131165317 with size [2058x515] in 60.977813 ms
04-22 02:01:41.291 I/HoneySpace.FloatingAnimator( 2439): [Player:A(41.059)] container x: 91.49686, y: 180.66188, scale : 0.9071583
04-22 02:01:41.291 D/Glide   (21021): Finished loading BitmapDrawable from RESOURCE_DISK_CACHE for android.resource://com.toov1.dovizaltin/2131165317 with size [2058x515] in 14.325508 ms
04-22 02:01:41.292 I/VRI[LauncherActivity]@f88b733( 2439): mWNT: t=0xb4000072169a0890 mBlastBufferQueue=0xb4000072c69918a0 fn= 80 HdrRenderState mRenderHdrSdrRatio=1.0 caller= com.android.systemui.shared.launcher.ViewRootImplCompat.mergeWithNextTransaction:4 com.honeyspace.transition.utils.SurfaceTransactionApplier.scheduleApply$lambda$1:16 com.honeyspace.transition.utils.SurfaceTransactionApplier.b:0 
04-22 02:01:41.295 I/HoneySpace.FloatingAnimator( 2439): [Player:A(41.059)] container x: 81.94935, y: 161.81018, scale : 0.91684616
04-22 02:01:41.298 I/VRI[LauncherActivity]@f88b733( 2439): mWNT: t=0xb4000072169f54d0 mBlastBufferQueue=0xb4000072c69918a0 fn= 81 HdrRenderState mRenderHdrSdrRatio=1.0 caller= com.android.systemui.shared.launcher.ViewRootImplCompat.mergeWithNextTransaction:4 com.honeyspace.transition.utils.SurfaceTransactionApplier.scheduleApply$lambda$1:16 com.honeyspace.transition.utils.SurfaceTransactionApplier.b:0 
04-22 02:01:41.298 I/GestureDetector( 1432): handleMessage TAP
04-22 02:01:41.299 I/GestureDetector( 1432): handleMessage TAP
04-22 02:01:41.303 I/HoneySpace.FloatingAnimator( 2439): [Player:A(41.059)] container x: 75.6338, y: 149.34004, scale : 0.9232546
04-22 02:01:41.307 I/VRI[LauncherActivity]@f88b733( 2439): mWNT: t=0xb4000072168c4790 mBlastBufferQueue=0xb4000072c69918a0 fn= 82 HdrRenderState mRenderHdrSdrRatio=1.0 caller= com.android.systemui.shared.launcher.ViewRootImplCompat.mergeWithNextTransaction:4 com.honeyspace.transition.utils.SurfaceTransactionApplier.scheduleApply$lambda$1:16 com.honeyspace.transition.utils.SurfaceTransactionApplier.b:0 
04-22 02:01:41.311 I/HoneySpace.FloatingAnimator( 2439): [Player:A(41.059)] container x: 69.3183, y: 136.87, scale : 0.92966294
04-22 02:01:41.314 I/VRI[LauncherActivity]@f88b733( 2439): mWNT: t=0xb4000072168bb810 mBlastBufferQueue=0xb4000072c69918a0 fn= 83 HdrRenderState mRenderHdrSdrRatio=1.0 caller= com.android.systemui.shared.launcher.ViewRootImplCompat.mergeWithNextTransaction:4 com.honeyspace.transition.utils.SurfaceTransactionApplier.scheduleApply$lambda$1:16 com.honeyspace.transition.utils.SurfaceTransactionApplier.b:0 
04-22 02:01:41.315 V/MdnieScenarioControlService( 1432): mAclOffEnabled : false
04-22 02:01:41.320 I/HoneySpace.FloatingAnimator( 2439): [Player:A(41.059)] container x: 62.213287, y: 122.84104, scale : 0.93687236
04-22 02:01:41.323 I/VRI[LauncherActivity]@f88b733( 2439): mWNT: t=0xb400007216858690 mBlastBufferQueue=0xb4000072c69918a0 fn= 84 HdrRenderState mRenderHdrSdrRatio=1.0 caller= com.android.systemui.shared.launcher.ViewRootImplCompat.mergeWithNextTransaction:4 com.honeyspace.transition.utils.SurfaceTransactionApplier.scheduleApply$lambda$1:16 com.honeyspace.transition.utils.SurfaceTransactionApplier.b:0 
04-22 02:01:41.329 I/HoneySpace.FloatingAnimator( 2439): [Player:A(41.059)] container x: 56.080788, y: 110.73233, scale : 0.9430949
04-22 02:01:41.331 I/VRI[LauncherActivity]@f88b733( 2439): mWNT: t=0xb4000072169004d0 mBlastBufferQueue=0xb4000072c69918a0 fn= 85 HdrRenderState mRenderHdrSdrRatio=1.0 caller= com.android.systemui.shared.launcher.ViewRootImplCompat.mergeWithNextTransaction:4 com.honeyspace.transition.utils.SurfaceTransactionApplier.scheduleApply$lambda$1:16 com.honeyspace.transition.utils.SurfaceTransactionApplier.b:0 
04-22 02:01:41.336 I/HoneySpace.FloatingAnimator( 2439): [Player:A(41.059)] container x: 51.720276, y: 102.122444, scale : 0.94751954
04-22 02:01:41.340 I/VRI[LauncherActivity]@f88b733( 2439): mWNT: t=0xb4000072168d6690 mBlastBufferQueue=0xb4000072c69918a0 fn= 86 HdrRenderState mRenderHdrSdrRatio=1.0 caller= com.android.systemui.shared.launcher.ViewRootImplCompat.mergeWithNextTransaction:4 com.honeyspace.transition.utils.SurfaceTransactionApplier.scheduleApply$lambda$1:16 com.honeyspace.transition.utils.SurfaceTransactionApplier.b:0 
04-22 02:01:41.345 I/HoneySpace.FloatingAnimator( 2439): [Player:A(41.059)] container x: 46.814697, y: 92.4363, scale : 0.95249724
04-22 02:01:41.347 I/VRI[LauncherActivity]@f88b733( 2439): mWNT: t=0xb4000072169177d0 mBlastBufferQueue=0xb4000072c69918a0 fn= 87 HdrRenderState mRenderHdrSdrRatio=1.0 caller= com.android.systemui.shared.launcher.ViewRootImplCompat.mergeWithNextTransaction:4 com.honeyspace.transition.utils.SurfaceTransactionApplier.scheduleApply$lambda$1:16 com.honeyspace.transition.utils.SurfaceTransactionApplier.b:0 
04-22 02:01:41.353 I/HoneySpace.FloatingAnimator( 2439): [Player:A(41.059)] container x: 43.02588, y: 84.95523, scale : 0.9563418
04-22 02:01:41.356 I/VRI[LauncherActivity]@f88b733( 2439): mWNT: t=0xb400007216825a90 mBlastBufferQueue=0xb4000072c69918a0 fn= 88 HdrRenderState mRenderHdrSdrRatio=1.0 caller= com.android.systemui.shared.launcher.ViewRootImplCompat.mergeWithNextTransaction:4 com.honeyspace.transition.utils.SurfaceTransactionApplier.scheduleApply$lambda$1:16 com.honeyspace.transition.utils.SurfaceTransactionApplier.b:0 
04-22 02:01:41.361 I/HoneySpace.FloatingAnimator( 2439): [Player:A(41.059)] container x: 39.655712, y: 78.30078, scale : 0.9597613
04-22 02:01:41.364 I/VRI[LauncherActivity]@f88b733( 2439): mWNT: t=0xb400007216a03150 mBlastBufferQueue=0xb4000072c69918a0 fn= 89 HdrRenderState mRenderHdrSdrRatio=1.0 caller= com.android.systemui.shared.launcher.ViewRootImplCompat.mergeWithNextTransaction:4 com.honeyspace.transition.utils.SurfaceTransactionApplier.scheduleApply$lambda$1:16 com.honeyspace.transition.utils.SurfaceTransactionApplier.b:0 
04-22 02:01:41.370 I/HoneySpace.FloatingAnimator( 2439): [Player:A(41.059)] container x: 35.86429, y: 70.81456, scale : 0.96360856
04-22 02:01:41.372 I/VRI[LauncherActivity]@f88b733( 2439): mWNT: t=0xb40000721699fe10 mBlastBufferQueue=0xb4000072c69918a0 fn= 90 HdrRenderState mRenderHdrSdrRatio=1.0 caller= com.android.systemui.shared.launcher.ViewRootImplCompat.mergeWithNextTransaction:4 com.honeyspace.transition.utils.SurfaceTransactionApplier.scheduleApply$lambda$1:16 com.honeyspace.transition.utils.SurfaceTransactionApplier.b:0 
04-22 02:01:41.378 I/HoneySpace.FloatingAnimator( 2439): [Player:A(41.059)] container x: 33.108047, y: 65.37232, scale : 0.96640533
04-22 02:01:41.380 I/VRI[LauncherActivity]@f88b733( 2439): mWNT: t=0xb400007216952390 mBlastBufferQueue=0xb4000072c69918a0 fn= 91 HdrRenderState mRenderHdrSdrRatio=1.0 caller= com.android.systemui.shared.launcher.ViewRootImplCompat.mergeWithNextTransaction:4 com.honeyspace.transition.utils.SurfaceTransactionApplier.scheduleApply$lambda$1:16 com.honeyspace.transition.utils.SurfaceTransactionApplier.b:0 
04-22 02:01:41.386 I/HoneySpace.FloatingAnimator( 2439): [Player:A(41.059)] container x: 30.530533, y: 60.28298, scale : 0.9690207
04-22 02:01:41.388 I/VRI[LauncherActivity]@f88b733( 2439): mWNT: t=0xb400007216946bd0 mBlastBufferQueue=0xb4000072c69918a0 fn= 92 HdrRenderState mRenderHdrSdrRatio=1.0 caller= com.android.systemui.shared.launcher.ViewRootImplCompat.mergeWithNextTransaction:4 com.honeyspace.transition.utils.SurfaceTransactionApplier.scheduleApply$lambda$1:16 com.honeyspace.transition.utils.SurfaceTransactionApplier.b:0 
04-22 02:01:41.395 I/HoneySpace.FloatingAnimator( 2439): [Player:A(41.059)] container x: 27.630829, y: 54.557476, scale : 0.9719629
04-22 02:01:41.397 I/VRI[LauncherActivity]@f88b733( 2439): mWNT: t=0xb400007216934410 mBlastBufferQueue=0xb4000072c69918a0 fn= 93 HdrRenderState mRenderHdrSdrRatio=1.0 caller= com.android.systemui.shared.launcher.ViewRootImplCompat.mergeWithNextTransaction:4 com.honeyspace.transition.utils.SurfaceTransactionApplier.scheduleApply$lambda$1:16 com.honeyspace.transition.utils.SurfaceTransactionApplier.b:0 
04-22 02:01:41.397 I/HoneySpace.EdgePanel.EdgeVisibilityRepository( 2439): getComputedTrayVisible : keyguardState = 1
04-22 02:01:41.397 I/HoneySpace.EdgePanel.EdgeVisibilityRepository( 2439): updateTrayVisible: State = 0x1, visible = true, current containerState = 0, specificMode = 0
04-22 02:01:41.397 I/HoneySpace.EdgePanel.EdgeVisibilityRepository( 2439): Same container state 0
04-22 02:01:41.403 I/HoneySpace.FloatingAnimator( 2439): [Player:A(41.059)] container x: 25.47275, y: 50.296318, scale : 0.97415286
04-22 02:01:41.405 I/VRI[LauncherActivity]@f88b733( 2439): mWNT: t=0xb4000072169ae510 mBlastBufferQueue=0xb4000072c69918a0 fn= 94 HdrRenderState mRenderHdrSdrRatio=1.0 caller= com.android.systemui.shared.launcher.ViewRootImplCompat.mergeWithNextTransaction:4 com.honeyspace.transition.utils.SurfaceTransactionApplier.scheduleApply$lambda$1:16 com.honeyspace.transition.utils.SurfaceTransactionApplier.b:0 
04-22 02:01:41.411 I/HoneySpace.FloatingAnimator( 2439): [Player:A(41.059)] container x: 23.52704, y: 46.454487, scale : 0.9761271
04-22 02:01:41.413 I/VRI[LauncherActivity]@f88b733( 2439): mWNT: t=0xb4000072169ba3d0 mBlastBufferQueue=0xb4000072c69918a0 fn= 95 HdrRenderState mRenderHdrSdrRatio=1.0 caller= com.android.systemui.shared.launcher.ViewRootImplCompat.mergeWithNextTransaction:4 com.honeyspace.transition.utils.SurfaceTransactionApplier.scheduleApply$lambda$1:16 com.honeyspace.transition.utils.SurfaceTransactionApplier.b:0 
04-22 02:01:41.420 I/HoneySpace.FloatingAnimator( 2439): [Player:A(41.059)] container x: 21.338118, y: 42.132423, scale : 0.97834826
04-22 02:01:41.422 I/VRI[LauncherActivity]@f88b733( 2439): mWNT: t=0xb40000721697ddd0 mBlastBufferQueue=0xb4000072c69918a0 fn= 96 HdrRenderState mRenderHdrSdrRatio=1.0 caller= com.android.systemui.shared.launcher.ViewRootImplCompat.mergeWithNextTransaction:4 com.honeyspace.transition.utils.SurfaceTransactionApplier.scheduleApply$lambda$1:16 com.honeyspace.transition.utils.SurfaceTransactionApplier.b:0 
04-22 02:01:41.427 I/HYPER-HAL( 1019): [RequestManager.cpp]releaseLocked(): Released ID : 1056352
04-22 02:01:41.428 I/HoneySpace.FloatingAnimator( 2439): [Player:A(41.059)] container x: 19.504438, y: 38.5118, scale : 0.9802089
04-22 02:01:41.430 I/VRI[LauncherActivity]@f88b733( 2439): mWNT: t=0xb4000072169ff950 mBlastBufferQueue=0xb4000072c69918a0 fn= 97 HdrRenderState mRenderHdrSdrRatio=1.0 caller= com.android.systemui.shared.launcher.ViewRootImplCompat.mergeWithNextTransaction:4 com.honeyspace.transition.utils.SurfaceTransactionApplier.scheduleApply$lambda$1:16 com.honeyspace.transition.utils.SurfaceTransactionApplier.b:0 
04-22 02:01:41.436 I/HoneySpace.FloatingAnimator( 2439): [Player:A(41.059)] container x: 18.05989, y: 35.659515, scale : 0.98167455
04-22 02:01:41.438 I/VRI[LauncherActivity]@f88b733( 2439): mWNT: t=0xb40000721699f010 mBlastBufferQueue=0xb4000072c69918a0 fn= 98 HdrRenderState mRenderHdrSdrRatio=1.0 caller= com.android.systemui.shared.launcher.ViewRootImplCompat.mergeWithNextTransaction:4 com.honeyspace.transition.utils.SurfaceTransactionApplier.scheduleApply$lambda$1:16 com.honeyspace.transition.utils.SurfaceTransactionApplier.b:0 
04-22 02:01:41.445 I/HoneySpace.FloatingAnimator( 2439): [Player:A(41.059)] container x: 16.4347, y: 32.450558, scale : 0.98332375
04-22 02:01:41.447 I/VRI[LauncherActivity]@f88b733( 2439): mWNT: t=0xb40000721699fc50 mBlastBufferQueue=0xb4000072c69918a0 fn= 99 HdrRenderState mRenderHdrSdrRatio=1.0 caller= com.android.systemui.shared.launcher.ViewRootImplCompat.mergeWithNextTransaction:4 com.honeyspace.transition.utils.SurfaceTransactionApplier.scheduleApply$lambda$1:16 com.honeyspace.transition.utils.SurfaceTransactionApplier.b:0 
04-22 02:01:41.453 I/HoneySpace.FloatingAnimator( 2439): [Player:A(41.059)] container x: 14.990153, y: 29.598276, scale : 0.9847895
04-22 02:01:41.455 I/VRI[LauncherActivity]@f88b733( 2439): mWNT: t=0xb4000072169c98d0 mBlastBufferQueue=0xb4000072c69918a0 fn= 100 HdrRenderState mRenderHdrSdrRatio=1.0 caller= com.android.systemui.shared.launcher.ViewRootImplCompat.mergeWithNextTransaction:4 com.honeyspace.transition.utils.SurfaceTransactionApplier.scheduleApply$lambda$1:16 com.honeyspace.transition.utils.SurfaceTransactionApplier.b:0 
04-22 02:01:41.461 I/HoneySpace.FloatingAnimator( 2439): [Player:A(41.059)] container x: 13.716278, y: 27.08299, scale : 0.9860821
04-22 02:01:41.463 I/VRI[LauncherActivity]@f88b733( 2439): mWNT: t=0xb4000072169257d0 mBlastBufferQueue=0xb4000072c69918a0 fn= 101 HdrRenderState mRenderHdrSdrRatio=1.0 caller= com.android.systemui.shared.launcher.ViewRootImplCompat.mergeWithNextTransaction:4 com.honeyspace.transition.utils.SurfaceTransactionApplier.scheduleApply$lambda$1:16 com.honeyspace.transition.utils.SurfaceTransactionApplier.b:0 
04-22 02:01:41.470 I/HoneySpace.FloatingAnimator( 2439): [Player:A(41.059)] container x: 12.535522, y: 24.751572, scale : 0.98728025
04-22 02:01:41.472 I/VRI[LauncherActivity]@f88b733( 2439): mWNT: t=0xb400007216947110 mBlastBufferQueue=0xb4000072c69918a0 fn= 102 HdrRenderState mRenderHdrSdrRatio=1.0 caller= com.android.systemui.shared.launcher.ViewRootImplCompat.mergeWithNextTransaction:4 com.honeyspace.transition.utils.SurfaceTransactionApplier.scheduleApply$lambda$1:16 com.honeyspace.transition.utils.SurfaceTransactionApplier.b:0 
04-22 02:01:41.478 I/HoneySpace.FloatingAnimator( 2439): [Player:A(41.059)] container x: 11.485903, y: 22.679081, scale : 0.9883452
04-22 02:01:41.480 I/VRI[LauncherActivity]@f88b733( 2439): mWNT: t=0xb4000072169a7890 mBlastBufferQueue=0xb4000072c69918a0 fn= 103 HdrRenderState mRenderHdrSdrRatio=1.0 caller= com.android.systemui.shared.launcher.ViewRootImplCompat.mergeWithNextTransaction:4 com.honeyspace.transition.utils.SurfaceTransactionApplier.scheduleApply$lambda$1:16 com.honeyspace.transition.utils.SurfaceTransactionApplier.b:0 
04-22 02:01:41.486 I/HoneySpace.FloatingAnimator( 2439): [Player:A(41.059)] container x: 10.436331, y: 20.606688, scale : 0.9894103
04-22 02:01:41.489 I/VRI[LauncherActivity]@f88b733( 2439): mWNT: t=0xb4000072169baad0 mBlastBufferQueue=0xb4000072c69918a0 fn= 104 HdrRenderState mRenderHdrSdrRatio=1.0 caller= com.android.systemui.shared.launcher.ViewRootImplCompat.mergeWithNextTransaction:4 com.honeyspace.transition.utils.SurfaceTransactionApplier.scheduleApply$lambda$1:16 com.honeyspace.transition.utils.SurfaceTransactionApplier.b:0 
04-22 02:01:41.495 I/HoneySpace.FloatingAnimator( 2439): [Player:A(41.059)] container x: 9.376938, y: 18.5149, scale : 0.9904852
04-22 02:01:41.498 I/VRI[LauncherActivity]@f88b733( 2439): mWNT: t=0xb4000072169296d0 mBlastBufferQueue=0xb4000072c69918a0 fn= 105 HdrRenderState mRenderHdrSdrRatio=1.0 caller= com.android.systemui.shared.launcher.ViewRootImplCompat.mergeWithNextTransaction:4 com.honeyspace.transition.utils.SurfaceTransactionApplier.scheduleApply$lambda$1:16 com.honeyspace.transition.utils.SurfaceTransactionApplier.b:0 
04-22 02:01:41.503 I/HoneySpace.FloatingAnimator( 2439): [Player:A(41.059)] container x: 8.636049, y: 17.052006, scale : 0.9912369
04-22 02:01:41.505 I/VRI[LauncherActivity]@f88b733( 2439): mWNT: t=0xb400007216971810 mBlastBufferQueue=0xb4000072c69918a0 fn= 106 HdrRenderState mRenderHdrSdrRatio=1.0 caller= com.android.systemui.shared.launcher.ViewRootImplCompat.mergeWithNextTransaction:4 com.honeyspace.transition.utils.SurfaceTransactionApplier.scheduleApply$lambda$1:16 com.honeyspace.transition.utils.SurfaceTransactionApplier.b:0 
04-22 02:01:41.506 E/HeatmapThread( 1056): ECT Thread time in milliseconds: 1776812501
04-22 02:01:41.506 D/HeatmapThread( 1056): !@ batteryplugType : 0
04-22 02:01:41.506 D/HeatmapThread( 1056): !@ batteryLevel : 0  batteryTemperature : 0 
04-22 02:01:41.506 D/HeatmapThread( 1056): !@ Heatmap currtime: 29613541
04-22 02:01:41.506 D/HeatmapThread( 1056): !@ Heatmap prevtime: 29613530
04-22 02:01:41.506 D/HeatmapThread( 1056): !@ Heatmap plugstarttime: 35791394
04-22 02:01:41.506 D/HeatmapThread( 1056): !@ Heatmap prevv_dsoh_update_time: 29609112
04-22 02:01:41.506 D/SurfaceFlinger( 1064): GPIS:: requestGpisForClientComposition
04-22 02:01:41.506 E/HeatmapThread( 1056): !@Could not open '/efs/FactoryApp/bsoh', errno = 13
04-22 02:01:41.506 E/HeatmapThread( 1056): !@ CAM Could not access BSOH EFS
04-22 02:01:41.506 E/HeatmapThread( 1056): !@ CAM New BSOH: 0
04-22 02:01:41.511 I/HoneySpace.FloatingAnimator( 2439): [Player:A(41.059)] container x: 7.8952103, y: 15.589208, scale : 0.99198866
04-22 02:01:41.513 I/VRI[LauncherActivity]@f88b733( 2439): mWNT: t=0xb40000721695bd90 mBlastBufferQueue=0xb4000072c69918a0 fn= 107 HdrRenderState mRenderHdrSdrRatio=1.0 caller= com.android.systemui.shared.launcher.ViewRootImplCompat.mergeWithNextTransaction:4 com.honeyspace.transition.utils.SurfaceTransactionApplier.scheduleApply$lambda$1:16 com.honeyspace.transition.utils.SurfaceTransactionApplier.b:0 
04-22 02:01:41.520 I/HoneySpace.FloatingAnimator( 2439): [Player:A(41.059)] container x: 7.0616927, y: 13.943415, scale : 0.99283457
04-22 02:01:41.522 I/VRI[LauncherActivity]@f88b733( 2439): mWNT: t=0xb40000721692a690 mBlastBufferQueue=0xb4000072c69918a0 fn= 108 HdrRenderState mRenderHdrSdrRatio=1.0 caller= com.android.systemui.shared.launcher.ViewRootImplCompat.mergeWithNextTransaction:4 com.honeyspace.transition.utils.SurfaceTransactionApplier.scheduleApply$lambda$1:16 com.honeyspace.transition.utils.SurfaceTransactionApplier.b:0 
04-22 02:01:41.528 I/HoneySpace.FloatingAnimator( 2439): [Player:A(41.059)] container x: 6.3208046, y: 12.48052, scale : 0.99358636
04-22 02:01:41.531 I/VRI[LauncherActivity]@f88b733( 2439): mWNT: t=0xb400007216999890 mBlastBufferQueue=0xb4000072c69918a0 fn= 109 HdrRenderState mRenderHdrSdrRatio=1.0 caller= com.android.systemui.shared.launcher.ViewRootImplCompat.mergeWithNextTransaction:4 com.honeyspace.transition.utils.SurfaceTransactionApplier.scheduleApply$lambda$1:16 com.honeyspace.transition.utils.SurfaceTransactionApplier.b:0 
04-22 02:01:41.536 I/HoneySpace.FloatingAnimator( 2439): [Player:A(41.059)] container x: 5.779124, y: 11.410964, scale : 0.99413586
04-22 02:01:41.539 I/VRI[LauncherActivity]@f88b733( 2439): mWNT: t=0xb4000072169ac590 mBlastBufferQueue=0xb4000072c69918a0 fn= 110 HdrRenderState mRenderHdrSdrRatio=1.0 caller= com.android.systemui.shared.launcher.ViewRootImplCompat.mergeWithNextTransaction:4 com.honeyspace.transition.utils.SurfaceTransactionApplier.scheduleApply$lambda$1:16 com.honeyspace.transition.utils.SurfaceTransactionApplier.b:0 
04-22 02:01:41.545 I/HoneySpace.FloatingAnimator( 2439): [Player:A(41.059)] container x: 5.2140155, y: 10.29515, scale : 0.9947094
04-22 02:01:41.547 I/VRI[LauncherActivity]@f88b733( 2439): mWNT: t=0xb400007216977f50 mBlastBufferQueue=0xb4000072c69918a0 fn= 111 HdrRenderState mRenderHdrSdrRatio=1.0 caller= com.android.systemui.shared.launcher.ViewRootImplCompat.mergeWithNextTransaction:4 com.honeyspace.transition.utils.SurfaceTransactionApplier.scheduleApply$lambda$1:16 com.honeyspace.transition.utils.SurfaceTransactionApplier.b:0 
04-22 02:01:41.553 I/HoneySpace.FloatingAnimator( 2439): [Player:A(41.059)] container x: 4.711675, y: 9.303271, scale : 0.99521905
04-22 02:01:41.554 D/NativeSemDvfsManager( 1064): acquire:: timeout = 2000 mIsAcquired = 1  mTagName : SurfaceFlinger 
04-22 02:01:41.554 E/NativeCustomFrequencyManager( 1064): [NativeCFMS] BpCustomFrequencyManager::acquire()
04-22 02:01:41.554 I/HYPER-HAL( 1019): [RequestManager.cpp]acquire(): Acquired ID : 2132080  [1064 / 1000]    HINT : SF_GPU_MINLOCK    list : [TIMEOUT / 2000] 
04-22 02:01:41.555 I/VRI[LauncherActivity]@f88b733( 2439): mWNT: t=0xb40000721695c490 mBlastBufferQueue=0xb4000072c69918a0 fn= 112 HdrRenderState mRenderHdrSdrRatio=1.0 caller= com.android.systemui.shared.launcher.ViewRootImplCompat.mergeWithNextTransaction:4 com.honeyspace.transition.utils.SurfaceTransactionApplier.scheduleApply$lambda$1:16 com.honeyspace.transition.utils.SurfaceTransactionApplier.b:0 
04-22 02:01:41.561 I/HoneySpace.FloatingAnimator( 2439): [Player:A(41.059)] container x: 4.209384, y: 8.31149, scale : 0.9957287
04-22 02:01:41.564 I/VRI[LauncherActivity]@f88b733( 2439): mWNT: t=0xb400007216977150 mBlastBufferQueue=0xb4000072c69918a0 fn= 113 HdrRenderState mRenderHdrSdrRatio=1.0 caller= com.android.systemui.shared.launcher.ViewRootImplCompat.mergeWithNextTransaction:4 com.honeyspace.transition.utils.SurfaceTransactionApplier.scheduleApply$lambda$1:16 com.honeyspace.transition.utils.SurfaceTransactionApplier.b:0 
04-22 02:01:41.570 I/HoneySpace.FloatingAnimator( 2439): [Player:A(41.059)] container x: 3.7070436, y: 7.3196115, scale : 0.9962384
04-22 02:01:41.572 I/VRI[LauncherActivity]@f88b733( 2439): mWNT: t=0xb40000721696d210 mBlastBufferQueue=0xb4000072c69918a0 fn= 114 HdrRenderState mRenderHdrSdrRatio=1.0 caller= com.android.systemui.shared.launcher.ViewRootImplCompat.mergeWithNextTransaction:4 com.honeyspace.transition.utils.SurfaceTransactionApplier.scheduleApply$lambda$1:16 com.honeyspace.transition.utils.SurfaceTransactionApplier.b:0 
04-22 02:01:41.578 I/HoneySpace.FloatingAnimator( 2439): [Player:A(41.059)] container x: 3.3207603, y: 6.5568895, scale : 0.99663043
04-22 02:01:41.581 I/VRI[LauncherActivity]@f88b733( 2439): mWNT: t=0xb4000072169e4590 mBlastBufferQueue=0xb4000072c69918a0 fn= 115 HdrRenderState mRenderHdrSdrRatio=1.0 caller= com.android.systemui.shared.launcher.ViewRootImplCompat.mergeWithNextTransaction:4 com.honeyspace.transition.utils.SurfaceTransactionApplier.scheduleApply$lambda$1:16 com.honeyspace.transition.utils.SurfaceTransactionApplier.b:0 
04-22 02:01:41.587 I/HoneySpace.FloatingAnimator( 2439): [Player:A(41.059)] container x: 2.999848, y: 5.9232435, scale : 0.99695605
04-22 02:01:41.589 I/VRI[LauncherActivity]@f88b733( 2439): mWNT: t=0xb400007216a00210 mBlastBufferQueue=0xb4000072c69918a0 fn= 116 HdrRenderState mRenderHdrSdrRatio=1.0 caller= com.android.systemui.shared.launcher.ViewRootImplCompat.mergeWithNextTransaction:4 com.honeyspace.transition.utils.SurfaceTransactionApplier.scheduleApply$lambda$1:16 com.honeyspace.transition.utils.SurfaceTransactionApplier.b:0 
04-22 02:01:41.595 I/HoneySpace.FloatingAnimator( 2439): [Player:A(41.059)] container x: 2.6788864, y: 5.2895, scale : 0.9972818
04-22 02:01:41.597 I/VRI[LauncherActivity]@f88b733( 2439): mWNT: t=0xb4000072169b72d0 mBlastBufferQueue=0xb4000072c69918a0 fn= 117 HdrRenderState mRenderHdrSdrRatio=1.0 caller= com.android.systemui.shared.launcher.ViewRootImplCompat.mergeWithNextTransaction:4 com.honeyspace.transition.utils.SurfaceTransactionApplier.scheduleApply$lambda$1:16 com.honeyspace.transition.utils.SurfaceTransactionApplier.b:0 
04-22 02:01:41.603 I/HoneySpace.FloatingAnimator( 2439): [Player:A(41.059)] container x: 2.3178477, y: 4.576624, scale : 0.9976481
04-22 02:01:41.605 I/VRI[LauncherActivity]@f88b733( 2439): mWNT: t=0xb400007216914c10 mBlastBufferQueue=0xb4000072c69918a0 fn= 118 HdrRenderState mRenderHdrSdrRatio=1.0 caller= com.android.systemui.shared.launcher.ViewRootImplCompat.mergeWithNextTransaction:4 com.honeyspace.transition.utils.SurfaceTransactionApplier.scheduleApply$lambda$1:16 com.honeyspace.transition.utils.SurfaceTransactionApplier.b:0 
04-22 02:01:41.611 I/HoneySpace.FloatingAnimator( 2439): [Player:A(41.059)] container x: 1.9968863, y: 3.942881, scale : 0.99797374
04-22 02:01:41.613 I/VRI[LauncherActivity]@f88b733( 2439): mWNT: t=0xb4000072169a5210 mBlastBufferQueue=0xb4000072c69918a0 fn= 119 HdrRenderState mRenderHdrSdrRatio=1.0 caller= com.android.systemui.shared.launcher.ViewRootImplCompat.mergeWithNextTransaction:4 com.honeyspace.transition.utils.SurfaceTransactionApplier.scheduleApply$lambda$1:16 com.honeyspace.transition.utils.SurfaceTransactionApplier.b:0 
04-22 02:01:41.620 I/HoneySpace.FloatingAnimator( 2439): [Player:A(41.059)] container x: 1.753427, y: 3.4621673, scale : 0.9982208
04-22 02:01:41.621 D/BoundBrokerSvc( 8859): onUnbind: Intent { act=com.google.android.gms.safebrowsing.SafeBrowsingService.START dat=chimera-action:/... xflg=0x4 cmp=com.google.android.gms/.chimera.GmsBoundBrokerService }
04-22 02:01:41.622 I/VRI[LauncherActivity]@f88b733( 2439): mWNT: t=0xb40000721691a710 mBlastBufferQueue=0xb4000072c69918a0 fn= 120 HdrRenderState mRenderHdrSdrRatio=1.0 caller= com.android.systemui.shared.launcher.ViewRootImplCompat.mergeWithNextTransaction:4 com.honeyspace.transition.utils.SurfaceTransactionApplier.scheduleApply$lambda$1:16 com.honeyspace.transition.utils.SurfaceTransactionApplier.b:0 
04-22 02:01:41.628 I/HoneySpace.FloatingAnimator( 2439): [Player:A(41.059)] container x: 1.544004, y: 3.0486584, scale : 0.9984333
04-22 02:01:41.630 I/VRI[LauncherActivity]@f88b733( 2439): mWNT: t=0xb4000072169e1810 mBlastBufferQueue=0xb4000072c69918a0 fn= 121 HdrRenderState mRenderHdrSdrRatio=1.0 caller= com.android.systemui.shared.launcher.ViewRootImplCompat.mergeWithNextTransaction:4 com.honeyspace.transition.utils.SurfaceTransactionApplier.scheduleApply$lambda$1:16 com.honeyspace.transition.utils.SurfaceTransactionApplier.b:0 
04-22 02:01:41.636 I/HoneySpace.FloatingAnimator( 2439): [Player:A(41.059)] container x: 1.357861, y: 2.6811163, scale : 0.9986222
04-22 02:01:41.639 I/VRI[LauncherActivity]@f88b733( 2439): mWNT: t=0xb4000072169ace50 mBlastBufferQueue=0xb4000072c69918a0 fn= 122 HdrRenderState mRenderHdrSdrRatio=1.0 caller= com.android.systemui.shared.launcher.ViewRootImplCompat.mergeWithNextTransaction:4 com.honeyspace.transition.utils.SurfaceTransactionApplier.scheduleApply$lambda$1:16 com.honeyspace.transition.utils.SurfaceTransactionApplier.b:0 
04-22 02:01:41.645 I/HoneySpace.FloatingAnimator( 2439): [Player:A(41.059)] container x: 1.1717181, y: 2.3135746, scale : 0.99881107
04-22 02:01:41.647 I/VRI[LauncherActivity]@f88b733( 2439): mWNT: t=0xb4000072169d1a50 mBlastBufferQueue=0xb4000072c69918a0 fn= 123 HdrRenderState mRenderHdrSdrRatio=1.0 caller= com.android.systemui.shared.launcher.ViewRootImplCompat.mergeWithNextTransaction:4 com.honeyspace.transition.utils.SurfaceTransactionApplier.scheduleApply$lambda$1:16 com.honeyspace.transition.utils.SurfaceTransactionApplier.b:0 
04-22 02:01:41.653 I/HoneySpace.FloatingAnimator( 2439): [Player:A(41.059)] container x: 0.96229506, y: 1.9000657, scale : 0.99902356
04-22 02:01:41.655 I/VRI[LauncherActivity]@f88b733( 2439): mWNT: t=0xb400007216913c50 mBlastBufferQueue=0xb4000072c69918a0 fn= 124 HdrRenderState mRenderHdrSdrRatio=1.0 caller= com.android.systemui.shared.launcher.ViewRootImplCompat.mergeWithNextTransaction:4 com.honeyspace.transition.utils.SurfaceTransactionApplier.scheduleApply$lambda$1:16 com.honeyspace.transition.utils.SurfaceTransactionApplier.b:0 
04-22 02:01:41.662 I/HoneySpace.FloatingAnimator( 2439): [Player:A(41.059)] container x: 0.77615213, y: 1.5325236, scale : 0.99921244
04-22 02:01:41.664 I/VRI[LauncherActivity]@f88b733( 2439): mWNT: t=0xb40000721691bc10 mBlastBufferQueue=0xb4000072c69918a0 fn= 125 HdrRenderState mRenderHdrSdrRatio=1.0 caller= com.android.systemui.shared.launcher.ViewRootImplCompat.mergeWithNextTransaction:4 com.honeyspace.transition.utils.SurfaceTransactionApplier.scheduleApply$lambda$1:16 com.honeyspace.transition.utils.SurfaceTransactionApplier.b:0 
04-22 02:01:41.666 I/AppWidgetServiceImpl( 1432): getInstalledProvidersForProfiles lock in null
04-22 02:01:41.666 I/AppWidgetServiceImpl( 1432): getInstalledProvidersForProfiles lock exit 39
04-22 02:01:41.667 W/ParceledListSlice( 1432): Element #22 is 21040 bytes.
04-22 02:01:41.667 W/ParceledListSlice( 1432): Overly large reply size: 84416
04-22 02:01:41.667 W/ParceledListSlice( 1432): Element #23 is 20868 bytes.
04-22 02:01:41.667 W/ParceledListSlice( 1432): Element #26 is 21260 bytes.
04-22 02:01:41.667 W/ParceledListSlice( 1432): Element #28 is 20796 bytes.
04-22 02:01:41.667 W/ParceledListSlice( 1432): Overly large reply size: 83340
04-22 02:01:41.668 W/ParceledListSlice( 1432): Element #35 is 17848 bytes.
04-22 02:01:41.670 I/HoneySpace.FloatingAnimator( 2439): [Player:A(41.059)] container x: 0.67021275, y: 1.3233448, scale : 0.99932003
04-22 02:01:41.672 I/VRI[LauncherActivity]@f88b733( 2439): mWNT: t=0xb4000072169a22d0 mBlastBufferQueue=0xb4000072c69918a0 fn= 126 HdrRenderState mRenderHdrSdrRatio=1.0 caller= com.android.systemui.shared.launcher.ViewRootImplCompat.mergeWithNextTransaction:4 com.honeyspace.transition.utils.SurfaceTransactionApplier.scheduleApply$lambda$1:16 com.honeyspace.transition.utils.SurfaceTransactionApplier.b:0 
04-22 02:01:41.677 I/ReactNativeJS(21021): [CARSI-WIDGET] refresh OK field=buy rows=4 err=-
04-22 02:01:41.678 I/HoneySpace.FloatingAnimator( 2439): [Player:A(41.059)] container x: 0.5696759, y: 1.1248333, scale : 0.99942183
04-22 02:01:41.680 I/VRI[LauncherActivity]@f88b733( 2439): mWNT: t=0xb4000072169c0250 mBlastBufferQueue=0xb4000072c69918a0 fn= 127 HdrRenderState mRenderHdrSdrRatio=1.0 caller= com.android.systemui.shared.launcher.ViewRootImplCompat.mergeWithNextTransaction:4 com.honeyspace.transition.utils.SurfaceTransactionApplier.scheduleApply$lambda$1:16 com.honeyspace.transition.utils.SurfaceTransactionApplier.b:0 
04-22 02:01:41.681 D/SGM:GameManager( 1432): identifyForegroundApp. com.toov1.dovizaltin, mCurrentUserId: 0, callerUserId: 0
04-22 02:01:41.681 D/SGM:SemGameManager( 1432): isForegroundGame(), ret=false
04-22 02:01:41.682 D/SemInputDeviceManager( 1432): setProperty: (0) CMD,GRIP_DATA,1,45,7,15,702,15,2340
04-22 02:01:41.682 D/TspStateManager( 1432): wrote command: cmd=1,45,7,15,702,15,2340, type=1
04-22 02:01:41.682 D/SemInputDevice:TSP( 1432): SetPropertyTask: CMD,set_grip_data,1,45,7,15,702,15,2340 [04-22 02:01:41.682]
04-22 02:01:41.684 I/sysinput:Touch( 1044): writeInformation:249, OK
04-22 02:01:41.685 D/SysinputHAL_V1_3(V1_2)( 1432): runTspCmdNoRead(TSP(1)): set_grip_data,1,45,7,15,702,15,2340 ret=0
04-22 02:01:41.686 I/Kumiho-Kumiho(21021): getPackageName: com.toov1.dovizaltin
04-22 02:01:41.686 I/HoneySpace.FloatingAnimator( 2439): [Player:A(41.059)] container x: 0.48028803, y: 0.9483357, scale : 0.9995126
04-22 02:01:41.689 I/VRI[LauncherActivity]@f88b733( 2439): mWNT: t=0xb400007216984190 mBlastBufferQueue=0xb4000072c69918a0 fn= 128 HdrRenderState mRenderHdrSdrRatio=1.0 caller= com.android.systemui.shared.launcher.ViewRootImplCompat.mergeWithNextTransaction:4 com.honeyspace.transition.utils.SurfaceTransactionApplier.scheduleApply$lambda$1:16 com.honeyspace.transition.utils.SurfaceTransactionApplier.b:0 
04-22 02:01:41.695 I/HoneySpace.FloatingAnimator( 2439): [Player:A(41.059)] container x: 0.39090014, y: 0.771838, scale : 0.9996034
04-22 02:01:41.697 I/VRI[LauncherActivity]@f88b733( 2439): mWNT: t=0xb40000721692bb90 mBlastBufferQueue=0xb4000072c69918a0 fn= 129 HdrRenderState mRenderHdrSdrRatio=1.0 caller= com.android.systemui.shared.launcher.ViewRootImplCompat.mergeWithNextTransaction:4 com.honeyspace.transition.utils.SurfaceTransactionApplier.scheduleApply$lambda$1:16 com.honeyspace.transition.utils.SurfaceTransactionApplier.b:0 
04-22 02:01:41.703 I/HoneySpace.FloatingAnimator( 2439): [Player:A(41.059)] container x: 0.2903142, y: 0.5732296, scale : 0.99970543
04-22 02:01:41.704 I/InputMethodService( 4938): removeImeSurface
04-22 02:01:41.704 I/InputMethodService( 4938): cancelImeSurfaceRemoval: removeCallbacks
04-22 02:01:41.705 I/VRI[LauncherActivity]@f88b733( 2439): mWNT: t=0xb40000721692b2d0 mBlastBufferQueue=0xb4000072c69918a0 fn= 130 HdrRenderState mRenderHdrSdrRatio=1.0 caller= com.android.systemui.shared.launcher.ViewRootImplCompat.mergeWithNextTransaction:4 com.honeyspace.transition.utils.SurfaceTransactionApplier.scheduleApply$lambda$1:16 com.honeyspace.transition.utils.SurfaceTransactionApplier.b:0 
04-22 02:01:41.711 I/HoneySpace.FloatingAnimator( 2439): [Player:A(41.059)] container x: 0.2009263, y: 0.3967319, scale : 0.9997962
04-22 02:01:41.713 I/VRI[LauncherActivity]@f88b733( 2439): mWNT: t=0xb40000721691d650 mBlastBufferQueue=0xb4000072c69918a0 fn= 131 HdrRenderState mRenderHdrSdrRatio=1.0 caller= com.android.systemui.shared.launcher.ViewRootImplCompat.mergeWithNextTransaction:4 com.honeyspace.transition.utils.SurfaceTransactionApplier.scheduleApply$lambda$1:16 com.honeyspace.transition.utils.SurfaceTransactionApplier.b:0 
04-22 02:01:41.720 I/HoneySpace.FloatingAnimator( 2439): [Player:A(41.059)] container x: 0.15117359, y: 0.29849446, scale : 0.99984664
04-22 02:01:41.722 I/VRI[LauncherActivity]@f88b733( 2439): mWNT: t=0xb4000072169528d0 mBlastBufferQueue=0xb4000072c69918a0 fn= 132 HdrRenderState mRenderHdrSdrRatio=1.0 caller= com.android.systemui.shared.launcher.ViewRootImplCompat.mergeWithNextTransaction:4 com.honeyspace.transition.utils.SurfaceTransactionApplier.scheduleApply$lambda$1:16 com.honeyspace.transition.utils.SurfaceTransactionApplier.b:0 
04-22 02:01:41.728 I/HoneySpace.FloatingAnimator( 2439): [Player:A(41.059)] container x: 0.124504566, y: 0.24583608, scale : 0.99987364
04-22 02:01:41.730 I/VRI[LauncherActivity]@f88b733( 2439): mWNT: t=0xb4000072169942d0 mBlastBufferQueue=0xb4000072c69918a0 fn= 133 HdrRenderState mRenderHdrSdrRatio=1.0 caller= com.android.systemui.shared.launcher.ViewRootImplCompat.mergeWithNextTransaction:4 com.honeyspace.transition.utils.SurfaceTransactionApplier.scheduleApply$lambda$1:16 com.honeyspace.transition.utils.SurfaceTransactionApplier.b:0 
04-22 02:01:41.736 I/HoneySpace.FloatingAnimator( 2439): [Player:A(41.059)] container x: 0.100782394, y: 0.1989963, scale : 0.9998977
04-22 02:01:41.739 I/VRI[LauncherActivity]@f88b733( 2439): mWNT: t=0xb4000072169ea250 mBlastBufferQueue=0xb4000072c69918a0 fn= 134 HdrRenderState mRenderHdrSdrRatio=1.0 caller= com.android.systemui.shared.launcher.ViewRootImplCompat.mergeWithNextTransaction:4 com.honeyspace.transition.utils.SurfaceTransactionApplier.scheduleApply$lambda$1:16 com.honeyspace.transition.utils.SurfaceTransactionApplier.b:0 
04-22 02:01:41.745 I/HoneySpace.FloatingAnimator( 2439): [Player:A(41.059)] container x: 0.07706022, y: 0.15215653, scale : 0.9999219
04-22 02:01:41.747 I/VRI[LauncherActivity]@f88b733( 2439): mWNT: t=0xb4000072169bb010 mBlastBufferQueue=0xb4000072c69918a0 fn= 135 HdrRenderState mRenderHdrSdrRatio=1.0 caller= com.android.systemui.shared.launcher.ViewRootImplCompat.mergeWithNextTransaction:4 com.honeyspace.transition.utils.SurfaceTransactionApplier.scheduleApply$lambda$1:16 com.honeyspace.transition.utils.SurfaceTransactionApplier.b:0 
04-22 02:01:41.753 I/HoneySpace.FloatingAnimator( 2439): [Player:A(41.059)] container x: 0.050391197, y: 0.09949815, scale : 0.9999488
04-22 02:01:41.756 I/VRI[LauncherActivity]@f88b733( 2439): mWNT: t=0xb40000721691a550 mBlastBufferQueue=0xb4000072c69918a0 fn= 136 HdrRenderState mRenderHdrSdrRatio=1.0 caller= com.android.systemui.shared.launcher.ViewRootImplCompat.mergeWithNextTransaction:4 com.honeyspace.transition.utils.SurfaceTransactionApplier.scheduleApply$lambda$1:16 com.honeyspace.transition.utils.SurfaceTransactionApplier.b:0 
04-22 02:01:41.760 I/HYPER-HAL( 1019): [ResourceManager.cpp]removeResource(): [CPULittleMinFreq] RemoveResource Request ID : 2980463
04-22 02:01:41.761 I/HYPER-HAL( 1019): [RequestManager.cpp]releaseLocked(): Released ID : 2980463
04-22 02:01:41.761 I/HoneySpace.FloatingAnimator( 2439): [Player:A(41.059)] container x: 0.026669025, y: 0.05265838, scale : 0.999973
04-22 02:01:41.764 I/VRI[LauncherActivity]@f88b733( 2439): mWNT: t=0xb400007216953510 mBlastBufferQueue=0xb4000072c69918a0 fn= 137 HdrRenderState mRenderHdrSdrRatio=1.0 caller= com.android.systemui.shared.launcher.ViewRootImplCompat.mergeWithNextTransaction:4 com.honeyspace.transition.utils.SurfaceTransactionApplier.scheduleApply$lambda$1:16 com.honeyspace.transition.utils.SurfaceTransactionApplier.b:0 
04-22 02:01:41.769 I/Kumiho-Kumiho(21021): getPackageName: com.toov1.dovizaltin
04-22 02:01:41.770 I/HoneySpace.FloatingAnimator( 2439): [Player:A(41.059)] container x: 0.0029468536, y: 0.0058186054, scale : 0.99999696
04-22 02:01:41.772 I/VRI[LauncherActivity]@f88b733( 2439): mWNT: t=0xb40000721697fd50 mBlastBufferQueue=0xb4000072c69918a0 fn= 138 HdrRenderState mRenderHdrSdrRatio=1.0 caller= com.android.systemui.shared.launcher.ViewRootImplCompat.mergeWithNextTransaction:4 com.honeyspace.transition.utils.SurfaceTransactionApplier.scheduleApply$lambda$1:16 com.honeyspace.transition.utils.SurfaceTransactionApplier.b:0 
