04-23 13:31:26.213 D/ChangeTransitionController( 1426):    ChangeInfo{91d25a6 container=ActivityRecord{90014665 u0 com.toov1.dovizaltin/.MainActivity t6214} flags=0x0}
04-23 13:31:26.213 D/ChangeTransitionController( 1426):    ChangeInfo{745cbe7 container=Display{#0 state=ON size=1080x2340 ROTATION_0} flags=0x0}
04-23 13:31:26.213 D/ChangeTransitionController( 1426):    ChangeInfo{8826394 container=Task{80ef0fc #6214 type=standard A=10472:com.toov1.dovizaltin} flags=0x10}
04-23 13:31:26.213 D/ChangeTransitionController( 1426):    ChangeInfo{2eb2fcf container=Task{8b29e69 #6197 type=home} flags=0x10}
04-23 13:31:26.213 D/ChangeTransitionController( 1426):    ChangeInfo{fce9d5c container=RemoteWallpaperAnim:1:1@155577084 flags=0x0}
04-23 13:31:26.213 D/ChangeTransitionController( 1426):    ChangeInfo{133865 container=Task{a3b88f0 #6198 type=home I=com.sec.android.app.launcher/.activities.LauncherActivity} flags=0x10}
04-23 13:31:26.213 D/ChangeTransitionController( 1426):    ChangeInfo{67bf93a container=WallpaperWindowToken{a7595d3 showWhenLocked=true}_<lock> flags=0x0}
04-23 13:31:26.213 D/ChangeTransitionController( 1426): ]
04-23 13:31:26.213 D/ChangeTransitionController( 1426): }
04-23 13:31:26.213 D/SyntheticPasswordManager.SDP( 1426): Inside fromBytes() - result.pinLength : -1
04-23 13:31:26.213 D/SyntheticPasswordManager.SDP( 1426): 2. result.secureMode : 0
04-23 13:31:26.213 D/ImageWallpaper[WallpaperAnimator]( 1865): onEngineVisibilityChanged: visible = false, which = 7, isFullAodShown = false, isMultipack = false, mKeyguardState = false
04-23 13:31:26.213 D/ImageWallpaper[WallpaperAnimator]( 1865): changeToDownScaleImmediately
04-23 13:31:26.213 I/ImageWallpaper[WallpaperAnimator]( 1865): release
04-23 13:31:26.213 V/WindowManagerShell( 1865): Track 0 became idle
04-23 13:31:26.213 D/SurfaceComposerClient( 1426): setCornerRadius ## 6e8a5b6 com.toov1.dovizaltin/com.toov1.dovizaltin.MainActivity#6262 cornerRadius=0.000000
04-23 13:31:26.213 V/WindowManagerShell( 1865): All active transition animations finished
04-23 13:31:26.215 I/ActivityManager( 1426): Changes in 10153 2 to 5, 255 to 184
04-23 13:31:26.217 I/SurfaceFlinger( 1101): RequestedLayer [Task=6197#3642] hidden!! flag  from(0) --> to(1)
04-23 13:31:26.217 I/SurfaceFlinger( 1101): [Display 0 name="Yerleşik Ekran"#49] setFrameRateCategory: Default
04-23 13:31:26.217 I/SurfaceFlinger( 1101): RequestedLayer [com.sec.android.app.launcher/com.sec[...]ivities.LauncherActivity$_23163#6244] hidden!! flag  from(0) --> to(1)
04-23 13:31:26.217 I/SurfaceFlinger( 1101): RequestedLayer [com.sec.android.app.launcher/com.sec[...]ivities.LauncherActivity$_23211#6245] hidden!! flag  from(0) --> to(1)
04-23 13:31:26.217 I/SurfaceFlinger( 1101): RequestedLayer [com.android.systemui.wallpapers.ImageWallpaper$_1865#79] hidden!! flag  from(0) --> to(1)
04-23 13:31:26.217 I/SurfaceFlinger( 1101): RequestedLayer [WallpaperWindowToken{a7595d3 showWhenLocked=false}#75] hidden!! flag  from(0) --> to(1)
04-23 13:31:26.217 I/SurfaceFlinger( 1101): RequestedLayer [ActivityRecord{35192115 u0 com.sec.a[...]ivities.LauncherActivity t6198}#3644] hidden!! flag  from(0) --> to(1)
04-23 13:31:26.217 I/SurfaceFlinger( 1101): RequestedLayer [Task=6198#3643] hidden!! flag  from(0) --> to(1)
04-23 13:31:26.217 I/SurfaceFlinger( 1101): destroyed Splash Screen com.toov1.dovizaltin$_1865#6256
04-23 13:31:26.217 I/SurfaceFlinger( 1101): [LayerHierarchy{RequestedLayerState{Task=6197#3642 parentId=10} 2 children}] reparent to LayerHierarchy{RequestedLayerState{DefaultTaskDisplayArea_d0#10 parentId=9} 12 children}
04-23 13:31:26.217 I/SurfaceFlinger( 1101): [LayerHierarchy{RequestedLayerState{WallpaperWindowToken{a7595d3 showWhenLocked=false}#75 parentId=8} 1 children}] reparent to LayerHierarchy{RequestedLayerState{Leaf:1:1#8 parentId=7} 1 children}
04-23 13:31:26.217 I/SurfaceFlinger( 1101): [LayerHierarchy{RequestedLayerState{Task=6214#6253 parentId=10 z=9} 1 children}] reparent to LayerHierarchy{RequestedLayerState{DefaultTaskDisplayArea_d0#10 parentId=9} 13 children}
04-23 13:31:26.217 I/SurfaceFlinger( 1101): [LayerHierarchy{RequestedLayerState{Transition Root: Task=6214#6257 z=9} 2 children}] reparent to OffscreenRoot
04-23 13:31:26.217 I/SurfaceFlinger( 1101): [LayerHierarchy{RequestedLayerState{Transition Root: Task=6214#6257 z=9} 2 children}] RelativeParent to null
04-23 13:31:26.218 I/Layer   ( 1101): id=6256 Destroyed Splash Screen com.toov1.dovizaltin$_1865#6256
04-23 13:31:26.218 I/SurfaceFlinger( 1101): id=6257 Removed Transition Root: Task=6214#6257 (153)
04-23 13:31:26.218 I/SurfaceFlinger( 1101): id=6255 Removed d6e912c Splash Screen com.toov1.dovizaltin#6255 (153)
04-23 13:31:26.219 I/DisplayDeviceRepository( 1426): Display device changed render timings: "Yerleşik Ekran", renderFrameRate=120.00001, presentationDeadlineNanos=9333333, appVsyncOffsetNanos=8333333, frameRateOverrides=[]
04-23 13:31:26.219 D/HWUI    (23163): CacheManager::trimMemory(20)
04-23 13:31:26.219 D/SurfaceComposerClient( 1426): setCornerRadius ## 6e8a5b6 com.toov1.dovizaltin/com.toov1.dovizaltin.MainActivity#6262 cornerRadius=0.000000
04-23 13:31:26.220 I/WindowManager( 1426): Relayout Window{29c054 u0 com.sec.android.app.launcher/com.sec.android.app.launcher.activities.LauncherActivity}: viewVisibility=8 req=1080x2340 ty=4 d0
04-23 13:31:26.220 D/StackScroller( 1865): onDisplayChanged for predraw skip to 2
04-23 13:31:26.220 D/SurfaceComposerClient( 1426): setCornerRadius ## 6e8a5b6 com.toov1.dovizaltin/com.toov1.dovizaltin.MainActivity#6262 cornerRadius=0.000000
04-23 13:31:26.221 D/SurfaceComposerClient( 1426): setCornerRadius ## 6e8a5b6 com.toov1.dovizaltin/com.toov1.dovizaltin.MainActivity#6262 cornerRadius=0.000000
04-23 13:31:26.221 I/WindowManager( 1426): Relayout hash=29c054, pid=23163, syncId=-1: mAttrs={(0,0)(fillxfill) gr=LEFT CENTER_HORIZONTAL sim={adjust=resize} layoutInDisplayCutoutMode=always ty=DRAWN_APPLICATION fmt=TRANSPARENT wanim=0x1030306 alpha=0.0
04-23 13:31:26.221 I/WindowManager( 1426):   fl=81850118
04-23 13:31:26.221 I/WindowManager( 1426):   pfl=10008840
04-23 13:31:26.221 I/WindowManager( 1426):   bhv=1
04-23 13:31:26.221 I/WindowManager( 1426):   fitSides=0
04-23 13:31:26.221 I/WindowManager( 1426):   frameRateBoostOnTouch=true
04-23 13:31:26.221 I/WindowManager( 1426):   dvrrWindowFrameRateHint=true
04-23 13:31:26.221 I/WindowManager( 1426):  dimAmount=0.0 screenDimDuration=200000 naviIconColor=0}
04-23 13:31:26.221 D/SystemUIService( 1865): SYSUI_RAM_OPTIMIZATION onTrimMemory=20
04-23 13:31:26.221 D/CentralSurfaces( 1865): SYSUI_RAM_OPTIMIZATION onTrimMemory=20
04-23 13:31:26.221 D/HWUI    ( 1865): CacheManager::trimMemory(20)
04-23 13:31:26.221 D/DisplayLifecycle( 1865): updateDisplay id = 0
04-23 13:31:26.221 D/WifiDisplayAdapter( 1426): isFitToActiveDisplayLocked : false
04-23 13:31:26.222 I/HoneySpace.DeJankUtils(23211): traversals callback's received
04-23 13:31:26.222 I/HoneySpace.DeJankUtils(23211): doActionRunnable is called com.honeyspace.common.performance.JankWrapper$addCujInstrumentation$1$4$1@2030619, immediate = true, detail : app transition end
04-23 13:31:26.222 I/InsetsController(23163): onStateChanged: host=com.sec.android.app.launcher/com.sec.android.app.launcher.activities.LauncherActivity, from=android.view.ViewRootImpl.onInsetsStateChanged:3026, state=InsetsState: {mDisplayFrame=Rect(0, 0 - 1080, 2340), mDisplayCutout=DisplayCutout{insets=Rect(0, 80 - 0, 0) waterfall=Insets{left=0, top=0, right=0, bottom=0} boundingRect={Bounds=[Rect(0, 0 - 0, 0), Rect(511, 0 - 569, 80), Rect(0, 0 - 0, 0), Rect(0, 0 - 0, 0)]} cutoutPathParserInfo={CutoutPathParserInfo{displayWidth=1080 displayHeight=2340 physicalDisplayWidth=1080 physicalDisplayHeight=2340 density={2.8125} cutoutSpec={M 0,0 M 0,7.822222222222222‬‬ a 10.31111111111111‬,10.31111111111111‬ 0 1,0 0,20.62222222222222‬ a 10.31111111111111‬,10.31111111111111‬ 0 1,0 0,-20.62222222222222‬ Z @dp} rotation={0} scale={1.0} physicalPixelDisplaySizeRatio={1.0}}} sideOverrides={}}, mRoundedCorners=RoundedCorners{[RoundedCorner{position=TopLeft, radius=113, center=Point(113, 113)}, RoundedCorner{position=TopRight, radius=113, center=Point(967, 113)}, RoundedCorner{position=BottomRight, radius=113, center=Point(967, 2227)}, RoundedCorner{position=BottomLeft, radius=113, center=Point(113, 2227)}]}  mRoundedCornerFrame=Rect(0, 0 - 1080, 2340), mPrivacyIndicatorBounds=PrivacyIndicatorBounds {static bounds=Rect(956, 0 - 1080, 80) rotation=0}, mDisplayShape=DisplayShape{ spec=-311912193 displayWidth=1080 displayHeight=2340 physicalPixelDisplaySizeRatio=1.0 rotation=0 offsetX=0 offsetY=0 scale=1.0}, mSources= { InsetsSource: {83d80001 mType=navigationBars mFrame=[0,2205][1080,2340] mVisible=true mFlags= mSideHint=BOTTOM mBoundingRects=null}, InsetsSource: {83d80004 mType=systemGestures mFrame=[0,0][0,0] mVisible=true mFlags= mSideHint=NONE mBoundingRects=null}, InsetsSource: {83d80005 mType=mandatorySystemGestures mFrame=[0,2205][1080,2340] mVisible=true mFlags= mSideHint=BOTTOM mBoundingRects=null}, InsetsSource: {83d80006 mType=tappableElement mFrame=[0,2205][1080,2340] mVisible=true mFlags= mSideHint=BOTTOM mBoundingRects=null}, InsetsSource: {83d80024 mType=systemGestures mFrame=[0,0][0,0] mVisible=true mFlags= mSideHint=NONE mBoundingRects=null}, InsetsSource: {27 mType=displayCutout mFrame=[0,0][1080,80] mVisible=true mFlags= mSideHint=TOP mBoundingRects=null}, InsetsSource: {8470000 mType=statusBars mFrame=[0,0][1080,80] mVisible=true mFlags= mSideHint=TOP mBoundingRects=null}, InsetsSource: {8470005 mType=mandatorySystemGestures mFrame=[0,0][1080,114] mVisible=true mFlags= mSideHint=TOP mBoundingRects=null}, InsetsSource: {8470006 mType=tappableElement mFrame=[0,0][1080,80] mVisible=true mFlags= mSideHint=TOP mBoundingRects=null} }
04-23 13:31:26.224 I/WindowManager( 1426): Relayout Window{f2bbc10 u0 com.sec.android.app.launcher/com.sec.android.app.launcher.activities.LauncherActivity}: viewVisibility=8 req=1080x2340 ty=1 d0
04-23 13:31:26.224 D/SurfaceComposerClient( 1426): setCornerRadius ## 6e8a5b6 com.toov1.dovizaltin/com.toov1.dovizaltin.MainActivity#6262 cornerRadius=0.000000
04-23 13:31:26.224 D/SurfaceComposerClient( 1426): setCornerRadius ## 6e8a5b6 com.toov1.dovizaltin/com.toov1.dovizaltin.MainActivity#6262 cornerRadius=0.000000
04-23 13:31:26.225 I/WindowManager( 1426): Relayout hash=f2bbc10, pid=23211, syncId=-1: mAttrs={(0,0)(fillxfill) sim={adjust=nothing} layoutInDisplayCutoutMode=always ty=BASE_APPLICATION fmt=TRANSPARENT wanim=0x1030306
04-23 13:31:26.225 I/WindowManager( 1426):   fl=81910100
04-23 13:31:26.225 I/WindowManager( 1426):   pfl=10008840
04-23 13:31:26.225 I/WindowManager( 1426):   bhv=2
04-23 13:31:26.225 I/WindowManager( 1426):   fitSides=0
04-23 13:31:26.225 I/WindowManager( 1426):   frameRateBoostOnTouch=true
04-23 13:31:26.225 I/WindowManager( 1426):   dvrrWindowFrameRateHint=true screenDimDuration=200000 naviIconColor=0}
04-23 13:31:26.225 I/VRI[LauncherActivity]@3e21266(23163): Relayout returned: old=(0,0,1080,2340) new=(0,0,1080,2340) relayoutAsync=false req=(1080,2340)8 dur=3 res=0x2 s={false 0x0} ch=true seqId=0
04-23 13:31:26.225 D/VRI[LauncherActivity]@3e21266(23163): Not drawing due to not visible. Reason=!mAppVisible && !mForceDecorViewVisibility
04-23 13:31:26.226 D/SurfaceComposerClient( 1426): setCornerRadius ## 6e8a5b6 com.toov1.dovizaltin/com.toov1.dovizaltin.MainActivity#6262 cornerRadius=0.000000
04-23 13:31:26.226 I/VRI[LauncherActivity]@7189683(23211): Relayout returned: old=(0,0,1080,2340) new=(0,0,1080,2340) relayoutAsync=false req=(1080,2340)8 dur=2 res=0x2 s={false 0x0} ch=true seqId=0
04-23 13:31:26.226 I/HoneySpace.AppTransitionAnimationAwait(23211): proceed 1
04-23 13:31:26.226 I/SearchHoneyPot(23211): onViewCreated: onStop
04-23 13:31:26.226 D/SurfaceFlinger( 1101): Display 4633128672291736000 HWC layers:
04-23 13:31:26.226 D/SurfaceFlinger( 1101):        DEVICE |          134209138065408 | 00002102 | RGBA_8888    |    0.0    0.0 1080.0 2340.0 |    0    0 1080 2340 | com.toov1.dovizaltin/com.toov1.dovizaltin.MainActivity$_31248#6263 (20)
04-23 13:31:26.226 D/SurfaceFlinger( 1101):        DEVICE |            8010114009140 | 00002100 | RGBA_8888    |    0.0    0.0 1080.0   80.0 |    0    0 1080   80 | StatusBar$_1865#99 (15462)
04-23 13:31:26.226 D/SurfaceFlinger( 1101):        DEVICE |           99690485908169 | 00002100 | RGBA_8888    |    0.0    0.0   67.0  342.0 |    0  602   67  944 | com.sec.android.app.launcher/com.sam[...]l.app.CocktailBarService$_23211#6181 (1)
04-23 13:31:26.226 D/SurfaceFlinger( 1101):        DEVICE |            8010114009137 | 00002100 | RGBA_8888    |    0.0    0.0 1080.0  135.0 |    0 2205 1080 2340 | NavigationBar0$_1865#95 (15228)
04-23 13:31:26.226 D/SurfaceFlinger( 1101): 
04-23 13:31:26.226 I/HoneySpace.WallpaperAnimator(23211): destroyWallpaperSurface Surface(name=Surface(name=RemoteWallpaperAnim:1:1)/@0xf9c1c44 - animation-leash of remote_wallpaper)/@0x1de727b
04-23 13:31:26.226 I/HoneySpace.WallpaperAnimator(23211): wallpaper animation end [146434200]
04-23 13:31:26.226 I/HoneySpace.ContentsAnimator(23211): end call
04-23 13:31:26.226 I/HoneySpace.AppscreenViewModel(23211): endGestureHint
04-23 13:31:26.226 I/HoneySpace.AppscreenViewModel(23211): resetAnimatedValues
04-23 13:31:26.226 I/HoneySpace.HoneyScreenManagerImpl(23211): transitionAnimator is ended, onCancel: false
04-23 13:31:26.226 I/HoneySpace.ContentsAnimator(23211): ContentsAnimator end [26798464]
04-23 13:31:26.226 I/HoneySpace.BlurAnimator(23211): end
04-23 13:31:26.226 I/HoneySpace.BlurAnimator(23211): reset
04-23 13:31:26.226 I/HoneySpace.HoneyAppWidgetHost(23211): stopListening, host: @67f3c29, hostId: 1024
04-23 13:31:26.226 I/SurfaceFlinger( 1101): destroyed d6e912c Splash Screen com.toov1.dovizaltin#6255
04-23 13:31:26.226 I/SurfaceFlinger( 1101): destroyed Transition Root: Task=6214#6257
04-23 13:31:26.227 I/VRI[LauncherActivity]@7189683(23211): stopped(true) old = false
04-23 13:31:26.227 I/HoneySpace.Launcher(23211): !@Boot_EBS_D: Launcher.onStop()
04-23 13:31:26.227 I/HoneySpace.OneUiSpace(23211): onSaveInstanceState honeyScreen=d3.M@80d223
04-23 13:31:26.227 I/HoneySpace.Memory-Monitor(23211): scheduleTrim delayTime=30000
04-23 13:31:26.227 I/HoneySpace.FloatingFinishHelper(23211): finishInProgress: false
04-23 13:31:26.228 I/HoneySpace.Memory-Monitor(23211): current state = 2, didTrim = false
04-23 13:31:26.228 I/Layer   ( 1101): id=6255 Destroyed d6e912c Splash Screen com.toov1.dovizaltin#6255
04-23 13:31:26.228 I/Layer   ( 1101): id=6257 Destroyed Transition Root: Task=6214#6257
04-23 13:31:26.228 I/AppWidgetServiceImpl( 1426): stopListening callbacks : null
04-23 13:31:26.229 I/ActivityManager( 1426): Changes in 99055 5 to 19, 184 to 128
04-23 13:31:26.231 I/SurfaceFlinger( 1101): id=6260 Removed Surface(name=Task=6197)/@0xfcf5d7c_transition-leash#6260 (151)
04-23 13:31:26.231 I/SurfaceFlinger( 1101): id=6259 Removed Surface(name=Task=6214)/@0x4b1034e_transition-leash#6259 (151)
04-23 13:31:26.232 I/bvtw    (23163): onStop
04-23 13:31:26.234 D/SGM:FgCheckThread( 1426): getForegroundApp(), foregroundPkgName=com.toov1.dovizaltin
04-23 13:31:26.234 D/SGM:FgCheckThread( 1426): pkgName: com.sec.android.app.launcher is not in foreground
04-23 13:31:26.235 D/SGM:FgCheckThread( 1426): noteStopComponent(), received pkgName: com.sec.android.app.launcher, focusedPkgName: com.toov1.dovizaltin, userId: 0
04-23 13:31:26.235 I/SurfaceFlinger( 1101): destroyed Surface(name=Task=6214)/@0x4b1034e_transition-leash#6259
04-23 13:31:26.235 I/SurfaceFlinger( 1101): destroyed Surface(name=Task=6197)/@0xfcf5d7c_transition-leash#6260
04-23 13:31:26.236 I/Layer   ( 1101): id=6259 Destroyed Surface(name=Task=6214)/@0x4b1034e_transition-leash#6259
04-23 13:31:26.236 I/Layer   ( 1101): id=6260 Destroyed Surface(name=Task=6197)/@0xfcf5d7c_transition-leash#6260
04-23 13:31:26.237 E/WindowManager( 1426): win=Window{29c054 u0 com.sec.android.app.launcher/com.sec.android.app.launcher.activities.LauncherActivity} destroySurfaces: appStopped=true cleanupOnResume=false win.mWindowRemovalAllowed=false win.mRemoveOnExit=false win.mViewVisibility=8 caller=com.android.server.wm.ActivityRecord.destroySurfaces:25 com.android.server.wm.ActivityRecord.activityStopped:192 com.android.server.wm.ActivityClientController.activityStopped:97 android.app.IActivityClientController$Stub.onTransact:740 com.android.server.wm.ActivityClientController.onTransact:1 android.os.Binder.execTransactInternal:1462 android.os.Binder.execTransact:1401 
04-23 13:31:26.238 E/WindowManager( 1426): win=Window{f2bbc10 u0 com.sec.android.app.launcher/com.sec.android.app.launcher.activities.LauncherActivity} destroySurfaces: appStopped=true cleanupOnResume=false win.mWindowRemovalAllowed=false win.mRemoveOnExit=false win.mViewVisibility=8 caller=com.android.server.wm.ActivityRecord.destroySurfaces:25 com.android.server.wm.ActivityRecord.activityStopped:192 com.android.server.wm.ActivityClientController.activityStopped:97 android.app.IActivityClientController$Stub.onTransact:740 com.android.server.wm.ActivityClientController.onTransact:1 android.os.Binder.execTransactInternal:1462 android.os.Binder.execTransact:1401 
04-23 13:31:26.239 D/SGM:GameManager( 1426): identifyForegroundApp. com.toov1.dovizaltin, mCurrentUserId: 0, callerUserId: 0
04-23 13:31:26.239 D/SGM:SemGameManager( 1426): isForegroundGame(), ret=false
04-23 13:31:26.239 D/BackgroundInstallControlService( 1426): Package event received: 0
04-23 13:31:26.240 I/WindowManager( 1426): Cancelling animation restarting=false, leash=Surface(name=Surface(name=RemoteWallpaperAnim:1:1)/@0xf9c1c44 - animation-leash of remote_wallpaper)/@0xc0c8019
04-23 13:31:26.240 I/WindowManager( 1426): Reparenting to original parent: Surface(name=OneHanded:0:14)/@0x6acf12d, destroy=false, surface=Surface(name=RemoteWallpaperAnim:1:1)/@0xf9c1c44
04-23 13:31:26.240 D/WindowManager( 1426): mRunner#onAnimationCancelled, leash=Surface(name=Surface(name=RemoteWallpaperAnim:1:1)/@0xf9c1c44 - animation-leash of remote_wallpaper)/@0xc0c8019, caller=com.android.server.wm.SurfaceAnimator.cancelAnimation:14 com.android.server.wm.SurfaceAnimator.cancelAnimation:1 com.android.server.wm.WindowContainer.cancelAnimation:3 com.android.server.wm.WindowManagerService.finishRemoteWallpaperAnimation:81 android.view.IWindowManager$Stub.onTransact:4336 
04-23 13:31:26.240 I/WALLPAPER_SVC:SemWallpaperManagerService( 1426): isHomeActivityVisible : false 
04-23 13:31:26.240 D/WindowManager( 1426): finishRemoteWallpaperAnimation, success=true
04-23 13:31:26.240 D/WALLPAPER_SVC:WallpaperData( 1426): getWallpaperFile: file = /data/system/users/0/wallpaper_orig 
04-23 13:31:26.240 D/WALLPAPER_SVC:WallpaperData( 1426): getWallpaperFile: file = /data/system/users/0/wallpaper_orig 
04-23 13:31:26.240 D/WALLPAPER_SVC:WallpaperManagerService( 1426): dispatchHomeVisibilityChanged: visible = false, connection = com.android.server.wallpaper.WallpaperManagerService$WallpaperConnection@ee478b9, systemWallpaper = WallpaperData@8ad1bdd, id: 5, which: 7, file mod: 1772908080930, info: null, engine(s): Proxy@290daf2, type = 0, userId = 0, uri= null, allowBackup= true, wallpaperComponent = ComponentInfo{com.android.systemui/com.android.systemui.wallpapers.ImageWallpaper}, nextWallpaperComponent = ComponentInfo{com.android.systemui/com.android.systemui.wallpapers.ImageWallpaper} 
04-23 13:31:26.241 D/PkgPredictorService-SecIpmManagerServiceImpl( 1426): bg information pid:23211 uid:10153 pkgName:com.sec.android.app.launcher
04-23 13:31:26.241 D/SGM:GameManager( 1426): identifyForegroundApp. com.toov1.dovizaltin, mCurrentUserId: 0, callerUserId: 0
04-23 13:31:26.241 D/SGM:SemGameManager( 1426): isForegroundGame(), ret=false
04-23 13:31:26.243 I/SurfaceFlinger( 1101): [LayerHierarchy{RequestedLayerState{RemoteWallpaperAnim:1:1#7 parentId=4 z=1} 1 children}] reparent to LayerHierarchy{RequestedLayerState{OneHanded:0:14#4 parentId=3} 4 children}
04-23 13:31:26.243 I/SurfaceFlinger( 1101): [LayerHierarchy{RequestedLayerState{com.sec.android.app.launcher/com.sec.android.app.launcher.activities.LauncherActivity$_23211#6245} no children}] reparent to OffscreenRoot
04-23 13:31:26.243 I/SurfaceFlinger( 1101): [LayerHierarchy{RequestedLayerState{com.sec.android.app.launcher/com.sec.android.app.launcher.activities.LauncherActivity$_23211#6245} no children}] RelativeParent to null
04-23 13:31:26.243 I/SurfaceFlinger( 1101): [LayerHierarchy{RequestedLayerState{com.sec.android.app.launcher/com.sec.android.app.launcher.activities.LauncherActivity$_23163#6244} no children}] reparent to OffscreenRoot
04-23 13:31:26.243 I/SurfaceFlinger( 1101): [LayerHierarchy{RequestedLayerState{com.sec.android.app.launcher/com.sec.android.app.launcher.activities.LauncherActivity$_23163#6244} no children}] RelativeParent to null
04-23 13:31:26.243 I/SurfaceFlinger( 1101): [LayerHierarchy{RequestedLayerState{Surface(name=RemoteWallpaperAnim:1:1)/@0xf9c1c44 - animation-leash of remote_wallpaper#6261 z=1} no children}] reparent to OffscreenRoot
04-23 13:31:26.243 I/SurfaceFlinger( 1101): [LayerHierarchy{RequestedLayerState{Surface(name=RemoteWallpaperAnim:1:1)/@0xf9c1c44 - animation-leash of remote_wallpaper#6261 z=1} no children}] RelativeParent to null
04-23 13:31:26.244 I/SurfaceFlinger( 1101): id=6261 Removed Surface(name=RemoteWallpaperAnim:1:1)/@0xf9c1c44 - animation-leash of remote_wallpaper#6261 (149)
04-23 13:31:26.244 I/SurfaceFlinger( 1101): id=6245 Removed com.sec.android.app.launcher/com.sec.android.app.launcher.activities.LauncherActivity$_23211#6245 (149)
04-23 13:31:26.244 I/SurfaceFlinger( 1101): id=6244 Removed com.sec.android.app.launcher/com.sec.android.app.launcher.activities.LauncherActivity$_23163#6244 (149)
04-23 13:31:26.245 I/HoneySpace.WallpaperAnimator(23211): onAnimationCancelled
04-23 13:31:26.250 I/SurfaceFlinger( 1101): destroyed com.sec.android.app.launcher/com.sec.android.app.launcher.activities.LauncherActivity$_23211#6245
04-23 13:31:26.251 I/SurfaceFlinger( 1101): destroyed com.sec.android.app.launcher/com.sec.android.app.launcher.activities.LauncherActivity$_23163#6244
04-23 13:31:26.251 I/SurfaceFlinger( 1101): destroyed Surface(name=RemoteWallpaperAnim:1:1)/@0xf9c1c44 - animation-leash of remote_wallpaper#6261
04-23 13:31:26.252 I/Layer   ( 1101): id=6245 Destroyed com.sec.android.app.launcher/com.sec.android.app.launcher.activities.LauncherActivity$_23211#6245
04-23 13:31:26.253 I/Layer   ( 1101): id=6244 Destroyed com.sec.android.app.launcher/com.sec.android.app.launcher.activities.LauncherActivity$_23163#6244
04-23 13:31:26.253 I/Layer   ( 1101): id=6261 Destroyed Surface(name=RemoteWallpaperAnim:1:1)/@0xf9c1c44 - animation-leash of remote_wallpaper#6261
04-23 13:31:26.267 I/HYPER-HAL( 1025): [RequestManager.cpp]releaseLocked(): Released ID : 1047649
04-23 13:31:26.275 W/ParceledListSlice( 1426): Element #36 is 18772 bytes.
04-23 13:31:26.276 W/ParceledListSlice( 1426): Element #63 is 20176 bytes.
04-23 13:31:26.279 W/ParceledListSlice( 1426): Element #168 is 190972 bytes.
04-23 13:31:26.279 W/ParceledListSlice( 1426): Overly large reply size: 251420
04-23 13:31:26.280 W/ParceledListSlice( 1426): Element #193 is 22812 bytes.
04-23 13:31:26.280 W/ParceledListSlice( 1426): Overly large reply size: 85888
04-23 13:31:26.281 W/ParceledListSlice( 1426): Element #214 is 23544 bytes.
04-23 13:31:26.281 W/ParceledListSlice( 1426): Element #234 is 22904 bytes.
04-23 13:31:26.283 W/ParceledListSlice( 1426): Element #270 is 20280 bytes.
04-23 13:31:26.283 W/ParceledListSlice( 1426): Element #281 is 22632 bytes.
04-23 13:31:26.285 W/ParceledListSlice( 1426): Element #322 is 45652 bytes.
04-23 13:31:26.286 W/ParceledListSlice( 1426): Element #356 is 19272 bytes.
04-23 13:31:26.286 W/ParceledListSlice( 1426): Element #357 is 17428 bytes.
04-23 13:31:26.286 W/ParceledListSlice( 1426): Element #359 is 17148 bytes.
04-23 13:31:26.287 W/ParceledListSlice( 1426): Element #386 is 16620 bytes.
04-23 13:31:26.288 W/ParceledListSlice( 1426): Element #417 is 27880 bytes.
04-23 13:31:26.288 W/ParceledListSlice( 1426): Element #423 is 76488 bytes.
04-23 13:31:26.288 W/ParceledListSlice( 1426): Overly large reply size: 90540
04-23 13:31:26.289 W/ParceledListSlice( 1426): Element #450 is 20728 bytes.
04-23 13:31:26.290 W/ParceledListSlice( 1426): Element #462 is 19016 bytes.
04-23 13:31:26.291 W/ParceledListSlice( 1426): Element #469 is 19416 bytes.
04-23 13:31:26.292 W/ParceledListSlice( 1426): Element #511 is 30868 bytes.
04-23 13:31:26.294 W/ParceledListSlice( 1426): Element #531 is 27208 bytes.
04-23 13:31:26.294 W/ParceledListSlice( 1426): Element #544 is 19700 bytes.
04-23 13:31:26.295 W/ParceledListSlice( 1426): Element #556 is 26264 bytes.
04-23 13:31:26.295 W/ParceledListSlice( 1426): Element #577 is 17364 bytes.
04-23 13:31:26.371 D/MdnieScenarioControlService( 1426):  packageName : com.toov1.dovizaltin    className : com.toov1.dovizaltin.MainActivity
04-23 13:31:26.372 V/MdnieScenarioControlService( 1426): setUIMode from UI function(3)
04-23 13:31:26.382 I/AppWidgetServiceImpl( 1426): getInstalledProvidersForProfiles lock in null
04-23 13:31:26.382 I/AppWidgetServiceImpl( 1426): getInstalledProvidersForProfiles lock exit 39
04-23 13:31:26.383 I/AppWidgetServiceImpl( 1426): getInstalledProvidersForProfiles lock in com.toov1.dovizaltin
04-23 13:31:26.383 I/AppWidgetServiceImpl( 1426): getInstalledProvidersForProfiles lock exit 1
04-23 13:31:26.384 I/AppWidgetServiceImpl( 1426): handleSaveMessage 0
04-23 13:31:26.384 W/ParceledListSlice( 1426): Element #21 is 17848 bytes.
04-23 13:31:26.402 I/ReactNativeJS(31248): [CARSI-WIDGET] refresh OK field=sell rows=4 err=-
04-23 13:31:26.410 I/Kumiho-Kumiho(31248): getPackageName: com.toov1.dovizaltin
04-23 13:31:26.472 V/MdnieScenarioControlService( 1426): mAclOffEnabled : false
04-23 13:31:26.488 I/Kumiho-Kumiho(31248): getPackageName: com.toov1.dovizaltin
04-23 13:31:26.515 V/ClearcutMetricXmitter(23163): Transmission is done.
04-23 13:31:26.519 I/HYPER-HAL( 1025): [ResourceManager.cpp]removeResource(): [CPULittleMinFreq] RemoveResource Request ID : 1046201
04-23 13:31:26.521 I/HYPER-HAL( 1025): [RequestManager.cpp]releaseLocked(): Released ID : 1046201
04-23 13:31:26.522 I/Kumiho-Kumiho(31248): getPackageName: com.toov1.dovizaltin
04-23 13:31:26.523 D/SGM:GameManager( 1426): identifyForegroundApp. com.toov1.dovizaltin, mCurrentUserId: 0, callerUserId: 0
04-23 13:31:26.523 D/SGM:SemGameManager( 1426): isForegroundGame(), ret=false
04-23 13:31:26.525 D/SemInputDeviceManager( 1426): setProperty: (0) CMD,GRIP_DATA,1,45,7,15,702,15,2340
04-23 13:31:26.525 D/TspStateManager( 1426): wrote command: cmd=1,45,7,15,702,15,2340, type=1
04-23 13:31:26.525 D/SemInputDevice:TSP( 1426): SetPropertyTask: CMD,set_grip_data,1,45,7,15,702,15,2340 [04-23 13:31:26.525]
04-23 13:31:26.527 I/sysinput:Touch( 1035): writeInformation:249, OK
04-23 13:31:26.527 D/SysinputHAL_V1_3(V1_2)( 1426): runTspCmdNoRead(TSP(1)): set_grip_data,1,45,7,15,702,15,2340 ret=0
04-23 13:31:26.584 I/Kumiho-Kumiho(31248): getPackageName: com.toov1.dovizaltin
04-23 13:31:26.592 I/InputMethodService( 4353): removeImeSurface
04-23 13:31:26.593 I/InputMethodService( 4353): cancelImeSurfaceRemoval: removeCallbacks
04-23 13:31:26.609 I/AppWidgetServiceImpl( 1426): getInstalledProvidersForProfiles lock in null
04-23 13:31:26.609 I/AppWidgetServiceImpl( 1426): getInstalledProvidersForProfiles lock exit 39
04-23 13:31:26.610 W/ParceledListSlice( 1426): Element #21 is 17848 bytes.
04-23 13:31:26.611 I/AppWidgetServiceImpl( 1426): getInstalledProvidersForProfiles lock in null
04-23 13:31:26.611 I/AppWidgetServiceImpl( 1426): getInstalledProvidersForProfiles lock exit 39
04-23 13:31:26.612 W/ParceledListSlice( 1426): Element #21 is 17848 bytes.
04-23 13:31:26.613 I/AppWidgetManager(31248): updateAppWidget() appWidgetIds = [25]
04-23 13:31:26.614 I/AppWidgetServiceImpl( 1426): Null RemoteViews on updateAppWidgetIds
04-23 13:31:26.835 I/HoneySpace.StatusIconTracker(23211): invokeEvent() called with: event = Mobile(bundle=Bundle[mParcelledData.dataSize=256])
04-23 13:31:26.846 D/TelephonyManager( 1839): requestModemActivityInfo: Sending result to app: ModemActivityInfo{ mTimestamp=42451147 mSleepTimeMs=10599926 mIdleTimeMs=8121241 mActivityStatsTechSpecificInfo=[{mRat=UNKNOWN,mFrequencyRange=UNKNOWN,mTxTimeMs[]=[6380062, 528047, 561276, 117606, 11762],mRxTimeMs=20251115}]}
04-23 13:31:26.849 D/Am      ( 1839): Broadcasting: Intent { act=com.samsung.intent.action.BIG_DATA_INFO (has extras) }
04-23 13:31:26.857 I/NSLocationMonitor( 1426): Broadcast receiver, action=com.samsung.intent.action.BIG_DATA_INFO
04-23 13:31:26.865 D/SemBigDataInfoController( 1839): Intent: com.samsung.intent.action.BIG_DATA_INFO
04-23 13:31:26.865 D/SemBigDataInfoController( 1839): BIG_DATA insertLog slot: 0, feature: CMAI
04-23 13:31:26.866 D/BatteryStatsImpl( 1426): SemModemActivityInfo{ SleepTimeMs=0 IdleTimeMs=5283 mNr=MobileActivity{ txTimeMs[]=[0, 0, 0, 0, 0] rxTimeMs=0 txBytes=0 rxBytes=0 } mLc=MobileActivity{ txTimeMs[]=[3017, 1148, 270, 8, 0] rxTimeMs=25938 txBytes=118573 rxBytes=305912 } }
04-23 13:31:26.869 D/SemBigDataInfoController( 1839): Intent: com.samsung.intent.action.BIG_DATA_INFO
04-23 13:31:26.871 D/Am      ( 1839): Broadcast completed: result=0
04-23 13:31:26.948 I/HYPER-HAL( 1025): [RequestManager.cpp]releaseLocked(): Released ID : 7548584
04-23 13:31:27.016 I/HYPER-HAL( 1025): [RequestManager.cpp]releaseLocked(): Released ID : 7513646
04-23 13:31:27.182 E/HeatmapThread( 1092): ECT Thread time in milliseconds: 1776940287
04-23 13:31:27.183 D/HeatmapThread( 1092): !@ batteryplugType : 0
04-23 13:31:27.183 D/HeatmapThread( 1092): !@ batteryLevel : 0  batteryTemperature : 0 
04-23 13:31:27.183 D/HeatmapThread( 1092): !@ Heatmap currtime: 29615671
04-23 13:31:27.183 D/HeatmapThread( 1092): !@ Heatmap prevtime: 29615654
04-23 13:31:27.183 D/HeatmapThread( 1092): !@ Heatmap plugstarttime: 35791394
04-23 13:31:27.183 D/HeatmapThread( 1092): !@ Heatmap prevv_dsoh_update_time: 29614964
04-23 13:31:27.183 E/HeatmapThread( 1092): !@Could not open '/efs/FactoryApp/bsoh', errno = 13
04-23 13:31:27.184 E/HeatmapThread( 1092): !@ CAM Could not access BSOH EFS
04-23 13:31:27.184 E/HeatmapThread( 1092): !@ CAM New BSOH: 0
04-23 13:31:27.243 D/DisplayModeController( 1101): setDesiredMode 4633128672291736000 {mode={fps=60.00 Hz, modePtr={id=1, vsyncRate=60.00 Hz, peakRefreshRate=60.00 Hz}}, emitEvent=false, force=false}
04-23 13:31:27.245 I/VSyncReactor( 1101): Current= 120, Period= 60, hwcPeriod= 120
04-23 13:31:27.250 I/VSyncReactor( 1101): Current= 120, Period= 60, hwcPeriod= 120
04-23 13:31:27.251 I/LayerHistory( 1101): com.toov1.dovizaltin/com.toov1.dovizaltin.MainActivity$_31248#6263 Max (can't resolve refresh rate)
04-23 13:31:27.251 I/LayerHistory( 1101): NavigationBar0$_1865#95 Max (can't resolve refresh rate)
04-23 13:31:27.251 I/LayerHistory( 1101): StatusBar$_1865#99 voted NoVote (0.00 Hz)
04-23 13:31:27.251 I/SurfaceFlinger( 1101): Idle - choose 60.00 Hz
04-23 13:31:27.252 I/HWComposer( 1101): [4633128672291736000] ActiveConfigToHWC, ID : 4
04-23 13:31:27.254 D/display ( 1011): setActiveConfigWithConstraints:: PrimaryDisplay config(4)
04-23 13:31:27.254 I/display ( 1011): Current VRR MODE is 3
04-23 13:31:27.254 I/display ( 1011): setActiveConfigWithConstraints:: HFR match - config: 5, base: 4, try: 0
04-23 13:31:27.254 I/display ( 1011): setActiveConfigWithConstraints::update 1080x2340@60phs
04-23 13:31:27.254 I/display ( 1011): commit modeset : 1080x2340@60phs
04-23 13:31:27.274 D/DisplayModeController( 1101): setDesiredMode 4633128672291736000 {mode={fps=120.00 Hz, modePtr={id=0, vsyncRate=120.00 Hz, peakRefreshRate=120.00 Hz}}, emitEvent=true, force=false}
04-23 13:31:27.290 W/display ( 1011): deliverWinConfigData:: commit modeset time (36 ms)
04-23 13:31:27.293 D/SurfaceFlinger( 1101): GPIS:: requestGpisForSFSluggish
04-23 13:31:27.293 I/SurfaceFlinger( 1101): finalizeDisplayModeChange 4633128672291736000
04-23 13:31:27.295 I/LayerHistory( 1101): com.toov1.dovizaltin/com.toov1.dovizaltin.MainActivity$_31248#6263 Max (can't resolve refresh rate)
04-23 13:31:27.295 I/LayerHistory( 1101): NavigationBar0$_1865#95 Max (can't resolve refresh rate)
04-23 13:31:27.295 I/LayerHistory( 1101): StatusBar$_1865#99 voted NoVote (0.00 Hz)
04-23 13:31:27.296 I/SurfaceFlinger( 1101): Weight ignores NavigationBar0$_1865#95 (type=Max, weight=0.06, seamlessness=Default) 0.00 Hz's 120.00 Hz
04-23 13:31:27.296 I/SurfaceFlinger( 1101): scored - choose 120.00 Hz
04-23 13:31:27.297 I/HWComposer( 1101): [4633128672291736000] ActiveConfigToHWC, ID : 3
04-23 13:31:27.299 I/VSyncReactor( 1101): Current= 120, Period= 60, hwcPeriod= 120
04-23 13:31:27.302 D/display ( 1011): setActiveConfigWithConstraints:: PrimaryDisplay config(3)
04-23 13:31:27.302 I/display ( 1011): Current VRR MODE is 3
04-23 13:31:27.302 I/display ( 1011): setActiveConfigWithConstraints:: HFR match - config: 3, base: 3, try: 1
04-23 13:31:27.302 I/display ( 1011): setActiveConfigWithConstraints::update 1080x2340@120hs
04-23 13:31:27.307 I/display ( 1011): commit modeset : 1080x2340@120hs
04-23 13:31:27.341 W/display ( 1011): deliverWinConfigData:: commit modeset time (33 ms)
04-23 13:31:27.345 I/SurfaceFlinger( 1101): finalizeDisplayModeChange 4633128672291736000
04-23 13:31:27.348 I/display ( 1011): [compareVsyncPeriod] set the lowest(mode:0) vsync 83 of display(0)
04-23 13:31:27.348 I/display ( 1011): getFpsForPerformance, performance table found using table(key:120, cpu:255)
04-23 13:31:27.348 I/display ( 1011): Set m2mMPP capacity(4) for fps(120)
04-23 13:31:27.348 I/display ( 1011): getFpsForPerformance, performance table found using table(key:120, cpu:255)
04-23 13:31:27.348 I/display ( 1011): Set Affinity config for fps(120) : cpuIDs : 255
04-23 13:31:27.348 I/display ( 1011): Set Affinity CPU ID : 0
04-23 13:31:27.348 I/display ( 1011): Set Affinity CPU ID : 1
04-23 13:31:27.348 I/display ( 1011): Set Affinity CPU ID : 2
04-23 13:31:27.348 I/display ( 1011): Set Affinity CPU ID : 3
04-23 13:31:27.348 I/display ( 1011): Set Affinity CPU ID : 4
04-23 13:31:27.348 I/display ( 1011): Set Affinity CPU ID : 5
04-23 13:31:27.348 I/display ( 1011): Set Affinity CPU ID : 6
04-23 13:31:27.348 I/display ( 1011): Set Affinity CPU ID : 7
04-23 13:31:27.348 I/display ( 1011): Set affinity HWC : 1011
04-23 13:31:27.352 I/display ( 1011): CPU set : Cluster(0), min_clock(0)
04-23 13:31:27.352 I/display ( 1011): CPU set : Cluster(1), min_clock(0)
04-23 13:31:27.352 I/display ( 1011): CPU set : Cluster(2), min_clock(0)
04-23 13:31:27.395 I/ActivityManager( 1426): Killing 31370:com.omgteknoloji.onaykiymetlimadenler/u0a448 (adj 905): AL_Kill : over 3 sec
04-23 13:31:27.397 D/ActivityManager( 1426): unpendingScheduleServiceRestart: u=10448, drop=true
04-23 13:31:27.398 D/FreecessController( 1426): UFZ : com.omgteknoloji.onaykiymetlimadenler(10448) [31370] reason: Signal
04-23 13:31:27.399 W/LocationManagerService( 1426): onFreezeStateChanged, uid[10448]=false
04-23 13:31:27.399 I/PowerManagerService( 1426): [PWL] SetWakeLockEnableDisable uid = 10448 , disable= false
04-23 13:31:27.399 I/PowerManagerService( 1426): [PWL] can not change uid =  10448
04-23 13:31:27.417 I/libprocessgroup( 1426): Removed cgroup /sys/fs/cgroup/apps/uid_10448/pid_31370
04-23 13:31:27.418 I/Zygote  (  995): Process 31370 exited due to signal 9 (Killed)
04-23 13:31:27.432 D/InetDiagMessage( 1426): Destroyed 0 sockets, proto=IPPROTO_TCP, family=AF_INET, states=14
04-23 13:31:27.435 D/InetDiagMessage( 1426): Destroyed 0 sockets, proto=IPPROTO_TCP, family=AF_INET6, states=14
04-23 13:31:27.435 D/InetDiagMessage( 1426): Destroyed live tcp sockets for uids={10448} in 6ms
04-23 13:31:27.438 D/InetDiagMessage( 1426): Destroyed 0 sockets, proto=IPPROTO_TCP, family=AF_INET, states=14
04-23 13:31:27.442 D/InetDiagMessage( 1426): Destroyed 0 sockets, proto=IPPROTO_TCP, family=AF_INET6, states=14
04-23 13:31:27.442 D/InetDiagMessage( 1426): Destroyed live tcp sockets for uids={20448} in 6ms
04-23 13:31:27.466 I/VSyncReactor( 1101): Current= 120, Period= 120, hwcPeriod= 120
04-23 13:31:27.593 I/HYPER-HAL( 1025): [RequestManager.cpp]releaseLocked(): Released ID : 2209151
04-23 13:31:27.819 D/DisplayModeController( 1101): setDesiredMode 4633128672291736000 {mode={fps=60.00 Hz, modePtr={id=1, vsyncRate=60.00 Hz, peakRefreshRate=60.00 Hz}}, emitEvent=false, force=false}
04-23 13:31:27.823 I/VSyncReactor( 1101): Current= 120, Period= 60, hwcPeriod= 120
04-23 13:31:27.828 I/LayerHistory( 1101): com.toov1.dovizaltin/com.toov1.dovizaltin.MainActivity$_31248#6263 Max (can't resolve refresh rate)
04-23 13:31:27.828 I/LayerHistory( 1101): StatusBar$_1865#99 voted NoVote (0.00 Hz)
04-23 13:31:27.828 I/SurfaceFlinger( 1101): Idle - choose 60.00 Hz
04-23 13:31:27.829 I/HWComposer( 1101): [4633128672291736000] ActiveConfigToHWC, ID : 4
04-23 13:31:27.833 I/VSyncReactor( 1101): Current= 120, Period= 60, hwcPeriod= 120
04-23 13:31:27.835 D/display ( 1011): setActiveConfigWithConstraints:: PrimaryDisplay config(4)
04-23 13:31:27.835 I/display ( 1011): Current VRR MODE is 3
04-23 13:31:27.835 I/display ( 1011): setActiveConfigWithConstraints:: HFR match - config: 5, base: 4, try: 0
04-23 13:31:27.835 I/display ( 1011): setActiveConfigWithConstraints::update 1080x2340@60phs
04-23 13:31:27.836 I/display ( 1011): commit modeset : 1080x2340@60phs
04-23 13:31:27.875 W/display ( 1011): deliverWinConfigData:: commit modeset time (39 ms)
04-23 13:31:27.878 I/display ( 1011): [compareVsyncPeriod] set the lowest(mode:0) vsync 166 of display(0)
04-23 13:31:27.878 I/display ( 1011): getFpsForPerformance, performance table found using table(key:60, cpu:255)
04-23 13:31:27.878 I/display ( 1011): Set m2mMPP capacity(8) for fps(60)
04-23 13:31:27.878 I/display ( 1011): getFpsForPerformance, performance table found using table(key:60, cpu:255)
04-23 13:31:27.878 I/display ( 1011): Set Affinity config for fps(60) : cpuIDs : 255
04-23 13:31:27.878 I/display ( 1011): Set Affinity CPU ID : 0
04-23 13:31:27.878 I/display ( 1011): Set Affinity CPU ID : 1
04-23 13:31:27.879 I/display ( 1011): Set Affinity CPU ID : 2
04-23 13:31:27.879 I/display ( 1011): Set Affinity CPU ID : 3
04-23 13:31:27.879 I/display ( 1011): Set Affinity CPU ID : 4
04-23 13:31:27.879 I/display ( 1011): Set Affinity CPU ID : 5
04-23 13:31:27.879 I/display ( 1011): Set Affinity CPU ID : 6
04-23 13:31:27.879 I/display ( 1011): Set Affinity CPU ID : 7
04-23 13:31:27.879 I/display ( 1011): Set affinity HWC : 1011
04-23 13:31:27.879 I/SurfaceFlinger( 1101): finalizeDisplayModeChange 4633128672291736000
04-23 13:31:27.880 I/display ( 1011): CPU set : Cluster(0), min_clock(0)
04-23 13:31:27.880 I/display ( 1011): CPU set : Cluster(1), min_clock(0)
04-23 13:31:27.880 I/display ( 1011): CPU set : Cluster(2), min_clock(0)
04-23 13:31:27.881 I/VSyncReactor( 1101): Current= 120, Period= 60, hwcPeriod= 60
04-23 13:31:28.040 D/InputReader( 1426): Btn_touch(3): value=1 when=41571.974771
04-23 13:31:28.041 I/InputReader( 1426): Touch event's action is 0x0 (id=5, t=0) [pCnt=1, s=0.4945 ] when=41571.974771
04-23 13:31:28.042 I/InputDispatcher( 1426): Delivering touch to (1865): action: 0x4, f=0x0, d=0, '682768d', t=1 
04-23 13:31:28.043 I/InputDispatcher( 1426): Delivering touch to (31248): action: 0x0, f=0x0, d=0, '6e8a5b6', t=1 
04-23 13:31:28.043 D/PowerManagerService( 1426): [api] userActivityFromNative : touch displayId=0 eventTime=41571974
04-23 13:31:28.043 I/VRI[MainActivity]@b1caf08(31248): ViewPostIme pointer 0
04-23 13:31:28.044 D/DisplayModeController( 1101): setDesiredMode 4633128672291736000 {mode={fps=120.00 Hz, modePtr={id=0, vsyncRate=120.00 Hz, peakRefreshRate=120.00 Hz}}, emitEvent=true, force=false}
04-23 13:31:28.044 I/GestureDetector( 1426): obtain mCurrentDownEvent. id: 580599063 caller: com.android.server.wm.SystemGesturesPointerEventListener.onPointerEvent:17 com.android.server.wm.PointerEventDispatcher.onInputEvent:51 android.view.InputEventReceiver.dispatchInputEvent:392 
04-23 13:31:28.044 I/GestureDetector( 1426): obtain mCurrentDownEvent. id: 580599063 caller: com.android.server.wm.SystemPerformancePointerEventListener.onPointerEvent:13 com.android.server.wm.PointerEventDispatcher.onInputEvent:51 android.view.InputEventReceiver.dispatchInputEvent:392 
04-23 13:31:28.044 I/SemDvfsHyPerManager( 3856): acquire hyper - TABoost/3856@29, type = -999
04-23 13:31:28.045 I/HYPER-HAL( 1025): [RequestManager.cpp]acquire(): Acquired ID : 7548584  [3856 / 29]    HINT :      list : [TABoost / 1] [TIMEOUT / 1500] 
04-23 13:31:28.045 I/VRI[MainActivity]@b1caf08(31248): call setFrameRateCategory for touch hint category=high hint, reason=touch, vri=VRI[MainActivity]@b1caf08
04-23 13:31:28.046 I/VSyncReactor( 1101): Current= 60, Period= 120, hwcPeriod= 60
04-23 13:31:28.046 I/LayerHistory( 1101): com.toov1.dovizaltin/com.toov1.dovizaltin.MainActivity$_31248#6263 Max (can't resolve refresh rate)
04-23 13:31:28.046 I/LayerHistory( 1101): StatusBar$_1865#99 voted NoVote (0.00 Hz)
04-23 13:31:28.046 I/SurfaceFlinger( 1101): Touch Boost - choose 120.00 Hz
04-23 13:31:28.047 I/HWComposer( 1101): [4633128672291736000] ActiveConfigToHWC, ID : 3
04-23 13:31:28.049 D/display ( 1011): setActiveConfigWithConstraints:: PrimaryDisplay config(3)
04-23 13:31:28.049 I/display ( 1011): Current VRR MODE is 3
04-23 13:31:28.049 I/display ( 1011): setActiveConfigWithConstraints:: HFR match - config: 3, base: 3, try: 1
04-23 13:31:28.049 I/display ( 1011): setActiveConfigWithConstraints::update 1080x2340@120hs
04-23 13:31:28.049 I/display ( 1011): commit modeset : 1080x2340@120hs
04-23 13:31:28.054 I/GestureDetector( 1426): obtain mCurrentMotionEventRaw. action: 2 id: 945177635
04-23 13:31:28.054 I/GestureDetector( 1426): obtain mCurrentMotionEventRaw. action: 2 id: 945177635
04-23 13:31:28.082 W/display ( 1011): deliverWinConfigData:: commit modeset time (33 ms)
04-23 13:31:28.083 I/display ( 1011): [compareVsyncPeriod] set the lowest(mode:0) vsync 83 of display(0)
04-23 13:31:28.083 I/display ( 1011): getFpsForPerformance, performance table found using table(key:120, cpu:255)
04-23 13:31:28.083 I/display ( 1011): Set m2mMPP capacity(4) for fps(120)
04-23 13:31:28.083 I/display ( 1011): getFpsForPerformance, performance table found using table(key:120, cpu:255)
04-23 13:31:28.083 I/display ( 1011): Set Affinity config for fps(120) : cpuIDs : 255
04-23 13:31:28.083 I/display ( 1011): Set Affinity CPU ID : 0
04-23 13:31:28.083 I/display ( 1011): Set Affinity CPU ID : 1
04-23 13:31:28.083 I/display ( 1011): Set Affinity CPU ID : 2
04-23 13:31:28.083 I/display ( 1011): Set Affinity CPU ID : 3
04-23 13:31:28.083 I/display ( 1011): Set Affinity CPU ID : 4
04-23 13:31:28.083 I/display ( 1011): Set Affinity CPU ID : 5
04-23 13:31:28.083 I/display ( 1011): Set Affinity CPU ID : 6
04-23 13:31:28.083 I/display ( 1011): Set Affinity CPU ID : 7
04-23 13:31:28.083 I/display ( 1011): Set affinity HWC : 1011
04-23 13:31:28.083 I/display ( 1011): CPU set : Cluster(0), min_clock(0)
04-23 13:31:28.083 I/display ( 1011): CPU set : Cluster(1), min_clock(0)
04-23 13:31:28.083 I/display ( 1011): CPU set : Cluster(2), min_clock(0)
04-23 13:31:28.083 I/VSyncReactor( 1101): Current= 60, Period= 120, hwcPeriod= 120
04-23 13:31:28.084 I/SurfaceFlinger( 1101): finalizeDisplayModeChange 4633128672291736000
04-23 13:31:28.085 I/SurfaceFlinger( 1101): [com.toov1.dovizaltin/com.toov1.dovizaltin.MainActivity$_31248#6263] setFrameRateCategory: HighHint
04-23 13:31:28.109 W/app.telephonyui(31085): userfaultfd: MOVE ioctl seems unsupported: Connection timed out
04-23 13:31:28.120 D/InputReader( 1426): Btn_touch(3): value=0 when=41572.055259
04-23 13:31:28.120 I/InputReader( 1426): Touch event's action is 0x1 (id=5, t=0) [pCnt=1, s=] when=41572.055259
04-23 13:31:28.120 I/InputDispatcher( 1426): Delivering touch to (31248): action: 0x1, f=0x0, d=0, '6e8a5b6', t=1 
04-23 13:31:28.121 I/VRI[MainActivity]@b1caf08(31248): ViewPostIme pointer 1
04-23 13:31:28.130 D/VibratorManagerService( 1426): converted usage = TOUCH(18)
04-23 13:31:28.130 D/VibratorManagerService( 1426): vibrate - uid: 10472, opPkg: com.toov1.dovizaltin, effect: Mono{mEffect=Composed{segments=[Step{amplitude=0.0, frequencyHz=0.0, duration=0}, Step{amplitude=0.11764706, frequencyHz=0.0, duration=50}], repeat=-1, mMagnitudeType=TYPE_EXTRA}}, attrs: VibrationAttributes{mUsage=TOUCH, mAudioUsage= USAGE_UNKNOWN, mFlags=0, tags=}, reason: null, token: android.os.BinderProxy@62c879
04-23 13:31:28.130 D/VibratorManagerService( 1426): Starting vibrate for vibration 2017
04-23 13:31:28.130 D/VibratorManagerService( 1426): Check AppOp mode VIBRATE for uid 10472 and package com.toov1.dovizaltin returned audio=allow, op=allow
04-23 13:31:28.130 D/VibratorManagerService( 1426): Starting vibration 2017 on thread
04-23 13:31:28.131 D/VibratorManagerService( 1426): Start AppOp mode VIBRATE for uid 10472 and package com.toov1.dovizaltin returned allow
04-23 13:31:28.133 D/VibrationThread( 1426): Playing vibration id 2017 StartSequentialEffectStep
04-23 13:31:28.133 D/VibrationThread( 1426): StartSequentialEffectStep for effect #0
04-23 13:31:28.134 E/SecVibrator-HAL-AIDL-EXT( 1044): V_5_0: performPrebakedHapticPattern 0 : 4000 : 0
04-23 13:31:28.135 E/SecVibrator-HAL-AIDL-CORE( 1044): HW_API: [setRepeatForForceFeedbackAw]repeat: 0
04-23 13:31:28.135 E/SecVibrator-HAL-AIDL-CORE( 1044): HW_API: [setForceFeedbackAmplitude]amplitude: 4000
04-23 13:31:28.135 E/SecVibrator-HAL-AIDL-CORE( 1044): HW_API: [uploadForceFeedbackeffect]ioctl success ,uploaded effect with ID: 0
04-23 13:31:28.135 D/VibrationThread( 1426): Running amplitude step with 0ms latency.
04-23 13:31:28.135 D/MotionRecognitionService( 1426): inject vibrator info = 1.0
04-23 13:31:28.135 D/VibrationThread( 1426): Playing vibration id 2017 on vibrator 0 SetAmplitudeVibratorStep
04-23 13:31:28.135 D/VibrationThread( 1426): Running amplitude step with 0ms latency.
04-23 13:31:28.135 D/VibrationThread( 1426): Turning on vibrator 0 for 50ms
04-23 13:31:28.136 E/SecVibrator-HAL-AIDL-CORE( 1044): V_2_0: Vibrator set amplitude: 0.117647
04-23 13:31:28.136 E/SecVibrator-HAL-AIDL-CORE( 1044): HW_API: [isAmplitudeControlExist]return true
04-23 13:31:28.136 E/SecVibrator-HAL-AIDL-CORE( 1044): HW_API: [setForceFeedbackAmplitude]amplitude: 1176
04-23 13:31:28.136 D/VibrationThread( 1426): Turning on vibrator 0 for 50ms
04-23 13:31:28.136 I/SensorsHub( 1018): SensorBase::injectSensorData: LSM6DSVTR Accelerometer default injection, type=268435461
04-23 13:31:28.136 E/SecVibrator-HAL-AIDL-CORE( 1044): V_2_0: Vibrator on for timeoutMs: 50
04-23 13:31:28.136 E/SecVibrator-HAL-AIDL-CORE( 1044): HW_API: do_on for timeoutMs: 50
04-23 13:31:28.138 E/SecVibrator-HAL-AIDL-CORE( 1044): HW_API: [uploadForceFeedbackeffect]ioctl success ,uploaded effect with ID: 0
04-23 13:31:28.138 E/SecVibrator-HAL-AIDL-CORE( 1044): HW_API: [triggerForceFeedbackVibration]on: 1
04-23 13:31:28.139 D/VibrationThread( 1426): Turned on vibrator 0, result = 50
04-23 13:31:28.142 D/VibratorManagerService( 1426): converted usage = TOUCH(18)
04-23 13:31:28.142 D/VibratorManagerService( 1426): vibrate - uid: 10472, opPkg: com.toov1.dovizaltin, effect: Mono{mEffect=Composed{segments=[Step{amplitude=0.0, frequencyHz=0.0, duration=0}, Step{amplitude=0.19607843, frequencyHz=0.0, duration=43}], repeat=-1, mMagnitudeType=TYPE_EXTRA}}, attrs: VibrationAttributes{mUsage=TOUCH, mAudioUsage= USAGE_UNKNOWN, mFlags=0, tags=}, reason: null, token: android.os.BinderProxy@62c879
04-23 13:31:28.142 D/VibratorManagerService( 1426): Starting vibrate for vibration 2018
04-23 13:31:28.142 D/VibratorManagerService( 1426): Check AppOp mode VIBRATE for uid 10472 and package com.toov1.dovizaltin returned audio=allow, op=allow
04-23 13:31:28.142 D/VibrationThread( 1426): Vibration cancel requested with signal=EndInfo{status=CANCELLED_SUPERSEDED, endedBy=CallerInfo{ uid=10472, opPkg=com.toov1.dovizaltin, deviceId=0, attrs=VibrationAttributes{mUsage=TOUCH, mAudioUsage= USAGE_UNKNOWN, mFlags=0, tags=}, reason=null}}, immediate=false
04-23 13:31:28.142 D/VibrationThread( 1426): Playing vibration id 2017 on vibrator 0 CompleteEffectVibratorStep (cleanup)
04-23 13:31:28.142 D/VibrationThread( 1426): Running cancel vibration step on vibrator 0
04-23 13:31:28.142 D/VibrationThread( 1426): Turning off vibrator 0
04-23 13:31:28.143 E/SecVibrator-HAL-AIDL-CORE( 1044): V_2_0: Vibrator off
04-23 13:31:28.143 E/SecVibrator-HAL-AIDL-CORE( 1044): HW_API: do_off
04-23 13:31:28.143 E/SecVibrator-HAL-AIDL-CORE( 1044): HW_API: [triggerForceFeedbackVibration]on: 0
04-23 13:31:28.143 D/VibrationThread( 1426): Vibration 2017 finished with EndInfo{status=CANCELLED_SUPERSEDED, endedBy=CallerInfo{ uid=10472, opPkg=com.toov1.dovizaltin, deviceId=0, attrs=VibrationAttributes{mUsage=TOUCH, mAudioUsage= USAGE_UNKNOWN, mFlags=0, tags=}, reason=null}}
04-23 13:31:28.143 D/VibratorManagerService( 1426): VibrationThread released vibration 2017
04-23 13:31:28.143 D/VibratorManagerService( 1426): Finish AppOp mode VIBRATE for uid 10472 and package com.toov1.dovizaltin
04-23 13:31:28.144 D/VibratorManagerService( 1426): Vibration for uid=10472 and with attrs=VibrationAttributes{mUsage=TOUCH, mAudioUsage= USAGE_UNKNOWN, mFlags=0, tags=} ended with status CANCELLED_SUPERSEDED
04-23 13:31:28.144 D/VibratorManagerService( 1426): Starting vibration 2018 on thread
04-23 13:31:28.144 D/VibratorManagerService( 1426): Start AppOp mode VIBRATE for uid 10472 and package com.toov1.dovizaltin returned allow
04-23 13:31:28.146 D/VibrationThread( 1426): Playing vibration id 2018 StartSequentialEffectStep
04-23 13:31:28.146 D/VibrationThread( 1426): StartSequentialEffectStep for effect #0
04-23 13:31:28.146 E/SecVibrator-HAL-AIDL-EXT( 1044): V_5_0: performPrebakedHapticPattern 0 : 4000 : 0
