04-23 13:31:28.147 E/SecVibrator-HAL-AIDL-CORE( 1044): HW_API: [setRepeatForForceFeedbackAw]repeat: 0
04-23 13:31:28.147 E/SecVibrator-HAL-AIDL-CORE( 1044): HW_API: [setForceFeedbackAmplitude]amplitude: 4000
04-23 13:31:28.152 W/unknown:ViewManagerPropertyUpdater(31248): Could not find generated setter for class com.facebook.react.uimanager.RootViewManager
04-23 13:31:28.174 I/VSyncReactor( 1101): Current= 120, Period= 120, hwcPeriod= 120
04-23 13:31:28.175 D/io_stats(  727): !@   8,0 r 5840438 125052177 w 1182007 48560820 d 462188 193615904 f 0 83291 iot 2396648 0 th 0 0 0 pt 0 inp 0 0 41572.110
04-23 13:31:28.176 E/SecVibrator-HAL-AIDL-CORE( 1044): HW_API: [uploadForceFeedbackeffect]ioctl success ,uploaded effect with ID: 0
04-23 13:31:28.176 D/io_stats(  727): !@ Read_top(KB): loop48(2834) 10496 chbox:googleapp(23163) 1244 android.vending(4094) 252
04-23 13:31:28.176 D/io_stats(  727): !@ Write_top(KB): system_server(1426) 96 roid.honeyboard(4353) 76 kworker/u16:12(20265) 44
04-23 13:31:28.176 D/VibrationThread( 1426): Running amplitude step with 0ms latency.
04-23 13:31:28.177 D/VibrationThread( 1426): Playing vibration id 2018 on vibrator 0 SetAmplitudeVibratorStep
04-23 13:31:28.177 D/VibrationThread( 1426): Running amplitude step with 1ms latency.
04-23 13:31:28.177 D/VibrationThread( 1426): Turning on vibrator 0 for 43ms
04-23 13:31:28.177 E/SecVibrator-HAL-AIDL-CORE( 1044): V_2_0: Vibrator set amplitude: 0.196078
04-23 13:31:28.177 E/SecVibrator-HAL-AIDL-CORE( 1044): HW_API: [isAmplitudeControlExist]return true
04-23 13:31:28.177 E/SecVibrator-HAL-AIDL-CORE( 1044): HW_API: [setForceFeedbackAmplitude]amplitude: 1960
04-23 13:31:28.177 D/VibrationThread( 1426): Turning on vibrator 0 for 43ms
04-23 13:31:28.177 E/SecVibrator-HAL-AIDL-CORE( 1044): V_2_0: Vibrator on for timeoutMs: 43
04-23 13:31:28.177 E/SecVibrator-HAL-AIDL-CORE( 1044): HW_API: do_on for timeoutMs: 43
04-23 13:31:28.178 E/SecVibrator-HAL-AIDL-CORE( 1044): HW_API: [uploadForceFeedbackeffect]ioctl success ,uploaded effect with ID: 0
04-23 13:31:28.178 E/SecVibrator-HAL-AIDL-CORE( 1044): HW_API: [triggerForceFeedbackVibration]on: 1
04-23 13:31:28.178 D/VibrationThread( 1426): Turned on vibrator 0, result = 43
04-23 13:31:28.182 E/HeatmapThread( 1092): ECT Thread time in milliseconds: 1776940288
04-23 13:31:28.182 D/HeatmapThread( 1092): !@ batteryplugType : 0
04-23 13:31:28.183 D/HeatmapThread( 1092): !@ batteryLevel : 0  batteryTemperature : 0 
04-23 13:31:28.183 D/HeatmapThread( 1092): !@ Heatmap currtime: 29615671
04-23 13:31:28.183 D/HeatmapThread( 1092): !@ Heatmap prevtime: 29615654
04-23 13:31:28.183 D/HeatmapThread( 1092): !@ Heatmap plugstarttime: 35791394
04-23 13:31:28.183 D/HeatmapThread( 1092): !@ Heatmap prevv_dsoh_update_time: 29614964
04-23 13:31:28.183 E/HeatmapThread( 1092): !@Could not open '/efs/FactoryApp/bsoh', errno = 13
04-23 13:31:28.183 E/HeatmapThread( 1092): !@ CAM Could not access BSOH EFS
04-23 13:31:28.183 E/HeatmapThread( 1092): !@ CAM New BSOH: 0
04-23 13:31:28.219 D/VibrationThread( 1426): Playing vibration id 2018 on vibrator 0 CompleteEffectVibratorStep
04-23 13:31:28.219 D/VibrationThread( 1426): Running complete vibration step on vibrator 0
04-23 13:31:28.221 D/VibratorManagerService( 1426): Vibration 2018 step 0 on vibrator 0 complete, notifying thread
04-23 13:31:28.221 D/VibrationThread( 1426): Vibration complete reported by vibrator 0
04-23 13:31:28.221 D/VibrationThread( 1426): Received completion callback from 0, accepted = true
04-23 13:31:28.221 D/VibrationThread( 1426): Playing vibration id 2018 on vibrator 0 TurnOffVibratorStep
04-23 13:31:28.221 D/VibrationThread( 1426): Turning off vibrator 0
04-23 13:31:28.221 E/SecVibrator-HAL-AIDL-CORE( 1044): V_2_0: Vibrator off
04-23 13:31:28.221 E/SecVibrator-HAL-AIDL-CORE( 1044): HW_API: do_off
04-23 13:31:28.221 E/SecVibrator-HAL-AIDL-CORE( 1044): HW_API: [triggerForceFeedbackVibration]on: 0
04-23 13:31:28.221 D/VibrationThread( 1426): Vibration 2018 finished with EndInfo{status=FINISHED, endedBy=null}
04-23 13:31:28.221 D/VibrationThread( 1426): Playing vibration id 2018 FinishSequentialEffectStep (cleanup)
04-23 13:31:28.221 D/VibrationThread( 1426): FinishSequentialEffectStep for effect #0
04-23 13:31:28.222 D/VibratorManagerService( 1426): VibrationThread released vibration 2018
04-23 13:31:28.222 D/VibratorManagerService( 1426): Finish AppOp mode VIBRATE for uid 10472 and package com.toov1.dovizaltin
04-23 13:31:28.222 D/VibratorManagerService( 1426): Vibration for uid=10472 and with attrs=VibrationAttributes{mUsage=TOUCH, mAudioUsage= USAGE_UNKNOWN, mFlags=0, tags=} ended with status FINISHED
04-23 13:31:28.344 I/GestureDetector( 1426): handleMessage TAP
04-23 13:31:28.345 I/GestureDetector( 1426): handleMessage TAP
04-23 13:31:28.521 E/TaskPersister( 1426): File error accessing recents directory (directory doesn't exist?).
04-23 13:31:28.849 D/InputReader( 1426): Btn_touch(3): value=1 when=41572.783772
04-23 13:31:28.850 I/InputReader( 1426): Touch event's action is 0x0 (id=5, t=0) [pCnt=1, s=0.4946 ] when=41572.783772
04-23 13:31:28.852 I/InputDispatcher( 1426): Delivering touch to (1865): action: 0x4, f=0x0, d=0, '682768d', t=1 
04-23 13:31:28.853 I/InputDispatcher( 1426): Delivering touch to (31248): action: 0x0, f=0x0, d=0, '6e8a5b6', t=1 
04-23 13:31:28.853 I/VRI[MainActivity]@b1caf08(31248): ViewPostIme pointer 0
04-23 13:31:28.854 I/GestureDetector( 1426): obtain mCurrentDownEvent. id: 819346939 caller: com.android.server.wm.SystemGesturesPointerEventListener.onPointerEvent:17 com.android.server.wm.PointerEventDispatcher.onInputEvent:51 android.view.InputEventReceiver.dispatchInputEvent:392 
04-23 13:31:28.854 I/GestureDetector( 1426): obtain mCurrentDownEvent. id: 819346939 caller: com.android.server.wm.SystemPerformancePointerEventListener.onPointerEvent:13 com.android.server.wm.PointerEventDispatcher.onInputEvent:51 android.view.InputEventReceiver.dispatchInputEvent:392 
04-23 13:31:28.856 I/GestureDetector( 1426): obtain mCurrentMotionEventRaw. action: 2 id: 82015363
04-23 13:31:28.856 I/GestureDetector( 1426): obtain mCurrentMotionEventRaw. action: 2 id: 82015363
04-23 13:31:28.856 I/SemDvfsHyPerManager( 3856): acquire hyper - TABoost/3856@29, type = -999
04-23 13:31:28.857 I/HYPER-HAL( 1025): [RequestManager.cpp]acquire(): Acquired ID : 7548584  [3856 / 29]    HINT :      list : [TABoost / 1] [TIMEOUT / 1500] 
04-23 13:31:28.955 I/SemDvfsHyPerManager( 3856): acquire hyper - TABoost/3856@29, type = -999
04-23 13:31:28.956 I/HYPER-HAL( 1025): [RequestManager.cpp]acquire(): Acquired ID : 7548584  [3856 / 29]    HINT :      list : [TABoost / 1] [TIMEOUT / 1500] 
04-23 13:31:28.972 D/MotionRecognitionService( 1426): inject vibrator info = 0.0
04-23 13:31:28.973 I/SensorsHub( 1018): SensorBase::injectSensorData: LSM6DSVTR Accelerometer default injection, type=268435461
04-23 13:31:28.983 I/Pageboost( 1426): Launcher App Execution
04-23 13:31:29.054 D/PowerManagerService( 1426): [api] userActivityFromNative : touch displayId=0 eventTime=41572988
04-23 13:31:29.164 I/SemDvfsHyPerManager( 3856): acquire hyper - TABoost/3856@29, type = -999
04-23 13:31:29.164 I/HYPER-HAL( 1025): [RequestManager.cpp]acquire(): Acquired ID : 7548584  [3856 / 29]    HINT :      list : [TABoost / 1] [TIMEOUT / 1500] 
04-23 13:31:29.182 E/HeatmapThread( 1092): ECT Thread time in milliseconds: 1776940289
04-23 13:31:29.182 D/HeatmapThread( 1092): !@ batteryplugType : 0
04-23 13:31:29.182 D/HeatmapThread( 1092): !@ batteryLevel : 0  batteryTemperature : 0 
04-23 13:31:29.182 D/HeatmapThread( 1092): !@ Heatmap currtime: 29615671
04-23 13:31:29.182 D/HeatmapThread( 1092): !@ Heatmap prevtime: 29615654
04-23 13:31:29.182 D/HeatmapThread( 1092): !@ Heatmap plugstarttime: 35791394
04-23 13:31:29.182 D/HeatmapThread( 1092): !@ Heatmap prevv_dsoh_update_time: 29614964
04-23 13:31:29.182 E/HeatmapThread( 1092): !@Could not open '/efs/FactoryApp/bsoh', errno = 13
04-23 13:31:29.183 E/HeatmapThread( 1092): !@ CAM Could not access BSOH EFS
04-23 13:31:29.183 E/HeatmapThread( 1092): !@ CAM New BSOH: 0
04-23 13:31:29.311 D/InputReader( 1426): Btn_touch(3): value=0 when=41573.246846
04-23 13:31:29.312 I/InputReader( 1426): Touch event's action is 0x1 (id=5, t=0) [pCnt=1, s=] when=41573.246846
04-23 13:31:29.312 I/InputDispatcher( 1426): Delivering touch to (31248): action: 0x1, f=0x0, d=0, '6e8a5b6', t=1 
04-23 13:31:29.313 I/VRI[MainActivity]@b1caf08(31248): ViewPostIme pointer 1
04-23 13:31:29.527 I/HYPER-HAL( 1025): [RequestManager.cpp]releaseLocked(): Released ID : 7521403
04-23 13:31:29.563 D/DisplayModeController( 1101): setDesiredMode 4633128672291736000 {mode={fps=60.00 Hz, modePtr={id=1, vsyncRate=60.00 Hz, peakRefreshRate=60.00 Hz}}, emitEvent=false, force=false}
04-23 13:31:29.567 I/VSyncReactor( 1101): Current= 120, Period= 60, hwcPeriod= 120
04-23 13:31:29.567 I/LayerHistory( 1101): com.toov1.dovizaltin/com.toov1.dovizaltin.MainActivity$_31248#6263 voted ExplicitCategory with category: HighHint
04-23 13:31:29.567 I/SurfaceFlinger( 1101): Idle - choose 60.00 Hz
04-23 13:31:29.568 I/HWComposer( 1101): [4633128672291736000] ActiveConfigToHWC, ID : 4
04-23 13:31:29.570 D/display ( 1011): setActiveConfigWithConstraints:: PrimaryDisplay config(4)
04-23 13:31:29.570 I/display ( 1011): Current VRR MODE is 3
04-23 13:31:29.570 I/display ( 1011): setActiveConfigWithConstraints:: HFR match - config: 5, base: 4, try: 0
04-23 13:31:29.570 I/display ( 1011): setActiveConfigWithConstraints::update 1080x2340@60phs
04-23 13:31:29.570 I/display ( 1011): commit modeset : 1080x2340@60phs
04-23 13:31:29.615 W/display ( 1011): deliverWinConfigData:: commit modeset time (44 ms)
04-23 13:31:29.617 I/display ( 1011): [compareVsyncPeriod] set the lowest(mode:0) vsync 166 of display(0)
04-23 13:31:29.617 I/display ( 1011): getFpsForPerformance, performance table found using table(key:60, cpu:255)
04-23 13:31:29.617 I/display ( 1011): Set m2mMPP capacity(8) for fps(60)
04-23 13:31:29.617 I/display ( 1011): getFpsForPerformance, performance table found using table(key:60, cpu:255)
04-23 13:31:29.617 I/display ( 1011): Set Affinity config for fps(60) : cpuIDs : 255
04-23 13:31:29.617 I/display ( 1011): Set Affinity CPU ID : 0
04-23 13:31:29.617 I/display ( 1011): Set Affinity CPU ID : 1
04-23 13:31:29.617 I/display ( 1011): Set Affinity CPU ID : 2
04-23 13:31:29.617 I/display ( 1011): Set Affinity CPU ID : 3
04-23 13:31:29.617 I/display ( 1011): Set Affinity CPU ID : 4
04-23 13:31:29.617 I/display ( 1011): Set Affinity CPU ID : 5
04-23 13:31:29.617 I/display ( 1011): Set Affinity CPU ID : 6
04-23 13:31:29.617 I/display ( 1011): Set Affinity CPU ID : 7
04-23 13:31:29.617 I/display ( 1011): Set affinity HWC : 1011
04-23 13:31:29.617 I/display ( 1011): CPU set : Cluster(0), min_clock(0)
04-23 13:31:29.617 I/display ( 1011): CPU set : Cluster(1), min_clock(0)
04-23 13:31:29.617 I/display ( 1011): CPU set : Cluster(2), min_clock(0)
04-23 13:31:29.617 I/VSyncReactor( 1101): Current= 120, Period= 60, hwcPeriod= 60
04-23 13:31:29.618 D/SurfaceFlinger( 1101): GPIS:: requestGpisForSFSluggish
04-23 13:31:29.618 I/SurfaceFlinger( 1101): finalizeDisplayModeChange 4633128672291736000
04-23 13:31:29.881 I/HoneySpace.StatusIconTracker(23211): invokeEvent() called with: event = Mobile(bundle=Bundle[mParcelledData.dataSize=256])
04-23 13:31:29.898 D/DisplayModeController( 1101): setDesiredMode 4633128672291736000 {mode={fps=120.00 Hz, modePtr={id=0, vsyncRate=120.00 Hz, peakRefreshRate=120.00 Hz}}, emitEvent=true, force=false}
04-23 13:31:29.900 I/VSyncReactor( 1101): Current= 60, Period= 120, hwcPeriod= 60
04-23 13:31:29.909 I/LayerHistory( 1101): StatusBar$_1865#99 voted NoVote (0.00 Hz)
04-23 13:31:29.909 I/LayerHistory( 1101): com.toov1.dovizaltin/com.toov1.dovizaltin.MainActivity$_31248#6263 voted ExplicitCategory with category: HighHint
04-23 13:31:29.909 I/SurfaceFlinger( 1101): Touch Control - choose 120.00 Hz
04-23 13:31:29.910 I/HWComposer( 1101): [4633128672291736000] ActiveConfigToHWC, ID : 3
04-23 13:31:29.912 D/display ( 1011): setActiveConfigWithConstraints:: PrimaryDisplay config(3)
04-23 13:31:29.912 I/display ( 1011): Current VRR MODE is 3
04-23 13:31:29.912 I/display ( 1011): setActiveConfigWithConstraints:: HFR match - config: 3, base: 3, try: 1
04-23 13:31:29.912 I/display ( 1011): setActiveConfigWithConstraints::update 1080x2340@120hs
04-23 13:31:29.913 I/display ( 1011): commit modeset : 1080x2340@120hs
04-23 13:31:29.949 W/display ( 1011): deliverWinConfigData:: commit modeset time (36 ms)
04-23 13:31:29.951 I/display ( 1011): [compareVsyncPeriod] set the lowest(mode:0) vsync 83 of display(0)
04-23 13:31:29.951 I/display ( 1011): getFpsForPerformance, performance table found using table(key:120, cpu:255)
04-23 13:31:29.951 I/display ( 1011): Set m2mMPP capacity(4) for fps(120)
04-23 13:31:29.951 I/display ( 1011): getFpsForPerformance, performance table found using table(key:120, cpu:255)
04-23 13:31:29.951 I/display ( 1011): Set Affinity config for fps(120) : cpuIDs : 255
04-23 13:31:29.951 I/display ( 1011): Set Affinity CPU ID : 0
04-23 13:31:29.951 I/display ( 1011): Set Affinity CPU ID : 1
04-23 13:31:29.951 I/display ( 1011): Set Affinity CPU ID : 2
04-23 13:31:29.951 I/display ( 1011): Set Affinity CPU ID : 3
04-23 13:31:29.951 I/display ( 1011): Set Affinity CPU ID : 4
04-23 13:31:29.951 I/display ( 1011): Set Affinity CPU ID : 5
04-23 13:31:29.951 I/display ( 1011): Set Affinity CPU ID : 6
04-23 13:31:29.951 I/display ( 1011): Set Affinity CPU ID : 7
04-23 13:31:29.951 I/display ( 1011): Set affinity HWC : 1011
04-23 13:31:29.951 I/display ( 1011): CPU set : Cluster(0), min_clock(0)
04-23 13:31:29.951 I/display ( 1011): CPU set : Cluster(1), min_clock(0)
04-23 13:31:29.951 I/display ( 1011): CPU set : Cluster(2), min_clock(0)
04-23 13:31:29.952 I/SurfaceFlinger( 1101): finalizeDisplayModeChange 4633128672291736000
04-23 13:31:29.953 I/VSyncReactor( 1101): Current= 60, Period= 120, hwcPeriod= 120
04-23 13:31:30.140 D/InputReader( 1426): Btn_touch(3): value=1 when=41574.074124
04-23 13:31:30.140 I/InputReader( 1426): Touch event's action is 0x0 (id=5, t=0) [pCnt=1, s=0.4947 ] when=41574.074124
04-23 13:31:30.142 I/InputDispatcher( 1426): Delivering touch to (1865): action: 0x4, f=0x0, d=0, '682768d', t=1 
04-23 13:31:30.142 I/InputDispatcher( 1426): Delivering touch to (31248): action: 0x0, f=0x0, d=0, '6e8a5b6', t=1 
04-23 13:31:30.143 D/PowerManagerService( 1426): [api] userActivityFromNative : touch displayId=0 eventTime=41574074
04-23 13:31:30.143 I/GestureDetector( 1426): obtain mCurrentDownEvent. id: 965612407 caller: com.android.server.wm.SystemGesturesPointerEventListener.onPointerEvent:17 com.android.server.wm.PointerEventDispatcher.onInputEvent:51 android.view.InputEventReceiver.dispatchInputEvent:392 
04-23 13:31:30.143 I/GestureDetector( 1426): obtain mCurrentDownEvent. id: 965612407 caller: com.android.server.wm.SystemPerformancePointerEventListener.onPointerEvent:13 com.android.server.wm.PointerEventDispatcher.onInputEvent:51 android.view.InputEventReceiver.dispatchInputEvent:392 
04-23 13:31:30.144 I/VRI[MainActivity]@b1caf08(31248): ViewPostIme pointer 0
04-23 13:31:30.145 I/SemDvfsHyPerManager( 3856): acquire hyper - TABoost/3856@29, type = -999
04-23 13:31:30.145 I/HYPER-HAL( 1025): [RequestManager.cpp]acquire(): Acquired ID : 7548584  [3856 / 29]    HINT :      list : [TABoost / 1] [TIMEOUT / 1500] 
04-23 13:31:30.146 I/GestureDetector( 1426): obtain mCurrentMotionEventRaw. action: 2 id: 578495254
04-23 13:31:30.146 I/GestureDetector( 1426): obtain mCurrentMotionEventRaw. action: 2 id: 578495254
04-23 13:31:30.177 D/io_stats(  727): !@   8,0 r 5840515 125052909 w 1182047 48562620 d 462188 193615904 f 0 83292 iot 2396692 0 th 0 0 0 pt 0 inp 0 0 41574.112
04-23 13:31:30.182 E/HeatmapThread( 1092): ECT Thread time in milliseconds: 1776940290
04-23 13:31:30.182 D/HeatmapThread( 1092): !@ batteryplugType : 0
04-23 13:31:30.182 D/HeatmapThread( 1092): !@ batteryLevel : 0  batteryTemperature : 0 
04-23 13:31:30.182 D/HeatmapThread( 1092): !@ Heatmap currtime: 29615671
04-23 13:31:30.182 D/HeatmapThread( 1092): !@ Heatmap prevtime: 29615654
04-23 13:31:30.182 D/HeatmapThread( 1092): !@ Heatmap plugstarttime: 35791394
04-23 13:31:30.182 D/HeatmapThread( 1092): !@ Heatmap prevv_dsoh_update_time: 29614964
04-23 13:31:30.182 E/HeatmapThread( 1092): !@Could not open '/efs/FactoryApp/bsoh', errno = 13
04-23 13:31:30.182 E/HeatmapThread( 1092): !@ CAM Could not access BSOH EFS
04-23 13:31:30.182 E/HeatmapThread( 1092): !@ CAM New BSOH: 0
04-23 13:31:30.241 D/SemInputMotionEventDispatcher( 1426): registerMotionEventListener: already registered: com.samsung.android.hardware.secinputdev.taas.ExternalApi$5@6a15fcb
04-23 13:31:30.246 I/SemDvfsHyPerManager( 3856): acquire hyper - TABoost/3856@29, type = -999
04-23 13:31:30.247 I/HYPER-HAL( 1025): [RequestManager.cpp]acquire(): Acquired ID : 7548584  [3856 / 29]    HINT :      list : [TABoost / 1] [TIMEOUT / 1500] 
04-23 13:31:30.355 I/SemDvfsHyPerManager( 3856): acquire hyper - TABoost/3856@29, type = -999
04-23 13:31:30.356 I/HYPER-HAL( 1025): [RequestManager.cpp]acquire(): Acquired ID : 7548584  [3856 / 29]    HINT :      list : [TABoost / 1] [TIMEOUT / 1500] 
04-23 13:31:30.463 I/SemDvfsHyPerManager( 3856): acquire hyper - TABoost/3856@29, type = -999
04-23 13:31:30.464 I/HYPER-HAL( 1025): [RequestManager.cpp]acquire(): Acquired ID : 7548584  [3856 / 29]    HINT :      list : [TABoost / 1] [TIMEOUT / 1500] 
04-23 13:31:30.664 I/SemDvfsHyPerManager( 3856): acquire hyper - TABoost/3856@29, type = -999
04-23 13:31:30.665 I/HYPER-HAL( 1025): [RequestManager.cpp]acquire(): Acquired ID : 7548584  [3856 / 29]    HINT :      list : [TABoost / 1] [TIMEOUT / 1500] 
04-23 13:31:30.761 D/InputReader( 1426): Btn_touch(3): value=0 when=41574.696742
04-23 13:31:30.761 I/InputReader( 1426): Touch event's action is 0x1 (id=5, t=0) [pCnt=1, s=] when=41574.696742
04-23 13:31:30.762 I/InputDispatcher( 1426): Delivering touch to (31248): action: 0x1, f=0x0, d=0, '6e8a5b6', t=1 
04-23 13:31:30.763 I/VRI[MainActivity]@b1caf08(31248): ViewPostIme pointer 1
04-23 13:31:30.763 I/SemDvfsHyPerManager( 1426): acquire hyper - GESTURE_DETECTED_HRR/1426@28, type = -999
04-23 13:31:30.764 I/SemDvfsHyPerManager( 1426): acquire hyper - GESTURE_DETECTED_HRR/1426@28, type = -999
04-23 13:31:30.764 I/HYPER-HAL( 1025): [RequestManager.cpp]acquire(): Acquired ID : 1057813  [1426 / 28]    HINT : GESTURE_DETECTED_HRR    list : [TIMEOUT / 234] 
04-23 13:31:30.770 I/HYPER-HAL( 1025): [RequestManager.cpp]acquire(): Acquired ID : 1057813  [1426 / 28]    HINT : GESTURE_DETECTED_HRR    list : [TIMEOUT / 234] 
04-23 13:31:31.007 I/HYPER-HAL( 1025): [RequestManager.cpp]releaseLocked(): Released ID : 1057813
04-23 13:31:31.114 D/InputReader( 1426): Btn_touch(3): value=1 when=41575.048548
04-23 13:31:31.114 I/InputReader( 1426): Touch event's action is 0x0 (id=5, t=0) [pCnt=1, s=0.4948 ] when=41575.048548
04-23 13:31:31.115 I/InputDispatcher( 1426): Delivering touch to (1865): action: 0x4, f=0x0, d=0, '682768d', t=1 
04-23 13:31:31.115 I/InputDispatcher( 1426): Delivering touch to (31248): action: 0x0, f=0x0, d=0, '6e8a5b6', t=1 
04-23 13:31:31.116 I/VRI[MainActivity]@b1caf08(31248): ViewPostIme pointer 0
04-23 13:31:31.117 I/GestureDetector( 1426): obtain mCurrentDownEvent. id: 364453631 caller: com.android.server.wm.SystemGesturesPointerEventListener.onPointerEvent:17 com.android.server.wm.PointerEventDispatcher.onInputEvent:51 android.view.InputEventReceiver.dispatchInputEvent:392 
04-23 13:31:31.117 I/GestureDetector( 1426): obtain mCurrentDownEvent. id: 364453631 caller: com.android.server.wm.SystemPerformancePointerEventListener.onPointerEvent:13 com.android.server.wm.PointerEventDispatcher.onInputEvent:51 android.view.InputEventReceiver.dispatchInputEvent:392 
04-23 13:31:31.117 I/SemDvfsHyPerManager( 3856): acquire hyper - TABoost/3856@29, type = -999
04-23 13:31:31.118 I/HYPER-HAL( 1025): [RequestManager.cpp]acquire(): Acquired ID : 7548584  [3856 / 29]    HINT :      list : [TABoost / 1] [TIMEOUT / 1500] 
04-23 13:31:31.121 I/GestureDetector( 1426): obtain mCurrentMotionEventRaw. action: 2 id: 184823536
04-23 13:31:31.121 I/GestureDetector( 1426): obtain mCurrentMotionEventRaw. action: 2 id: 184823536
04-23 13:31:31.169 D/InputReader( 1426): Btn_touch(3): value=0 when=41575.104593
04-23 13:31:31.170 I/InputReader( 1426): Touch event's action is 0x1 (id=5, t=0) [pCnt=1, s=] when=41575.104593
04-23 13:31:31.170 I/InputDispatcher( 1426): Delivering touch to (31248): action: 0x1, f=0x0, d=0, '6e8a5b6', t=1 
04-23 13:31:31.171 I/VRI[MainActivity]@b1caf08(31248): ViewPostIme pointer 1
04-23 13:31:31.176 D/VibratorManagerService( 1426): converted usage = TOUCH(18)
04-23 13:31:31.176 D/VibratorManagerService( 1426): vibrate - uid: 10472, opPkg: com.toov1.dovizaltin, effect: Mono{mEffect=Composed{segments=[Step{amplitude=0.0, frequencyHz=0.0, duration=0}, Step{amplitude=0.11764706, frequencyHz=0.0, duration=50}], repeat=-1, mMagnitudeType=TYPE_EXTRA}}, attrs: VibrationAttributes{mUsage=TOUCH, mAudioUsage= USAGE_UNKNOWN, mFlags=0, tags=}, reason: null, token: android.os.BinderProxy@62c879
04-23 13:31:31.176 D/VibratorManagerService( 1426): Starting vibrate for vibration 2019
04-23 13:31:31.176 D/VibratorManagerService( 1426): Check AppOp mode VIBRATE for uid 10472 and package com.toov1.dovizaltin returned audio=allow, op=allow
04-23 13:31:31.176 D/VibratorManagerService( 1426): Starting vibration 2019 on thread
04-23 13:31:31.176 D/VibratorManagerService( 1426): Start AppOp mode VIBRATE for uid 10472 and package com.toov1.dovizaltin returned allow
04-23 13:31:31.180 D/VibrationThread( 1426): Playing vibration id 2019 StartSequentialEffectStep
04-23 13:31:31.180 D/VibrationThread( 1426): StartSequentialEffectStep for effect #0
04-23 13:31:31.181 E/SecVibrator-HAL-AIDL-EXT( 1044): V_5_0: performPrebakedHapticPattern 0 : 4000 : 0
04-23 13:31:31.182 E/HeatmapThread( 1092): ECT Thread time in milliseconds: 1776940291
04-23 13:31:31.182 D/HeatmapThread( 1092): !@ batteryplugType : 0
04-23 13:31:31.182 E/SecVibrator-HAL-AIDL-CORE( 1044): HW_API: [setRepeatForForceFeedbackAw]repeat: 0
04-23 13:31:31.182 E/SecVibrator-HAL-AIDL-CORE( 1044): HW_API: [setForceFeedbackAmplitude]amplitude: 4000
04-23 13:31:31.182 D/HeatmapThread( 1092): !@ batteryLevel : 0  batteryTemperature : 0 
04-23 13:31:31.182 D/HeatmapThread( 1092): !@ Heatmap currtime: 29615671
04-23 13:31:31.182 D/HeatmapThread( 1092): !@ Heatmap prevtime: 29615654
04-23 13:31:31.182 D/HeatmapThread( 1092): !@ Heatmap plugstarttime: 35791394
04-23 13:31:31.182 D/HeatmapThread( 1092): !@ Heatmap prevv_dsoh_update_time: 29614964
04-23 13:31:31.182 E/SecVibrator-HAL-AIDL-CORE( 1044): HW_API: [uploadForceFeedbackeffect]ioctl success ,uploaded effect with ID: 0
04-23 13:31:31.182 E/HeatmapThread( 1092): !@Could not open '/efs/FactoryApp/bsoh', errno = 13
04-23 13:31:31.182 E/HeatmapThread( 1092): !@ CAM Could not access BSOH EFS
04-23 13:31:31.182 D/VibrationThread( 1426): Running amplitude step with 0ms latency.
04-23 13:31:31.182 E/HeatmapThread( 1092): !@ CAM New BSOH: 0
04-23 13:31:31.182 D/MotionRecognitionService( 1426): inject vibrator info = 1.0
04-23 13:31:31.182 D/VibrationThread( 1426): Playing vibration id 2019 on vibrator 0 SetAmplitudeVibratorStep
04-23 13:31:31.183 D/VibrationThread( 1426): Running amplitude step with 1ms latency.
04-23 13:31:31.183 D/VibrationThread( 1426): Turning on vibrator 0 for 50ms
04-23 13:31:31.183 E/SecVibrator-HAL-AIDL-CORE( 1044): V_2_0: Vibrator set amplitude: 0.117647
04-23 13:31:31.183 E/SecVibrator-HAL-AIDL-CORE( 1044): HW_API: [isAmplitudeControlExist]return true
04-23 13:31:31.183 E/SecVibrator-HAL-AIDL-CORE( 1044): HW_API: [setForceFeedbackAmplitude]amplitude: 1176
04-23 13:31:31.183 D/VibrationThread( 1426): Turning on vibrator 0 for 50ms
04-23 13:31:31.183 I/SensorsHub( 1018): SensorBase::injectSensorData: LSM6DSVTR Accelerometer default injection, type=268435461
04-23 13:31:31.183 E/SecVibrator-HAL-AIDL-CORE( 1044): V_2_0: Vibrator on for timeoutMs: 50
04-23 13:31:31.183 E/SecVibrator-HAL-AIDL-CORE( 1044): HW_API: do_on for timeoutMs: 50
04-23 13:31:31.186 E/SecVibrator-HAL-AIDL-CORE( 1044): HW_API: [uploadForceFeedbackeffect]ioctl success ,uploaded effect with ID: 0
04-23 13:31:31.186 E/SecVibrator-HAL-AIDL-CORE( 1044): HW_API: [triggerForceFeedbackVibration]on: 1
04-23 13:31:31.187 D/VibrationThread( 1426): Turned on vibrator 0, result = 50
04-23 13:31:31.232 D/VibrationThread( 1426): Playing vibration id 2019 on vibrator 0 CompleteEffectVibratorStep
04-23 13:31:31.234 D/VibrationThread( 1426): Running complete vibration step on vibrator 0
04-23 13:31:31.237 D/VibratorManagerService( 1426): Vibration 2019 step 0 on vibrator 0 complete, notifying thread
04-23 13:31:31.237 D/VibrationThread( 1426): Vibration complete reported by vibrator 0
04-23 13:31:31.237 D/VibrationThread( 1426): Received completion callback from 0, accepted = true
04-23 13:31:31.237 D/VibrationThread( 1426): Playing vibration id 2019 on vibrator 0 TurnOffVibratorStep
04-23 13:31:31.237 D/VibrationThread( 1426): Turning off vibrator 0
04-23 13:31:31.237 E/SecVibrator-HAL-AIDL-CORE( 1044): V_2_0: Vibrator off
04-23 13:31:31.237 E/SecVibrator-HAL-AIDL-CORE( 1044): HW_API: do_off
04-23 13:31:31.237 E/SecVibrator-HAL-AIDL-CORE( 1044): HW_API: [triggerForceFeedbackVibration]on: 0
04-23 13:31:31.238 D/VibrationThread( 1426): Vibration 2019 finished with EndInfo{status=FINISHED, endedBy=null}
04-23 13:31:31.238 D/VibrationThread( 1426): Playing vibration id 2019 FinishSequentialEffectStep (cleanup)
04-23 13:31:31.238 D/VibrationThread( 1426): FinishSequentialEffectStep for effect #0
04-23 13:31:31.239 D/VibratorManagerService( 1426): VibrationThread released vibration 2019
04-23 13:31:31.239 D/VibratorManagerService( 1426): Finish AppOp mode VIBRATE for uid 10472 and package com.toov1.dovizaltin
04-23 13:31:31.240 D/VibratorManagerService( 1426): Vibration for uid=10472 and with attrs=VibrationAttributes{mUsage=TOUCH, mAudioUsage= USAGE_UNKNOWN, mFlags=0, tags=} ended with status FINISHED
04-23 13:31:31.326 D/ScrollView(31248): initGoToTop
04-23 13:31:31.327 W/[RNScreens](31248): backTitleVisible prop is not available on Android
04-23 13:31:31.327 W/[RNScreens](31248): backTitleFontFamily prop is not available on Android
04-23 13:31:31.327 W/[RNScreens](31248): disableBackButtonMenu prop is not available on Android
04-23 13:31:31.327 W/[RNScreens](31248): largeTitleFontFamily prop is not available on Android
04-23 13:31:31.327 W/[RNScreens](31248): largeTitleFontWeight prop is not available on Android
04-23 13:31:31.327 W/[RNScreens](31248): largeTitleHideShadow prop is not available on Android
04-23 13:31:31.353 I/Kumiho-Kumiho(31248): getPackageName: com.toov1.dovizaltin
04-23 13:31:31.354 I/Kumiho-Kumiho(31248): getPackageName: com.toov1.dovizaltin
04-23 13:31:31.354 I/Kumiho-Kumiho(31248): getPackageName: com.toov1.dovizaltin
04-23 13:31:31.416 I/GestureDetector( 1426): handleMessage TAP
04-23 13:31:31.417 I/GestureDetector( 1426): handleMessage TAP
04-23 13:31:31.890 I/HoneySpace.StatusIconTracker(23211): invokeEvent() called with: event = Mobile(bundle=Bundle[mParcelledData.dataSize=256])
04-23 13:31:31.989 D/MotionRecognitionService( 1426): inject vibrator info = 0.0
04-23 13:31:31.990 I/SensorsHub( 1018): SensorBase::injectSensorData: LSM6DSVTR Accelerometer default injection, type=268435461
04-23 13:31:32.054 D/InputReader( 1426): Btn_touch(3): value=1 when=41575.989169
04-23 13:31:32.054 I/InputReader( 1426): Touch event's action is 0x0 (id=5, t=0) [pCnt=1, s=0.4949 ] when=41575.989169
04-23 13:31:32.055 I/InputDispatcher( 1426): Delivering touch to (1865): action: 0x4, f=0x0, d=0, '682768d', t=1 
04-23 13:31:32.056 I/InputDispatcher( 1426): Delivering touch to (31248): action: 0x0, f=0x0, d=0, '6e8a5b6', t=1 
04-23 13:31:32.056 D/PowerManagerService( 1426): [api] userActivityFromNative : touch displayId=0 eventTime=41575989
04-23 13:31:32.056 I/VRI[MainActivity]@b1caf08(31248): ViewPostIme pointer 0
04-23 13:31:32.059 I/SemDvfsHyPerManager( 3856): acquire hyper - TABoost/3856@29, type = -999
04-23 13:31:32.059 I/GestureDetector( 1426): obtain mCurrentDownEvent. id: 496604626 caller: com.android.server.wm.SystemGesturesPointerEventListener.onPointerEvent:17 com.android.server.wm.PointerEventDispatcher.onInputEvent:51 android.view.InputEventReceiver.dispatchInputEvent:392 
04-23 13:31:32.059 I/GestureDetector( 1426): obtain mCurrentDownEvent. id: 496604626 caller: com.android.server.wm.SystemPerformancePointerEventListener.onPointerEvent:13 com.android.server.wm.PointerEventDispatcher.onInputEvent:51 android.view.InputEventReceiver.dispatchInputEvent:392 
04-23 13:31:32.059 I/HYPER-HAL( 1025): [RequestManager.cpp]acquire(): Acquired ID : 7548584  [3856 / 29]    HINT :      list : [TABoost / 1] [TIMEOUT / 1500] 
04-23 13:31:32.063 I/GestureDetector( 1426): obtain mCurrentMotionEventRaw. action: 2 id: 379548401
04-23 13:31:32.063 I/GestureDetector( 1426): obtain mCurrentMotionEventRaw. action: 2 id: 379548401
04-23 13:31:32.110 I/CameraService( 1167): onUidStateChanged: uid=10263, procState is changed. (3 -> 5)
04-23 13:31:32.163 I/SemDvfsHyPerManager( 3856): acquire hyper - TABoost/3856@29, type = -999
04-23 13:31:32.163 I/HYPER-HAL( 1025): [RequestManager.cpp]acquire(): Acquired ID : 7548584  [3856 / 29]    HINT :      list : [TABoost / 1] [TIMEOUT / 1500] 
04-23 13:31:32.177 D/InputReader( 1426): Btn_touch(3): value=0 when=41576.112813
04-23 13:31:32.178 I/InputReader( 1426): Touch event's action is 0x1 (id=5, t=0) [pCnt=1, s=] when=41576.112813
04-23 13:31:32.178 I/InputDispatcher( 1426): Delivering touch to (31248): action: 0x1, f=0x0, d=0, '6e8a5b6', t=1 
04-23 13:31:32.178 I/VRI[MainActivity]@b1caf08(31248): ViewPostIme pointer 1
04-23 13:31:32.179 I/SemDvfsHyPerManager( 1426): acquire hyper - SMOOTH_SCROLL/1426@26, type = -999
04-23 13:31:32.179 I/SemDvfsHyPerManager( 1426): acquire hyper - GESTURE_DETECTED_HRR/1426@28, type = -999
04-23 13:31:32.179 I/SemDvfsHyPerManager( 1426): acquire hyper - GESTURE_DETECTED_HRR/1426@28, type = -999
04-23 13:31:32.179 D/io_stats(  727): !@   8,0 r 5840516 125052913 w 1182047 48562620 d 462188 193615904 f 0 83292 iot 2396700 0 th 0 0 0 pt 0 inp 0 0 41576.114
04-23 13:31:32.179 D/io_stats(  727): !@ Read_top(KB): chbox:googleapp(23163) 732 sait.sohservice(20433) 4
04-23 13:31:32.180 I/HYPER-HAL( 1025): [RequestManager.cpp]acquire(): Acquired ID : 1057813  [1426 / 28]    HINT : GESTURE_DETECTED_HRR    list : [TIMEOUT / 2282] 
04-23 13:31:32.180 D/io_stats(  727): !@ Write_top(KB): kworker/u16:1(29412) 1792 system_server(1426) 8
04-23 13:31:32.181 I/SemDvfsHyPerManager( 1426): acquire hyper - SMOOTH_SCROLL/1426@26, type = -999
04-23 13:31:32.181 I/HYPER-HAL( 1025): [RequestManager.cpp]acquire(): Acquired ID : 1057813  [1426 / 28]    HINT : GESTURE_DETECTED_HRR    list : [TIMEOUT / 2282] 
04-23 13:31:32.182 E/HeatmapThread( 1092): ECT Thread time in milliseconds: 1776940292
04-23 13:31:32.182 D/HeatmapThread( 1092): !@ batteryplugType : 0
04-23 13:31:32.182 D/HeatmapThread( 1092): !@ batteryLevel : 0  batteryTemperature : 0 
04-23 13:31:32.182 D/HeatmapThread( 1092): !@ Heatmap currtime: 29615671
04-23 13:31:32.182 D/HeatmapThread( 1092): !@ Heatmap prevtime: 29615654
04-23 13:31:32.182 D/HeatmapThread( 1092): !@ Heatmap plugstarttime: 35791394
04-23 13:31:32.182 D/HeatmapThread( 1092): !@ Heatmap prevv_dsoh_update_time: 29614964
04-23 13:31:32.182 E/HeatmapThread( 1092): !@Could not open '/efs/FactoryApp/bsoh', errno = 13
04-23 13:31:32.182 E/HeatmapThread( 1092): !@ CAM Could not access BSOH EFS
04-23 13:31:32.182 E/HeatmapThread( 1092): !@ CAM New BSOH: 0
04-23 13:31:32.514 I/ChimeraPolicyHandler( 1426): onPsiMonitorTriggered() - psiLevel: 0
04-23 13:31:32.515 I/ChimeraAggressivePolicyHandler( 1426): executePolicy() - triggerSource: TRIGGER_SOURCE_PSI_MEM_MONITOR
04-23 13:31:32.515 I/ChimeraAggressivePolicyHandler( 1426): available memory: 2557164, free memory target: 1843200, quit chimera
04-23 13:31:32.852 D/DisplayModeController( 1101): setDesiredMode 4633128672291736000 {mode={fps=60.00 Hz, modePtr={id=1, vsyncRate=60.00 Hz, peakRefreshRate=60.00 Hz}}, emitEvent=false, force=false}
04-23 13:31:32.854 I/VSyncReactor( 1101): Current= 120, Period= 60, hwcPeriod= 120
04-23 13:31:32.858 I/VSyncReactor( 1101): Current= 120, Period= 60, hwcPeriod= 120
04-23 13:31:32.858 I/LayerHistory( 1101): StatusBar$_1865#99 voted NoVote (0.00 Hz)
04-23 13:31:32.858 I/LayerHistory( 1101): com.toov1.dovizaltin/com.toov1.dovizaltin.MainActivity$_31248#6263 voted ExplicitCategory with category: HighHint
04-23 13:31:32.858 I/SurfaceFlinger( 1101): Idle - choose 60.00 Hz
04-23 13:31:32.859 I/HWComposer( 1101): [4633128672291736000] ActiveConfigToHWC, ID : 4
04-23 13:31:32.861 D/display ( 1011): setActiveConfigWithConstraints:: PrimaryDisplay config(4)
04-23 13:31:32.861 I/display ( 1011): Current VRR MODE is 3
04-23 13:31:32.861 I/display ( 1011): setActiveConfigWithConstraints:: HFR match - config: 5, base: 4, try: 0
04-23 13:31:32.861 I/display ( 1011): setActiveConfigWithConstraints::update 1080x2340@60phs
04-23 13:31:32.861 I/display ( 1011): commit modeset : 1080x2340@60phs
04-23 13:31:32.890 W/display ( 1011): deliverWinConfigData:: commit modeset time (28 ms)
04-23 13:31:32.891 I/display ( 1011): [compareVsyncPeriod] set the lowest(mode:0) vsync 166 of display(0)
04-23 13:31:32.891 I/display ( 1011): getFpsForPerformance, performance table found using table(key:60, cpu:255)
04-23 13:31:32.891 I/display ( 1011): Set m2mMPP capacity(8) for fps(60)
04-23 13:31:32.891 I/display ( 1011): getFpsForPerformance, performance table found using table(key:60, cpu:255)
04-23 13:31:32.891 I/display ( 1011): Set Affinity config for fps(60) : cpuIDs : 255
04-23 13:31:32.891 I/display ( 1011): Set Affinity CPU ID : 0
04-23 13:31:32.891 I/display ( 1011): Set Affinity CPU ID : 1
04-23 13:31:32.891 I/display ( 1011): Set Affinity CPU ID : 2
04-23 13:31:32.891 I/display ( 1011): Set Affinity CPU ID : 3
04-23 13:31:32.891 I/display ( 1011): Set Affinity CPU ID : 4
04-23 13:31:32.891 I/display ( 1011): Set Affinity CPU ID : 5
04-23 13:31:32.891 I/display ( 1011): Set Affinity CPU ID : 6
04-23 13:31:32.891 I/display ( 1011): Set Affinity CPU ID : 7
04-23 13:31:32.891 I/display ( 1011): Set affinity HWC : 1011
04-23 13:31:32.892 I/display ( 1011): CPU set : Cluster(0), min_clock(0)
04-23 13:31:32.892 I/display ( 1011): CPU set : Cluster(1), min_clock(0)
04-23 13:31:32.892 I/display ( 1011): CPU set : Cluster(2), min_clock(0)
04-23 13:31:32.892 I/VSyncReactor( 1101): Current= 120, Period= 60, hwcPeriod= 60
04-23 13:31:32.892 D/SurfaceFlinger( 1101): GPIS:: requestGpisForSFSluggish
04-23 13:31:32.892 I/SurfaceFlinger( 1101): finalizeDisplayModeChange 4633128672291736000
04-23 13:31:33.080 D/InputReader( 1426): Btn_touch(3): value=1 when=41577.015338
04-23 13:31:33.081 I/InputReader( 1426): Touch event's action is 0x0 (id=5, t=0) [pCnt=1, s=0.4950 ] when=41577.015338
04-23 13:31:33.082 I/InputDispatcher( 1426): Delivering touch to (1865): action: 0x4, f=0x0, d=0, '682768d', t=1 
04-23 13:31:33.082 I/InputDispatcher( 1426): Delivering touch to (31248): action: 0x0, f=0x0, d=0, '6e8a5b6', t=1 
04-23 13:31:33.083 D/PowerManagerService( 1426): [api] userActivityFromNative : touch displayId=0 eventTime=41577015
04-23 13:31:33.083 I/VRI[MainActivity]@b1caf08(31248): ViewPostIme pointer 0
04-23 13:31:33.083 I/GestureDetector( 1426): obtain mCurrentDownEvent. id: 469079832 caller: com.android.server.wm.SystemGesturesPointerEventListener.onPointerEvent:17 com.android.server.wm.PointerEventDispatcher.onInputEvent:51 android.view.InputEventReceiver.dispatchInputEvent:392 
04-23 13:31:33.083 I/GestureDetector( 1426): obtain mCurrentDownEvent. id: 469079832 caller: com.android.server.wm.SystemPerformancePointerEventListener.onPointerEvent:13 com.android.server.wm.PointerEventDispatcher.onInputEvent:51 android.view.InputEventReceiver.dispatchInputEvent:392 
04-23 13:31:33.083 D/DisplayModeController( 1101): setDesiredMode 4633128672291736000 {mode={fps=120.00 Hz, modePtr={id=0, vsyncRate=120.00 Hz, peakRefreshRate=120.00 Hz}}, emitEvent=true, force=false}
04-23 13:31:33.084 I/LayerHistory( 1101): StatusBar$_1865#99 voted NoVote (0.00 Hz)
04-23 13:31:33.084 I/SemDvfsHyPerManager( 3856): acquire hyper - TABoost/3856@29, type = -999
04-23 13:31:33.084 I/LayerHistory( 1101): com.toov1.dovizaltin/com.toov1.dovizaltin.MainActivity$_31248#6263 voted ExplicitCategory with category: HighHint
04-23 13:31:33.084 I/SurfaceFlinger( 1101): Touch Boost - choose 120.00 Hz
04-23 13:31:33.085 I/HWComposer( 1101): [4633128672291736000] ActiveConfigToHWC, ID : 3
04-23 13:31:33.085 I/HYPER-HAL( 1025): [RequestManager.cpp]acquire(): Acquired ID : 7548584  [3856 / 29]    HINT :      list : [TABoost / 1] [TIMEOUT / 1500] 
04-23 13:31:33.085 I/VSyncReactor( 1101): Current= 60, Period= 120, hwcPeriod= 60
04-23 13:31:33.086 D/display ( 1011): setActiveConfigWithConstraints:: PrimaryDisplay config(3)
04-23 13:31:33.086 I/display ( 1011): Current VRR MODE is 3
04-23 13:31:33.086 I/display ( 1011): setActiveConfigWithConstraints:: HFR match - config: 3, base: 3, try: 1
04-23 13:31:33.086 I/display ( 1011): setActiveConfigWithConstraints::update 1080x2340@120hs
04-23 13:31:33.086 I/display ( 1011): commit modeset : 1080x2340@120hs
04-23 13:31:33.096 I/GestureDetector( 1426): obtain mCurrentMotionEventRaw. action: 2 id: 477971857
04-23 13:31:33.096 I/GestureDetector( 1426): obtain mCurrentMotionEventRaw. action: 2 id: 477971857
04-23 13:31:33.115 W/display ( 1011): deliverWinConfigData:: commit modeset time (29 ms)
04-23 13:31:33.116 I/display ( 1011): [compareVsyncPeriod] set the lowest(mode:0) vsync 83 of display(0)
04-23 13:31:33.116 I/display ( 1011): getFpsForPerformance, performance table found using table(key:120, cpu:255)
04-23 13:31:33.116 I/display ( 1011): Set m2mMPP capacity(4) for fps(120)
04-23 13:31:33.116 I/display ( 1011): getFpsForPerformance, performance table found using table(key:120, cpu:255)
04-23 13:31:33.116 I/display ( 1011): Set Affinity config for fps(120) : cpuIDs : 255
04-23 13:31:33.116 I/display ( 1011): Set Affinity CPU ID : 0
04-23 13:31:33.116 I/display ( 1011): Set Affinity CPU ID : 1
04-23 13:31:33.116 I/display ( 1011): Set Affinity CPU ID : 2
04-23 13:31:33.116 I/display ( 1011): Set Affinity CPU ID : 3
04-23 13:31:33.116 I/display ( 1011): Set Affinity CPU ID : 4
04-23 13:31:33.116 I/display ( 1011): Set Affinity CPU ID : 5
04-23 13:31:33.116 I/display ( 1011): Set Affinity CPU ID : 6
04-23 13:31:33.116 I/display ( 1011): Set Affinity CPU ID : 7
04-23 13:31:33.116 I/display ( 1011): Set affinity HWC : 1011
04-23 13:31:33.116 I/display ( 1011): CPU set : Cluster(0), min_clock(0)
04-23 13:31:33.116 I/display ( 1011): CPU set : Cluster(1), min_clock(0)
04-23 13:31:33.116 I/display ( 1011): CPU set : Cluster(2), min_clock(0)
04-23 13:31:33.116 I/SurfaceFlinger( 1101): finalizeDisplayModeChange 4633128672291736000
04-23 13:31:33.116 I/VSyncReactor( 1101): Current= 60, Period= 120, hwcPeriod= 120
04-23 13:31:33.119 I/lmkd    (  682): 0(delay), 42(swap), 50(freelimit), 0(reentrymode) memory pressure events were skipped after a kill!
04-23 13:31:33.136 D/InputReader( 1426): Btn_touch(3): value=0 when=41577.071191
04-23 13:31:33.136 I/InputReader( 1426): Touch event's action is 0x1 (id=5, t=0) [pCnt=1, s=] when=41577.071191
04-23 13:31:33.137 I/InputDispatcher( 1426): Delivering touch to (31248): action: 0x1, f=0x0, d=0, '6e8a5b6', t=1 
04-23 13:31:33.137 I/VRI[MainActivity]@b1caf08(31248): ViewPostIme pointer 1
04-23 13:31:33.140 I/VSyncReactor( 1101): Current= 120, Period= 120, hwcPeriod= 120
04-23 13:31:33.142 D/VibratorManagerService( 1426): converted usage = TOUCH(18)
04-23 13:31:33.142 D/VibratorManagerService( 1426): vibrate - uid: 10472, opPkg: com.toov1.dovizaltin, effect: Mono{mEffect=Composed{segments=[Step{amplitude=0.0, frequencyHz=0.0, duration=0}, Step{amplitude=0.11764706, frequencyHz=0.0, duration=50}], repeat=-1, mMagnitudeType=TYPE_EXTRA}}, attrs: VibrationAttributes{mUsage=TOUCH, mAudioUsage= USAGE_UNKNOWN, mFlags=0, tags=}, reason: null, token: android.os.BinderProxy@62c879
04-23 13:31:33.142 D/VibratorManagerService( 1426): Starting vibrate for vibration 2020
04-23 13:31:33.142 D/VibratorManagerService( 1426): Check AppOp mode VIBRATE for uid 10472 and package com.toov1.dovizaltin returned audio=allow, op=allow
04-23 13:31:33.142 D/VibratorManagerService( 1426): Starting vibration 2020 on thread
04-23 13:31:33.142 D/VibratorManagerService( 1426): Start AppOp mode VIBRATE for uid 10472 and package com.toov1.dovizaltin returned allow
04-23 13:31:33.143 D/ActivityTaskManager( 1426): startActivityAsUser: callingPid=31248, callingUid=10472, caller=com.android.server.wm.ActivityTaskManagerService.startActivity:123 android.app.IActivityTaskManager$Stub.onTransact:1493 com.android.server.wm.ActivityTaskManagerService.onTransact:1 android.os.Binder.execTransactInternal:1457 android.os.Binder.execTransact:1401 <bottom of call stack> <bottom of call stack> 
04-23 13:31:33.145 D/VibrationThread( 1426): Playing vibration id 2020 StartSequentialEffectStep
04-23 13:31:33.145 D/VibrationThread( 1426): StartSequentialEffectStep for effect #0
04-23 13:31:33.146 E/SecVibrator-HAL-AIDL-EXT( 1044): V_5_0: performPrebakedHapticPattern 0 : 4000 : 0
04-23 13:31:33.146 D/ActivityTaskManager( 1426): DesktopModeLaunchParamsModifier: task=null activity=null task null, skipping
04-23 13:31:33.146 D/ActivityTaskManager( 1426): TaskLaunchParamsModifier:task=null activity=null display-area-from-source=DefaultTaskDisplayArea_d0@11789331 display-id=0 task-display-area-windowing-mode=1 suggested-display-area=DefaultTaskDisplayArea_d0@11789331
04-23 13:31:33.147 E/SecVibrator-HAL-AIDL-CORE( 1044): HW_API: [setRepeatForForceFeedbackAw]repeat: 0
04-23 13:31:33.147 E/SecVibrator-HAL-AIDL-CORE( 1044): HW_API: [setForceFeedbackAmplitude]amplitude: 4000
04-23 13:31:33.147 E/SecVibrator-HAL-AIDL-CORE( 1044): HW_API: [uploadForceFeedbackeffect]ioctl success ,uploaded effect with ID: 0
04-23 13:31:33.147 D/VibrationThread( 1426): Running amplitude step with 0ms latency.
04-23 13:31:33.147 D/VibrationThread( 1426): Playing vibration id 2020 on vibrator 0 SetAmplitudeVibratorStep
04-23 13:31:33.147 D/VibrationThread( 1426): Running amplitude step with 0ms latency.
04-23 13:31:33.147 D/VibrationThread( 1426): Turning on vibrator 0 for 50ms
04-23 13:31:33.147 D/MotionRecognitionService( 1426): inject vibrator info = 1.0
04-23 13:31:33.147 E/SecVibrator-HAL-AIDL-CORE( 1044): V_2_0: Vibrator set amplitude: 0.117647
04-23 13:31:33.147 E/SecVibrator-HAL-AIDL-CORE( 1044): HW_API: [isAmplitudeControlExist]return true
04-23 13:31:33.147 E/SecVibrator-HAL-AIDL-CORE( 1044): HW_API: [setForceFeedbackAmplitude]amplitude: 1176
04-23 13:31:33.148 D/VibrationThread( 1426): Turning on vibrator 0 for 50ms
04-23 13:31:33.148 D/ActivityTaskManager( 1426): Non-opaque activity is created, styleTranslucent=true, r=ActivityRecord{195528792 u0 com.google.android.permissioncontroller/com.android.permissioncontroller.permission.ui.GrantPermissionsActivity
04-23 13:31:33.148 E/SecVibrator-HAL-AIDL-CORE( 1044): V_2_0: Vibrator on for timeoutMs: 50
04-23 13:31:33.148 E/SecVibrator-HAL-AIDL-CORE( 1044): HW_API: do_on for timeoutMs: 50
04-23 13:31:33.148 I/SensorsHub( 1018): SensorBase::injectSensorData: LSM6DSVTR Accelerometer default injection, type=268435461
04-23 13:31:33.150 D/WindowManager( 1426): Transition is created, t=TransitionRecord{b47f296 id=-1 type=OPEN flags=0x0}, caller=com.android.server.wm.Transition.<init>:182 com.android.server.wm.TransitionController.createAndStartCollecting:106 com.android.server.wm.ActivityStarter.executeRequest:3606 com.android.server.wm.ActivityStarter.execute:1752 com.android.server.wm.ActivityTaskManagerService.startActivityAsUser:95 
04-23 13:31:33.150 D/BLASTSyncEngine( 1426): SyncGroup is created, id=498, name=Transition-OPEN, caller=com.android.server.wm.BLASTSyncEngine$SyncGroup.<init>:52 com.android.server.wm.TransitionController.moveToCollecting:79 com.android.server.wm.TransitionController.createAndStartCollecting:109 com.android.server.wm.ActivityStarter.executeRequest:3606 com.android.server.wm.ActivityStarter.execute:1752 com.android.server.wm.ActivityTaskManagerService.startActivityAsUser:95 com.android.server.wm.ActivityTaskManagerService.startActivity:123 
04-23 13:31:33.150 E/SecVibrator-HAL-AIDL-CORE( 1044): HW_API: [uploadForceFeedbackeffect]ioctl success ,uploaded effect with ID: 0
04-23 13:31:33.151 E/SecVibrator-HAL-AIDL-CORE( 1044): HW_API: [triggerForceFeedbackVibration]on: 1
04-23 13:31:33.151 D/VibrationThread( 1426): Turned on vibrator 0, result = 50
04-23 13:31:33.151 W/BLASTSyncEngine( 1426): setSyncMethod, id=498, method=0, caller=com.android.server.wm.TransitionController.moveToCollecting:91 com.android.server.wm.TransitionController.createAndStartCollecting:109 com.android.server.wm.ActivityStarter.executeRequest:3606 
04-23 13:31:33.152 V/WindowManager( 1426): Start collecting in Transition: TransitionRecord{b47f296 id=498 type=OPEN flags=0x0}, caller=com.android.server.wm.TransitionController.createAndStartCollecting:109 com.android.server.wm.ActivityStarter.executeRequest:3606 com.android.server.wm.ActivityStarter.execute:1752 com.android.server.wm.ActivityTaskManagerService.startActivityAsUser:95 com.android.server.wm.ActivityTaskManagerService.startActivity:123 
04-23 13:31:33.152 V/WindowManager( 1426): Collecting in transition 498: ActivityRecord{195528792 u0 com.google.android.permissioncontroller/com.android.permissioncontroller.permission.ui.GrantPermissionsActivity t-1}, caller=com.android.server.wm.TransitionController.collect:7 com.android.server.wm.ActivityStarter.startActivityUnchecked:98 com.android.server.wm.ActivityStarter.executeRequest:3651 com.android.server.wm.ActivityStarter.execute:1752 com.android.server.wm.ActivityTaskManagerService.startActivityAsUser:95 
04-23 13:31:33.153 D/ActivityTaskManager( 1426): DesktopModeLaunchParamsModifier: task=null activity=ActivityRecord{195528792 u0 com.google.android.permissioncontroller/com.android.permissioncontroller.permission.ui.GrantPermissionsActivity t-1} task null, skipping
04-23 13:31:33.153 D/ActivityTaskManager( 1426): TaskLaunchParamsModifier:task=null activity=ActivityRecord{195528792 u0 com.google.android.permissioncontroller/com.android.permissioncontroller.permission.ui.GrantPermissionsActivity t-1} display-area-from-source=DefaultTaskDisplayArea_d0@11789331 display-id=0 task-display-area-windowing-mode=1 suggested-display-area=DefaultTaskDisplayArea_d0@11789331
04-23 13:31:33.153 D/ActivityTaskManager( 1426): DesktopModeLaunchParamsModifier: task=Task{80ef0fc #6214 type=standard A=10472:com.toov1.dovizaltin} activity=ActivityRecord{195528792 u0 com.google.android.permissioncontroller/com.android.permissioncontroller.permission.ui.GrantPermissionsActivity t-1} non-desktop, skipping
04-23 13:31:33.154 D/ActivityTaskManager( 1426): TaskLaunchParamsModifier:task=Task{80ef0fc #6214 type=standard A=10472:com.toov1.dovizaltin} activity=ActivityRecord{195528792 u0 com.google.android.permissioncontroller/com.android.permissioncontroller.permission.ui.GrantPermissionsActivity t-1} display-area-from-source=DefaultTaskDisplayArea_d0@11789331 display-id=0 task-display-area-windowing-mode=1 suggested-display-area=DefaultTaskDisplayArea_d0@11789331 inherit-from-source=fullscreen non-freeform-task-display-area display-area=DefaultTaskDisplayArea_d0@11789331 activity-requested-portrait freeform-size-mismatch=Rect(81, 557 - 999, 1727)
04-23 13:31:33.155 I/SemDvfsHyPerManager( 1426): acquire hyper - AMS_APP_SWITCH/1426@23, type = -999
04-23 13:31:33.155 D/ActivityTaskManager( 1426): DesktopModeLaunchParamsModifier: task=Task{80ef0fc #6214 type=standard A=10472:com.toov1.dovizaltin} activity=ActivityRecord{195528792 u0 com.google.android.permissioncontroller/com.android.permissioncontroller.permission.ui.GrantPermissionsActivity t-1} non-desktop, skipping
04-23 13:31:33.155 I/HYPER-HAL( 1025): [RequestManager.cpp]acquire(): Acquired ID : 1050548  [1426 / 23]    HINT : AMS_APP_SWITCH    list : 
04-23 13:31:33.155 D/ActivityTaskManager( 1426): TaskLaunchParamsModifier:task=Task{80ef0fc #6214 type=standard A=10472:com.toov1.dovizaltin} activity=ActivityRecord{195528792 u0 com.google.android.permissioncontroller/com.android.permissioncontroller.permission.ui.GrantPermissionsActivity t-1} display-area-from-source=DefaultTaskDisplayArea_d0@11789331 display-id=0 task-display-area-windowing-mode=1 suggested-display-area=DefaultTaskDisplayArea_d0@11789331 inherit-from-source=fullscreen non-freeform-task-display-area display-area=DefaultTaskDisplayArea_d0@11789331 activity-requested-portrait freeform-size-mismatch=Rect(81, 557 - 999, 1727)
04-23 13:31:33.155 I/SemDvfsHyPerManager( 3856): acquire hyper - APP_START_SHORT/3856@20, type = -999
04-23 13:31:33.156 D/ActivityManagerPerformance( 1426): AMP_acquire() APP_SWITCH
04-23 13:31:33.156 D/FreecessController( 1426): restrictJobsByOlaf: restrict=true, uid=10302
04-23 13:31:33.156 W/OptProp ( 1426): Cannot read opt property android.window.PROPERTY_COMPAT_ALLOW_MIN_ASPECT_RATIO_OVERRIDE
04-23 13:31:33.157 W/OptProp ( 1426): Cannot read opt property android.window.PROPERTY_COMPAT_ALLOW_ORIENTATION_OVERRIDE
04-23 13:31:33.158 W/OptProp ( 1426): Cannot read opt property android.window.PROPERTY_COMPAT_ALLOW_RESIZEABLE_ACTIVITY_OVERRIDES
04-23 13:31:33.158 D/OlafRestriction( 1426):  olaf state update: state=true
04-23 13:31:33.158 D/OlafRestriction( 1426):  sending trigger onRestrictionStateChanged msg.
