04-23 13:31:25.831 I/HoneySpace.EdgePanel.EdgeVisibilityRepository(23211): updateTrayVisible: State = 0x1, visible = true, current containerState = 0, specificMode = 0
04-23 13:31:25.831 I/HoneySpace.EdgePanel.EdgeVisibilityRepository(23211): Same container state 0
04-23 13:31:25.832 I/cr_CachingUmaRecorder(31248): Flushed 18 samples from 18 histograms, 0 samples were dropped.
04-23 13:31:25.833 I/HoneySpace.FloatingAnimator(23211): [Player:A(25.507)] container x: 27.630829, y: 54.557476, scale : 0.9719629
04-23 13:31:25.834 I/VRI[LauncherActivity]@7189683(23211): mWNT: t=0xb400007a1eb63b90 mBlastBufferQueue=0xb40000794ebf7aa0 fn= 186 HdrRenderState mRenderHdrSdrRatio=1.0 caller= com.android.systemui.shared.launcher.ViewRootImplCompat.mergeWithNextTransaction:4 com.honeyspace.transition.utils.SurfaceTransactionApplier.scheduleApply$lambda$1:16 com.honeyspace.transition.utils.SurfaceTransactionApplier.b:0 
04-23 13:31:25.841 I/HoneySpace.FloatingAnimator(23211): [Player:A(25.507)] container x: 25.229536, y: 49.816086, scale : 0.9743997
04-23 13:31:25.841 D/NetdEventListenerService( 1426): DNS Requested by 100, 10472(com.toov1.dovizaltin), SUCCESS, 1ms
04-23 13:31:25.842 I/VRI[LauncherActivity]@7189683(23211): mWNT: t=0xb400007a1ebbcdd0 mBlastBufferQueue=0xb40000794ebf7aa0 fn= 187 HdrRenderState mRenderHdrSdrRatio=1.0 caller= com.android.systemui.shared.launcher.ViewRootImplCompat.mergeWithNextTransaction:4 com.honeyspace.transition.utils.SurfaceTransactionApplier.scheduleApply$lambda$1:16 com.honeyspace.transition.utils.SurfaceTransactionApplier.b:0 
04-23 13:31:25.844 D/ConnectivityManager(31248): StackLog: [android.net.ConnectivityManager.sendRequestForNetwork(ConnectivityManager.java:4740)] [android.net.ConnectivityManager.registerDefaultNetworkCallbackForUid(ConnectivityManager.java:5465)] [android.net.ConnectivityManager.registerDefaultNetworkCallback(ConnectivityManager.java:5432)] [android.net.ConnectivityManager.registerDefaultNetworkCallback(ConnectivityManager.java:5406)] [com.bumptech.glide.manager.SingletonConnectivityReceiver$FrameworkConnectivityMonitorPostApi24.register(SingletonConnectivityReceiver.java:191)] [com.bumptech.glide.manager.SingletonConnectivityReceiver.maybeRegisterReceiver(SingletonConnectivityReceiver.java:113)] [com.bumptech.glide.manager.SingletonConnectivityReceiver.register(SingletonConnectivityReceiver.java:94)] [com.bumptech.glide.manager.DefaultConnectivityMonitor.register(DefaultConnectivityMonitor.java:25)] [com.bumptech.glide.manager.DefaultConnectivityMonitor.onStart(DefaultConnectivityMonitor.java:34)] [com.bumptech.glide.manager.ApplicationLifecycle.addListener(ApplicationLifecycle.java:15)] [com.bumptech.glide.RequestManager.<init>(RequestManager.java:147)] [com.bumptech.glide.RequestManager.<init>(RequestManager.java:105)] [expo.modules.image.GlideRequests.<init>(GlideRequests.java:32)] [com.bumptech.glide.GeneratedRequestManagerFactory.build(GeneratedRequestManagerFactory.java:18)] [com.bumptech.glide.manager.RequestManagerRetriever.getApplicationManager(RequestManagerRetriever.java:74)] [com.bumptech.glide.manager.RequestManagerRetriever.get(RequestManagerRetriever.java:102)] [com.bumptech.glide.Glide.with(Glide.java:545)] [com.bumptech.glide.Glide.with(Glide.java:561)] [expo.modules.image.ExpoImageViewWrapper$Companion.createNewRequestManager(ExpoImageViewWrapper.kt:645)] [expo.modules.image.ExpoImageViewWrapper$Companion.getOrCreateRequestManager(ExpoImageViewWrapper.kt:627)] [expo.modules.image.ExpoImageViewWrapper.<init>(ExpoImageViewWrapper.kt:51)] [java.lang.reflect.Constructor.newInstance0(Native Method)] [java.lang.reflect.Constructor.newInstance(Constructor.java:343)] [expo.modules.kotlin.views.ViewDefinitionBuilder.createViewFactory$lambda$25(ViewDefinitionBuilder.kt:437)] [expo.modules.kotlin.views.ViewDefinitionBuilder.$r8$lambda$eQYJwRB3MVGcIOXh-nJjRgeln-s(Unknown Source:0)] [expo.modules.kotlin.views.ViewDefinitionBuilder$$ExternalSyntheticLambda0.invoke(D8$$SyntheticClass:0)] [expo.modules.kotlin.views.ViewManagerDefinition.createView(ViewManagerDefinition.kt:24)] [expo.modules.kotlin.views.ViewManagerWrapperDelegate.createView(ViewManagerWrapperDelegate.kt:25)] [expo.modules.kotlin.views.GroupViewManagerWrapper.createViewInstance(GroupViewManagerWrapper.kt:18)] [expo.modules.kotlin.views.GroupViewManagerWrapper.createViewInstance(GroupViewManagerWrapper.kt:12)] [com.facebook.react.uimanager.ViewManager.createViewInstance(ViewManager.java:216)] [com.facebook.react.uimanager.ViewManager.createView(ViewManager.java:148)] [com.facebook.react.fabric.mounting.SurfaceMountingManager.createViewUnsafe(SurfaceMountingManager.java:673)] [com.facebook.react.fabric.mounting.SurfaceMountingManager.preallocateView(SurfaceMountingManager.java:1083)] [com.facebook.react.fabric.mounting.mountitems.PreAllocateViewMountItem.execute(PreAllocateViewMountItem.kt:38)] [com.facebook.react.fabric.mounting.MountItemDispatcher.executeOrEnqueue(MountItemDispatcher.kt:312)] [com.facebook.react.fabric.mounting.MountItemDispatcher.dispatchPreMountItemsImpl(MountItemDispatcher.kt:290)] [com.facebook.react.fabric.mounting.MountItemDispatcher.dispatchPreMountItems(MountItemDispatcher.kt:269)] [com.facebook.react.fabric.FabricUIManager$DispatchUIFrameCallback.doFrameGuarded(FabricUIManager.java:1483)] [com.facebook.react.uimanager.GuardedFrameCallback.doFrame(GuardedFrameCallback.kt:25)] [com.facebook.react.modules.core.ReactChoreographer.frameCallback$lambda$1(ReactChoreographer.kt:59)] [com.facebook.react.modules.core.ReactChoreographer.$r8$lambda$nSkFhrr5T7rop_XKwzlLov4NLLw(Unknown Source:0)] [com.facebook.react.modules.core.ReactChor
04-23 13:31:25.845 D/ConnectivityService( 1426): requestNetwork for uid/pid:10472/31248 activeRequest: null callbackRequest: 3428 [NetworkRequest [ REQUEST id=3429, [ Capabilities: INTERNET&NOT_RESTRICTED&TRUSTED&NOT_VCN_MANAGED&NOT_BANDWIDTH_CONSTRAINED Uid: 10472 RequestorUid: 10472 RequestorPkg: com.toov1.dovizaltin UnderlyingNetworks: Null] ]] callback flags: 0 order: 2147483647 isUidTracked: false declaredMethods: AVAIL|LOST
04-23 13:31:25.846 D/ConnectivityService( 1426):    accepting network in place of null for NetworkRequest [ REQUEST id=3429, [ Capabilities: INTERNET&NOT_RESTRICTED&TRUSTED&NOT_VCN_MANAGED&NOT_BANDWIDTH_CONSTRAINED Uid: 10472 RequestorUid: 10472 RequestorPkg: com.toov1.dovizaltin UnderlyingNetworks: Null] ]
04-23 13:31:25.847 D/ConnectivityService( 1426): Rematched networks [computed 0ms] [applied 0ms] [issued 1]
04-23 13:31:25.847 D/ConnectivityService( 1426): NetworkReassignment :
04-23 13:31:25.847 D/ConnectivityService( 1426):   3429 : null → 100
04-23 13:31:25.847 D/WifiNetworkFactory( 1426): got request NetworkRequest [ REQUEST id=3429, [ Capabilities: INTERNET&NOT_RESTRICTED&TRUSTED&NOT_VCN_MANAGED&NOT_BANDWIDTH_CONSTRAINED Uid: 10472 RequestorUid: 10472 RequestorPkg: com.toov1.dovizaltin UnderlyingNetworks: Null] ]
04-23 13:31:25.847 D/UntrustedWifiNetworkFactory( 1426): got request NetworkRequest [ REQUEST id=3429, [ Capabilities: INTERNET&NOT_RESTRICTED&TRUSTED&NOT_VCN_MANAGED&NOT_BANDWIDTH_CONSTRAINED Uid: 10472 RequestorUid: 10472 RequestorPkg: com.toov1.dovizaltin UnderlyingNetworks: Null] ]
04-23 13:31:25.847 D/OemPaidWifiNetworkFactory( 1426): got request NetworkRequest [ REQUEST id=3429, [ Capabilities: INTERNET&NOT_RESTRICTED&TRUSTED&NOT_VCN_MANAGED&NOT_BANDWIDTH_CONSTRAINED Uid: 10472 RequestorUid: 10472 RequestorPkg: com.toov1.dovizaltin UnderlyingNetworks: Null] ]
04-23 13:31:25.847 D/MultiInternetWifiNetworkFactory( 1426): got request NetworkRequest [ REQUEST id=3429, [ Capabilities: INTERNET&NOT_RESTRICTED&TRUSTED&NOT_VCN_MANAGED&NOT_BANDWIDTH_CONSTRAINED Uid: 10472 RequestorUid: 10472 RequestorPkg: com.toov1.dovizaltin UnderlyingNetworks: Null] ]
04-23 13:31:25.849 I/HoneySpace.FloatingAnimator(23211): [Player:A(25.507)] container x: 23.283827, y: 45.974255, scale : 0.976374
04-23 13:31:25.850 I/VRI[LauncherActivity]@7189683(23211): mWNT: t=0xb400007a1ebc4690 mBlastBufferQueue=0xb40000794ebf7aa0 fn= 188 HdrRenderState mRenderHdrSdrRatio=1.0 caller= com.android.systemui.shared.launcher.ViewRootImplCompat.mergeWithNextTransaction:4 com.honeyspace.transition.utils.SurfaceTransactionApplier.scheduleApply$lambda$1:16 com.honeyspace.transition.utils.SurfaceTransactionApplier.b:0 
04-23 13:31:25.858 D/NetdEventListenerService( 1426): DNS Requested by 100, 10472(com.toov1.dovizaltin), SUCCESS, 19ms
04-23 13:31:25.858 I/HoneySpace.FloatingAnimator(23211): [Player:A(25.507)] container x: 21.338118, y: 42.132423, scale : 0.97834826
04-23 13:31:25.859 I/VRI[LauncherActivity]@7189683(23211): mWNT: t=0xb400007a1eb6c5d0 mBlastBufferQueue=0xb40000794ebf7aa0 fn= 189 HdrRenderState mRenderHdrSdrRatio=1.0 caller= com.android.systemui.shared.launcher.ViewRootImplCompat.mergeWithNextTransaction:4 com.honeyspace.transition.utils.SurfaceTransactionApplier.scheduleApply$lambda$1:16 com.honeyspace.transition.utils.SurfaceTransactionApplier.b:0 
04-23 13:31:25.862 D/ScrollView(31248): initGoToTop
04-23 13:31:25.866 I/HoneySpace.FloatingAnimator(23211): [Player:A(25.507)] container x: 19.323895, y: 38.15531, scale : 0.9803921
04-23 13:31:25.870 I/VRI[LauncherActivity]@7189683(23211): mWNT: t=0xb400007a1eb4f610 mBlastBufferQueue=0xb40000794ebf7aa0 fn= 190 HdrRenderState mRenderHdrSdrRatio=1.0 caller= com.android.systemui.shared.launcher.ViewRootImplCompat.mergeWithNextTransaction:4 com.honeyspace.transition.utils.SurfaceTransactionApplier.scheduleApply$lambda$1:16 com.honeyspace.transition.utils.SurfaceTransactionApplier.b:0 
04-23 13:31:25.874 I/HoneySpace.FloatingAnimator(23211): [Player:A(25.507)] container x: 17.879297, y: 35.302933, scale : 0.98185784
04-23 13:31:25.876 I/VRI[LauncherActivity]@7189683(23211): mWNT: t=0xb400007a1eb8b6d0 mBlastBufferQueue=0xb40000794ebf7aa0 fn= 191 HdrRenderState mRenderHdrSdrRatio=1.0 caller= com.android.systemui.shared.launcher.ViewRootImplCompat.mergeWithNextTransaction:4 com.honeyspace.transition.utils.SurfaceTransactionApplier.scheduleApply$lambda$1:16 com.honeyspace.transition.utils.SurfaceTransactionApplier.b:0 
04-23 13:31:25.883 I/HoneySpace.FloatingAnimator(23211): [Player:A(25.507)] container x: 16.4347, y: 32.450558, scale : 0.98332375
04-23 13:31:25.883 W/[RNScreens](31248): backTitleVisible prop is not available on Android
04-23 13:31:25.883 W/[RNScreens](31248): backTitleFontFamily prop is not available on Android
04-23 13:31:25.883 W/[RNScreens](31248): disableBackButtonMenu prop is not available on Android
04-23 13:31:25.883 W/[RNScreens](31248): largeTitleFontFamily prop is not available on Android
04-23 13:31:25.883 W/[RNScreens](31248): largeTitleFontWeight prop is not available on Android
04-23 13:31:25.883 W/[RNScreens](31248): largeTitleHideShadow prop is not available on Android
04-23 13:31:25.884 I/VRI[LauncherActivity]@7189683(23211): mWNT: t=0xb400007a1eb98a90 mBlastBufferQueue=0xb40000794ebf7aa0 fn= 192 HdrRenderState mRenderHdrSdrRatio=1.0 caller= com.android.systemui.shared.launcher.ViewRootImplCompat.mergeWithNextTransaction:4 com.honeyspace.transition.utils.SurfaceTransactionApplier.scheduleApply$lambda$1:16 com.honeyspace.transition.utils.SurfaceTransactionApplier.b:0 
04-23 13:31:25.891 I/HoneySpace.FloatingAnimator(23211): [Player:A(25.507)] container x: 14.809561, y: 29.241692, scale : 0.9849727
04-23 13:31:25.892 I/VRI[LauncherActivity]@7189683(23211): mWNT: t=0xb400007a1ebe9d10 mBlastBufferQueue=0xb40000794ebf7aa0 fn= 193 HdrRenderState mRenderHdrSdrRatio=1.0 caller= com.android.systemui.shared.launcher.ViewRootImplCompat.mergeWithNextTransaction:4 com.honeyspace.transition.utils.SurfaceTransactionApplier.scheduleApply$lambda$1:16 com.honeyspace.transition.utils.SurfaceTransactionApplier.b:0 
04-23 13:31:25.892 I/SurfaceFlinger( 1101): SFWD update time=41569827556991
04-23 13:31:25.899 I/HoneySpace.FloatingAnimator(23211): [Player:A(25.507)] container x: 13.5850935, y: 26.823965, scale : 0.9862153
04-23 13:31:25.900 I/VRI[LauncherActivity]@7189683(23211): mWNT: t=0xb400007a1ebf5690 mBlastBufferQueue=0xb40000794ebf7aa0 fn= 194 HdrRenderState mRenderHdrSdrRatio=1.0 caller= com.android.systemui.shared.launcher.ViewRootImplCompat.mergeWithNextTransaction:4 com.honeyspace.transition.utils.SurfaceTransactionApplier.scheduleApply$lambda$1:16 com.honeyspace.transition.utils.SurfaceTransactionApplier.b:0 
04-23 13:31:25.908 I/HoneySpace.FloatingAnimator(23211): [Player:A(25.507)] container x: 12.535522, y: 24.751572, scale : 0.98728025
04-23 13:31:25.909 I/VRI[LauncherActivity]@7189683(23211): mWNT: t=0xb400007a1ebeb3d0 mBlastBufferQueue=0xb40000794ebf7aa0 fn= 195 HdrRenderState mRenderHdrSdrRatio=1.0 caller= com.android.systemui.shared.launcher.ViewRootImplCompat.mergeWithNextTransaction:4 com.honeyspace.transition.utils.SurfaceTransactionApplier.scheduleApply$lambda$1:16 com.honeyspace.transition.utils.SurfaceTransactionApplier.b:0 
04-23 13:31:25.909 D/ScrollView(31248): initGoToTop
04-23 13:31:25.911 W/LOTTIE  (31248): Lottie doesn't support layer effects. If you are using them for  fills, strokes, trim paths etc. then try adding them directly as contents  in your shape. Found: []
04-23 13:31:25.916 I/HoneySpace.FloatingAnimator(23211): [Player:A(25.507)] container x: 11.354718, y: 22.420057, scale : 0.98847836
04-23 13:31:25.917 I/VRI[LauncherActivity]@7189683(23211): mWNT: t=0xb400007a1eb66050 mBlastBufferQueue=0xb40000794ebf7aa0 fn= 196 HdrRenderState mRenderHdrSdrRatio=1.0 caller= com.android.systemui.shared.launcher.ViewRootImplCompat.mergeWithNextTransaction:4 com.honeyspace.transition.utils.SurfaceTransactionApplier.scheduleApply$lambda$1:16 com.honeyspace.transition.utils.SurfaceTransactionApplier.b:0 
04-23 13:31:25.917 I/ReactNative(31248): [GESTURE HANDLER] Initialize gesture handler for root view com.facebook.react.runtime.ReactSurfaceView{612445d V.E...... ......ID 0,0-1080,2340 #1}
04-23 13:31:25.918 I/Telecom ( 1426): SamsungTelecomServiceImpl : isInManagedCall - callingPackage : android / callingUser : UserHandle{0} / hasCrossUserAccess : true
04-23 13:31:25.923 D/ActivityManager( 1426): unpendingScheduleServiceRestart: u=10308, drop=false
04-23 13:31:25.925 I/HoneySpace.FloatingAnimator(23211): [Player:A(25.507)] container x: 10.305147, y: 20.347664, scale : 0.98954344
04-23 13:31:25.925 D/SubscreenNotificationListCoordinator( 1865): onAfterRenderList() isSubScreen = false, pluginLockMode = 0, doNotShowOnCover = false
04-23 13:31:25.926 I/LockscreenNotificationIconsOnlyController( 1865): onNotificationInfoUpdated 0
04-23 13:31:25.926 I/AODNotificationManager( 1865): updateNotification() 
04-23 13:31:25.927 I/HoneySpace.NotificationListener(23211): onNotificationPosted com.android.systemui: -1|com.android.systemui|2131364006|charging_state|10050: 0
04-23 13:31:25.927 D/nativeloader(31248): Load /data/app/~~_gHOoZ9QTQkeQbpGjP7S4A==/com.toov1.dovizaltin-FP3Wdz4ZEVuciL4KstnGuw==/base.apk!/lib/arm64-v8a/libimagepipeline.so using class loader ns clns-9 (caller=/data/app/~~_gHOoZ9QTQkeQbpGjP7S4A==/com.toov1.dovizaltin-FP3Wdz4ZEVuciL4KstnGuw==/base.apk!classes2.dex): ok
04-23 13:31:25.927 I/HoneySpace.NotificationListener(23211): invalid notification: com.android.systemui UserHandle{-1}: canShowBadge is false
04-23 13:31:25.927 I/VRI[LauncherActivity]@7189683(23211): mWNT: t=0xb400007a1eba4090 mBlastBufferQueue=0xb40000794ebf7aa0 fn= 197 HdrRenderState mRenderHdrSdrRatio=1.0 caller= com.android.systemui.shared.launcher.ViewRootImplCompat.mergeWithNextTransaction:4 com.honeyspace.transition.utils.SurfaceTransactionApplier.scheduleApply$lambda$1:16 com.honeyspace.transition.utils.SurfaceTransactionApplier.b:0 
04-23 13:31:25.929 I/Kumiho-Kumiho(31248): getPackageName: com.toov1.dovizaltin
04-23 13:31:25.930 D/VRI[MainActivity]@b1caf08(31248): Setup new sync=wmsSync-VRI[MainActivity]@b1caf08#0
04-23 13:31:25.930 I/VRI[MainActivity]@b1caf08(31248): Creating new active sync group VRI[MainActivity]@b1caf08#1
04-23 13:31:25.930 I/Kumiho-Kumiho(31248): getPackageName: com.toov1.dovizaltin
04-23 13:31:25.930 D/VRI[MainActivity]@b1caf08(31248): Draw frame after cancel
04-23 13:31:25.930 D/VRI[MainActivity]@b1caf08(31248): registerCallbacksForSync syncBuffer=false
04-23 13:31:25.931 I/Kumiho-Kumiho(31248): getPackageName: com.toov1.dovizaltin
04-23 13:31:25.932 D/nativeloader(31248): Load /data/app/~~_gHOoZ9QTQkeQbpGjP7S4A==/com.toov1.dovizaltin-FP3Wdz4ZEVuciL4KstnGuw==/base.apk!/lib/arm64-v8a/libavif_android.so using class loader ns clns-9 (caller=/data/app/~~_gHOoZ9QTQkeQbpGjP7S4A==/com.toov1.dovizaltin-FP3Wdz4ZEVuciL4KstnGuw==/base.apk!classes3.dex): ok
04-23 13:31:25.933 I/HoneySpace.FloatingAnimator(23211): [Player:A(25.507)] container x: 9.376938, y: 18.5149, scale : 0.9904852
04-23 13:31:25.934 I/VRI[LauncherActivity]@7189683(23211): mWNT: t=0xb400007a1ebc6ed0 mBlastBufferQueue=0xb40000794ebf7aa0 fn= 198 HdrRenderState mRenderHdrSdrRatio=1.0 caller= com.android.systemui.shared.launcher.ViewRootImplCompat.mergeWithNextTransaction:4 com.honeyspace.transition.utils.SurfaceTransactionApplier.scheduleApply$lambda$1:16 com.honeyspace.transition.utils.SurfaceTransactionApplier.b:0 
04-23 13:31:25.937 I/Kumiho-Kumiho(31248): getPackageName: com.toov1.dovizaltin
04-23 13:31:25.938 I/Kumiho-Kumiho(31248): getPackageName: com.toov1.dovizaltin
04-23 13:31:25.941 I/HoneySpace.FloatingAnimator(23211): [Player:A(25.507)] container x: 8.543468, y: 16.869204, scale : 0.991331
04-23 13:31:25.942 I/VRI[LauncherActivity]@7189683(23211): mWNT: t=0xb400007a1ebc0410 mBlastBufferQueue=0xb40000794ebf7aa0 fn= 199 HdrRenderState mRenderHdrSdrRatio=1.0 caller= com.android.systemui.shared.launcher.ViewRootImplCompat.mergeWithNextTransaction:4 com.honeyspace.transition.utils.SurfaceTransactionApplier.scheduleApply$lambda$1:16 com.honeyspace.transition.utils.SurfaceTransactionApplier.b:0 
04-23 13:31:25.950 I/HoneySpace.FloatingAnimator(23211): [Player:A(25.507)] container x: 7.802581, y: 15.406309, scale : 0.9920827
04-23 13:31:25.951 I/VRI[LauncherActivity]@7189683(23211): mWNT: t=0xb400007a1ebd01d0 mBlastBufferQueue=0xb40000794ebf7aa0 fn= 200 HdrRenderState mRenderHdrSdrRatio=1.0 caller= com.android.systemui.shared.launcher.ViewRootImplCompat.mergeWithNextTransaction:4 com.honeyspace.transition.utils.SurfaceTransactionApplier.scheduleApply$lambda$1:16 com.honeyspace.transition.utils.SurfaceTransactionApplier.b:0 
04-23 13:31:25.955 D/VRI[MainActivity]@b1caf08(31248): Received frameDrawingCallback syncResult=0 frameNum=1.
04-23 13:31:25.955 I/VRI[MainActivity]@b1caf08(31248): mWNT: t=0xb400007a1eb16650 mBlastBufferQueue=0xb40000794eaba6e0 fn= 1 HdrRenderState mRenderHdrSdrRatio=1.0 caller= android.view.ViewRootImpl$12.onFrameDraw:15441 android.view.ThreadedRenderer$1.onFrameDraw:718 <bottom of call stack> 
04-23 13:31:25.955 I/VRI[MainActivity]@b1caf08(31248): Setting up sync and frameCommitCallback
04-23 13:31:25.958 I/HoneySpace.FloatingAnimator(23211): [Player:A(25.507)] container x: 7.0616927, y: 13.943415, scale : 0.99283457
04-23 13:31:25.959 I/BLASTBufferQueue(31248): [VRI[MainActivity]@b1caf08#0](f:0,a:0,s:0) onFrameAvailable the first frame is available
04-23 13:31:25.959 I/VRI[MainActivity]@b1caf08(31248): Received frameCommittedCallback lastAttemptedDrawFrameNum=1 didProduceBuffer=true
04-23 13:31:25.959 I/VRI[LauncherActivity]@7189683(23211): mWNT: t=0xb400007a1eb6b0d0 mBlastBufferQueue=0xb40000794ebf7aa0 fn= 201 HdrRenderState mRenderHdrSdrRatio=1.0 caller= com.android.systemui.shared.launcher.ViewRootImplCompat.mergeWithNextTransaction:4 com.honeyspace.transition.utils.SurfaceTransactionApplier.scheduleApply$lambda$1:16 com.honeyspace.transition.utils.SurfaceTransactionApplier.b:0 
04-23 13:31:25.959 I/SurfaceFlinger( 1101): [com.toov1.dovizaltin/com.toov1.dovizaltin.MainActivity$_31248#6263] setTransactionState with the first frame. bufferData(ID: 134209138065411, frameNumber: 1)
04-23 13:31:25.961 D/HWUI    (31248): CFMS:: SetUp Pid : 31248    Tid : 31414
04-23 13:31:25.961 D/VRI[MainActivity]@b1caf08(31248): reportDrawFinished seqId=0
04-23 13:31:25.962 D/WindowManager( 1426): finishDrawingWindow: Window{6e8a5b6 u0 com.toov1.dovizaltin/com.toov1.dovizaltin.MainActivity} mDrawState=DRAW_PENDING seqId=0
04-23 13:31:25.962 D/SurfaceComposerClient( 1426): setCornerRadius ## d6e912c Splash Screen com.toov1.dovizaltin#6255 cornerRadius=0.000000
04-23 13:31:25.962 D/SurfaceComposerClient( 1426): setCornerRadius ## 6e8a5b6 com.toov1.dovizaltin/com.toov1.dovizaltin.MainActivity#6262 cornerRadius=0.000000
04-23 13:31:25.962 D/SurfaceComposerClient( 1426): setCornerRadius ## d6e912c Splash Screen com.toov1.dovizaltin#6255 cornerRadius=0.000000
04-23 13:31:25.962 V/WindowManager( 1426): Finish starting ActivityRecord{90014665 u0 com.toov1.dovizaltin/.MainActivity t6214}: first real window is shown, no animation
04-23 13:31:25.963 I/ActivityTaskManager( 1426): done cause=notifyWindowsDrawn timestamp=41569898206171 info=TransitionInfo{387749f a=ActivityRecord{90014665 u0 com.toov1.dovizaltin/.MainActivity t6214} d=true}
04-23 13:31:25.963 I/SemDvfsHyPerManager( 1426): acquire hyper - AMS_RESUME_TAIL/1426@21, type = -999
04-23 13:31:25.963 I/SemDvfsHyPerManager( 1426): acquire hyper - AMS_ACT_LAZY/1426@22, type = -999
04-23 13:31:25.963 D/ActivityManagerPerformance( 1426): AMP_acquire() TAIL
04-23 13:31:25.963 D/ActivityManagerPerformance( 1426): AMP_release() APP_SWITCH
04-23 13:31:25.963 I/HYPER-HAL( 1025): [RequestManager.cpp]acquire(): Acquired ID : 1047649  [1426 / 21]    HINT : AMS_RESUME_TAIL    list : 
04-23 13:31:25.965 V/WindowManager( 1426): performShowLocked: mDrawState=HAS_DRAWN in Window{6e8a5b6 u0 com.toov1.dovizaltin/com.toov1.dovizaltin.MainActivity}
04-23 13:31:25.965 D/SurfaceComposerClient( 1426): setCornerRadius ## 6e8a5b6 com.toov1.dovizaltin/com.toov1.dovizaltin.MainActivity#6262 cornerRadius=0.000000
04-23 13:31:25.965 D/SurfaceComposerClient( 1426): setCornerRadius ## d6e912c Splash Screen com.toov1.dovizaltin#6255 cornerRadius=0.000000
04-23 13:31:25.965 D/SurfaceComposerClient( 1426): setCornerRadius ## 6e8a5b6 com.toov1.dovizaltin/com.toov1.dovizaltin.MainActivity#6262 cornerRadius=0.000000
04-23 13:31:25.965 D/SurfaceComposerClient( 1426): setCornerRadius ## d6e912c Splash Screen com.toov1.dovizaltin#6255 cornerRadius=0.000000
04-23 13:31:25.965 D/SurfaceComposerClient( 1426): setCornerRadius ## 6e8a5b6 com.toov1.dovizaltin/com.toov1.dovizaltin.MainActivity#6262 cornerRadius=0.000000
04-23 13:31:25.967 I/HYPER-HAL( 1025): [ResourceManager.cpp]removeResource(): [CPULittleMinFreq] RemoveResource Request ID : 1050548
04-23 13:31:25.967 D/PowerManagerService( 1426): [api] setScreenDimDurationOverrideFromWindowManagerInternal: timeoutMillis: -1
04-23 13:31:25.968 I/SurfaceFlinger( 1101): RequestedLayer [com.toov1.dovizaltin/com.toov1.dovizaltin.MainActivity$_31248#6263] hidden!! flag  from(1) --> to(0)
04-23 13:31:25.969 I/HoneySpace.FloatingAnimator(23211): [Player:A(25.507)] container x: 6.2282243, y: 12.29772, scale : 0.9936801
04-23 13:31:25.969 D/BBA2    ( 1426): updateWindowVisible for pid : 31248, visible : 1
04-23 13:31:25.970 I/VRI[LauncherActivity]@7189683(23211): mWNT: t=0xb400007a1ebfa1d0 mBlastBufferQueue=0xb40000794ebf7aa0 fn= 202 HdrRenderState mRenderHdrSdrRatio=1.0 caller= com.android.systemui.shared.launcher.ViewRootImplCompat.mergeWithNextTransaction:4 com.honeyspace.transition.utils.SurfaceTransactionApplier.scheduleApply$lambda$1:16 com.honeyspace.transition.utils.SurfaceTransactionApplier.b:0 
04-23 13:31:25.970 D/[secipm]( 1426): mSecIpmManager report to nap
04-23 13:31:25.970 I/PkgPredictorService-SecIpmManagerServiceImpl( 1426): reportToNAP uid:10472 com.toov1.dovizaltin/com.toov1.dovizaltin.MainActivity thisTime:453
04-23 13:31:25.970 D/PkgPredictorService-SecIpmManagerServiceImpl( 1426): reportToNAP: mHeavyLaunchCounter is false
04-23 13:31:25.972 I/DisplayDeviceRepository( 1426): Display device changed render timings: "Yerleşik Ekran", renderFrameRate=120.00001, presentationDeadlineNanos=9333333, appVsyncOffsetNanos=8333333, frameRateOverrides=[{uid=10050 frameRateHz=120.00001}, {uid=10153 frameRateHz=120.00001}, {uid=10472 frameRateHz=120.00001}]
04-23 13:31:25.970 I/HYPER-HAL( 1025): [RequestManager.cpp]releaseLocked(): Released ID : 1050548
04-23 13:31:25.974 D/FreecessController( 1426): BG freezed, skip OLAF unfreeze for (com.whatsapp, 10331)
04-23 13:31:25.974 D/FreecessController( 1426): BG freezed, skip OLAF unfreeze for (com.instagram.android, 10337)
04-23 13:31:25.974 D/FreecessController( 1426): BG freezed, skip OLAF unfreeze for (com.shazam.android, 10361)
04-23 13:31:25.974 I/ActivityTaskManager( 1426): Displayed com.toov1.dovizaltin/.MainActivity for user 0: +453ms
04-23 13:31:25.974 I/Pageboost( 1426): Launch time gathered : pid 31248 com.toov1.dovizaltin 453
04-23 13:31:25.975 E/pageboostd( 2907): Received HALT command code 2
04-23 13:31:25.976 D/SurfaceComposerClient( 1426): setCornerRadius ## d6e912c Splash Screen com.toov1.dovizaltin#6255 cornerRadius=0.000000
04-23 13:31:25.976 D/SurfaceComposerClient( 1426): setCornerRadius ## 6e8a5b6 com.toov1.dovizaltin/com.toov1.dovizaltin.MainActivity#6262 cornerRadius=0.000000
04-23 13:31:25.976 I/HoneySpace.FloatingAnimator(23211): [Player:A(25.507)] container x: 5.716356, y: 11.287027, scale : 0.99419963
04-23 13:31:25.977 D/SurfaceFlinger( 1101): Display 4633128672291736000 HWC layers:
04-23 13:31:25.977 D/SurfaceFlinger( 1101):        CLIENT |            8010114008619 | 00000100 | RGBA_8888    |  115.0  250.0  965.0 2090.0 |    0    0 1080 2340 | Wallpaper BBQ wrapper 7_systemlock#80 (6)
04-23 13:31:25.977 D/SurfaceFlinger( 1101):        CLIENT |           99690485908197 | 00002100 | RGBA_8888    |    0.0    0.0 1080.0 2340.0 |    0    0 1080 2340 | com.sec.android.app.launcher/com.sec[...]ivities.LauncherActivity$_23211#6245 (blurRegions) (201)
04-23 13:31:25.977 D/SurfaceFlinger( 1101):        CLIENT |          134209138065411 | 00002102 | RGBA_8888    |    0.0    1.0 1080.0 2339.0 |    7   14 1079 2335 | com.toov1.dovizaltin/com.toov1.dovizaltin.MainActivity$_31248#6263 (1)
04-23 13:31:25.977 D/SurfaceFlinger( 1101):        CLIENT |            8010114009175 | 00002100 | RGBA_8888    |    0.0    1.0 1080.0 2339.0 |    7   14 1079 2335 | Splash Screen com.toov1.dovizaltin$_1865#6256 (1)
04-23 13:31:25.977 D/SurfaceFlinger( 1101):        DEVICE |            8010114009139 | 00002100 | RGBA_8888    |    0.0    0.0 1080.0   80.0 |    0    0 1080   80 | StatusBar$_1865#99 (15448)
04-23 13:31:25.977 D/SurfaceFlinger( 1101):        DEVICE |           99690485908169 | 00002100 | RGBA_8888    |    0.0    0.0   67.0 
04-23 13:31:25.977 D/SurfaceFlinger( 1101):  342.0 |    0  602   67  944 | com.sec.android.app.launcher/com.sam[...]l.app.CocktailBarService$_23211#6181 (1)
04-23 13:31:25.977 D/SurfaceFlinger( 1101):        DEVICE |            8010114009137 | 00002100 | RGBA_8888    |    0.0    0.0 1080.0  135.0 |    0 2205 1080 2340 | NavigationBar0$_1865#95 (15212)
04-23 13:31:25.977 D/SurfaceFlinger( 1101): 
04-23 13:31:25.977 I/VRI[LauncherActivity]@7189683(23211): mWNT: t=0xb400007a1eba6390 mBlastBufferQueue=0xb40000794ebf7aa0 fn= 203 HdrRenderState mRenderHdrSdrRatio=1.0 caller= com.android.systemui.shared.launcher.ViewRootImplCompat.mergeWithNextTransaction:4 com.honeyspace.transition.utils.SurfaceTransactionApplier.scheduleApply$lambda$1:16 com.honeyspace.transition.utils.SurfaceTransactionApplier.b:0 
04-23 13:31:25.978 D/TaskOrganizerController( 1426): applyStartingWindowAnimation, window=Window{d6e912c u0 Splash Screen com.toov1.dovizaltin}, caller=com.android.server.wm.ActivityRecord.onCopySplashScreenFinish:40 com.android.server.wm.ActivityTaskManagerService.onSplashScreenViewCopyFinished:41 android.app.IActivityTaskManager$Stub.onTransact:2644 
04-23 13:31:25.979 I/WindowManager( 1426): Reparenting to leash, surface=Surface(name=d6e912c Splash Screen com.toov1.dovizaltin)/@0xcbcc38f, leashParent=Surface(name=ActivityRecord{90014665 u0 com.toov1.dovizaltin/.MainActivity t6214})/@0xf8f061c
04-23 13:31:25.979 D/InputDispatcher( 1426): Focus entered window (0): 6e8a5b6 com.toov1.dovizaltin/com.toov1.dovizaltin.MainActivity
04-23 13:31:25.979 D/FreecessController( 1426): restrictJobsByOlaf: restrict=false, uid=-1
04-23 13:31:25.980 I/SurfaceFlinger( 1101): id=6268 createSurf, flag=24000, Surface(name=d6e912c Splash Screen com.toov1.dovizaltin)/@0xcbcc38f - animation-leash of starting_reveal#6268
04-23 13:31:25.980 I/NSLocationMonitor( 1426): getGPSUsingApps() called
04-23 13:31:25.981 D/WindowManager( 1426): makeSurface duration=2 leash=Surface(name=Surface(name=d6e912c Splash Screen com.toov1.dovizaltin)/@0xcbcc38f - animation-leash of starting_reveal)/@0x96a5225
04-23 13:31:25.983 I/NSLocationManager_FLP( 2743): getGPSUsingApps, No change
04-23 13:31:25.983 D/OlafRestriction( 1426):  olaf state update: state=false
04-23 13:31:25.983 D/OlafRestriction( 1426):  sending trigger onRestrictionStateChanged msg.
04-23 13:31:25.983 I/HoneySpace.FloatingAnimator(23211): [Player:A(25.507)] container x: 5.2140155, y: 10.29515, scale : 0.9947094
04-23 13:31:25.984 I/VRI[LauncherActivity]@7189683(23211): mWNT: t=0xb400007a1eb9aa10 mBlastBufferQueue=0xb40000794ebf7aa0 fn= 204 HdrRenderState mRenderHdrSdrRatio=1.0 caller= com.android.systemui.shared.launcher.ViewRootImplCompat.mergeWithNextTransaction:4 com.honeyspace.transition.utils.SurfaceTransactionApplier.scheduleApply$lambda$1:16 com.honeyspace.transition.utils.SurfaceTransactionApplier.b:0 
04-23 13:31:25.986 I/SurfaceFlinger( 1101): [LayerHierarchy{RequestedLayerState{d6e912c Splash Screen com.toov1.dovizaltin#6255 parentId=6268 z=2147483647} 1 children}] reparent to LayerHierarchy{RequestedLayerState{Surface(name=d6e912c Splash Screen com.toov1.dovizaltin)/@0xcbcc38f - animation-leash of starting_reveal#6268 parentId=6254} 1 children}
04-23 13:31:25.986 I/SurfaceFlinger( 1101): [Surface(name=d6e912c Splash Screen com.toov1.dovizaltin)/@0xcbcc38f - animation-leash of starting_reveal#6268] attach to parent LayerHierarchy{RequestedLayerState{ActivityRecord{90014665 u0 com.toov1.dovizaltin/.MainActivity t6214}#6254 parentId=6253} 3 children}
04-23 13:31:25.986 D/ScrollView(31248): initGoToTop
04-23 13:31:25.988 W/Binder  ( 1426): Outgoing transactions from this process must be FLAG_ONEWAY
04-23 13:31:25.988 W/Binder  ( 1426): java.lang.Throwable
04-23 13:31:25.988 W/Binder  ( 1426): 	at android.os.BinderProxy.transact(BinderProxy.java:566)
04-23 13:31:25.988 W/Binder  ( 1426): 	at android.bluetooth.IBluetoothGatt$Stub$Proxy.getAdvertisingSetUids(IBluetoothGatt.java:1678)
04-23 13:31:25.988 W/Binder  ( 1426): 	at android.bluetooth.BluetoothAdapter.getAdvertisingSetUids(BluetoothAdapter.java:8476)
04-23 13:31:25.988 W/Binder  ( 1426): 	at android.bluetooth.BluetoothAdapter.getHWUsingApps(BluetoothAdapter.java:1342)
04-23 13:31:25.988 W/Binder  ( 1426): 	at com.android.server.am.mars.filter.filter.BlueToothConnectedFilter.updateBTUsingPackages(qb/101203193 4f07a848ed7d8faf68a8413e188e5462dc581d052eceeda0e4b161899c8cf6d2:22)
04-23 13:31:25.988 W/Binder  ( 1426): 	at com.android.server.am.FreecessController.freeze(qb/101203193 4f07a848ed7d8faf68a8413e188e5462dc581d052eceeda0e4b161899c8cf6d2:117)
04-23 13:31:25.988 W/Binder  ( 1426): 	at com.android.server.am.FreecessHandler$MainHandler.handleLcdOnFreeze(qb/101203193 4f07a848ed7d8faf68a8413e188e5462dc581d052eceeda0e4b161899c8cf6d2:55)
04-23 13:31:25.988 W/Binder  ( 1426): 	at com.android.server.am.FreecessHandler$MainHandler.handleMessage(qb/101203193 4f07a848ed7d8faf68a8413e188e5462dc581d052eceeda0e4b161899c8cf6d2:793)
04-23 13:31:25.988 W/Binder  ( 1426): 	at android.os.Handler.dispatchMessage(Handler.java:110)
04-23 13:31:25.988 W/Binder  ( 1426): 	at android.os.Looper.loopOnce(Looper.java:273)
04-23 13:31:25.988 W/Binder  ( 1426): 	at android.os.Looper.loop(Looper.java:363)
04-23 13:31:25.988 W/Binder  ( 1426): 	at android.os.HandlerThread.run(HandlerThread.java:85)
04-23 13:31:25.991 I/HoneySpace.FloatingAnimator(23211): [Player:A(25.507)] container x: 4.711675, y: 9.303271, scale : 0.99521905
04-23 13:31:25.992 I/VRI[LauncherActivity]@7189683(23211): mWNT: t=0xb400007a1eb7fd50 mBlastBufferQueue=0xb40000794ebf7aa0 fn= 205 HdrRenderState mRenderHdrSdrRatio=1.0 caller= com.android.systemui.shared.launcher.ViewRootImplCompat.mergeWithNextTransaction:4 com.honeyspace.transition.utils.SurfaceTransactionApplier.scheduleApply$lambda$1:16 com.honeyspace.transition.utils.SurfaceTransactionApplier.b:0 
04-23 13:31:25.993 W/[RNScreens](31248): backTitleVisible prop is not available on Android
04-23 13:31:25.994 W/[RNScreens](31248): backTitleFontFamily prop is not available on Android
04-23 13:31:25.994 W/[RNScreens](31248): disableBackButtonMenu prop is not available on Android
04-23 13:31:25.994 W/[RNScreens](31248): largeTitleFontFamily prop is not available on Android
04-23 13:31:25.994 W/[RNScreens](31248): largeTitleFontWeight prop is not available on Android
04-23 13:31:25.994 W/[RNScreens](31248): largeTitleHideShadow prop is not available on Android
04-23 13:31:25.999 D/FreecessHandler( 1426): freeze com.whatsapp.w4b(10356) result : 51
04-23 13:31:25.999 D/FreecessHandler( 1426): stop trying to freeze com.whatsapp.w4b
04-23 13:31:25.999 I/NSLocationMonitor( 1426): getGPSUsingApps() called
04-23 13:31:26.000 I/NSLocationManager_FLP( 2743): getGPSUsingApps, No change
04-23 13:31:26.000 I/HoneySpace.FloatingAnimator(23211): [Player:A(25.507)] container x: 4.146567, y: 8.187457, scale : 0.9957924
04-23 13:31:26.000 I/VRI[LauncherActivity]@7189683(23211): mWNT: t=0xb400007a1eb54f50 mBlastBufferQueue=0xb40000794ebf7aa0 fn= 206 HdrRenderState mRenderHdrSdrRatio=1.0 caller= com.android.systemui.shared.launcher.ViewRootImplCompat.mergeWithNextTransaction:4 com.honeyspace.transition.utils.SurfaceTransactionApplier.scheduleApply$lambda$1:16 com.honeyspace.transition.utils.SurfaceTransactionApplier.b:0 
04-23 13:31:26.008 D/Glide   (31248): Finished loading BitmapDrawable from RESOURCE_DISK_CACHE for android.resource://com.toov1.dovizaltin/2131165317 with size [2058x515] in 84.15984399999999 ms
04-23 13:31:26.009 D/VRI[MainActivity]@b1caf08(31248): mThreadedRenderer.initializeIfNeeded()#2 mSurface={isValid=true 0xb400007a4ea6e310}
04-23 13:31:26.010 D/InputMethodManagerUtils(31248): startInputInner - Id : 0
04-23 13:31:26.010 I/InputMethodManager(31248): startInputInner - IInputMethodManagerGlobalInvoker.startInputOrWindowGainedFocus
04-23 13:31:26.010 I/HoneySpace.FloatingAnimator(23211): [Player:A(25.507)] container x: 3.6442757, y: 7.1956754, scale : 0.9963022
04-23 13:31:26.011 I/VRI[LauncherActivity]@7189683(23211): mWNT: t=0xb400007a1ebf6f10 mBlastBufferQueue=0xb40000794ebf7aa0 fn= 207 HdrRenderState mRenderHdrSdrRatio=1.0 caller= com.android.systemui.shared.launcher.ViewRootImplCompat.mergeWithNextTransaction:4 com.honeyspace.transition.utils.SurfaceTransactionApplier.scheduleApply$lambda$1:16 com.honeyspace.transition.utils.SurfaceTransactionApplier.b:0 
04-23 13:31:26.012 V/InputMethodManagerService( 1426): startInputOrWindowGainedFocusInternalLocked: reason=WINDOW_FOCUS_GAIN client=android.os.BinderProxy@36524ea inputContext=null editorInfo=android.view.inputmethod.EditorInfo@35f91c6 startInputFlags=VIEW_HAS_FOCUS|INITIAL_CONNECTION softInputMode=STATE_UNSPECIFIED|ADJUST_RESIZE|IS_FORWARD_NAVIGATION windowFlags=#81810100 unverifiedTargetSdkVersion=36 bindingController=com.android.server.inputmethod.InputMethodBindingController@d24fe4c imeDispatcher=android.window.ImeOnBackInvokedDispatcher@33f9587 cs=ClientState{f0bfcb4 mUid=10472 mPid=31248 mSelfReportedDisplayId=0} imeRequestedVisible=false
04-23 13:31:26.012 V/InputMethodManagerService( 1426): setWindowStateInner, windowToken=android.os.BinderProxy@ae51951, state=ImeTargetWindowState{ imeToken null imeFocusChanged true hasEditorFocused false requestedImeVisible false imeDisplayId 0 softInputModeState STATE_UNSPECIFIED|ADJUST_RESIZE|IS_FORWARD_NAVIGATION isStartInputByGainFocus true}
04-23 13:31:26.012 V/InputMethodManagerService( 1426): Unspecified window will hide input
04-23 13:31:26.012 I/ImeTracker( 1426): com.toov1.dovizaltin:d1c33fd6: onRequestHide at ORIGIN_SERVER reason HIDE_UNSPECIFIED_WINDOW fromUser false
04-23 13:31:26.012 V/InputMethodManagerService( 1426): applyImeVisibility state=6
04-23 13:31:26.012 D/SemInputMethodManagerServiceUtil( 1426): restorePreviousUsedInputMethod : failed to return the previous ime becuase the stored info is null or do not need restore
04-23 13:31:26.012 V/InputMethodManagerService( 1426): semComputeImeDisplayIdForTarget: displayToShowIme=0
04-23 13:31:26.012 V/InputMethodManagerService( 1426): unbindCurrentInputLocked: client=android.os.BinderProxy@d01483b
04-23 13:31:26.012 V/InputMethodManagerService( 1426): Creating new session for client ClientState{f0bfcb4 mUid=10472 mPid=31248 mSelfReportedDisplayId=0}
04-23 13:31:26.012 V/InputMethodManagerService( 1426): Creating new session for client ClientState{f0bfcb4 mUid=10472 mPid=31248 mSelfReportedDisplayId=0}
04-23 13:31:26.012 D/InputTransport( 1426): Input channel constructed: 'ClientS', fd=1104
04-23 13:31:26.012 D/InputTransport( 1426): Input channel constructed: 'ClientS', fd=1107
04-23 13:31:26.013 D/InputTransport( 1426): Input channel destroyed: 'ClientS', fd=1107
04-23 13:31:26.013 V/InputMethodManagerService( 1426): Creating new accessibility sessions for client ClientState{f0bfcb4 mUid=10472 mPid=31248 mSelfReportedDisplayId=0}
04-23 13:31:26.014 D/FreecessController( 1426): FZ : com.omgteknoloji.onaykiymetlimadenler(10448) [31370] reason: Bg [cached:O
04-23 13:31:26.014 D/FreecessHandler( 1426): freeze com.omgteknoloji.onaykiymetlimadenler(10448) result : 0
04-23 13:31:26.015 D/InputMethodManagerService( 1426): isImeSwitcherDisabledPackage : false
04-23 13:31:26.015 D/InputMethodManagerService( 1426): shouldShowImeSwitcherLocked : checking vis : 3
04-23 13:31:26.015 W/LocationManagerService( 1426): onFreezeStateChanged, uid[10448]=true
04-23 13:31:26.016 I/PowerManagerService( 1426): [PWL] SetWakeLockEnableDisable uid = 10448 , disable= true
04-23 13:31:26.016 I/PowerManagerService( 1426): [PWL] can not change uid =  10448
04-23 13:31:26.016 I/HoneySpace.FloatingAnimator(23211): [Player:A(25.507)] container x: 3.3207603, y: 6.5568895, scale : 0.99663043
04-23 13:31:26.016 V/InputMethodManagerService( 1426): Disabling: SessionState{uid=10153 pid=23211 method=7e8e067 session=d3b998e channel=ClientState{172c6b7 mUid=10153 mPid=23211 mSelfReportedDisplayId=0} userId=0}
04-23 13:31:26.017 V/InputMethodManagerService( 1426): Enabling: SessionState{uid=10472 pid=31248 method=7e8e067 session=bf60323 channel=ClientState{f0bfcb4 mUid=10472 mPid=31248 mSelfReportedDisplayId=0} userId=0}
04-23 13:31:26.017 D/InputMethodManagerService( 1426): checkDisplayOfStartInputAndUpdateKeyboard: displayId=0, mFocusedDisplayId=0
04-23 13:31:26.017 I/VRI[LauncherActivity]@7189683(23211): mWNT: t=0xb400007a1eb88790 mBlastBufferQueue=0xb40000794ebf7aa0 fn= 208 HdrRenderState mRenderHdrSdrRatio=1.0 caller= com.android.systemui.shared.launcher.ViewRootImplCompat.mergeWithNextTransaction:4 com.honeyspace.transition.utils.SurfaceTransactionApplier.scheduleApply$lambda$1:16 com.honeyspace.transition.utils.SurfaceTransactionApplier.b:0 
04-23 13:31:26.017 D/InputTransport( 1426): Input channel constructed: 'ClientS', fd=1107
04-23 13:31:26.018 D/InputTransport( 1426): Input channel destroyed: 'ClientS', fd=1107
04-23 13:31:26.018 I/HBD     ( 4353): HoneyBoardService onFinishInput 
04-23 13:31:26.019 I/HBD     ( 4353): a IC have been unbinding,  RemoteInputConnection{idHash=#b741eb9}
04-23 13:31:26.019 I/HBD     ( 4353): HoneyBoardService [PF_CL][onFinishInput]  1 ms 
04-23 13:31:26.019 D/ScrollView(31248): initGoToTop
04-23 13:31:26.019 I/HBD     ( 4353): HoneyBoardService [IMI] onStartInput - caller pid : 31248 , caller uid : 10472 
04-23 13:31:26.019 I/HBD     ( 4353): k updateConfigs 
04-23 13:31:26.019 D/RestrictionPolicy( 1426): isScreenCaptureEnabled : ret=true userId=0
04-23 13:31:26.019 I/HBD     ( 4353): k isEnabledNightMode : true 
04-23 13:31:26.019 I/HBD     ( 4353): a IC have been binding, RemoteInputConnection{idHash=#b4df544} 
04-23 13:31:26.019 I/HBD     ( 4353): h [EditorInputType]setPrivateImeOptionsToTable privateImeOptions ( null )
04-23 13:31:26.019 I/HBD     ( 4353): b incognitoMode : false 
04-23 13:31:26.019 I/HBD     ( 4353): c needOff = true , isForceOff = false, isNullInputClass : true 
04-23 13:31:26.019 I/HBD     ( 4353): h getDefaultInputRange : UNKNOWN 
04-23 13:31:26.019 I/HBD     ( 4353): h getDefaultInputRange : UNKNOWN 
04-23 13:31:26.019 I/HBD     ( 4353): h getDefaultInputRange : UNKNOWN 
04-23 13:31:26.020 I/HBD     ( 4353): c needOff = true , isForceOff = false, isNullInputClass : true 
04-23 13:31:26.020 I/HBD     ( 4353): c update cached prediction status : false 
04-23 13:31:26.020 I/HBD     ( 4353): h getDefaultInputRange : UNKNOWN 
04-23 13:31:26.020 I/HBD     ( 4353): a currentState : 0 
04-23 13:31:26.021 I/HBD     ( 4353): a [UpdatePolicy] [post] a: 0 cl: 4325376 kit: [0/26] vt: 0 ir: 1 
04-23 13:31:26.021 D/InputTransport(31248): Input channel constructed: 'ClientS', fd=164
04-23 13:31:26.021 I/WindowManager( 1426): Cancelling animation restarting=true, leash=Surface(name=Surface(name=d9d62c6 InputMethod)/@0x420b5b4 - animation-leash of insets_animation)/@0x76ebb21
04-23 13:31:26.021 I/WindowManager( 1426): Reparenting to original parent: Surface(name=WindowToken{32a685f type=2011 android.os.Binder@8a908fe})/@0x68265dd, destroy=false, surface=Surface(name=d9d62c6 InputMethod)/@0x420b5b4
04-23 13:31:26.021 I/WindowManager( 1426): Reparenting to leash, surface=Surface(name=d9d62c6 InputMethod)/@0x420b5b4, leashParent=Surface(name=WindowToken{32a685f type=2011 android.os.Binder@8a908fe})/@0x68265dd
04-23 13:31:26.021 I/SurfaceFlinger( 1101): id=6269 createSurf, flag=24004, Surface(name=d9d62c6 InputMethod)/@0x420b5b4 - animation-leash of insets_animation#6269
04-23 13:31:26.021 D/nativeloader(31248): Load /data/app/~~_gHOoZ9QTQkeQbpGjP7S4A==/com.toov1.dovizaltin-FP3Wdz4ZEVuciL4KstnGuw==/base.apk!/lib/arm64-v8a/libgesturehandler.so using class loader ns clns-9 (caller=/data/app/~~_gHOoZ9QTQkeQbpGjP7S4A==/com.toov1.dovizaltin-FP3Wdz4ZEVuciL4KstnGuw==/base.apk!classes2.dex): ok
04-23 13:31:26.021 D/jni_lib_merge(31248): Entering merged library JNI_OnLoad.
04-23 13:31:26.021 D/jni_lib_merge(31248): Preparing 12 pre-merged libs (including stub)
04-23 13:31:26.021 D/jni_lib_merge(31248): Preparing to register libfabricjni_so.  onload_func: 0x77338c1edc
04-23 13:31:26.021 D/jni_lib_merge(31248): Preparing to register libreact_devsupportjni_so.  onload_func: 0x7733992f40
04-23 13:31:26.021 D/jni_lib_merge(31248): Preparing to register libreact_featureflagsjni_so.  onload_func: 0x77339a59f8
04-23 13:31:26.022 D/jni_lib_merge(31248): Preparing to register libreact_newarchdefaults_so.  onload_func: 0x77339cae30
04-23 13:31:26.022 D/jni_lib_merge(31248): Preparing to register libreactnativeblob_so.  onload_func: 0x7733a5d5b0
04-23 13:31:26.022 D/jni_lib_merge(31248): Preparing to register libreactnativejni_so.  onload_func: 0x7733a77b24
04-23 13:31:26.022 D/jni_lib_merge(31248): Preparing to register libreactnativejni_common_so.  onload_func: 0x7733a7e458
04-23 13:31:26.022 D/jni_lib_merge(31248): Preparing to register librninstance_so.  onload_func: 0x7733a9a070
04-23 13:31:26.022 D/jni_lib_merge(31248): Preparing to register libturbomodulejsijni_so.  onload_func: 0x7733b321a4
04-23 13:31:26.022 D/jni_lib_merge(31248): Preparing to register libuimanagerjni_so.  onload_func: 0x7733b397e0
04-23 13:31:26.022 D/jni_lib_merge(31248): Preparing to register libyoga_so.  onload_func: 0x7733b40da4
04-23 13:31:26.022 D/jni_lib_merge(31248): About to register 11 actual methods.
04-23 13:31:26.022 D/WindowManager( 1426): makeSurface duration=1 leash=Surface(name=Surface(name=d9d62c6 InputMethod)/@0x420b5b4 - animation-leash of insets_animation)/@0xbcc6dd9
04-23 13:31:26.022 D/InsetsSourceProvider( 1426): updateControlForTarget: control=InsetsSourceControl: {3 mType=ime mSurfacePosition=Point(0, 80) mInsetsHint=Insets{left=0, top=0, right=0, bottom=1008}}, target=Window{6e8a5b6 u0 com.toov1.dovizaltin/com.toov1.dovizaltin.MainActivity}, from=com.android.server.wm.ImeInsetsSourceProvider.updateControlForTarget:17 com.android.server.wm.InsetsStateController.onControlTargetChanged:83 com.android.server.wm.DisplayContent.updateImeControlTarget:21 com.android.server.wm.DisplayContent.updateImeInputAndControlTarget:156 com.android.server.wm.WindowManagerService$LocalService.updateInputMethodTargetWindow:64 
04-23 13:31:26.022 I/ImeTracker( 1426): system_server:8add3fe4: onRequestHide at ORIGIN_SERVER reason IME_REQUESTED_CHANGED_LISTENER fromUser false
04-23 13:31:26.023 V/InputMethodManagerService( 1426): Client requesting input be hidden
04-23 13:31:26.023 V/InputMethodManagerService( 1426): setWindowStateInner, windowToken=android.os.BinderProxy@ae51951, state=ImeTargetWindowState{ imeToken android.os.Binder@a1bae7f imeFocusChanged true hasEditorFocused false requestedImeVisible false imeDisplayId 0 softInputModeState STATE_UNSPECIFIED|ADJUST_RESIZE|IS_FORWARD_NAVIGATION isStartInputByGainFocus true}
04-23 13:31:26.023 I/ImeTracker( 1426): system_server:8add3fe4: onCancelled at PHASE_SERVER_SHOULD_HIDE
04-23 13:31:26.023 V/InputMethodManagerService( 1426): hideCurrentInputLocked : canceled, shouldHideSoftInput=false, mInputShown=false, mImeWindowVis=0
04-23 13:31:26.024 D/SurfaceComposerClient( 1426): setCornerRadius ## d6e912c Splash Screen com.toov1.dovizaltin#6255 cornerRadius=0.000000
04-23 13:31:26.024 D/SurfaceComposerClient( 1426): setCornerRadius ## 6e8a5b6 com.toov1.dovizaltin/com.toov1.dovizaltin.MainActivity#6262 cornerRadius=0.000000
04-23 13:31:26.025 I/HoneySpace.FloatingAnimator(23211): [Player:A(25.507)] container x: 2.9597216, y: 5.844013, scale : 0.99699676
04-23 13:31:26.026 I/VRI[LauncherActivity]@7189683(23211): mWNT: t=0xb400007a1eb61350 mBlastBufferQueue=0xb40000794ebf7aa0 fn= 209 HdrRenderState mRenderHdrSdrRatio=1.0 caller= com.android.systemui.shared.launcher.ViewRootImplCompat.mergeWithNextTransaction:4 com.honeyspace.transition.utils.SurfaceTransactionApplier.scheduleApply$lambda$1:16 com.honeyspace.transition.utils.SurfaceTransactionApplier.b:0 
04-23 13:31:26.026 I/SurfaceFlinger( 1101): [Surface(name=d9d62c6 InputMethod)/@0x420b5b4 - animation-leash of insets_animation#6269] attach to parent LayerHierarchy{RequestedLayerState{WindowToken{32a685f type=2011 android.os.Binder@8a908fe}#119 parentId=15} 2 children}
04-23 13:31:26.033 I/HoneySpace.FloatingAnimator(23211): [Player:A(25.507)] container x: 2.63876, y: 5.2102704, scale : 0.9973224
04-23 13:31:26.033 I/VRI[LauncherActivity]@7189683(23211): mWNT: t=0xb400007a1ebc0950 mBlastBufferQueue=0xb40000794ebf7aa0 fn= 210 HdrRenderState mRenderHdrSdrRatio=1.0 caller= com.android.systemui.shared.launcher.ViewRootImplCompat.mergeWithNextTransaction:4 com.honeyspace.transition.utils.SurfaceTransactionApplier.scheduleApply$lambda$1:16 com.honeyspace.transition.utils.SurfaceTransactionApplier.b:0 
04-23 13:31:26.034 I/Kumiho-Kumiho(31248): getPackageName: com.toov1.dovizaltin
04-23 13:31:26.035 I/Kumiho-Kumiho(31248): getPackageName: com.toov1.dovizaltin
04-23 13:31:26.041 I/HoneySpace.FloatingAnimator(23211): [Player:A(25.507)] container x: 2.3178477, y: 4.576624, scale : 0.9976481
04-23 13:31:26.042 I/VRI[LauncherActivity]@7189683(23211): mWNT: t=0xb400007a1eb9fa90 mBlastBufferQueue=0xb40000794ebf7aa0 fn= 211 HdrRenderState mRenderHdrSdrRatio=1.0 caller= com.android.systemui.shared.launcher.ViewRootImplCompat.mergeWithNextTransaction:4 com.honeyspace.transition.utils.SurfaceTransactionApplier.scheduleApply$lambda$1:16 com.honeyspace.transition.utils.SurfaceTransactionApplier.b:0 
04-23 13:31:26.043 I/SurfaceFlinger( 1101): RequestedLayer [Surface(name=d9d62c6 InputMethod)/@0[...]ation-leash of insets_animation#6269] hidden!! flag  from(1) --> to(0)
04-23 13:31:26.043 E/SurfaceFlinger( 1101): alpha changed 1.000 -> 0.000 - Surface(name=d9d62c6 InputMethod)/@0x420b5b4 - animation-leash of insets_animation#6269
04-23 13:31:26.043 I/SurfaceFlinger( 1101): [LayerHierarchy{RequestedLayerState{ImeContainer#15 parentId=6254 relativeParentId=6254 z=3} 1 children}] reparent to LayerHierarchy{RequestedLayerState{ActivityRecord{90014665 u0 com.toov1.dovizaltin/.MainActivity t6214}#6254 parentId=6253} 4 children}
04-23 13:31:26.043 I/SurfaceFlinger( 1101): [LayerHierarchy{RequestedLayerState{ImeContainer#15 parentId=6254 relativeParentId=6254 z=3} 1 children}] RelativeParent to null
04-23 13:31:26.043 I/SurfaceFlinger( 1101): [LayerHierarchy{RequestedLayerState{d9d62c6 InputMethod#153 parentId=6269} no children}] reparent to LayerHierarchy{RequestedLayerState{Surface(name=d9d62c6 InputMethod)/@0x420b5b4 - animation-leash of insets_animation#6269 parentId=119} 1 children}
04-23 13:31:26.043 I/SurfaceFlinger( 1101): [LayerHierarchy{RequestedLayerState{Surface(name=d9d62c6 InputMethod)/@0x420b5b4 - animation-leash of insets_animation#6251} no children}] reparent to OffscreenRoot
04-23 13:31:26.043 I/SurfaceFlinger( 1101): [LayerHierarchy{RequestedLayerState{Surface(name=d9d62c6 InputMethod)/@0x420b5b4 - animation-leash of insets_animation#6251} no children}] RelativeParent to null
04-23 13:31:26.045 I/SurfaceFlinger( 1101): id=6251 Removed Surface(name=d9d62c6 InputMethod)/@0x420b5b4 - animation-leash of insets_animation#6251 (156)
04-23 13:31:26.050 I/HoneySpace.FloatingAnimator(23211): [Player:A(25.507)] container x: 1.956809, y: 3.863748, scale : 0.99801457
04-23 13:31:26.051 I/SurfaceFlinger( 1101): destroyed Surface(name=d9d62c6 InputMethod)/@0x420b5b4 - animation-leash of insets_animation#6251
