04-23 13:31:22.234 I/HoneySpace.HomeAppsTouchController(23211): currentChangeState : com.honeyspace.sdk.HomeScreen$Normal@bb074ba, currentHoneyState : com.honeyspace.sdk.HomeScreen$Normal@bb074ba, EditLockPopup : false, isOpenFolderMode : false, isChildScrolling : false, isDragAnimRunning : false
04-23 13:31:22.234 I/HoneySpace.PageEditTouchController(23211): onControllerInterceptTouchEvent, isInProgress = false
04-23 13:31:22.234 I/HoneySpace.MinusOnePageController(23211): ACTION_MOVE isValidState: true isNormalState: true shouldStartScroll: false delta: 9.431641 isScrollableItemTouch: false touchSlop: 34.5 minusOnePageMover: n4.d@2a0b7b1
04-23 13:31:22.234 I/HoneySpace.WorkspaceFastRecyclerView(23211): updateIsBeingDraggedOnTouchDown touchSlop:35, diff:9, moved:false, useLongTouchSlop:true
04-23 13:31:22.242 I/HoneySpace.HomeView(23211): findControllerToHandleTouch ev = 2
04-23 13:31:22.242 I/HoneySpace.TouchDirectionDetector(23211): displacementComponent = -46.78711
04-23 13:31:22.242 I/HoneySpace.TouchDirectionDetector(23211): canScrollNegative direction = true
04-23 13:31:22.242 I/HoneySpace.TouchDirectionDetector(23211): direction.isNegative(displacement) = false
04-23 13:31:22.242 I/HoneySpace.TouchDirectionDetector(23211): canScrollPositive direction = false
04-23 13:31:22.242 I/HoneySpace.TouchDirectionDetector(23211): direction.isPositive(displacement) = true
04-23 13:31:22.242 I/HoneySpace.FinderTouchController(23211): onControllerInterceptTouchEvent :: canInterceptTouch() = false, QuickOptionUtil.isShowQuickOption() : false QuickOptionUtil.isDragging : false
04-23 13:31:22.242 I/HoneySpace.HomeAppsTouchController(23211): currentChangeState : com.honeyspace.sdk.HomeScreen$Normal@bb074ba, currentHoneyState : com.honeyspace.sdk.HomeScreen$Normal@bb074ba, EditLockPopup : false, isOpenFolderMode : false, isChildScrolling : false, isDragAnimRunning : false
04-23 13:31:22.242 I/HoneySpace.TouchDirectionDetector(23211): displacementComponent = -46.78711
04-23 13:31:22.242 I/HoneySpace.TouchDirectionDetector(23211): canScrollNegative direction = true
04-23 13:31:22.242 I/HoneySpace.TouchDirectionDetector(23211): direction.isNegative(displacement) = false
04-23 13:31:22.242 I/HoneySpace.TouchDirectionDetector(23211): canScrollPositive direction = true
04-23 13:31:22.242 I/HoneySpace.TouchDirectionDetector(23211): direction.isPositive(displacement) = true
04-23 13:31:22.242 I/HoneySpace.HomeAppsTouchController(23211): initVelocityTracker
04-23 13:31:22.242 I/HoneySpace.HomeAppsTouchController(23211): currentChangeState : com.honeyspace.sdk.HomeScreen$Normal@bb074ba, currentHoneyState : com.honeyspace.sdk.HomeScreen$Normal@bb074ba, EditLockPopup : false, isOpenFolderMode : false, isChildScrolling : false, isDragAnimRunning : false
04-23 13:31:22.243 I/HoneySpace.BackgroundManagerImpl(23211): updateProperties[ch=238227233], com.honeyspace.sdk.AppScreen$Normal@223313f, true
04-23 13:31:22.243 I/HoneySpace.BackgroundManagerImpl(23211): updateDimColor[ch=238227233]
04-23 13:31:22.243 I/HoneySpace.BackgroundManagerImpl(23211): updated the scrimView's end color : com.honeyspace.sdk.AppScreen$Normal@223313f
04-23 13:31:22.243 I/HoneySpace.BackgroundManagerImpl(23211): updateLastDimAndBlur[ch=238227233]dim[0.0 -> 0.0] ,wBlur[2.0 -> 0.0
04-23 13:31:22.243 I/HoneySpace.BackgroundManagerImpl(23211): updateLastState[238227233]: com.honeyspace.sdk.HomeScreen$Normal@bb074ba -> com.honeyspace.sdk.AppScreen$Normal@223313f
04-23 13:31:22.243 I/HoneySpace.BlurBackgroundControllerImpl(23211): updateLastState com.honeyspace.sdk.AppScreen$Normal@223313f 25
04-23 13:31:22.243 I/HoneySpace.BlurBackgroundControllerImpl(23211): updateLastState com.honeyspace.sdk.AppScreen$Normal@223313f 23
04-23 13:31:22.243 I/HoneySpace.AppscreenPot(23211): onPlayStarted com.honeyspace.sdk.AppScreen$Normal@223313f
04-23 13:31:22.243 I/HoneySpace.HoneyScreenManagerImpl(23211): start state transition: d3.M@80d223
04-23 13:31:22.243 I/HoneySpace.AppscreenPot(23211): show() honeyState: com.honeyspace.sdk.AppScreen$Normal@223313f, ongoing: false, W1.i.gotoScreenWithAnimation(Unknown Source:359)
04-23 13:31:22.244 I/HoneySpace.AppscreenPot(23211): update SystemUI, changedState = com.honeyspace.sdk.AppScreen$Normal@223313f
04-23 13:31:22.244 I/HoneySpace.SystemUIControlUtils(23211): updateSystemUI, show: true, type: statusBars navigationBars, forLauncher: true
04-23 13:31:22.244 I/HoneySpace.WhiteBgColorUpdater(23211): changeWhiteBgSystemUIColor, com.android.internal.policy.DecorView{fbf24a5 V.E...... R....... 0,0-1080,2340 aid=0}[LauncherActivity], type = 2, supportWhiteBg = false, forced = false, fromHoneyType = appscreen, darkStatusBar = 1, darkNavigationBar = false
04-23 13:31:22.244 I/HoneySpace.WhiteBgColorChanger(23211): changeStatusBarColor, view = com.android.internal.policy.DecorView{fbf24a5 V.E...... R....... 0,0-1080,2340 aid=0}[LauncherActivity], isDarkColor = false
04-23 13:31:22.244 I/HoneySpace.WhiteBgColorUpdater(23211): changeWhiteBgSystemUIColor, com.android.internal.policy.DecorView{fbf24a5 V.E...... R....... 0,0-1080,2340 aid=0}[LauncherActivity], type = 3, supportWhiteBg = false, forced = false, fromHoneyType = appscreen, darkStatusBar = 1, darkNavigationBar = false
04-23 13:31:22.244 I/HoneySpace.WhiteBgColorChanger(23211): changeNavigationBarColor, view = com.android.internal.policy.DecorView{fbf24a5 V.E...... R....... 0,0-1080,2340 aid=0}[LauncherActivity], isDarkColor = false
04-23 13:31:22.245 I/HoneySpace.WallpaperBlurView(23211): apply(): progress = 0.116967775, radius = 29, preset = PresetConfigure(blurRadius=250, id=135, alphaScaleFactor=765.0)
04-23 13:31:22.246 I/HoneySpace.HomeView(23211): founded touch controller : HomeAppsTouchController r4.c@8c5722c
04-23 13:31:22.246 I/HoneySpace.WorkspaceFastRecyclerView(23211): dispatchTouchEvent() screenManager.isOnStateTransition=true, suppressLayout=false
04-23 13:31:22.246 I/HoneySpace.WorkspaceFastRecyclerView(23211): onInterceptTouchEvent() return by isOnStateTransition
04-23 13:31:22.248 I/BLASTBufferQueue_Java(23211): update, w= 1080 h= 2340 mName = VRI[LauncherActivity]@7189683 mNativeObject= 0xb40000794ebf7aa0 sc.mNativeObject= 0xb400007a3ea6a710 format= -2 caller= android.view.ViewRootImpl.updateBlastSurfaceIfNeeded:3574 android.view.ViewRootImpl.relayoutWindow:11685 android.view.ViewRootImpl.performTraversals:4804 android.view.ViewRootImpl.doTraversal:3924 android.view.ViewRootImpl$TraversalRunnable.run:12903 android.view.Choreographer$CallbackRecord.run:1901 
04-23 13:31:22.249 I/VRI[LauncherActivity]@7189683(23211): Relayout returned: old=(0,0,1080,2340) new=(0,0,1080,2340) relayoutAsync=true req=(1080,2340)0 dur=0 res=0x0 s={true 0xb400007a4eaa2180} ch=false seqId=0
04-23 13:31:22.249 I/WindowManager( 1426): Relayout Window{f2bbc10 u0 com.sec.android.app.launcher/com.sec.android.app.launcher.activities.LauncherActivity}: viewVisibility=0 req=1080x2340 ty=1 d0
04-23 13:31:22.250 I/VRI[LauncherActivity]@7189683(23211): registerCallbackForPendingTransactions
04-23 13:31:22.250 D/SurfaceComposerClient( 1426): setCornerRadius ## f2bbc10 com.sec.android.app.launcher/com.sec.android.app.launcher.activities.LauncherActivity#3647 cornerRadius=0.000000
04-23 13:31:22.251 D/WindowManager( 1426): updateSystemBarAttributes: displayId=0, focusedCanBeNavColorWin=false, win=Window{f2bbc10 u0 com.sec.android.app.launcher/com.sec.android.app.launcher.activities.LauncherActivity}, navColorWin=Window{f2bbc10 u0 com.sec.android.app.launcher/com.sec.android.app.launcher.activities.LauncherActivity}, caller=com.android.server.wm.DisplayPolicy.finishPostLayoutPolicyLw:17 com.android.server.wm.RootWindowContainer.applySurfaceChangesTransaction$1:195 com.android.server.wm.RootWindowContainer.performSurfacePlacementNoTrace:59 
04-23 13:31:22.252 D/SamsungLightBarControlHelper( 1865): updateStatusBar (WHITE icon) numStacks:1, StatusBarMode:MODE_TRANSPARENT, lightBarBounds:[], StatusBarState:SHADE, packageName:, isWhiteKeyguardStatusBar:true
04-23 13:31:22.252 D/SamsungLightBarControlHelper( 1865): onStatusBarAppearanceChanged() -  sbModeChanged:false, statusBarMode:0, barState:MODE_TRANSPARENT, isKeyguardShowing:false, navbarColorManagedByIme:false, (AppearanceRegion{ bounds=[0,0][1080,2340]}, )
04-23 13:31:22.253 D/NavigationBar( 1865): onSystemBarAttributesChanged() -  displayId:0, appearance:0, packageName: com.sec.android.app.launcher, navbarColorManagedByIme:false
04-23 13:31:22.253 D/WindowManager( 1426): updateSystemBarAttributes, bhv=2, apr=0, statusBarAprRegions=[AppearanceRegion{ bounds=[0,0][1080,2340]}], requestedVisibilities=-9
04-23 13:31:22.253 D/SurfaceComposerClient( 1426): setCornerRadius ## f2bbc10 com.sec.android.app.launcher/com.sec.android.app.launcher.activities.LauncherActivity#3647 cornerRadius=0.000000
04-23 13:31:22.257 I/WindowManager( 1426): Relayout hash=f2bbc10, pid=0, syncId=-1: mAttrs={(0,0)(fillxfill) sim={adjust=nothing} layoutInDisplayCutoutMode=always ty=BASE_APPLICATION fmt=TRANSPARENT wanim=0x1030306
04-23 13:31:22.257 I/WindowManager( 1426):   fl=81910100
04-23 13:31:22.257 I/WindowManager( 1426):   pfl=10008840
04-23 13:31:22.257 I/WindowManager( 1426):   bhv=2
04-23 13:31:22.257 I/WindowManager( 1426):   fitSides=0
04-23 13:31:22.257 I/WindowManager( 1426):   frameRateBoostOnTouch=true
04-23 13:31:22.257 I/WindowManager( 1426):   dvrrWindowFrameRateHint=true screenDimDuration=200000 naviIconColor=0}
04-23 13:31:22.260 I/VRI[LauncherActivity]@7189683(23211): mWNT: t=0xb400007a1eb647d0 mBlastBufferQueue=0xb40000794ebf7aa0 fn= 34 HdrRenderState mRenderHdrSdrRatio=1.0 caller= android.view.ViewRootImpl$10.onFrameDraw:6536 android.view.ViewRootImpl$4.onFrameDraw:2489 android.view.ThreadedRenderer$1.onFrameDraw:718 
04-23 13:31:22.260 I/HoneySpace.HomeView(23211): onTouch event = 2, Touch controller: r4.c@8c5722c
04-23 13:31:22.260 I/HoneySpace.HomeAppsTouchController(23211): currentChangeState : com.honeyspace.sdk.HomeScreen$Normal@bb074ba, currentHoneyState : com.honeyspace.sdk.HomeScreen$Normal@bb074ba, EditLockPopup : false, isOpenFolderMode : false, isChildScrolling : false, isDragAnimRunning : false
04-23 13:31:22.261 I/HoneySpace.AppscreenPot(23211): show() honeyState: com.honeyspace.sdk.AppScreen$Normal@223313f, ongoing: false, W1.i.gotoScreenWithAnimation(Unknown Source:359)
04-23 13:31:22.261 I/HoneySpace.WallpaperBlurView(23211): apply(): progress = 0.36193115, radius = 90, preset = PresetConfigure(blurRadius=250, id=135, alphaScaleFactor=765.0)
04-23 13:31:22.267 I/HoneySpace.HomeView(23211): onTouch event = 2, Touch controller: r4.c@8c5722c
04-23 13:31:22.267 I/HoneySpace.HomeAppsTouchController(23211): currentChangeState : com.honeyspace.sdk.HomeScreen$Normal@bb074ba, currentHoneyState : com.honeyspace.sdk.HomeScreen$Normal@bb074ba, EditLockPopup : false, isOpenFolderMode : false, isChildScrolling : false, isDragAnimRunning : false
04-23 13:31:22.267 I/HoneySpace.HoneyScreenManagerImpl(23211): stopAppClosing
04-23 13:31:22.268 D/NativeSemDvfsManager( 1101): acquire:: timeout = 2000 mIsAcquired = 1  mTagName : SurfaceFlinger 
04-23 13:31:22.268 I/HoneySpace.AppscreenPot(23211): show() honeyState: com.honeyspace.sdk.AppScreen$Normal@223313f, ongoing: false, W1.i.gotoScreenWithAnimation(Unknown Source:359)
04-23 13:31:22.268 I/HoneySpace.WallpaperBlurView(23211): apply(): progress = 0.55214846, radius = 138, preset = PresetConfigure(blurRadius=250, id=135, alphaScaleFactor=765.0)
04-23 13:31:22.269 E/NativeCustomFrequencyManager( 1101): [NativeCFMS] BpCustomFrequencyManager::acquire()
04-23 13:31:22.269 I/HYPER-HAL( 1025): [RequestManager.cpp]acquire(): Acquired ID : 2209151  [1101 / 1000]    HINT : SF_GPU_MINLOCK    list : [TIMEOUT / 2000] 
04-23 13:31:22.273 I/SemDvfsHyPerManager( 3856): acquire hyper - TABoost/3856@29, type = -999
04-23 13:31:22.274 I/HYPER-HAL( 1025): [RequestManager.cpp]acquire(): Acquired ID : 7548584  [3856 / 29]    HINT :      list : [TABoost / 1] [TIMEOUT / 1500] 
04-23 13:31:22.275 I/VSyncReactor( 1101): Current= 120, Period= 120, hwcPeriod= 120
04-23 13:31:22.275 I/HoneySpace.HomeView(23211): onTouch event = 2, Touch controller: r4.c@8c5722c
04-23 13:31:22.276 I/HoneySpace.HomeAppsTouchController(23211): currentChangeState : com.honeyspace.sdk.HomeScreen$Normal@bb074ba, currentHoneyState : com.honeyspace.sdk.HomeScreen$Normal@bb074ba, EditLockPopup : false, isOpenFolderMode : false, isChildScrolling : false, isDragAnimRunning : false
04-23 13:31:22.276 I/HoneySpace.HoneyScreenManagerImpl(23211): stopAppClosing
04-23 13:31:22.276 I/HoneySpace.AppscreenPot(23211): show() honeyState: com.honeyspace.sdk.AppScreen$Normal@223313f, ongoing: false, W1.i.gotoScreenWithAnimation(Unknown Source:359)
04-23 13:31:22.277 I/HoneySpace.WallpaperBlurView(23211): apply(): progress = 0.79102784, radius = 197, preset = PresetConfigure(blurRadius=250, id=135, alphaScaleFactor=765.0)
04-23 13:31:22.284 I/HoneySpace.HomeView(23211): onTouch event = 2, Touch controller: r4.c@8c5722c
04-23 13:31:22.284 I/HoneySpace.HomeAppsTouchController(23211): currentChangeState : com.honeyspace.sdk.HomeScreen$Normal@bb074ba, currentHoneyState : com.honeyspace.sdk.HomeScreen$Normal@bb074ba, EditLockPopup : false, isOpenFolderMode : false, isChildScrolling : false, isDragAnimRunning : false
04-23 13:31:22.284 I/HoneySpace.HoneyScreenManagerImpl(23211): stopAppClosing
04-23 13:31:22.285 I/HoneySpace.AppscreenPot(23211): show() honeyState: com.honeyspace.sdk.AppScreen$Normal@223313f, ongoing: false, W1.i.gotoScreenWithAnimation(Unknown Source:359)
04-23 13:31:22.286 I/HoneySpace.WallpaperBlurView(23211): apply(): progress = 1.0768896, radius = 250, preset = PresetConfigure(blurRadius=250, id=135, alphaScaleFactor=765.0)
04-23 13:31:22.292 I/HoneySpace.HomeView(23211): onTouch event = 2, Touch controller: r4.c@8c5722c
04-23 13:31:22.292 I/HoneySpace.HomeAppsTouchController(23211): currentChangeState : com.honeyspace.sdk.HomeScreen$Normal@bb074ba, currentHoneyState : com.honeyspace.sdk.HomeScreen$Normal@bb074ba, EditLockPopup : false, isOpenFolderMode : false, isChildScrolling : false, isDragAnimRunning : false
04-23 13:31:22.292 I/HoneySpace.HoneyScreenManagerImpl(23211): stopAppClosing
04-23 13:31:22.292 I/HoneySpace.AppscreenPot(23211): show() honeyState: com.honeyspace.sdk.AppScreen$Normal@223313f, ongoing: false, W1.i.gotoScreenWithAnimation(Unknown Source:359)
04-23 13:31:22.293 I/HoneySpace.WallpaperBlurView(23211): apply(): progress = 1.6096655, radius = 250, preset = PresetConfigure(blurRadius=250, id=135, alphaScaleFactor=765.0)
04-23 13:31:22.295 D/InputReader( 1426): Btn_touch(3): value=0 when=41566.230886
04-23 13:31:22.296 I/InputReader( 1426): Touch event's action is 0x1 (id=5, t=0) [pCnt=1, s=] when=41566.230886
04-23 13:31:22.296 I/InputDispatcher( 1426): Delivering touch to (23211): action: 0x1, f=0x0, d=0, 'f2bbc10', t=1 
04-23 13:31:22.297 I/HoneySpace.HomeView(23211): onTouch event = 2, Touch controller: r4.c@8c5722c
04-23 13:31:22.297 I/HoneySpace.HomeAppsTouchController(23211): currentChangeState : com.honeyspace.sdk.HomeScreen$Normal@bb074ba, currentHoneyState : com.honeyspace.sdk.HomeScreen$Normal@bb074ba, EditLockPopup : false, isOpenFolderMode : false, isChildScrolling : false, isDragAnimRunning : false
04-23 13:31:22.297 I/HoneySpace.HoneyScreenManagerImpl(23211): stopAppClosing
04-23 13:31:22.297 I/HoneySpace.AppscreenPot(23211): show() honeyState: com.honeyspace.sdk.AppScreen$Normal@223313f, ongoing: false, W1.i.gotoScreenWithAnimation(Unknown Source:359)
04-23 13:31:22.298 I/HoneySpace.WallpaperBlurView(23211): apply(): progress = 1.6538818, radius = 250, preset = PresetConfigure(blurRadius=250, id=135, alphaScaleFactor=765.0)
04-23 13:31:22.298 I/SemDvfsHyPerManager( 1426): acquire hyper - GESTURE_DETECTED_HRR/1426@28, type = -999
04-23 13:31:22.298 I/VRI[LauncherActivity]@7189683(23211): ViewPostIme pointer 1
04-23 13:31:22.298 I/SemDvfsHyPerManager( 1426): acquire hyper - SMOOTH_SCROLL/1426@26, type = -999
04-23 13:31:22.298 I/HoneySpace.HomeView(23211): onTouch event = 1, Touch controller: r4.c@8c5722c
04-23 13:31:22.298 I/SemDvfsHyPerManager( 1426): acquire hyper - GESTURE_DETECTED_HRR/1426@28, type = -999
04-23 13:31:22.298 I/HoneySpace.HomeAppsTouchController(23211): currentChangeState : com.honeyspace.sdk.HomeScreen$Normal@bb074ba, currentHoneyState : com.honeyspace.sdk.HomeScreen$Normal@bb074ba, EditLockPopup : false, isOpenFolderMode : false, isChildScrolling : false, isDragAnimRunning : false
04-23 13:31:22.298 I/HoneySpace.HomeAppsTouchController(23211): Swipe Pos(HomeAppsTouchController) : (0,058484, 0)-(0,180966, 17)-(0,276074, 8)-(0,395514, 9)-(0,538445, 8)-(0,804833, 8)-(0,826941, 6)-End
04-23 13:31:22.298 I/HoneySpace.HoneyScreenManagerImpl(23211): stopAppClosing
04-23 13:31:22.298 I/HoneySpace.AppscreenPot(23211): show() honeyState: com.honeyspace.sdk.AppScreen$Normal@223313f, ongoing: true, W1.i.gotoScreenWithAnimation(Unknown Source:359)
04-23 13:31:22.298 I/HoneySpace.AppscreenViewModel(23211): resetAnimatedValues
04-23 13:31:22.298 I/HYPER-HAL( 1025): [RequestManager.cpp]acquire(): Acquired ID : 1057813  [1426 / 28]    HINT : GESTURE_DETECTED_HRR    list : [TIMEOUT / 2504] 
04-23 13:31:22.299 I/HoneySpace.AppscreenPot(23211): update SystemUI, changedState = com.honeyspace.sdk.AppScreen$Normal@223313f
04-23 13:31:22.299 I/HoneySpace.SystemUIControlUtils(23211): updateSystemUI, show: true, type: statusBars navigationBars, forLauncher: true
04-23 13:31:22.299 I/HoneySpace.WhiteBgColorUpdater(23211): changeWhiteBgSystemUIColor, com.android.internal.policy.DecorView{fbf24a5 V.E...... R......D 0,0-1080,2340 aid=0}[LauncherActivity], type = 2, supportWhiteBg = false, forced = false, fromHoneyType = appscreen, darkStatusBar = 1, darkNavigationBar = false
04-23 13:31:22.299 I/HoneySpace.WhiteBgColorChanger(23211): changeStatusBarColor, view = com.android.internal.policy.DecorView{fbf24a5 V.E...... R......D 0,0-1080,2340 aid=0}[LauncherActivity], isDarkColor = false
04-23 13:31:22.299 I/HoneySpace.WhiteBgColorUpdater(23211): changeWhiteBgSystemUIColor, com.android.internal.policy.DecorView{fbf24a5 V.E...... R......D 0,0-1080,2340 aid=0}[LauncherActivity], type = 3, supportWhiteBg = false, forced = false, fromHoneyType = appscreen, darkStatusBar = 1, darkNavigationBar = false
04-23 13:31:22.299 I/HoneySpace.WhiteBgColorChanger(23211): changeNavigationBarColor, view = com.android.internal.policy.DecorView{fbf24a5 V.E...... R......D 0,0-1080,2340 aid=0}[LauncherActivity], isDarkColor = false
04-23 13:31:22.299 I/HoneySpace.HoneyScreenManagerImpl(23211): show APPS
04-23 13:31:22.299 I/HoneySpace.WallpaperBlurView(23211): apply(): progress = 1.6538818, radius = 250, preset = PresetConfigure(blurRadius=250, id=135, alphaScaleFactor=765.0)
04-23 13:31:22.299 I/HoneySpace.HomeAppsTouchController(23211): recycleVelocityTracker
04-23 13:31:22.300 I/HoneySpace.SALoggingUtils(23211): SA Logging screenID: 101 eventId: 1010 detail: {det=1} value: -1
04-23 13:31:22.300 I/HoneySpace.WallpaperBlurView(23211): apply(): progress = 1.6538818, radius = 250, preset = PresetConfigure(blurRadius=250, id=135, alphaScaleFactor=765.0)
04-23 13:31:22.301 I/HoneySpace.SPayHandler(23211): updateSpayHandler, show = false, defaultPage = true
04-23 13:31:22.304 I/HYPER-HAL( 1025): [RequestManager.cpp]acquire(): Acquired ID : 1057813  [1426 / 28]    HINT : GESTURE_DETECTED_HRR    list : [TIMEOUT / 2504] 
04-23 13:31:22.309 I/HoneySpace.WallpaperBlurView(23211): apply(): progress = 1.7718799, radius = 250, preset = PresetConfigure(blurRadius=250, id=135, alphaScaleFactor=765.0)
04-23 13:31:22.318 I/HoneySpace.WallpaperBlurView(23211): apply(): progress = 1.8552492, radius = 250, preset = PresetConfigure(blurRadius=250, id=135, alphaScaleFactor=765.0)
04-23 13:31:22.325 I/HoneySpace.WallpaperBlurView(23211): apply(): progress = 1.9178646, radius = 250, preset = PresetConfigure(blurRadius=250, id=135, alphaScaleFactor=765.0)
04-23 13:31:22.333 I/HoneySpace.WallpaperBlurView(23211): apply(): progress = 1.9532697, radius = 250, preset = PresetConfigure(blurRadius=250, id=135, alphaScaleFactor=765.0)
04-23 13:31:22.342 I/HoneySpace.WallpaperBlurView(23211): apply(): progress = 1.9752551, radius = 250, preset = PresetConfigure(blurRadius=250, id=135, alphaScaleFactor=765.0)
04-23 13:31:22.350 I/HoneySpace.WallpaperBlurView(23211): apply(): progress = 1.9891838, radius = 250, preset = PresetConfigure(blurRadius=250, id=135, alphaScaleFactor=765.0)
04-23 13:31:22.358 I/HoneySpace.WallpaperBlurView(23211): apply(): progress = 1.9954765, radius = 250, preset = PresetConfigure(blurRadius=250, id=135, alphaScaleFactor=765.0)
04-23 13:31:22.367 I/HoneySpace.WallpaperBlurView(23211): apply(): progress = 1.9984274, radius = 250, preset = PresetConfigure(blurRadius=250, id=135, alphaScaleFactor=765.0)
04-23 13:31:22.375 D/QSClock ( 1865): onDarkChanged tint=WHITE
04-23 13:31:22.375 I/HoneySpace.WallpaperBlurView(23211): apply(): progress = 1.9996619, radius = 250, preset = PresetConfigure(blurRadius=250, id=135, alphaScaleFactor=765.0)
04-23 13:31:22.384 I/HoneySpace.WallpaperBlurView(23211): apply(): progress = 1.9999509, radius = 250, preset = PresetConfigure(blurRadius=250, id=135, alphaScaleFactor=765.0)
04-23 13:31:22.392 I/HoneySpace.WallpaperBlurView(23211): apply(): progress = 1.999998, radius = 250, preset = PresetConfigure(blurRadius=250, id=135, alphaScaleFactor=765.0)
04-23 13:31:22.400 I/HoneySpace.BackgroundManagerImpl(23211): setProgress: com.honeyspace.sdk.AppScreen$Normal@223313f, p=1.0, ch=238227233, open=true
04-23 13:31:22.401 I/HoneySpace.BackgroundManagerImpl(23211): setProgressToScrimView[ch=238227233]: progress = 1.0, dim = 0.0, currentDimAlpha={238227233=0.0, 223764719=0.0, 25479688=0.0}
04-23 13:31:22.401 I/HoneySpace.WallpaperBlurView(23211): apply(): progress = 2.0, radius = 250, preset = PresetConfigure(blurRadius=250, id=135, alphaScaleFactor=765.0)
04-23 13:31:22.401 I/HoneySpace.BackgroundManagerImpl(23211): setProgressToBlurView[ch=238227233, st =  com.honeyspace.sdk.AppScreen$Normal@223313f, progress = 1.0, wb= 2.0]
04-23 13:31:22.401 I/HoneySpace.HoneyScreenManagerImpl(23211): gotoScreenWithAnimation shouldOpen doOnEnd: APPS
04-23 13:31:22.401 I/HoneySpace.HoneyScreenManagerImpl(23211): setPreviousState: com.honeyspace.sdk.AppScreen$Normal@223313f
04-23 13:31:22.401 I/HoneySpace.HoneyScreenManagerImpl(23211): Hide HOME
04-23 13:31:22.401 I/HoneySpace.ContentsAnimator(23211): end call
04-23 13:31:22.401 I/HoneySpace.HomescreenPot(23211): hide screenShow: true
04-23 13:31:22.401 I/HoneySpace.WorkspaceFastRecyclerView(23211): setCurrentPage() currentPage: 0, getNextPage: 0
04-23 13:31:22.401 I/HoneySpace.WorkspacePageIndicatorViewModel(23211): updateCurrentPage position : 0
04-23 13:31:22.401 I/HoneySpace.WorkspacePageIndicatorViewModel(23211): updateTargetPage 0
04-23 13:31:22.401 I/HoneySpace.DiscoverPageMover(23211): closeMinusOnePage : isSwipe true
04-23 13:31:22.402 I/HoneySpace.AppscreenPot(23211): onShown: com.honeyspace.sdk.AppScreen$Normal@223313f
04-23 13:31:22.402 I/HoneySpace.BackgroundManagerImpl(23211): checkAndUpdateBackgroundEffect: com.honeyspace.sdk.AppScreen$Normal@223313f, ch=238227233, forceApply=false
04-23 13:31:22.402 I/HoneySpace.BackgroundManagerImpl(23211): applyCurrentBackgroundEffect
04-23 13:31:22.402 I/HoneySpace.WallpaperBlurView(23211): apply(): progress = 2.0, radius = 250, preset = PresetConfigure(blurRadius=250, id=135, alphaScaleFactor=765.0)
04-23 13:31:22.402 I/HoneySpace.WhiteBgColorUpdater(23211): changeWhiteBgSystemUIColor, com.android.internal.policy.DecorView{fbf24a5 V.E...... R.....ID 0,0-1080,2340 aid=0}[LauncherActivity], type = 2, supportWhiteBg = false, forced = false, fromHoneyType = appscreen, darkStatusBar = 1, darkNavigationBar = false
04-23 13:31:22.402 I/HoneySpace.WhiteBgColorChanger(23211): changeStatusBarColor, view = com.android.internal.policy.DecorView{fbf24a5 V.E...... R.....ID 0,0-1080,2340 aid=0}[LauncherActivity], isDarkColor = false
04-23 13:31:22.402 I/HoneySpace.SPayHandler(23211): updateSpayHandler, show = true, defaultPage = true
04-23 13:31:22.402 I/HoneySpace.WhiteBgColorUpdater(23211): changeWhiteBgSystemUIColor, com.android.internal.policy.DecorView{fbf24a5 V.E...... R.....ID 0,0-1080,2340 aid=0}[LauncherActivity], type = 3, supportWhiteBg = false, forced = false, fromHoneyType = appscreen, darkStatusBar = 1, darkNavigationBar = false
04-23 13:31:22.402 I/HoneySpace.WhiteBgColorChanger(23211): changeNavigationBarColor, view = com.android.internal.policy.DecorView{fbf24a5 V.E...... R.....ID 0,0-1080,2340 aid=0}[LauncherActivity], isDarkColor = false
04-23 13:31:22.403 I/HoneySpace.SPayHandler(23211): updateSpayHandler, show = false, defaultPage = true
04-23 13:31:22.668 D/DisplayModeController( 1101): setDesiredMode 4633128672291736000 {mode={fps=60.00 Hz, modePtr={id=1, vsyncRate=60.00 Hz, peakRefreshRate=60.00 Hz}}, emitEvent=false, force=false}
04-23 13:31:22.670 I/VSyncReactor( 1101): Current= 120, Period= 60, hwcPeriod= 120
04-23 13:31:22.675 I/LayerHistory( 1101): StatusBar$_1865#99 voted NoVote (0.00 Hz)
04-23 13:31:22.675 I/LayerHistory( 1101): com.sec.android.app.launcher/com.sec.android.app.launcher.activities.LauncherActivity$_23211#6245 voted ExplicitCategory with category: HighHint
04-23 13:31:22.675 I/SurfaceFlinger( 1101): Idle - choose 60.00 Hz
04-23 13:31:22.676 I/HWComposer( 1101): [4633128672291736000] ActiveConfigToHWC, ID : 4
04-23 13:31:22.676 I/VSyncReactor( 1101): Current= 120, Period= 60, hwcPeriod= 120
04-23 13:31:22.680 D/display ( 1011): setActiveConfigWithConstraints:: PrimaryDisplay config(4)
04-23 13:31:22.680 I/display ( 1011): Current VRR MODE is 3
04-23 13:31:22.680 I/display ( 1011): setActiveConfigWithConstraints:: HFR match - config: 5, base: 4, try: 0
04-23 13:31:22.680 I/display ( 1011): setActiveConfigWithConstraints::update 1080x2340@60phs
04-23 13:31:22.680 I/display ( 1011): commit modeset : 1080x2340@60phs
04-23 13:31:22.708 W/display ( 1011): deliverWinConfigData:: commit modeset time (28 ms)
04-23 13:31:22.709 I/display ( 1011): [compareVsyncPeriod] set the lowest(mode:0) vsync 166 of display(0)
04-23 13:31:22.709 I/display ( 1011): getFpsForPerformance, performance table found using table(key:60, cpu:255)
04-23 13:31:22.709 I/display ( 1011): Set m2mMPP capacity(8) for fps(60)
04-23 13:31:22.709 I/display ( 1011): getFpsForPerformance, performance table found using table(key:60, cpu:255)
04-23 13:31:22.709 I/display ( 1011): Set Affinity config for fps(60) : cpuIDs : 255
04-23 13:31:22.709 I/display ( 1011): Set Affinity CPU ID : 0
04-23 13:31:22.709 I/display ( 1011): Set Affinity CPU ID : 1
04-23 13:31:22.709 I/display ( 1011): Set Affinity CPU ID : 2
04-23 13:31:22.709 I/display ( 1011): Set Affinity CPU ID : 3
04-23 13:31:22.709 I/display ( 1011): Set Affinity CPU ID : 4
04-23 13:31:22.709 I/display ( 1011): Set Affinity CPU ID : 5
04-23 13:31:22.709 I/display ( 1011): Set Affinity CPU ID : 6
04-23 13:31:22.709 I/display ( 1011): Set Affinity CPU ID : 7
04-23 13:31:22.709 I/display ( 1011): Set affinity HWC : 1011
04-23 13:31:22.709 I/display ( 1011): CPU set : Cluster(0), min_clock(0)
04-23 13:31:22.709 I/display ( 1011): CPU set : Cluster(1), min_clock(0)
04-23 13:31:22.709 I/display ( 1011): CPU set : Cluster(2), min_clock(0)
04-23 13:31:22.710 I/VSyncReactor( 1101): Current= 120, Period= 60, hwcPeriod= 60
04-23 13:31:22.710 I/SurfaceFlinger( 1101): finalizeDisplayModeChange 4633128672291736000
04-23 13:31:22.793 I/HoneySpace.IconView(23211): end dim animation : Akbank
04-23 13:31:23.150 D/InetDiagMessage( 1426): Destroyed 0 sockets, proto=IPPROTO_TCP, family=AF_INET, states=14
04-23 13:31:23.151 D/InetDiagMessage( 1426): Destroyed 0 sockets, proto=IPPROTO_TCP, family=AF_INET6, states=14
04-23 13:31:23.151 D/InetDiagMessage( 1426): Destroyed live tcp sockets for uids={10472} in 3ms
04-23 13:31:23.152 D/InetDiagMessage( 1426): Destroyed 0 sockets, proto=IPPROTO_TCP, family=AF_INET, states=14
04-23 13:31:23.152 D/InetDiagMessage( 1426): Destroyed 0 sockets, proto=IPPROTO_TCP, family=AF_INET6, states=14
04-23 13:31:23.152 D/InetDiagMessage( 1426): Destroyed live tcp sockets for uids={20472} in 2ms
04-23 13:31:23.182 E/HeatmapThread( 1092): ECT Thread time in milliseconds: 1776940283
04-23 13:31:23.182 D/HeatmapThread( 1092): !@ batteryplugType : 0
04-23 13:31:23.182 D/HeatmapThread( 1092): !@ batteryLevel : 0  batteryTemperature : 0 
04-23 13:31:23.182 D/HeatmapThread( 1092): !@ Heatmap currtime: 29615671
04-23 13:31:23.182 D/HeatmapThread( 1092): !@ Heatmap prevtime: 29615654
04-23 13:31:23.182 D/HeatmapThread( 1092): !@ Heatmap plugstarttime: 35791394
04-23 13:31:23.182 D/HeatmapThread( 1092): !@ Heatmap prevv_dsoh_update_time: 29614964
04-23 13:31:23.183 E/HeatmapThread( 1092): !@Could not open '/efs/FactoryApp/bsoh', errno = 13
04-23 13:31:23.183 E/HeatmapThread( 1092): !@ CAM Could not access BSOH EFS
04-23 13:31:23.183 E/HeatmapThread( 1092): !@ CAM New BSOH: 0
04-23 13:31:23.248 D/SatelliteController( 1839): isInCarrierRoamingNbIotNtn: satellite is disabled
04-23 13:31:23.775 I/HYPER-HAL( 1025): [RequestManager.cpp]releaseLocked(): Released ID : 7548584
04-23 13:31:23.899 D/InputReader( 1426): Btn_touch(3): value=1 when=41567.834138
04-23 13:31:23.899 I/InputReader( 1426): Touch event's action is 0x0 (id=5, t=0) [pCnt=1, s=0.4943 ] when=41567.834138
04-23 13:31:23.901 I/InputDispatcher( 1426): Delivering touch to (1865): action: 0x4, f=0x0, d=0, '682768d', t=1 
04-23 13:31:23.901 I/InputDispatcher( 1426): Delivering touch to (23163): action: 0x4, f=0x0, d=0, '29c054 ', t=1 
04-23 13:31:23.901 I/InputDispatcher( 1426): Delivering touch to (23211): action: 0x0, f=0x0, d=0, 'f2bbc10', t=1 
04-23 13:31:23.902 I/VSyncReactor( 1101): Current= 60, Period= 60, hwcPeriod= 60
04-23 13:31:23.902 I/VRI[LauncherActivity]@7189683(23211): ViewPostIme pointer 0
04-23 13:31:23.902 D/PowerManagerService( 1426): [api] userActivityFromNative : touch displayId=0 eventTime=41567834
04-23 13:31:23.902 I/HoneySpace.IconHoney(23211): call activeLaunch 34673
04-23 13:31:23.902 I/GestureDetector( 1426): obtain mCurrentDownEvent. id: 110286252 caller: com.android.server.wm.SystemGesturesPointerEventListener.onPointerEvent:17 com.android.server.wm.PointerEventDispatcher.onInputEvent:51 android.view.InputEventReceiver.dispatchInputEvent:392 
04-23 13:31:23.902 I/HoneySpace.AppscreenContainerView(23211): findActiveTouchController ev = 0
04-23 13:31:23.902 I/HoneySpace.AppscreenHomeTouchController(23211): onControllerInterceptTouchEvent ev = 0
04-23 13:31:23.902 I/HoneySpace.AppscreenHomeTouchController(23211): canIntercept = true
04-23 13:31:23.902 D/DisplayModeController( 1101): setDesiredMode 4633128672291736000 {mode={fps=120.00 Hz, modePtr={id=0, vsyncRate=120.00 Hz, peakRefreshRate=120.00 Hz}}, emitEvent=true, force=false}
04-23 13:31:23.902 I/GestureDetector( 1426): obtain mCurrentDownEvent. id: 110286252 caller: com.android.server.wm.SystemPerformancePointerEventListener.onPointerEvent:13 com.android.server.wm.PointerEventDispatcher.onInputEvent:51 android.view.InputEventReceiver.dispatchInputEvent:392 
04-23 13:31:23.903 I/HoneySpace.ApplistFastRecyclerView(23211): dispatchTouchEvent() event.action=0
04-23 13:31:23.903 I/HoneySpace.ApplistFastRecyclerView(23211): processDownMotionEvent, index = 0, id = 0
04-23 13:31:23.903 I/HoneySpace.ApplistFastRecyclerView(23211): initTouchPoint, index = 0, id = 0
04-23 13:31:23.903 I/Pageboost( 1426): start alp : com.omgteknoloji.onaykiymetlimadenler
04-23 13:31:23.903 I/LayerHistory( 1101): com.sec.android.app.launcher/com.sec.android.app.launcher.activities.LauncherActivity$_23211#6245 voted ExplicitCategory with category: HighHint
04-23 13:31:23.903 I/SurfaceFlinger( 1101): Touch Boost - choose 120.00 Hz
04-23 13:31:23.903 I/SemDvfsHyPerManager( 3856): acquire hyper - TABoost/3856@29, type = -999
04-23 13:31:23.903 I/HoneySpace.IconView(23211): start dim animation : Onay Altın
04-23 13:31:23.903 I/HWComposer( 1101): [4633128672291736000] ActiveConfigToHWC, ID : 3
04-23 13:31:23.903 W/ContextImpl( 1426): Calling a method in the system process without a qualified user: android.app.ContextImpl.startActivity:1189 com.android.server.am.ActivityManagerService.doActiveLaunch:101 android.app.IActivityManager$Stub.onTransact:5083 com.android.server.am.ActivityManagerService.onTransact:425 android.os.Binder.execTransactInternal:1462 
04-23 13:31:23.904 I/HYPER-HAL( 1025): [RequestManager.cpp]acquire(): Acquired ID : 7548584  [3856 / 29]    HINT :      list : [TABoost / 1] [TIMEOUT / 1500] 
04-23 13:31:23.904 D/SurfaceFlinger( 1101): GPIS:: requestGpisForClientComposition
04-23 13:31:23.905 I/Pageboost( 1426): alp for : com.omgteknoloji.onaykiymetlimadenler , 0
04-23 13:31:23.905 E/pageboostd( 2907): alp start : app comomgteknolojionaykiymetlimadenler
04-23 13:31:23.906 I/GestureDetector( 1426): obtain mCurrentMotionEventRaw. action: 2 id: 994736268
04-23 13:31:23.906 I/GestureDetector( 1426): obtain mCurrentMotionEventRaw. action: 2 id: 994736268
04-23 13:31:23.906 D/ActivityTaskManager( 1426): startActivityAsUser: callingPid=1426, callingUid=1000, caller=com.android.server.wm.ActivityTaskManagerService.startActivity:123 android.app.Instrumentation.execStartActivity:2010 android.app.ContextImpl.startActivity:1207 com.android.server.am.ActivityManagerService.doActiveLaunch:101 android.app.IActivityManager$Stub.onTransact:5083 com.android.server.am.ActivityManagerService.onTransact:425 android.os.Binder.execTransactInternal:1462 
04-23 13:31:23.906 D/display ( 1011): setActiveConfigWithConstraints:: PrimaryDisplay config(3)
04-23 13:31:23.906 I/display ( 1011): Current VRR MODE is 3
04-23 13:31:23.906 I/display ( 1011): setActiveConfigWithConstraints:: HFR match - config: 3, base: 3, try: 1
04-23 13:31:23.906 I/display ( 1011): setActiveConfigWithConstraints::update 1080x2340@120hs
04-23 13:31:23.906 I/display ( 1011): commit modeset : 1080x2340@120hs
04-23 13:31:23.906 D/ActivityTaskManager( 1426): request preloading for newly launching app
04-23 13:31:23.906 I/ActivityTaskManager( 1426): starting ActiveLaunch
04-23 13:31:23.906 D/ActivityManager( 1426): starting Active launch
04-23 13:31:23.907 D/CompatChangeReporter( 1426): Compat change id reported: 151861875; UID 10448; state: ENABLED
04-23 13:31:23.917 E/pageboostd( 2907): comomgteknolojionaykiymetlimadenler, amt 1843200 scnt 1 fcnt 0
04-23 13:31:23.918 I/HoneySpace.AppscreenContainerView(23211): findActiveTouchController ev = 2
04-23 13:31:23.918 I/HoneySpace.AppscreenHomeTouchController(23211): onControllerInterceptTouchEvent ev = 2
04-23 13:31:23.918 I/HoneySpace.ApplistFastRecyclerView(23211): updateIsBeingDraggedOnTouchDown touchSlop:35, diff:40, moved:true, useLongTouchSlop:true
04-23 13:31:23.918 I/HoneySpace.ApplistFastRecyclerView(23211): startScroll
04-23 13:31:23.918 I/HoneySpace.ApplistFastRecyclerView(23211): updateCellLayoutAlpha() showAll: true
04-23 13:31:23.918 I/HoneySpace.DvfsManager(23211): boostPageSwipe takenTime: 1776940283918
04-23 13:31:23.918 I/SemDvfsHyPerManager(23211): acquire hyper - LAUNCHER_TOUCH/23211@3, type = -999
04-23 13:31:23.918 I/HoneySpace.ApplistFastRecyclerView(23211): onInterceptTouchEvent() by isPageScrolling
04-23 13:31:23.921 D/Zygote  (  995): Forked child process 31370
04-23 13:31:23.921 I/ActivityManager( 1426): Start proc 31370:com.omgteknoloji.onaykiymetlimadenler/u0a448 for activelaunch {com.omgteknoloji.onaykiymetlimadenler/com.example.omegamobile.MainActivity}
04-23 13:31:23.922 I/ActivityManager( 1426): ProcessObserver broadcast disabled
04-23 13:31:23.927 D/ShellStartingWindow( 1865): preload Icon com.omgteknoloji.onaykiymetlimadenler
04-23 13:31:23.940 I/iymetlimadenler(31370): Using CollectorTypeCMC GC.
04-23 13:31:23.941 W/display ( 1011): deliverWinConfigData:: commit modeset time (34 ms)
04-23 13:31:23.941 I/display ( 1011): [compareVsyncPeriod] set the lowest(mode:0) vsync 83 of display(0)
04-23 13:31:23.941 I/display ( 1011): getFpsForPerformance, performance table found using table(key:120, cpu:255)
04-23 13:31:23.941 I/display ( 1011): Set m2mMPP capacity(4) for fps(120)
04-23 13:31:23.941 I/display ( 1011): getFpsForPerformance, performance table found using table(key:120, cpu:255)
04-23 13:31:23.941 I/display ( 1011): Set Affinity config for fps(120) : cpuIDs : 255
04-23 13:31:23.941 I/display ( 1011): Set Affinity CPU ID : 0
04-23 13:31:23.941 I/display ( 1011): Set Affinity CPU ID : 1
04-23 13:31:23.941 I/display ( 1011): Set Affinity CPU ID : 2
04-23 13:31:23.941 I/display ( 1011): Set Affinity CPU ID : 3
04-23 13:31:23.941 I/display ( 1011): Set Affinity CPU ID : 4
04-23 13:31:23.941 I/display ( 1011): Set Affinity CPU ID : 5
04-23 13:31:23.941 I/display ( 1011): Set Affinity CPU ID : 6
04-23 13:31:23.941 I/display ( 1011): Set Affinity CPU ID : 7
04-23 13:31:23.941 I/display ( 1011): Set affinity HWC : 1011
04-23 13:31:23.941 I/display ( 1011): CPU set : Cluster(0), min_clock(0)
04-23 13:31:23.941 I/display ( 1011): CPU set : Cluster(1), min_clock(0)
04-23 13:31:23.941 I/display ( 1011): CPU set : Cluster(2), min_clock(0)
04-23 13:31:23.942 I/VSyncReactor( 1101): Current= 60, Period= 120, hwcPeriod= 120
04-23 13:31:23.942 I/SurfaceFlinger( 1101): finalizeDisplayModeChange 4633128672291736000
04-23 13:31:23.945 D/nativeloader(31370): Load libframework-connectivity-tiramisu-jni.so using APEX ns com_android_tethering for caller /apex/com.android.tethering/javalib/framework-connectivity-t.jar: ok
04-23 13:31:23.947 D/ActivityThread(31370): setConscryptValidator
04-23 13:31:23.947 D/ActivityThread(31370): setConscryptValidator - put
04-23 13:31:23.954 W/libprocessgroup( 1426): SetCgroup::ExecuteForProcess: failed to open /dev/cpuctl/foreground-boost/cgroup.procs: No such file or directory
04-23 13:31:23.958 D/ApplicationLoaders(31370): Returning zygote-cached class loader: /system_ext/framework/androidx.window.extensions.jar
04-23 13:31:23.958 D/ApplicationLoaders(31370): Returning zygote-cached class loader: /system_ext/framework/androidx.window.sidecar.jar
04-23 13:31:23.962 D/InputReader( 1426): Btn_touch(3): value=0 when=41567.897184
04-23 13:31:23.962 I/InputReader( 1426): Touch event's action is 0x1 (id=5, t=0) [pCnt=1, s=] when=41567.897184
04-23 13:31:23.962 I/InputDispatcher( 1426): Delivering touch to (23211): action: 0x1, f=0x0, d=0, 'f2bbc10', t=1 
04-23 13:31:23.963 I/VRI[LauncherActivity]@7189683(23211): ViewPostIme pointer 1
04-23 13:31:23.963 I/HoneySpace.ApplistFastRecyclerView(23211): resetPageAndTouchState MotionEvent { action=ACTION_UP, actionButton=0, id[0]=0, x[0]=436.21777, y[0]=1569.5635, toolType[0]=TOOL_TYPE_FINGER, buttonState=0, classification=NONE, metaState=0, flags=0x0, edgeFlags=0x0, pointerCount=1, historySize=0, eventTime=41567897, downTime=41567834, deviceId=5, source=0x1002, displayId=0, eventId=627316491 }
04-23 13:31:23.963 I/HoneySpace.ApplistFastRecyclerView(23211): snapToPageForLooping() velocityX: -11437, isSignificantMove: false, isFling: true, isDeltaXLeft: true, isVelocityXLeft: true, supportInfiniteLoop: false, currentPage: 5, childCount: 6, visibleCount: 1
04-23 13:31:23.963 I/HoneySpace.ApplistFastRecyclerView(23211): snapToDestination() currentPage: 5, destinationPage: 5
04-23 13:31:23.963 I/HoneySpace.ApplistFastRecyclerView(23211): snapToPage() currentPage: 5, toPage: 5
04-23 13:31:23.963 I/HoneySpace.PageIndicatorViewModel(23211): updateTargetPage 5
04-23 13:31:23.963 I/HoneySpace.ApplistFastRecyclerView(23211): Touch Pos(ApplistFastRecyclerView) : D-(893, 40911483)-M-(893, 40911508)-M-(893, 40911527)-M-(893, 40911537)-D-(973, 41164958)-M-(973, 41165012)-D-(969, 41377008)-M-(969, 41377023)-M-(969, 41377040)-M-(969, 41377053)-D-(922, 41423484)-M-(922, 41423512)-M-(922, 41423528)-M-(923, 41423533)-D-(798, 41567838)-M-(757, 41567853)-S--M-(663.95996, 41567869)-M-(558.6865, 41567884)-M-(447.25293, 41567893)-M-(436.2744, 41567898)-U-(436, 41567898)-End
04-23 13:31:23.963 I/HoneySpace.ApplistFastRecyclerView(23211): resetTouchState
04-23 13:31:23.963 I/SemDvfsHyPerManager( 1426): acquire hyper - GESTURE_DETECTED_HRR/1426@28, type = -999
04-23 13:31:23.963 I/SemDvfsHyPerManager( 1426): acquire hyper - SMOOTH_SCROLL/1426@26, type = -999
04-23 13:31:23.963 I/SemDvfsHyPerManager( 1426): acquire hyper - GESTURE_DETECTED_HRR/1426@28, type = -999
04-23 13:31:23.963 I/HYPER-HAL( 1025): [RequestManager.cpp]acquire(): Acquired ID : 1057813  [1426 / 28]    HINT : GESTURE_DETECTED_HRR    list : [TIMEOUT / 2186] 
04-23 13:31:23.963 I/HYPER-HAL( 1025): [RequestManager.cpp]acquire(): Acquired ID : 1057813  [1426 / 28]    HINT : GESTURE_DETECTED_HRR    list : [TIMEOUT / 2186] 
04-23 13:31:23.966 I/VSyncReactor( 1101): Current= 120, Period= 120, hwcPeriod= 120
04-23 13:31:23.969 W/iymetlimadenler(31370): Failed to find entry 'classes.dex': Entry not found
04-23 13:31:23.970 W/iymetlimadenler(31370): Failed to find entry 'classes.dex': Entry not found
04-23 13:31:23.970 W/iymetlimadenler(31370): Failed to find entry 'classes.dex': Entry not found
04-23 13:31:23.970 W/iymetlimadenler(31370): Failed to find entry 'classes.dex': Entry not found
04-23 13:31:23.971 D/nativeloader(31370): Configuring clns-9 for other apk /data/app/~~T2two-LesnPLzJ1WcBy6DA==/com.omgteknoloji.onaykiymetlimadenler-nWe0zFwVK9GQqxPp7XrpaA==/base.apk:/data/app/~~T2two-LesnPLzJ1WcBy6DA==/com.omgteknoloji.onaykiymetlimadenler-nWe0zFwVK9GQqxPp7XrpaA==/split_config.ar.apk:/data/app/~~T2two-LesnPLzJ1WcBy6DA==/com.omgteknoloji.onaykiymetlimadenler-nWe0zFwVK9GQqxPp7XrpaA==/split_config.arm64_v8a.apk:/data/app/~~T2two-LesnPLzJ1WcBy6DA==/com.omgteknoloji.onaykiymetlimadenler-nWe0zFwVK9GQqxPp7XrpaA==/split_config.tr.apk:/data/app/~~T2two-LesnPLzJ1WcBy6DA==/com.omgteknoloji.onaykiymetlimadenler-nWe0zFwVK9GQqxPp7XrpaA==/split_config.xxhdpi.apk. target_sdk_version=35, uses_libraries=, library_path=/data/app/~~T2two-LesnPLzJ1WcBy6DA==/com.omgteknoloji.onaykiymetlimadenler-nWe0zFwVK9GQqxPp7XrpaA==/lib/arm64:/data/app/~~T2two-LesnPLzJ1WcBy6DA==/com.omgteknoloji.onaykiymetlimadenler-nWe0zFwVK9GQqxPp7XrpaA==/base.apk!/lib/arm64-v8a:/data/app/~~T2two-LesnPLzJ1WcBy6DA==/com.omgteknoloji.onaykiymetlimadenler-nWe0zFwVK9GQqxPp7XrpaA==/sp
04-23 13:31:23.972 D/CompatChangeReporter(31370): Compat change id reported: 202956589; UID 10448; state: ENABLED
04-23 13:31:23.979 V/GraphicsEnvironment(31370): Currently set values for:
04-23 13:31:23.979 V/GraphicsEnvironment(31370):   angle_gl_driver_selection_pkgs=[]
04-23 13:31:23.979 V/GraphicsEnvironment(31370):   angle_gl_driver_selection_values=[]
04-23 13:31:23.979 V/GraphicsEnvironment(31370): com.omgteknoloji.onaykiymetlimadenler is not listed in per-application setting
04-23 13:31:23.979 V/GraphicsEnvironment(31370): ANGLE allowlist from config: 
04-23 13:31:23.979 V/GraphicsEnvironment(31370): com.omgteknoloji.onaykiymetlimadenler is not listed in ANGLE allowlist or settings, returning default
04-23 13:31:23.979 V/GraphicsEnvironment(31370): App is not on the allowlist for updatable production driver.
04-23 13:31:23.983 W/FirebaseApp(31370): Default FirebaseApp failed to initialize because no default options were found. This usually means that com.google.gms:google-services was not applied to your gradle project.
04-23 13:31:23.983 I/FirebaseInitProvider(31370): FirebaseApp initialization unsuccessful
04-23 13:31:23.985 D/CompatChangeReporter(31370): Compat change id reported: 279646685; UID 10448; state: ENABLED
04-23 13:31:23.985 D/WM-WrkMgrInitializer(31370): Initializing WorkManager with default configuration.
04-23 13:31:23.987 D/PackageManager( 1426): setEnabledSetting : userId = 0 packageName = com.omgteknoloji.onaykiymetlimadenler cmp = androidx.work.impl.background.systemjob.SystemJobService newState = 1 callingPackage = com.omgteknoloji.onaykiymetlimadenler
04-23 13:31:23.988 D/ApplicationPolicy( 1426): getApplicationStateEnabled : pkg = com.omgteknoloji.onaykiymetlimadenler userId : 0
04-23 13:31:23.988 D/ApplicationPolicy( 1426): getApplicationComponentState : pkg = com.omgteknoloji.onaykiymetlimadenler userId : 0
04-23 13:31:23.991 D/LicenseClient(31370): Connecting to the licensing service...
04-23 13:31:23.993 D/BackgroundInstallControlService( 1426): Package event received: 0
04-23 13:31:23.997 E/ashmem  (31370): Pinning is deprecated since Android Q. Please use trim or other methods.
04-23 13:31:24.006 I/Pageboost( 1426): stop alp by timeout
04-23 13:31:24.006 E/pageboostd( 2907): Received HALT command code 2
04-23 13:31:24.007 E/pageboostd( 2907): comomgteknolojionaykiymetlimadenler, amt 19853312 scnt 103 fcnt 117
04-23 13:31:24.007 E/pageboostd( 2907): alp end : app comomgteknolojionaykiymetlimadenler data_amount 21696512
04-23 13:31:24.007 E/pageboostd( 2907): alp halted comomgteknolojionaykiymetlimadenler
04-23 13:31:24.049 D/LicenseClient(31370): Connected to the licensing service.
04-23 13:31:24.050 D/LicenseClient(31370): Sending request to licensing service...
04-23 13:31:24.106 D/LicenseClient(31370): Request to licensing service sent.
04-23 13:31:24.112 I/LicenseClient(31370): License check succeeded.
04-23 13:31:24.170 D/io_stats(  727): !@   8,0 r 5840253 125039865 w 1181947 48560472 d 462188 193615904 f 0 83287 iot 2396400 0 th 0 0 0 pt 0 inp 0 1 41568.105
04-23 13:31:24.171 D/io_stats(  727): !@ Read_top(KB): loop48(2834) 22784 pageboostd(2907) 21000 android.vending(4094) 8632
04-23 13:31:24.171 D/io_stats(  727): !@ Write_top(KB): sait.sohservice(20433) 32 id.diagmonagent(3827) 28 martsuggestions(3761) 4
04-23 13:31:24.182 E/HeatmapThread( 1092): ECT Thread time in milliseconds: 1776940284
04-23 13:31:24.182 D/HeatmapThread( 1092): !@ batteryplugType : 0
04-23 13:31:24.182 D/HeatmapThread( 1092): !@ batteryLevel : 0  batteryTemperature : 0 
04-23 13:31:24.182 D/HeatmapThread( 1092): !@ Heatmap currtime: 29615671
04-23 13:31:24.182 D/HeatmapThread( 1092): !@ Heatmap prevtime: 29615654
04-23 13:31:24.182 D/HeatmapThread( 1092): !@ Heatmap plugstarttime: 35791394
04-23 13:31:24.182 D/HeatmapThread( 1092): !@ Heatmap prevv_dsoh_update_time: 29614964
04-23 13:31:24.182 E/HeatmapThread( 1092): !@Could not open '/efs/FactoryApp/bsoh', errno = 13
04-23 13:31:24.182 E/HeatmapThread( 1092): !@ CAM Could not access BSOH EFS
04-23 13:31:24.182 E/HeatmapThread( 1092): !@ CAM New BSOH: 0
04-23 13:31:24.275 I/HYPER-HAL( 1025): [RequestManager.cpp]releaseLocked(): Released ID : 2209151
04-23 13:31:24.330 I/android.vending( 4094): Background concurrent mark compact GC freed 27MB AllocSpace bytes, 82(2012KB) LOS objects, 66% free, 14MB/43MB, paused 383us,3.024ms total 223.081ms
04-23 13:31:24.330 W/android.vending( 4094): Reducing the number of considered missed Gc histogram windows from 779 to 100
04-23 13:31:24.351 D/android.hardware.security.keymint-service(  745): abort: ret 0
04-23 13:31:24.353 D/android.hardware.security.keymint-service(  745): abort: ret 0
04-23 13:31:24.354 D/android.hardware.security.keymint-service(  745): abort: ret 0
04-23 13:31:24.355 D/android.hardware.security.keymint-service(  745): abort: ret 0
04-23 13:31:24.409 D/SurfaceFlinger( 1101): GPIS:: requestGpisForClientComposition
04-23 13:31:24.525 I/HoneySpace.IconView(23211): end dim animation : Onay Altın
04-23 13:31:24.716 I/HoneySpace.DvfsManager(23211): releasePageSwipe takenTime: 798
04-23 13:31:24.725 I/HoneySpace.ApplistFastRecyclerView(23211): updateCellLayoutAlpha() showAll: false
04-23 13:31:24.725 I/HoneySpace.ApplistFastRecyclerView(23211): Scroll Pos(ApplistFastRecyclerView) : (5195, 40927847)-(5195, 41172135)-(5195, 41393893)-(5195, 41433198)-(5235, 41567853)-(5329, 41567869)-(5434, 41567884)-(5545, 41567893)-(5556, 41567898)-(5549, 41567901)-(5530, 41567909)-(5510, 41567918)-(5493, 41567926)-(5477, 41567934)-(5460, 41567943)-(5445, 41567951)-(5431, 41567959)-(5416, 41567968)-(5403, 41567976)-(5391, 41567984)-(5378, 41567993)-(5367, 41568001)-(5357, 41568009)-(5346, 41568018)-(5337, 41568026)-(5328, 41568034)-(5318, 41568043)-(5310, 41568051)-(5303, 41568059)-(5295, 41568068)-(5288, 41568076)-(5282, 41568084)-(5275, 41568093)-(5269, 41568101)-(5264, 41568109)-(5259, 41568118)-(5254, 41568126)-(5250, 41568134)-(5245, 41568143)-(5241, 41568151)-(5238, 41568159)-(5234, 41568168)-(5231, 41568176)-(5228, 41568184)-(5225, 41568193)-(5222, 41568201)-(5220, 41568209)-(5217, 41568218)-(5215, 41568226)-(5214, 41568234)-(5212, 41568243)-(5210, 41568251)-(5209, 41568259)-(5207, 41568268)-(5206, 41568276)-(5205, 41568284)-(5204, 41568293)-(5203, 41568301)-(5202, 41568309)-(5201, 41568318)-(5200, 41568326)-(5200, 41568334)-(5199, 41568343)-(5199, 41568351)-(5198, 41568359)-(5198, 41568368)-(5197, 41568376)-(5197, 41568384)-(5197, 41568393)-(5196, 41568401)-(5196, 41568409)-(5196, 41568418)-(5196, 41568426)-(5196, 41568434)-(5196, 41568443)-(5195, 41568451)-End
04-23 13:31:24.826 I/HoneySpace.StatusIconTracker(23211): invokeEvent() called with: event = Mobile(bundle=Bundle[mParcelledData.dataSize=256])
04-23 13:31:25.085 D/DisplayModeController( 1101): setDesiredMode 4633128672291736000 {mode={fps=60.00 Hz, modePtr={id=1, vsyncRate=60.00 Hz, peakRefreshRate=60.00 Hz}}, emitEvent=false, force=false}
04-23 13:31:25.086 I/LayerHistory( 1101): StatusBar$_1865#99 voted NoVote (0.00 Hz)
04-23 13:31:25.087 I/LayerHistory( 1101): com.sec.android.app.launcher/com.sec.android.app.launcher.activities.LauncherActivity$_23211#6245 voted ExplicitCategory with category: HighHint
04-23 13:31:25.087 I/SurfaceFlinger( 1101): Idle - choose 60.00 Hz
04-23 13:31:25.087 I/HWComposer( 1101): [4633128672291736000] ActiveConfigToHWC, ID : 4
04-23 13:31:25.087 D/SurfaceFlinger( 1101): GPIS:: requestGpisForClientComposition
04-23 13:31:25.088 I/VSyncReactor( 1101): Current= 120, Period= 60, hwcPeriod= 120
04-23 13:31:25.091 I/VSyncReactor( 1101): Current= 120, Period= 60, hwcPeriod= 120
04-23 13:31:25.091 D/display ( 1011): setActiveConfigWithConstraints:: PrimaryDisplay config(4)
