04-23 13:20:27.738 D/SamsungLightBarControlHelper( 1865): updateNavigationBar (BLACK button) isLightOpaque:false, hasLightNavigationBarFlag:true, packageName:com.toov1.dovizaltin, DirectReplying:false, NavBarColorMangedByIme:false, ForceDarkForScrim:false, ForceLightForScrim:false, QsCustomizing:false, QsExpanded:false
04-23 13:20:27.740 D/SurfaceComposerClient( 1426): setCornerRadius ## b91fc0f Splash Screen com.toov1.dovizaltin#5874 cornerRadius=0.000000
04-23 13:20:27.740 D/SurfaceComposerClient( 1426): setCornerRadius ## 3baeb93 com.toov1.dovizaltin/com.toov1.dovizaltin.MainActivity#5881 cornerRadius=0.000000
04-23 13:20:27.743 D/WindowManager( 1426): Changing focus from null to Window{3baeb93 u0 com.toov1.dovizaltin/com.toov1.dovizaltin.MainActivity} displayId=0 Callers=com.android.server.wm.WindowManagerService.relayoutWindow:1350 com.android.server.wm.Session.relayout:27 android.view.IWindowSession$Stub.onTransact:829 com.android.server.wm.Session.onTransact:1 
04-23 13:20:27.746 D/InsetsSourceProvider( 1426): updateControlForTarget: control=InsetsSourceControl: {8470000 mType=statusBars initiallyVisible mSurfacePosition=Point(0, 0) mInsetsHint=Insets{left=0, top=80, right=0, bottom=0}}, target=Window{3baeb93 u0 com.toov1.dovizaltin/com.toov1.dovizaltin.MainActivity}, from=com.android.server.wm.InsetsStateController.onControlTargetChanged:83 com.android.server.wm.InsetsPolicy.updateBarControlTarget:212 com.android.server.wm.DisplayPolicy.updateSystemBarAttributes:262 com.android.server.wm.WindowManagerService.updateFocusedWindowLocked:372 com.android.server.wm.WindowManagerService.relayoutWindow:1350 
04-23 13:20:27.747 D/InsetsSourceProvider( 1426): updateControlForTarget: control=InsetsSourceControl: {83d80001 mType=navigationBars initiallyVisible mSurfacePosition=Point(0, 2205) mInsetsHint=Insets{left=0, top=0, right=0, bottom=135}}, target=Window{3baeb93 u0 com.toov1.dovizaltin/com.toov1.dovizaltin.MainActivity}, from=com.android.server.wm.InsetsStateController.onControlTargetChanged:83 com.android.server.wm.InsetsPolicy.updateBarControlTarget:225 com.android.server.wm.DisplayPolicy.updateSystemBarAttributes:262 com.android.server.wm.WindowManagerService.updateFocusedWindowLocked:372 com.android.server.wm.WindowManagerService.relayoutWindow:1350 
04-23 13:20:27.748 D/WindowManager( 1426): updateSystemBarAttributes: displayId=0, focusedCanBeNavColorWin=false, win=Window{3baeb93 u0 com.toov1.dovizaltin/com.toov1.dovizaltin.MainActivity}, navColorWin=Window{b91fc0f u0 Splash Screen com.toov1.dovizaltin}, caller=com.android.server.wm.WindowManagerService.updateFocusedWindowLocked:372 com.android.server.wm.WindowManagerService.relayoutWindow:1350 com.android.server.wm.Session.relayout:27 
04-23 13:20:27.748 D/NavigationBar( 1865): onSystemBarAttributesChanged() -  displayId:0, appearance:16, packageName: com.toov1.dovizaltin (APPEARANCE_LIGHT_NAVIGATION_BARS ), navbarColorManagedByIme:false
04-23 13:20:27.749 V/SystemKeyManager( 1426): updateFocusedWindow() is called, com.toov1.dovizaltin/com.toov1.dovizaltin.MainActivity
04-23 13:20:27.760 D/nativeloader( 7922): Load /data/app/~~_gHOoZ9QTQkeQbpGjP7S4A==/com.toov1.dovizaltin-FP3Wdz4ZEVuciL4KstnGuw==/base.apk!/lib/arm64-v8a/libworklets.so using class loader ns clns-9 (caller=/data/app/~~_gHOoZ9QTQkeQbpGjP7S4A==/com.toov1.dovizaltin-FP3Wdz4ZEVuciL4KstnGuw==/base.apk!classes2.dex): ok
04-23 13:20:27.762 I/WindowManager( 1426): notifyInsetsControlChanged, removed=false, win=Window{b91fc0f u0 Splash Screen com.toov1.dovizaltin}, caller=com.android.server.wm.InsetsStateController$$ExternalSyntheticLambda1.run:137 com.android.server.wm.WindowAnimator$$ExternalSyntheticLambda2.onTransactionCommitted:26 android.view.SurfaceControl$Transaction$$ExternalSyntheticLambda4.run:0 android.os.Handler.handleCallback:995 android.os.Handler.dispatchMessage:103 android.os.Looper.loopOnce:273 
04-23 13:20:27.764 D/MdnieScenarioControlService( 1426):  packageName : com.toov1.dovizaltin    className : com.toov1.dovizaltin.MainActivity
04-23 13:20:27.765 I/InsetsSourceConsumer( 7922): applyRequestedVisibilityToControl: visible=true, type=statusBars, host=com.toov1.dovizaltin/com.toov1.dovizaltin.MainActivity
04-23 13:20:27.766 I/InsetsSourceConsumer( 7922): applyRequestedVisibilityToControl: visible=true, type=navigationBars, host=com.toov1.dovizaltin/com.toov1.dovizaltin.MainActivity
04-23 13:20:27.769 D/SurfaceFlinger( 1101): [input] setFocusedWindow: 3baeb93 com.toov1.dovizaltin/com.toov1.dovizaltin.MainActivity
04-23 13:20:27.769 D/InputDispatcher( 1426): Once focus requested (0): 3baeb93 com.toov1.dovizaltin/com.toov1.dovizaltin.MainActivity
04-23 13:20:27.769 D/InputDispatcher( 1426): Focus request (0): 3baeb93 com.toov1.dovizaltin/com.toov1.dovizaltin.MainActivity but waiting because NO_WINDOW
04-23 13:20:27.790 D/nativeloader( 7922): Load /data/app/~~_gHOoZ9QTQkeQbpGjP7S4A==/com.toov1.dovizaltin-FP3Wdz4ZEVuciL4KstnGuw==/base.apk!/lib/arm64-v8a/libreanimated.so using class loader ns clns-9 (caller=/data/app/~~_gHOoZ9QTQkeQbpGjP7S4A==/com.toov1.dovizaltin-FP3Wdz4ZEVuciL4KstnGuw==/base.apk!classes2.dex): ok
04-23 13:20:27.908 D/NetdEventListenerService( 1426): DNS Requested by 100, 10472(com.toov1.dovizaltin), SUCCESS, 22ms
04-23 13:20:27.944 D/ConnectivityService( 1426): requestNetwork for uid/pid:10472/7922 activeRequest: null callbackRequest: 3386 [NetworkRequest [ REQUEST id=3387, [ Capabilities: INTERNET&NOT_RESTRICTED&TRUSTED&NOT_VCN_MANAGED&NOT_BANDWIDTH_CONSTRAINED Uid: 10472 RequestorUid: 10472 RequestorPkg: com.toov1.dovizaltin UnderlyingNetworks: Null] ]] callback flags: 0 order: 2147483647 isUidTracked: false declaredMethods: AVAIL|LOST
04-23 13:20:27.945 D/ConnectivityService( 1426):    accepting network in place of null for NetworkRequest [ REQUEST id=3387, [ Capabilities: INTERNET&NOT_RESTRICTED&TRUSTED&NOT_VCN_MANAGED&NOT_BANDWIDTH_CONSTRAINED Uid: 10472 RequestorUid: 10472 RequestorPkg: com.toov1.dovizaltin UnderlyingNetworks: Null] ]
04-23 13:20:27.946 D/WifiNetworkFactory( 1426): got request NetworkRequest [ REQUEST id=3387, [ Capabilities: INTERNET&NOT_RESTRICTED&TRUSTED&NOT_VCN_MANAGED&NOT_BANDWIDTH_CONSTRAINED Uid: 10472 RequestorUid: 10472 RequestorPkg: com.toov1.dovizaltin UnderlyingNetworks: Null] ]
04-23 13:20:27.946 D/UntrustedWifiNetworkFactory( 1426): got request NetworkRequest [ REQUEST id=3387, [ Capabilities: INTERNET&NOT_RESTRICTED&TRUSTED&NOT_VCN_MANAGED&NOT_BANDWIDTH_CONSTRAINED Uid: 10472 RequestorUid: 10472 RequestorPkg: com.toov1.dovizaltin UnderlyingNetworks: Null] ]
04-23 13:20:27.946 D/OemPaidWifiNetworkFactory( 1426): got request NetworkRequest [ REQUEST id=3387, [ Capabilities: INTERNET&NOT_RESTRICTED&TRUSTED&NOT_VCN_MANAGED&NOT_BANDWIDTH_CONSTRAINED Uid: 10472 RequestorUid: 10472 RequestorPkg: com.toov1.dovizaltin UnderlyingNetworks: Null] ]
04-23 13:20:27.946 D/MultiInternetWifiNetworkFactory( 1426): got request NetworkRequest [ REQUEST id=3387, [ Capabilities: INTERNET&NOT_RESTRICTED&TRUSTED&NOT_VCN_MANAGED&NOT_BANDWIDTH_CONSTRAINED Uid: 10472 RequestorUid: 10472 RequestorPkg: com.toov1.dovizaltin UnderlyingNetworks: Null] ]
04-23 13:20:28.047 D/nativeloader( 7922): Load /data/app/~~_gHOoZ9QTQkeQbpGjP7S4A==/com.toov1.dovizaltin-FP3Wdz4ZEVuciL4KstnGuw==/base.apk!/lib/arm64-v8a/libimagepipeline.so using class loader ns clns-9 (caller=/data/app/~~_gHOoZ9QTQkeQbpGjP7S4A==/com.toov1.dovizaltin-FP3Wdz4ZEVuciL4KstnGuw==/base.apk!classes2.dex): ok
04-23 13:20:28.050 I/Kumiho-Kumiho( 7922): getPackageName: com.toov1.dovizaltin
04-23 13:20:28.051 I/Kumiho-Kumiho( 7922): getPackageName: com.toov1.dovizaltin
04-23 13:20:28.052 I/Kumiho-Kumiho( 7922): getPackageName: com.toov1.dovizaltin
04-23 13:20:28.055 D/nativeloader( 7922): Load /data/app/~~_gHOoZ9QTQkeQbpGjP7S4A==/com.toov1.dovizaltin-FP3Wdz4ZEVuciL4KstnGuw==/base.apk!/lib/arm64-v8a/libavif_android.so using class loader ns clns-9 (caller=/data/app/~~_gHOoZ9QTQkeQbpGjP7S4A==/com.toov1.dovizaltin-FP3Wdz4ZEVuciL4KstnGuw==/base.apk!classes3.dex): ok
04-23 13:20:28.058 I/Kumiho-Kumiho( 7922): getPackageName: com.toov1.dovizaltin
04-23 13:20:28.060 I/Kumiho-Kumiho( 7922): getPackageName: com.toov1.dovizaltin
04-23 13:20:28.081 I/SurfaceFlinger( 1101): [com.toov1.dovizaltin/com.toov1.dovizaltin.MainActivity$_7922#5882] setTransactionState with the first frame. bufferData(ID: 34024730918915, frameNumber: 1)
04-23 13:20:28.082 D/WindowManager( 1426): finishDrawingWindow: Window{3baeb93 u0 com.toov1.dovizaltin/com.toov1.dovizaltin.MainActivity} mDrawState=DRAW_PENDING seqId=0
04-23 13:20:28.082 D/SurfaceComposerClient( 1426): setCornerRadius ## b91fc0f Splash Screen com.toov1.dovizaltin#5874 cornerRadius=0.000000
04-23 13:20:28.082 D/SurfaceComposerClient( 1426): setCornerRadius ## 3baeb93 com.toov1.dovizaltin/com.toov1.dovizaltin.MainActivity#5881 cornerRadius=0.000000
04-23 13:20:28.083 D/SurfaceComposerClient( 1426): setCornerRadius ## b91fc0f Splash Screen com.toov1.dovizaltin#5874 cornerRadius=0.000000
04-23 13:20:28.083 V/WindowManager( 1426): Finish starting ActivityRecord{110282812 u0 com.toov1.dovizaltin/.MainActivity t6210}: first real window is shown, no animation
04-23 13:20:28.083 I/ActivityTaskManager( 1426): done cause=notifyWindowsDrawn timestamp=40912018365859 info=TransitionInfo{c06637e a=ActivityRecord{110282812 u0 com.toov1.dovizaltin/.MainActivity t6210} d=true}
04-23 13:20:28.083 V/WindowManager( 1426): performShowLocked: mDrawState=HAS_DRAWN in Window{3baeb93 u0 com.toov1.dovizaltin/com.toov1.dovizaltin.MainActivity}
04-23 13:20:28.083 D/SurfaceComposerClient( 1426): setCornerRadius ## 3baeb93 com.toov1.dovizaltin/com.toov1.dovizaltin.MainActivity#5881 cornerRadius=0.000000
04-23 13:20:28.084 D/SurfaceComposerClient( 1426): setCornerRadius ## b91fc0f Splash Screen com.toov1.dovizaltin#5874 cornerRadius=0.000000
04-23 13:20:28.084 D/SurfaceComposerClient( 1426): setCornerRadius ## 3baeb93 com.toov1.dovizaltin/com.toov1.dovizaltin.MainActivity#5881 cornerRadius=0.000000
04-23 13:20:28.084 D/SurfaceComposerClient( 1426): setCornerRadius ## b91fc0f Splash Screen com.toov1.dovizaltin#5874 cornerRadius=0.000000
04-23 13:20:28.084 D/SurfaceComposerClient( 1426): setCornerRadius ## 3baeb93 com.toov1.dovizaltin/com.toov1.dovizaltin.MainActivity#5881 cornerRadius=0.000000
04-23 13:20:28.093 I/PkgPredictorService-SecIpmManagerServiceImpl( 1426): reportToNAP uid:10472 com.toov1.dovizaltin/com.toov1.dovizaltin.MainActivity thisTime:475
04-23 13:20:28.097 I/SurfaceFlinger( 1101): RequestedLayer [com.toov1.dovizaltin/com.toov1.dovizaltin.MainActivity$_7922#5882] hidden!! flag  from(1) --> to(0)
04-23 13:20:28.098 D/TaskOrganizerController( 1426): applyStartingWindowAnimation, window=Window{b91fc0f u0 Splash Screen com.toov1.dovizaltin}, caller=com.android.server.wm.ActivityRecord.onCopySplashScreenFinish:40 com.android.server.wm.ActivityTaskManagerService.onSplashScreenViewCopyFinished:41 android.app.IActivityTaskManager$Stub.onTransact:2644 
04-23 13:20:28.098 I/WindowManager( 1426): Reparenting to leash, surface=Surface(name=b91fc0f Splash Screen com.toov1.dovizaltin)/@0xb38bd5c, leashParent=Surface(name=ActivityRecord{110282812 u0 com.toov1.dovizaltin/.MainActivity t6210})/@0x202d865
04-23 13:20:28.099 I/SurfaceFlinger( 1101): id=5887 createSurf, flag=24000, Surface(name=b91fc0f Splash Screen com.toov1.dovizaltin)/@0xb38bd5c - animation-leash of starting_reveal#5887
04-23 13:20:28.099 D/WindowManager( 1426): makeSurface duration=0 leash=Surface(name=Surface(name=b91fc0f Splash Screen com.toov1.dovizaltin)/@0xb38bd5c - animation-leash of starting_reveal)/@0xc43193a
04-23 13:20:28.103 I/ActivityTaskManager( 1426): Displayed com.toov1.dovizaltin/.MainActivity for user 0: +475ms
04-23 13:20:28.103 I/Pageboost( 1426): Launch time gathered : pid 7922 com.toov1.dovizaltin 475
04-23 13:20:28.105 D/SurfaceComposerClient( 1426): setCornerRadius ## b91fc0f Splash Screen com.toov1.dovizaltin#5874 cornerRadius=0.000000
04-23 13:20:28.106 D/SurfaceComposerClient( 1426): setCornerRadius ## 3baeb93 com.toov1.dovizaltin/com.toov1.dovizaltin.MainActivity#5881 cornerRadius=0.000000
04-23 13:20:28.107 D/SurfaceFlinger( 1101):        CLIENT |           34024730918915 | 00002102 | RGBA_8888    |    0.0    1.0 1080.0 2339.0 |    6   12 1079 2335 | com.toov1.dovizaltin/com.toov1.dovizaltin.MainActivity$_7922#5882 (1)
04-23 13:20:28.107 D/SurfaceFlinger( 1101):        CLIENT |            8010114009031 | 00002100 | RGBA_8888    |    0.0    1.0 1080.0 2339.0 |    6   12 1079 2335 | Splash Screen com.toov1.dovizaltin$_1865#5875 (1)
04-23 13:20:28.107 I/SurfaceFlinger( 1101): [Surface(name=b91fc0f Splash Screen com.toov1.dovizaltin)/@0xb38bd5c - animation-leash of starting_reveal#5887] attach to parent LayerHierarchy{RequestedLayerState{ActivityRecord{110282812 u0 com.toov1.dovizaltin/.MainActivity t6210}#5873 parentId=5872} 4 children}
04-23 13:20:28.108 D/InputDispatcher( 1426): Focus entered window (0): 3baeb93 com.toov1.dovizaltin/com.toov1.dovizaltin.MainActivity
04-23 13:20:28.124 D/Glide   ( 7922): Finished loading BitmapDrawable from LOCAL for android.resource://com.toov1.dovizaltin/2131165317 with size [2058x515] in 76.66175799999999 ms
04-23 13:20:28.124 I/SurfaceFlinger( 1101): [LayerHierarchy{RequestedLayerState{b91fc0f Splash Screen com.toov1.dovizaltin#5874 parentId=5887 z=2147483647} 1 children}] reparent to LayerHierarchy{RequestedLayerState{Surface(name=b91fc0f Splash Screen com.toov1.dovizaltin)/@0xb38bd5c - animation-leash of starting_reveal#5887 parentId=5873} 1 children}
04-23 13:20:28.142 I/ImeTracker( 1426): com.toov1.dovizaltin:f203fee: onRequestHide at ORIGIN_SERVER reason HIDE_UNSPECIFIED_WINDOW fromUser false
04-23 13:20:28.149 D/SurfaceFlinger( 1101):        CLIENT |           34024730918913 | 00002102 | RGBA_8888    |    0.0    0.0 1080.0 2339.0 |    4    7 1080 2338 | com.toov1.dovizaltin/com.toov1.dovizaltin.MainActivity$_7922#5882 (3)
04-23 13:20:28.155 D/nativeloader( 7922): Load /data/app/~~_gHOoZ9QTQkeQbpGjP7S4A==/com.toov1.dovizaltin-FP3Wdz4ZEVuciL4KstnGuw==/base.apk!/lib/arm64-v8a/libgesturehandler.so using class loader ns clns-9 (caller=/data/app/~~_gHOoZ9QTQkeQbpGjP7S4A==/com.toov1.dovizaltin-FP3Wdz4ZEVuciL4KstnGuw==/base.apk!classes2.dex): ok
04-23 13:20:28.157 D/InsetsSourceProvider( 1426): updateControlForTarget: control=InsetsSourceControl: {3 mType=ime mSurfacePosition=Point(0, 80) mInsetsHint=Insets{left=0, top=0, right=0, bottom=1008}}, target=Window{3baeb93 u0 com.toov1.dovizaltin/com.toov1.dovizaltin.MainActivity}, from=com.android.server.wm.ImeInsetsSourceProvider.updateControlForTarget:17 com.android.server.wm.InsetsStateController.onControlTargetChanged:83 com.android.server.wm.DisplayContent.updateImeControlTarget:21 com.android.server.wm.DisplayContent.updateImeInputAndControlTarget:156 com.android.server.wm.WindowManagerService$LocalService.updateInputMethodTargetWindow:64 
04-23 13:20:28.158 D/SurfaceComposerClient( 1426): setCornerRadius ## b91fc0f Splash Screen com.toov1.dovizaltin#5874 cornerRadius=0.000000
04-23 13:20:28.158 D/SurfaceComposerClient( 1426): setCornerRadius ## 3baeb93 com.toov1.dovizaltin/com.toov1.dovizaltin.MainActivity#5881 cornerRadius=0.000000
04-23 13:20:28.159 I/WindowManager( 1426): Cancelling animation restarting=false, leash=Surface(name=Surface(name=b91fc0f Splash Screen com.toov1.dovizaltin)/@0xb38bd5c - animation-leash of starting_reveal)/@0xc43193a
04-23 13:20:28.159 I/WindowManager( 1426): Reparenting to original parent: Surface(name=ActivityRecord{110282812 u0 com.toov1.dovizaltin/.MainActivity t6210})/@0x202d865, destroy=false, surface=Surface(name=b91fc0f Splash Screen com.toov1.dovizaltin)/@0xb38bd5c
04-23 13:20:28.160 V/WindowManager( 1426): Schedule remove starting ActivityRecord{110282812 u0 com.toov1.dovizaltin/.MainActivity t6210} startingWindow=Window{b91fc0f u0 Splash Screen com.toov1.dovizaltin} animate=false Callers=com.android.server.wm.ActivityClientController.splashScreenAttached:51 android.app.IActivityClientController$Stub.onTransact:1393 com.android.server.wm.ActivityClientController.onTransact:1 android.os.Binder.execTransactInternal:1462 android.os.Binder.execTransact:1401 
04-23 13:20:28.161 D/WindowManager( 1426): updateSystemBarAttributes: displayId=0, focusedCanBeNavColorWin=false, win=Window{3baeb93 u0 com.toov1.dovizaltin/com.toov1.dovizaltin.MainActivity}, navColorWin=Window{3baeb93 u0 com.toov1.dovizaltin/com.toov1.dovizaltin.MainActivity}, caller=com.android.server.wm.DisplayPolicy.finishPostLayoutPolicyLw:17 com.android.server.wm.RootWindowContainer.applySurfaceChangesTransaction$1:195 com.android.server.wm.RootWindowContainer.performSurfacePlacementNoTrace:59 
04-23 13:20:28.162 D/NavigationBar( 1865): onSystemBarAttributesChanged() -  displayId:0, appearance:0, packageName: com.toov1.dovizaltin, navbarColorManagedByIme:false
04-23 13:20:28.162 D/SurfaceComposerClient( 1426): setCornerRadius ## b91fc0f Splash Screen com.toov1.dovizaltin#5874 cornerRadius=0.000000
04-23 13:20:28.162 D/SurfaceComposerClient( 1426): setCornerRadius ## 3baeb93 com.toov1.dovizaltin/com.toov1.dovizaltin.MainActivity#5881 cornerRadius=0.000000
04-23 13:20:28.162 D/SamsungLightBarControlHelper( 1865): updateNavigationBar (WHITE button) isLightOpaque:false, hasLightNavigationBarFlag:false, packageName:com.toov1.dovizaltin, DirectReplying:false, NavBarColorMangedByIme:false, ForceDarkForScrim:false, ForceLightForScrim:false, QsCustomizing:false, QsExpanded:false
04-23 13:20:28.164 I/WindowManager( 1426): Relayout Window{b91fc0f u0 Splash Screen com.toov1.dovizaltin}: viewVisibility=8 req=1080x2340 ty=3 d0
04-23 13:20:28.164 D/SurfaceComposerClient( 1426): setCornerRadius ## 3baeb93 com.toov1.dovizaltin/com.toov1.dovizaltin.MainActivity#5881 cornerRadius=0.000000
04-23 13:20:28.165 D/SurfaceComposerClient( 1426): setCornerRadius ## b91fc0f Splash Screen com.toov1.dovizaltin#5874 cornerRadius=0.000000
04-23 13:20:28.165 D/SurfaceComposerClient( 1426): setCornerRadius ## 3baeb93 com.toov1.dovizaltin/com.toov1.dovizaltin.MainActivity#5881 cornerRadius=0.000000
04-23 13:20:28.167 D/CoreBackPreview( 1426): Window{b91fc0f u0 Splash Screen com.toov1.dovizaltin}: Setting back callback null
04-23 13:20:28.167 D/WindowManager( 1426): Starting window removed Window{b91fc0f u0 Splash Screen com.toov1.dovizaltin}
04-23 13:20:28.168 V/WindowManager( 1426): Remove Window{b91fc0f u0 Splash Screen com.toov1.dovizaltin}: mSurfaceControl=Surface(name=Splash Screen com.toov1.dovizaltin$_1865)/@0x93444ea mAnimatingExit=false mRemoveOnExit=false mHasSurface=true surfaceShowing=true animating=false app-animation=false callers=com.android.server.wm.Session.remove:16 android.view.IWindowSession$Stub.onTransact:804 com.android.server.wm.Session.onTransact:1 android.os.Binder.execTransactInternal:1457 android.os.Binder.execTransact:1401 <bottom of call stack> 
04-23 13:20:28.169 D/SurfaceComposerClient( 1426): setCornerRadius ## 3baeb93 com.toov1.dovizaltin/com.toov1.dovizaltin.MainActivity#5881 cornerRadius=0.000000
04-23 13:20:28.170 D/SurfaceComposerClient( 1426): setCornerRadius ## 3baeb93 com.toov1.dovizaltin/com.toov1.dovizaltin.MainActivity#5881 cornerRadius=0.000000
04-23 13:20:28.171 D/SurfaceComposerClient( 1426): setCornerRadius ## 3baeb93 com.toov1.dovizaltin/com.toov1.dovizaltin.MainActivity#5881 cornerRadius=0.000000
04-23 13:20:28.173 I/SurfaceFlinger( 1101): RequestedLayer [Splash Screen com.toov1.dovizaltin$_1865#5875] hidden!! flag  from(0) --> to(1)
04-23 13:20:28.173 I/SurfaceFlinger( 1101): [LayerHierarchy{RequestedLayerState{ImeContainer#15 parentId=5873 relativeParentId=5873 z=3} 1 children}] reparent to LayerHierarchy{RequestedLayerState{ActivityRecord{110282812 u0 com.toov1.dovizaltin/.MainActivity t6210}#5873 parentId=5872} 4 children}
04-23 13:20:28.173 I/SurfaceFlinger( 1101): [LayerHierarchy{RequestedLayerState{b91fc0f Splash Screen com.toov1.dovizaltin#5874 parentId=5873 z=2147483647} 1 children}] reparent to LayerHierarchy{RequestedLayerState{ActivityRecord{110282812 u0 com.toov1.dovizaltin/.MainActivity t6210}#5873 parentId=5872} 5 children}
04-23 13:20:28.173 I/SurfaceFlinger( 1101): [LayerHierarchy{RequestedLayerState{Surface(name=b91fc0f Splash Screen com.toov1.dovizaltin)/@0xb38bd5c - animation-leash of starting_reveal#5887} no children}] reparent to OffscreenRoot
04-23 13:20:28.173 I/SurfaceFlinger( 1101): [LayerHierarchy{RequestedLayerState{Surface(name=b91fc0f Splash Screen com.toov1.dovizaltin)/@0xb38bd5c - animation-leash of starting_reveal#5887} no children}] RelativeParent to null
04-23 13:20:28.174 I/SurfaceFlinger( 1101): id=5887 Removed Surface(name=b91fc0f Splash Screen com.toov1.dovizaltin)/@0xb38bd5c - animation-leash of starting_reveal#5887 (155)
04-23 13:20:28.179 I/Kumiho-Kumiho( 7922): getPackageName: com.toov1.dovizaltin
04-23 13:20:28.179 I/Kumiho-Kumiho( 7922): getPackageName: com.toov1.dovizaltin
04-23 13:20:28.183 I/ImeTracker( 7922): com.toov1.dovizaltin:f203fee: onCancelled at PHASE_CLIENT_ALREADY_HIDDEN
04-23 13:20:28.183 I/SurfaceFlinger( 1101): destroyed Surface(name=b91fc0f Splash Screen com.toov1.dovizaltin)/@0xb38bd5c - animation-leash of starting_reveal#5887
04-23 13:20:28.185 I/Layer   ( 1101): id=5887 Destroyed Surface(name=b91fc0f Splash Screen com.toov1.dovizaltin)/@0xb38bd5c - animation-leash of starting_reveal#5887
04-23 13:20:28.186 I/HBD     ( 4353): b [AiWriter] setContact : com.toov1.dovizaltin
04-23 13:20:28.186 I/HBD     ( 4353): a [AiWriter] setContact : com.toov1.dovizaltin
04-23 13:20:28.186 D/Glide   ( 7922): Finished loading BitmapDrawable from RESOURCE_DISK_CACHE for android.resource://com.toov1.dovizaltin/2131165317 with size [2058x515] in 30.995272999999997 ms
04-23 13:20:28.210 I/HBD     ( 4353): a [SKE_SPECIFIC] specific model[com.toov1.dovizaltin] loaded, 1071875 ns
04-23 13:20:28.326 V/WindowManager( 1426):    ChangeInfo{57da772 container=ActivityRecord{110282812 u0 com.toov1.dovizaltin/.MainActivity t6210} flags=0x0}
04-23 13:20:28.326 V/WindowManager( 1426):    ChangeInfo{3b137c3 container=Task{fe9b9c5 #6210 type=standard A=10472:com.toov1.dovizaltin} flags=0x10}
04-23 13:20:28.327 D/SurfaceComposerClient( 1426): setCornerRadius ## 3baeb93 com.toov1.dovizaltin/com.toov1.dovizaltin.MainActivity#5881 cornerRadius=0.000000
04-23 13:20:28.327 D/WindowManager( 1426): updateSystemBarAttributes: displayId=0, focusedCanBeNavColorWin=false, win=Window{3baeb93 u0 com.toov1.dovizaltin/com.toov1.dovizaltin.MainActivity}, navColorWin=Window{3baeb93 u0 com.toov1.dovizaltin/com.toov1.dovizaltin.MainActivity}, caller=com.android.server.wm.DisplayPolicy.finishPostLayoutPolicyLw:17 com.android.server.wm.RootWindowContainer.applySurfaceChangesTransaction$1:195 com.android.server.wm.RootWindowContainer.performSurfacePlacementNoTrace:59 
04-23 13:20:28.327 D/SurfaceComposerClient( 1426): setCornerRadius ## 3baeb93 com.toov1.dovizaltin/com.toov1.dovizaltin.MainActivity#5881 cornerRadius=0.000000
04-23 13:20:28.328 D/ChangeTransitionController( 1426):    ChangeInfo{57da772 container=ActivityRecord{110282812 u0 com.toov1.dovizaltin/.MainActivity t6210} flags=0x0}
04-23 13:20:28.328 D/ChangeTransitionController( 1426):    ChangeInfo{3b137c3 container=Task{fe9b9c5 #6210 type=standard A=10472:com.toov1.dovizaltin} flags=0x10}
04-23 13:20:28.333 D/SurfaceComposerClient( 1426): setCornerRadius ## 3baeb93 com.toov1.dovizaltin/com.toov1.dovizaltin.MainActivity#5881 cornerRadius=0.000000
04-23 13:20:28.333 D/SurfaceComposerClient( 1426): setCornerRadius ## 3baeb93 com.toov1.dovizaltin/com.toov1.dovizaltin.MainActivity#5881 cornerRadius=0.000000
04-23 13:20:28.334 D/SurfaceComposerClient( 1426): setCornerRadius ## 3baeb93 com.toov1.dovizaltin/com.toov1.dovizaltin.MainActivity#5881 cornerRadius=0.000000
04-23 13:20:28.334 D/SurfaceComposerClient( 1426): setCornerRadius ## 3baeb93 com.toov1.dovizaltin/com.toov1.dovizaltin.MainActivity#5881 cornerRadius=0.000000
04-23 13:20:28.335 I/HoneySpace.HoneyAppWidgetHost(23211): stopListening, host: @67f3c29, hostId: 1024
04-23 13:20:28.335 D/SurfaceComposerClient( 1426): setCornerRadius ## 3baeb93 com.toov1.dovizaltin/com.toov1.dovizaltin.MainActivity#5881 cornerRadius=0.000000
04-23 13:20:28.336 I/AppWidgetServiceImpl( 1426): stopListening callbacks : null
04-23 13:20:28.341 D/SurfaceFlinger( 1101):        DEVICE |           34024730918914 | 00002102 | RGBA_8888    |    0.0    0.0 1080.0 2340.0 |    0    0 1080 2340 | com.toov1.dovizaltin/com.toov1.dovizaltin.MainActivity$_7922#5882 (22)
04-23 13:20:28.341 D/SGM:FgCheckThread( 1426): getForegroundApp(), foregroundPkgName=com.toov1.dovizaltin
04-23 13:20:28.342 I/SurfaceFlinger( 1101): [LayerHierarchy{RequestedLayerState{ImeContainer#15 parentId=5873 relativeParentId=5881 z=1} 1 children}] RelativeParent to LayerHierarchy{RequestedLayerState{3baeb93 com.toov1.dovizaltin/com.toov1.dovizaltin.MainActivity#5881 parentId=5873} 2 children}
04-23 13:20:28.342 I/SurfaceFlinger( 1101): [LayerHierarchy{RequestedLayerState{b91fc0f Splash Screen com.toov1.dovizaltin#5874 z=2147483647} 1 children}] reparent to OffscreenRoot
04-23 13:20:28.342 I/SurfaceFlinger( 1101): [LayerHierarchy{RequestedLayerState{b91fc0f Splash Screen com.toov1.dovizaltin#5874 z=2147483647} 1 children}] RelativeParent to null
04-23 13:20:28.342 I/SurfaceFlinger( 1101): [LayerHierarchy{RequestedLayerState{Splash Screen com.toov1.dovizaltin$_1865#5875} no children}] reparent to OffscreenRoot
04-23 13:20:28.342 I/SurfaceFlinger( 1101): [LayerHierarchy{RequestedLayerState{Splash Screen com.toov1.dovizaltin$_1865#5875} no children}] RelativeParent to null
04-23 13:20:28.343 D/SGM:FgCheckThread( 1426): noteStopComponent(), received pkgName: com.sec.android.app.launcher, focusedPkgName: com.toov1.dovizaltin, userId: 0
04-23 13:20:28.344 I/SurfaceFlinger( 1101): id=5874 Removed b91fc0f Splash Screen com.toov1.dovizaltin#5874 (152)
04-23 13:20:28.345 I/SurfaceFlinger( 1101): id=5875 Removed Splash Screen com.toov1.dovizaltin$_1865#5875 (152)
04-23 13:20:28.349 I/SurfaceFlinger( 1101): destroyed b91fc0f Splash Screen com.toov1.dovizaltin#5874
04-23 13:20:28.349 I/SurfaceFlinger( 1101): destroyed Splash Screen com.toov1.dovizaltin$_1865#5875
04-23 13:20:28.349 D/SGM:GameManager( 1426): identifyForegroundApp. com.toov1.dovizaltin, mCurrentUserId: 0, callerUserId: 0
04-23 13:20:28.350 D/SGM:GameManager( 1426): identifyForegroundApp. com.toov1.dovizaltin, mCurrentUserId: 0, callerUserId: 0
04-23 13:20:28.356 I/Layer   ( 1101): id=5874 Destroyed b91fc0f Splash Screen com.toov1.dovizaltin#5874
04-23 13:20:28.356 I/Layer   ( 1101): id=5875 Destroyed Splash Screen com.toov1.dovizaltin$_1865#5875
04-23 13:20:28.482 D/MdnieScenarioControlService( 1426):  packageName : com.toov1.dovizaltin    className : com.toov1.dovizaltin.MainActivity
04-23 13:20:28.539 I/ActivityManager( 1426): Background started FGS: Allowed [callingPackage: com.toov1.dovizaltin; callingUid: 10472; uidState: TOP ; uidBFSL: [BFSL]; intent: Intent { act=app.notifee.core.ForegroundService.START xflg=0x4 cmp=com.toov1.dovizaltin/app.notifee.core.ForegroundService (has extras) }; code:PROC_STATE_TOP; tempAllowListReason:<null>; allowWiu:12; targetSdkVersion:36; callerTargetSdkVersion:36; startForegroundCount:0; bindFromPackage:null: isBindService:false]
04-23 13:20:28.541 I/ActivityManager( 1426): Background started FGS: Allowed [callingPackage: com.toov1.dovizaltin; callingUid: 10472; uidState: TOP ; uidBFSL: [BFSL]; intent: Intent { act=app.notifee.core.ForegroundService.START cmp=com.toov1.dovizaltin/app.notifee.core.ForegroundService }; code:PROC_STATE_TOP; tempAllowListReason:<null>; allowWiu:12; targetSdkVersion:36; callerTargetSdkVersion:36; startForegroundCount:0; bindFromPackage:null: isBindService:false]
04-23 13:20:28.543 D/SecFgsManagerController( 1865): onForegroundStateChanged: [dialog:false]:[isForeground:true]:[packageName:com.toov1.dovizaltin]:[token:android.os.BinderProxy@c6c72e3]:[userId:0]
04-23 13:20:28.544 D/SecFgsManagerController( 1865): updateUiControl[com.toov1.dovizaltin]: -1
04-23 13:20:28.658 D/SGM:GameManager( 1426): identifyForegroundApp. com.toov1.dovizaltin, mCurrentUserId: 0, callerUserId: 0
04-23 13:20:28.769 I/AppWidgetServiceImpl( 1426): getInstalledProvidersForProfiles lock in null
04-23 13:20:28.769 I/AppWidgetServiceImpl( 1426): getInstalledProvidersForProfiles lock exit 39
04-23 13:20:28.807 I/ReactNativeJS( 7922): [CARSI-WIDGET] refresh OK field=sell rows=4 err=-
04-23 13:20:28.817 I/Kumiho-Kumiho( 7922): getPackageName: com.toov1.dovizaltin
04-23 13:20:28.869 I/TaskService( 7922): Finished task 'carsi-widget-background-refresh' with eventId '08cd81e6-dab6-4701-9ea6-1d721ba7176f'.
04-23 13:20:28.869 I/TaskService( 7922): Finished task 'carsi-widget-background-refresh' with eventId 'a61bff4c-12ae-4cf5-a2fd-9bbc2b7fdc20'.
04-23 13:20:28.869 I/TaskService( 7922): Finished task 'carsi-widget-background-refresh' with eventId '5ddac932-060d-49b4-ae9e-fa5e972e5090'.
04-23 13:20:28.870 I/TaskService( 7922): Finished task 'carsi-widget-background-refresh' with eventId 'd978a224-b7b6-4a22-831d-f4e3a38f7c5b'.
04-23 13:20:28.870 I/TaskService( 7922): Finished task 'carsi-widget-background-refresh' with eventId '7d6cc118-5c18-4ec8-a61e-e5126455bffe'.
04-23 13:20:28.901 I/Kumiho-Kumiho( 7922): getPackageName: com.toov1.dovizaltin
04-23 13:20:28.934 I/Kumiho-Kumiho( 7922): getPackageName: com.toov1.dovizaltin
04-23 13:20:28.998 I/Kumiho-Kumiho( 7922): getPackageName: com.toov1.dovizaltin
04-23 13:20:29.022 I/AppWidgetServiceImpl( 1426): getInstalledProvidersForProfiles lock in null
04-23 13:20:29.023 I/AppWidgetServiceImpl( 1426): getInstalledProvidersForProfiles lock exit 39
04-23 13:20:29.025 I/AppWidgetServiceImpl( 1426): getInstalledProvidersForProfiles lock in null
04-23 13:20:29.025 I/AppWidgetServiceImpl( 1426): getInstalledProvidersForProfiles lock exit 39
04-23 13:20:29.027 I/AppWidgetManager( 7922): updateAppWidget() appWidgetIds = [25]
04-23 13:20:29.027 I/AppWidgetServiceImpl( 1426): Null RemoteViews on updateAppWidgetIds
04-23 13:20:29.375 I/LayerHistory( 1101): com.toov1.dovizaltin/com.toov1.dovizaltin.MainActivity$_7922#5882 Max (can't resolve refresh rate)
04-23 13:20:29.740 I/LayerHistory( 1101): com.toov1.dovizaltin/com.toov1.dovizaltin.MainActivity$_7922#5882 Max (can't resolve refresh rate)
04-23 13:20:29.982 I/LayerHistory( 1101): com.toov1.dovizaltin/com.toov1.dovizaltin.MainActivity$_7922#5882 Max (can't resolve refresh rate)
04-23 13:20:31.089 I/SurfaceFlinger( 1101): [com.toov1.dovizaltin/com.toov1.dovizaltin.MainActivity$_7922#5882] setFrameRateCategory: HighHint
04-23 13:20:31.151 D/VibratorManagerService( 1426): vibrate - uid: 10472, opPkg: com.toov1.dovizaltin, effect: Mono{mEffect=Composed{segments=[Step{amplitude=0.0, frequencyHz=0.0, duration=0}, Step{amplitude=0.19607843, frequencyHz=0.0, duration=43}], repeat=-1, mMagnitudeType=TYPE_EXTRA}}, attrs: VibrationAttributes{mUsage=TOUCH, mAudioUsage= USAGE_UNKNOWN, mFlags=0, tags=}, reason: null, token: android.os.BinderProxy@cf0804a
04-23 13:20:31.151 D/VibratorManagerService( 1426): Check AppOp mode VIBRATE for uid 10472 and package com.toov1.dovizaltin returned audio=allow, op=allow
04-23 13:20:31.151 D/VibratorManagerService( 1426): Start AppOp mode VIBRATE for uid 10472 and package com.toov1.dovizaltin returned allow
04-23 13:20:31.216 D/VibratorManagerService( 1426): Finish AppOp mode VIBRATE for uid 10472 and package com.toov1.dovizaltin
04-23 13:20:32.476 I/{OngoingActivityDataHelper}( 1865): setBaseActivityComponentName:ComponentInfo{com.toov1.dovizaltin/com.toov1.dovizaltin.MainActivity}
04-23 13:20:32.761 I/LayerHistory( 1101): com.toov1.dovizaltin/com.toov1.dovizaltin.MainActivity$_7922#5882 voted ExplicitCategory with category: HighHint
04-23 13:20:33.421 I/LayerHistory( 1101): com.toov1.dovizaltin/com.toov1.dovizaltin.MainActivity$_7922#5882 voted ExplicitCategory with category: HighHint
04-23 13:20:33.494 D/VibratorManagerService( 1426): vibrate - uid: 10472, opPkg: com.toov1.dovizaltin, effect: Mono{mEffect=Composed{segments=[Step{amplitude=0.0, frequencyHz=0.0, duration=0}, Step{amplitude=0.11764706, frequencyHz=0.0, duration=50}], repeat=-1, mMagnitudeType=TYPE_EXTRA}}, attrs: VibrationAttributes{mUsage=TOUCH, mAudioUsage= USAGE_UNKNOWN, mFlags=0, tags=}, reason: null, token: android.os.BinderProxy@cf0804a
04-23 13:20:33.494 D/VibratorManagerService( 1426): Check AppOp mode VIBRATE for uid 10472 and package com.toov1.dovizaltin returned audio=allow, op=allow
04-23 13:20:33.495 D/VibratorManagerService( 1426): Start AppOp mode VIBRATE for uid 10472 and package com.toov1.dovizaltin returned allow
04-23 13:20:33.553 D/VibratorManagerService( 1426): Finish AppOp mode VIBRATE for uid 10472 and package com.toov1.dovizaltin
04-23 13:20:34.351 I/LayerHistory( 1101): com.toov1.dovizaltin/com.toov1.dovizaltin.MainActivity$_7922#5882 voted ExplicitCategory with category: HighHint
04-23 13:20:34.592 I/LayerHistory( 1101): com.toov1.dovizaltin/com.toov1.dovizaltin.MainActivity$_7922#5882 voted ExplicitCategory with category: HighHint
04-23 13:20:34.596 D/CoreBackPreview( 1426): startBackNavigation currentTask=Task{fe9b9c5 #6210 type=standard A=10472:com.toov1.dovizaltin}, topRunningActivity=ActivityRecord{110282812 u0 com.toov1.dovizaltin/.MainActivity t6210}, callbackInfo=OnBackInvokedCallbackInfo{mCallback=android.window.IOnBackInvokedCallback$Stub$Proxy@64323c9, mPriority=0, mIsAnimationCallback=false, mOverrideBehavior=0}, currentFocus=Window{3baeb93 u0 com.toov1.dovizaltin/com.toov1.dovizaltin.MainActivity}
04-23 13:20:34.762 D/Activity( 7922): onKeyDown(KEYCODE_BACK), activity=com.toov1.dovizaltin.MainActivity@c5f8134
04-23 13:20:35.484 I/LayerHistory( 1101): com.toov1.dovizaltin/com.toov1.dovizaltin.MainActivity$_7922#5882 voted ExplicitCategory with category: HighHint
04-23 13:20:35.887 I/LayerHistory( 1101): com.toov1.dovizaltin/com.toov1.dovizaltin.MainActivity$_7922#5882 voted ExplicitCategory with category: HighHint
04-23 13:20:35.976 D/VibratorManagerService( 1426): vibrate - uid: 10472, opPkg: com.toov1.dovizaltin, effect: Mono{mEffect=Composed{segments=[Step{amplitude=0.0, frequencyHz=0.0, duration=0}, Step{amplitude=0.19607843, frequencyHz=0.0, duration=43}], repeat=-1, mMagnitudeType=TYPE_EXTRA}}, attrs: VibrationAttributes{mUsage=TOUCH, mAudioUsage= USAGE_UNKNOWN, mFlags=0, tags=}, reason: null, token: android.os.BinderProxy@cf0804a
04-23 13:20:35.976 D/VibratorManagerService( 1426): Check AppOp mode VIBRATE for uid 10472 and package com.toov1.dovizaltin returned audio=allow, op=allow
04-23 13:20:35.976 D/VibratorManagerService( 1426): Start AppOp mode VIBRATE for uid 10472 and package com.toov1.dovizaltin returned allow
04-23 13:20:36.026 D/VibratorManagerService( 1426): Finish AppOp mode VIBRATE for uid 10472 and package com.toov1.dovizaltin
04-23 13:20:36.494 D/SurfaceFlinger( 1101):        DEVICE |           34024730918914 | 00002102 | RGBA_8888    |    0.0    0.0 1080.0 2340.0 |    0    0 1080 2340 | com.toov1.dovizaltin/com.toov1.dovizaltin.MainActivity$_7922#5882 (382)
04-23 13:20:36.501 D/SurfaceFlinger( 1101):        DEVICE |           34024730918914 | 00002102 | RGBA_8888    |    0.0    0.0 1080.0 2340.0 |    0    0 1080 2340 | com.toov1.dovizaltin/com.toov1.dovizaltin.MainActivity$_7922#5882 (382)
04-23 13:20:37.283 I/LayerHistory( 1101): com.toov1.dovizaltin/com.toov1.dovizaltin.MainActivity$_7922#5882 voted ExplicitCategory with category: HighHint
04-23 13:20:37.495 I/LayerHistory( 1101): com.toov1.dovizaltin/com.toov1.dovizaltin.MainActivity$_7922#5882 voted ExplicitCategory with category: HighHint
04-23 13:20:37.550 D/VibratorManagerService( 1426): vibrate - uid: 10472, opPkg: com.toov1.dovizaltin, effect: Mono{mEffect=Composed{segments=[Step{amplitude=0.0, frequencyHz=0.0, duration=0}, Step{amplitude=0.11764706, frequencyHz=0.0, duration=50}], repeat=-1, mMagnitudeType=TYPE_EXTRA}}, attrs: VibrationAttributes{mUsage=TOUCH, mAudioUsage= USAGE_UNKNOWN, mFlags=0, tags=}, reason: null, token: android.os.BinderProxy@cf0804a
04-23 13:20:37.551 D/VibratorManagerService( 1426): Check AppOp mode VIBRATE for uid 10472 and package com.toov1.dovizaltin returned audio=allow, op=allow
04-23 13:20:37.551 D/VibratorManagerService( 1426): Start AppOp mode VIBRATE for uid 10472 and package com.toov1.dovizaltin returned allow
04-23 13:20:37.609 D/VibratorManagerService( 1426): Finish AppOp mode VIBRATE for uid 10472 and package com.toov1.dovizaltin
04-23 13:20:37.719 I/Kumiho-Kumiho( 7922): getPackageName: com.toov1.dovizaltin
04-23 13:20:37.721 I/Kumiho-Kumiho( 7922): getPackageName: com.toov1.dovizaltin
04-23 13:20:37.721 I/Kumiho-Kumiho( 7922): getPackageName: com.toov1.dovizaltin
04-23 13:20:38.201 D/SurfaceComposerClient( 1426): setCornerRadius ## 3baeb93 com.toov1.dovizaltin/com.toov1.dovizaltin.MainActivity#5881 cornerRadius=0.000000
04-23 13:20:38.202 D/SurfaceComposerClient( 1426): setCornerRadius ## 3baeb93 com.toov1.dovizaltin/com.toov1.dovizaltin.MainActivity#5881 cornerRadius=0.000000
04-23 13:20:38.204 D/SurfaceComposerClient( 1426): setCornerRadius ## 3baeb93 com.toov1.dovizaltin/com.toov1.dovizaltin.MainActivity#5881 cornerRadius=0.000000
04-23 13:20:38.204 D/SurfaceComposerClient( 1426): setCornerRadius ## 3baeb93 com.toov1.dovizaltin/com.toov1.dovizaltin.MainActivity#5881 cornerRadius=0.000000
04-23 13:20:38.205 D/SGM:FgCheckThread( 1426): getForegroundApp(), foregroundPkgName=com.toov1.dovizaltin
04-23 13:20:38.205 D/SGM:FgCheckThread( 1426): noteStopComponent(), received pkgName: com.android.settings, focusedPkgName: com.toov1.dovizaltin, userId: 0
04-23 13:20:38.206 D/SGM:FgCheckThread( 1426): getForegroundApp(), foregroundPkgName=com.toov1.dovizaltin
04-23 13:20:38.206 D/SGM:FgCheckThread( 1426): noteStopComponent(), received pkgName: com.android.settings, focusedPkgName: com.toov1.dovizaltin, userId: 0
04-23 13:20:38.474 I/LayerHistory( 1101): com.toov1.dovizaltin/com.toov1.dovizaltin.MainActivity$_7922#5882 voted ExplicitCategory with category: HighHint
04-23 13:20:38.610 I/LayerHistory( 1101): com.toov1.dovizaltin/com.toov1.dovizaltin.MainActivity$_7922#5882 voted ExplicitCategory with category: HighHint
04-23 13:20:38.759 D/NotificationReminder( 1426): addNotificationRecord record com.toov1.dovizaltin
04-23 13:20:38.764 I/HoneySpace.NotificationListener(23211): onNotificationPosted com.toov1.dovizaltin: 0|com.toov1.dovizaltin|-169915944|null|10472: 0
04-23 13:20:38.764 D/InterruptionStateProvider( 1865):  no Heads up : edgelighting enabled app. 0|com.toov1.dovizaltin|-169915944|null|10472
04-23 13:20:38.764 I/HoneySpace.BadgeDataSourceImpl(23211): Get notification count. PK(p='com.toov1.dovizaltin', u=UserHandle{0}) - forceBadgeCount: false, notification listener: 1, badge provider: 0
04-23 13:20:38.764 I/HoneySpace.PackageEventOperator(23211): [ApplistViewModel] badge count is updated. com.toov1.dovizaltin/.MainActivity#UserHandle{0}|36880 : 1
04-23 13:20:38.766 D/InterruptionStateProvider( 1865):  no Heads up : edgelighting enabled app. 0|com.toov1.dovizaltin|-169915944|null|10472
04-23 13:20:38.825 I/AppIconSolution( 1865): return adaptive icon for com.toov1.dovizaltin, isNight = true
04-23 13:20:38.834 D/ExpandableNotifRow( 1865): mMaxSmallHeight different before reInflateViews mMaxSmallHeight: 203 mTempSmallHeight:0 0|com.toov1.dovizaltin|-169915944|null|10472
04-23 13:20:38.834 D/ExpandableNotifRow( 1865): mMaxSmallHeight different before reInflateViews mMaxSmallHeight: 203 mTempSmallHeight:0 0|com.toov1.dovizaltin|-169915944|null|10472
04-23 13:20:38.834 D/ExpandableNotifRow( 1865): mMaxSmallHeight different before reInflateViews mMaxSmallHeight: 203 mTempSmallHeight:0 0|com.toov1.dovizaltin|-169915944|null|10472
04-23 13:20:38.834 D/ExpandableNotifRow( 1865): mMaxSmallHeight different before reInflateViews mMaxSmallHeight: 203 mTempSmallHeight:0 0|com.toov1.dovizaltin|-169915944|null|10472
04-23 13:20:38.835 D/S.S.N.  ( 1865): entryViewBound parent :0|com.toov1.dovizaltin|-169915944|null|10472
04-23 13:20:38.836 I/AppIconSolution( 1865): return adaptive icon for com.toov1.dovizaltin, isNight = true
04-23 13:20:38.843 I/View    ( 1865): setRequestedFrameRate frameRate=-2.0, this=StatusBarIconView(slot='com.toov1.dovizaltin/0xf5df49d8' alpha=1.0 icon=StatusBarIcon(icon=Icon(typ=RESOURCE pkg=com.toov1.dovizaltin id=0x7f070106) visible user=0 ) visibleState=ICON iconColor=#0 staticDrawableColor=#0 decorColor=#ff1b6cf7 animationStartColor=#0 currentSetColor=#0 notification=StatusBarNotification(pkg=com.toov1.dovizaltin user=UserHandle{0} id=-169915944 tag=null key=0|com.toov1.dovizaltin|-169915944|null|10472: Notification(channel=carsi-ongoing shortcut=null contentView=null vibrate=null sound=null defaults=0 flags=ONGOING_EVENT|ONLY_ALERT_ONCE|NO_CLEAR|FOREGROUND_SERVICE color=0xff0b3d91 vis=PRIVATE semFlags=0x0 semPriority=0 semMissedCount=0))), caller=com.android.systemui.statusbar.StatusBarIconView.onAttachedToWindow:6 android.view.View.dispatchAttachedToWindow:24320 android.view.ViewGroup.addViewInner:5582 android.view.ViewGroup.addView:5358 com.android.systemui.statusbar.phone.LegacyNotificationIconAreaControllerImpl.updateIconsForLayout:468 
04-23 13:20:38.843 I/View    ( 1865): setRequestedFrameRate frameRate=-2.0, this=StatusBarIconView(slot='com.toov1.dovizaltin/0xf5df49d8' alpha=1.0 icon=StatusBarIcon(icon=Icon(typ=RESOURCE pkg=com.toov1.dovizaltin id=0x7f070106) visible user=0 ) visibleState=ICON iconColor=#0 staticDrawableColor=#0 decorColor=#ff1b6cf7 animationStartColor=#0 currentSetColor=#0 notification=StatusBarNotification(pkg=com.toov1.dovizaltin user=UserHandle{0} id=-169915944 tag=null key=0|com.toov1.dovizaltin|-169915944|null|10472: Notification(channel=carsi-ongoing shortcut=null contentView=null vibrate=null sound=null defaults=0 flags=ONGOING_EVENT|ONLY_ALERT_ONCE|NO_CLEAR|FOREGROUND_SERVICE color=0xff0b3d91 vis=PRIVATE semFlags=0x0 semPriority=0 semMissedCount=0))), caller=com.android.systemui.statusbar.StatusBarIconView.onAttachedToWindow:6 android.view.View.dispatchAttachedToWindow:24320 android.view.ViewGroup.addViewInner:5582 android.view.ViewGroup.addView:5358 com.android.systemui.statusbar.phone.LegacyNotificationIconAreaControllerImpl.updateIconsForLayout:468 
04-23 13:20:38.858 D/ExpandableNotifRow( 1865): mMaxSmallHeight different before reInflateViews mMaxSmallHeight: 203 mTempSmallHeight:0 0|com.toov1.dovizaltin|-169915944|null|10472
04-23 13:20:38.858 D/ExpandableNotifRow( 1865): mMaxSmallHeight different before reInflateViews mMaxSmallHeight: 203 mTempSmallHeight:0 0|com.toov1.dovizaltin|-169915944|null|10472
04-23 13:20:39.741 I/LayerHistory( 1101): com.toov1.dovizaltin/com.toov1.dovizaltin.MainActivity$_7922#5882 voted ExplicitCategory with category: HighHint
04-23 13:20:39.791 I/LayerHistory( 1101): com.toov1.dovizaltin/com.toov1.dovizaltin.MainActivity$_7922#5882 voted ExplicitCategory with category: HighHint
04-23 13:20:39.854 D/VibratorManagerService( 1426): vibrate - uid: 10472, opPkg: com.toov1.dovizaltin, effect: Mono{mEffect=Composed{segments=[Step{amplitude=0.0, frequencyHz=0.0, duration=0}, Step{amplitude=0.11764706, frequencyHz=0.0, duration=50}], repeat=-1, mMagnitudeType=TYPE_EXTRA}}, attrs: VibrationAttributes{mUsage=TOUCH, mAudioUsage= USAGE_UNKNOWN, mFlags=0, tags=}, reason: null, token: android.os.BinderProxy@cf0804a
04-23 13:20:39.854 D/VibratorManagerService( 1426): Check AppOp mode VIBRATE for uid 10472 and package com.toov1.dovizaltin returned audio=allow, op=allow
04-23 13:20:39.854 D/VibratorManagerService( 1426): Start AppOp mode VIBRATE for uid 10472 and package com.toov1.dovizaltin returned allow
04-23 13:20:39.863 D/ActivityManager( 1426): Stop FGS timeout: ServiceRecord{437d58e u0 com.toov1.dovizaltin/app.notifee.core.ForegroundService c:com.toov1.dovizaltin}
04-23 13:20:39.864 D/EdgeLightingManager( 1426): hideForNotification : packageName = com.toov1.dovizaltin
04-23 13:20:39.864 D/SecFgsManagerController( 1865): onForegroundStateChanged: [dialog:false]:[isForeground:false]:[packageName:com.toov1.dovizaltin]:[token:android.os.BinderProxy@c6c72e3]:[userId:0]
04-23 13:20:39.864 D/EdgeLightingPolicyManager:NotificationGroup( 1426): remove : sbn : StatusBarNotification(pkg=com.toov1.dovizaltin user=UserHandle{0} id=-169915944 tag=null key=0|com.toov1.dovizaltin|-169915944|null|10472: Notification(channel=carsi-ongoing shortcut=null contentView=null vibrate=null sound=null defaults=0 flags=ONGOING_EVENT|ONLY_ALERT_ONCE|NO_CLEAR|FOREGROUND_SERVICE color=0xff0b3d91 vis=PRIVATE semFlags=0x0 semPriority=0 semMissedCount=0))
04-23 13:20:39.867 D/S.S.N.  ( 1865): onEntryRemoved parent : 0|com.toov1.dovizaltin|-169915944|null|10472
04-23 13:20:39.867 D/NotificationService( 1426): removeFlagFromNotificationLocked pkg = com.toov1.dovizaltin notificationId = -169915944, flag = 64
04-23 13:20:39.867 D/NotificationReminder( 1426): removeFromNotificationList record com.toov1.dovizaltin
04-23 13:20:39.868 I/HoneySpace.NotificationListener(23211): onNotificationRemoved com.toov1.dovizaltin: 0|com.toov1.dovizaltin|-169915944|null|10472: 0
04-23 13:20:39.869 D/InsignificantCoordinator( 1865): onEntryRemoved :0|com.toov1.dovizaltin|-169915944|null|10472 flags: 0 entrySize:0
04-23 13:20:39.869 I/HoneySpace.PackageEventOperator(23211): [ApplistViewModel] badge count is updated. com.toov1.dovizaltin/.MainActivity#UserHandle{0}|36880 : 0
04-23 13:20:39.869 I/HoneySpace.NotificationListener(23211): onNotificationRemoved sbn : StatusBarNotification(pkg=com.toov1.dovizaltin user=UserHandle{0} id=-169915944 tag=null key=0|com.toov1.dovizaltin|-169915944|null|10472: Notification(channel=carsi-ongoing shortcut=null contentView=null vibrate=null sound=null defaults=0 flags=ONGOING_EVENT|ONLY_ALERT_ONCE|NO_CLEAR|FOREGROUND_SERVICE color=0xff0b3d91 vis=PRIVATE semFlags=0x0 semPriority=0 semMissedCount=0)), reason : 8
04-23 13:20:39.874 D/StackScroller( 1865): generateRemoveAnimation 0|com.toov1.dovizaltin|-169915944|null|10472
04-23 13:20:39.874 D/StackScroller( 1865): generateRemoveAnimation 0|com.toov1.dovizaltin|-169915944|null|10472 mIsExpanded false mAnimationsEnabled true
04-23 13:20:39.874 D/StackScroller( 1865): onViewRemovedInternal remove child without animation 0|com.toov1.dovizaltin|-169915944|null|10472
04-23 13:20:39.876 I/View    ( 1865): setRequestedFrameRate frameRate=-2.0, this=StatusBarIconView(slot='com.toov1.dovizaltin/0xf5df49d8' alpha=1.0 icon=StatusBarIcon(icon=Icon(typ=RESOURCE pkg=com.toov1.dovizaltin id=0x7f070106) visible user=0 ) visibleState=ICON iconColor=#0 staticDrawableColor=#0 decorColor=#ffffffff animationStartColor=#0 currentSetColor=#0 notification=StatusBarNotification(pkg=com.toov1.dovizaltin user=UserHandle{0} id=-169915944 tag=null key=0|com.toov1.dovizaltin|-169915944|null|10472: Notification(channel=carsi-ongoing shortcut=null contentView=null vibrate=null sound=null defaults=0 flags=ONGOING_EVENT|ONLY_ALERT_ONCE|NO_CLEAR|FOREGROUND_SERVICE color=0xff0b3d91 vis=PRIVATE semFlags=0x0 semPriority=0 semMissedCount=0))), caller=com.android.systemui.statusbar.StatusBarIconView.onAttachedToWindow:6 android.view.View.dispatchAttachedToWindow:24320 android.view.ViewGroup.addTransientView:5172 com.android.systemui.statusbar.phone.NotificationIconContainer.onViewRemoved:108 android.view.ViewGroup.dispatchViewRemoved:5433 
04-23 13:20:39.876 I/View    ( 1865): setRequestedFrameRate frameRate=-2.0, this=StatusBarIconView(slot='com.toov1.dovizaltin/0xf5df49d8' alpha=1.0 icon=StatusBarIcon(icon=Icon(typ=RESOURCE pkg=com.toov1.dovizaltin id=0x7f070106) visible user=0 ) visibleState=ICON iconColor=#0 staticDrawableColor=#0 decorColor=#ff1b6cf7 animationStartColor=#0 currentSetColor=#0 notification=StatusBarNotification(pkg=com.toov1.dovizaltin user=UserHandle{0} id=-169915944 tag=null key=0|com.toov1.dovizaltin|-169915944|null|10472: Notification(channel=carsi-ongoing shortcut=null contentView=null vibrate=null sound=null defaults=0 flags=ONGOING_EVENT|ONLY_ALERT_ONCE|NO_CLEAR|FOREGROUND_SERVICE color=0xff0b3d91 vis=PRIVATE semFlags=0x0 semPriority=0 semMissedCount=0))), caller=com.android.systemui.statusbar.StatusBarIconView.onAttachedToWindow:6 android.view.View.dispatchAttachedToWindow:24320 android.view.ViewGroup.addTransientView:5172 com.android.systemui.statusbar.phone.NotificationIconContainer.onViewRemoved:108 android.view.ViewGroup.dispatchViewRemoved:5433 
04-23 13:20:39.911 D/VibratorManagerService( 1426): Finish AppOp mode VIBRATE for uid 10472 and package com.toov1.dovizaltin
04-23 13:20:40.240 I/LayerHistory( 1101): com.toov1.dovizaltin/com.toov1.dovizaltin.MainActivity$_7922#5882 voted ExplicitCategory with category: HighHint
04-23 13:20:40.657 I/LayerHistory( 1101): com.toov1.dovizaltin/com.toov1.dovizaltin.MainActivity$_7922#5882 voted ExplicitCategory with category: HighHint
04-23 13:20:40.725 D/VibratorManagerService( 1426): vibrate - uid: 10472, opPkg: com.toov1.dovizaltin, effect: Mono{mEffect=Composed{segments=[Step{amplitude=0.0, frequencyHz=0.0, duration=0}, Step{amplitude=0.11764706, frequencyHz=0.0, duration=50}], repeat=-1, mMagnitudeType=TYPE_EXTRA}}, attrs: VibrationAttributes{mUsage=TOUCH, mAudioUsage= USAGE_UNKNOWN, mFlags=0, tags=}, reason: null, token: android.os.BinderProxy@cf0804a
04-23 13:20:40.725 D/VibratorManagerService( 1426): Check AppOp mode VIBRATE for uid 10472 and package com.toov1.dovizaltin returned audio=allow, op=allow
04-23 13:20:40.726 D/VibratorManagerService( 1426): Start AppOp mode VIBRATE for uid 10472 and package com.toov1.dovizaltin returned allow
04-23 13:20:40.736 D/ActivityTaskManager( 1426): DesktopModeLaunchParamsModifier: task=Task{fe9b9c5 #6210 type=standard A=10472:com.toov1.dovizaltin} activity=ActivityRecord{15791815 u0 com.google.android.permissioncontroller/com.android.permissioncontroller.permission.ui.GrantPermissionsActivity t-1} non-desktop, skipping
