04-23 13:20:42.461 D/InsetsSourceProvider( 1426): updateControlForTarget: control=InsetsSourceControl: {8470000 mType=statusBars initiallyVisible mSurfacePosition=Point(0, 0) mInsetsHint=Insets{left=0, top=80, right=0, bottom=0}}, target=Window{3baeb93 u0 com.toov1.dovizaltin/com.toov1.dovizaltin.MainActivity}, from=com.android.server.wm.InsetsStateController.onControlTargetChanged:83 com.android.server.wm.InsetsPolicy.updateBarControlTarget:212 com.android.server.wm.DisplayPolicy.updateSystemBarAttributes:262 com.android.server.wm.WindowManagerService.updateFocusedWindowLocked:372 com.android.server.wm.ActivityTaskManagerService.setLastResumedActivityUncheckLocked:264 
04-23 13:20:42.462 D/InsetsSourceProvider( 1426): updateControlForTarget: control=InsetsSourceControl: {83d80001 mType=navigationBars initiallyVisible mSurfacePosition=Point(0, 2205) mInsetsHint=Insets{left=0, top=0, right=0, bottom=135}}, target=Window{3baeb93 u0 com.toov1.dovizaltin/com.toov1.dovizaltin.MainActivity}, from=com.android.server.wm.InsetsStateController.onControlTargetChanged:83 com.android.server.wm.InsetsPolicy.updateBarControlTarget:225 com.android.server.wm.DisplayPolicy.updateSystemBarAttributes:262 com.android.server.wm.WindowManagerService.updateFocusedWindowLocked:372 com.android.server.wm.ActivityTaskManagerService.setLastResumedActivityUncheckLocked:264 
04-23 13:20:42.462 D/WindowManager( 1426): updateSystemBarAttributes: displayId=0, focusedCanBeNavColorWin=false, win=Window{3baeb93 u0 com.toov1.dovizaltin/com.toov1.dovizaltin.MainActivity}, navColorWin=Window{3baeb93 u0 com.toov1.dovizaltin/com.toov1.dovizaltin.MainActivity}, caller=com.android.server.wm.WindowManagerService.updateFocusedWindowLocked:372 com.android.server.wm.ActivityTaskManagerService.setLastResumedActivityUncheckLocked:264 com.android.server.wm.ActivityTaskSupervisor.updateTopResumedActivityIfNeeded:51 
04-23 13:20:42.462 V/SystemKeyManager( 1426): updateFocusedWindow() is called, com.toov1.dovizaltin/com.toov1.dovizaltin.MainActivity
04-23 13:20:42.462 D/ActivityTaskManager( 1426): scheduleTopResumedActivityChanged, onTop=true, r=ActivityRecord{110282812 u0 com.toov1.dovizaltin/.MainActivity t6210}, caller=com.android.server.wm.ActivityTaskSupervisor.scheduleTopResumedActivityStateIfNeeded:18 com.android.server.wm.ActivityTaskSupervisor.updateTopResumedActivityIfNeeded:54 com.android.server.wm.TaskFragment.setResumedActivity:30 com.android.server.wm.ActivityRecord.setState:100 com.android.server.wm.TaskFragment.resumeTopActivity:1705 com.android.server.wm.Task.resumeTopActivityInnerLocked:119 
04-23 13:20:42.463 D/SurfaceComposerClient( 1426): setCornerRadius ## 3baeb93 com.toov1.dovizaltin/com.toov1.dovizaltin.MainActivity#5881 cornerRadius=0.000000
04-23 13:20:42.464 D/SurfaceComposerClient( 1426): setCornerRadius ## 3baeb93 com.toov1.dovizaltin/com.toov1.dovizaltin.MainActivity#5881 cornerRadius=0.000000
04-23 13:20:42.464 D/ChangeTransitionController( 1426):    ChangeInfo{c2b92f7 container=Task{fe9b9c5 #6210 type=standard A=10472:com.toov1.dovizaltin} flags=0x0}
04-23 13:20:42.468 D/SurfaceComposerClient( 1426): setCornerRadius ## 3baeb93 com.toov1.dovizaltin/com.toov1.dovizaltin.MainActivity#5881 cornerRadius=0.000000
04-23 13:20:42.470 D/SGM:FgCheckThread( 1426): noteResumeComponent(), received pkgName: com.toov1.dovizaltin, userId: 0
04-23 13:20:42.471 D/SGM:FgCheckThread( 1426): onLooperPrepared(), msg: MSG_APP_RESUME, pkgName: com.toov1.dovizaltin, userid: 0
04-23 13:20:42.471 D/SGM:FgCheckThread( 1426):   handleResume(). pkgName: com.toov1.dovizaltin, userId: 0, category: non-game
04-23 13:20:42.471 D/SGM:FgCheckThread( 1426): notifyFocusInOut(). of pkg: com.toov1.dovizaltin, type: 4, isSecGameFamily: false, userId: 0
04-23 13:20:42.471 I/SDHMS:k ( 3856): handleResumeComponent : put = com.toov1.dovizaltin, userid = 0 instanceid =14822440
04-23 13:20:42.472 I/HoneySpace.EdgePanel.EdgePanelContainerViewModel(23211): cocktailHostRepository.edgePanelOperation NoteResumeComponent(componentName=ComponentInfo{com.toov1.dovizaltin/com.toov1.dovizaltin.MainActivity})
04-23 13:20:42.472 I/HoneySpace.EdgePanel.ActivityUtils(23211): HomePackage : com.sec.android.app.launcher, resumePackageName : com.toov1.dovizaltin, className : com.toov1.dovizaltin.MainActivity
04-23 13:20:42.475 V/WindowManager( 1426):    ChangeInfo{c2b92f7 container=Task{fe9b9c5 #6210 type=standard A=10472:com.toov1.dovizaltin} flags=0x0}
04-23 13:20:42.475 D/ChangeTransitionController( 1426):    ChangeInfo{c2b92f7 container=Task{fe9b9c5 #6210 type=standard A=10472:com.toov1.dovizaltin} flags=0x0}
04-23 13:20:42.477 D/SGM:GameManager( 1426): identifyForegroundApp. com.toov1.dovizaltin, mCurrentUserId: 0, callerUserId: 0
04-23 13:20:42.477 D/SGM:GameManager( 1426): identifyForegroundApp. com.toov1.dovizaltin, mCurrentUserId: 0, callerUserId: 0
04-23 13:20:42.482 I/SurfaceFlinger( 1101): [LayerHierarchy{RequestedLayerState{ImeContainer#15 parentId=5873 relativeParentId=5881 z=1} 1 children}] RelativeParent to LayerHierarchy{RequestedLayerState{3baeb93 com.toov1.dovizaltin/com.toov1.dovizaltin.MainActivity#5881 parentId=5873} 2 children}
04-23 13:20:42.485 D/SurfaceComposerClient( 1426): setCornerRadius ## 3baeb93 com.toov1.dovizaltin/com.toov1.dovizaltin.MainActivity#5881 cornerRadius=0.000000
04-23 13:20:42.485 D/SurfaceComposerClient( 1426): setCornerRadius ## 3baeb93 com.toov1.dovizaltin/com.toov1.dovizaltin.MainActivity#5881 cornerRadius=0.000000
04-23 13:20:42.486 I/InsetsSourceConsumer( 7922): applyRequestedVisibilityToControl: visible=true, type=statusBars, host=com.toov1.dovizaltin/com.toov1.dovizaltin.MainActivity
04-23 13:20:42.486 I/InsetsSourceConsumer( 7922): applyRequestedVisibilityToControl: visible=true, type=navigationBars, host=com.toov1.dovizaltin/com.toov1.dovizaltin.MainActivity
04-23 13:20:42.486 D/SurfaceComposerClient( 1426): setCornerRadius ## 3baeb93 com.toov1.dovizaltin/com.toov1.dovizaltin.MainActivity#5881 cornerRadius=0.000000
04-23 13:20:42.487 D/SurfaceFlinger( 1101):        DEVICE |           34024730918913 | 00002102 | RGBA_8888    |    0.0    0.0 1080.0 2340.0 |    0    0 1080 2340 | com.toov1.dovizaltin/com.toov1.dovizaltin.MainActivity$_7922#5882 (607)
04-23 13:20:42.487 D/SurfaceFlinger( 1101): [input] setFocusedWindow: 3baeb93 com.toov1.dovizaltin/com.toov1.dovizaltin.MainActivity
04-23 13:20:42.487 D/InputDispatcher( 1426): Once focus requested (0): 3baeb93 com.toov1.dovizaltin/com.toov1.dovizaltin.MainActivity
04-23 13:20:42.487 D/InputDispatcher( 1426): Focus entered window (0): 3baeb93 com.toov1.dovizaltin/com.toov1.dovizaltin.MainActivity
04-23 13:20:42.488 I/ImeTracker( 1426): com.toov1.dovizaltin:719b0d2: onRequestHide at ORIGIN_SERVER reason HIDE_SAME_WINDOW_FOCUSED_WITHOUT_EDITOR fromUser false
04-23 13:20:42.488 I/ImeTracker( 7922): com.toov1.dovizaltin:719b0d2: onCancelled at PHASE_CLIENT_ALREADY_HIDDEN
04-23 13:20:42.491 I/HBD     ( 4353): b [AiWriter] setContact : com.toov1.dovizaltin
04-23 13:20:42.491 I/HBD     ( 4353): a [AiWriter] setContact : com.toov1.dovizaltin
04-23 13:20:42.496 D/SurfaceComposerClient( 1426): setCornerRadius ## 3baeb93 com.toov1.dovizaltin/com.toov1.dovizaltin.MainActivity#5881 cornerRadius=0.000000
04-23 13:20:42.496 D/SurfaceComposerClient( 1426): setCornerRadius ## 3baeb93 com.toov1.dovizaltin/com.toov1.dovizaltin.MainActivity#5881 cornerRadius=0.000000
04-23 13:20:42.499 I/HBD     ( 4353): a [SKE_SPECIFIC] specific model[com.toov1.dovizaltin] loaded, 199375 ns
04-23 13:20:42.500 D/SGM:FgCheckThread( 1426): getForegroundApp(), foregroundPkgName=com.toov1.dovizaltin
04-23 13:20:42.500 D/SGM:FgCheckThread( 1426): noteStopComponent(), received pkgName: com.google.android.permissioncontroller, focusedPkgName: com.toov1.dovizaltin, userId: 0
04-23 13:20:42.608 D/MdnieScenarioControlService( 1426):  packageName : com.toov1.dovizaltin    className : com.toov1.dovizaltin.MainActivity
04-23 13:20:42.609 I/ActivityManager( 1426): Background started FGS: Allowed [callingPackage: com.toov1.dovizaltin; callingUid: 10472; uidState: TOP ; uidBFSL: [BFSL]; intent: Intent { act=app.notifee.core.ForegroundService.START xflg=0x4 cmp=com.toov1.dovizaltin/app.notifee.core.ForegroundService (has extras) }; code:PROC_STATE_TOP; tempAllowListReason:<null>; allowWiu:12; targetSdkVersion:36; callerTargetSdkVersion:36; startForegroundCount:0; bindFromPackage:null: isBindService:false]
04-23 13:20:42.610 I/ActivityManager( 1426): Background started FGS: Allowed [callingPackage: com.toov1.dovizaltin; callingUid: 10472; uidState: TOP ; uidBFSL: [BFSL]; intent: Intent { act=app.notifee.core.ForegroundService.START cmp=com.toov1.dovizaltin/app.notifee.core.ForegroundService }; code:PROC_STATE_TOP; tempAllowListReason:<null>; allowWiu:12; targetSdkVersion:36; callerTargetSdkVersion:36; startForegroundCount:0; bindFromPackage:null: isBindService:false]
04-23 13:20:42.610 D/SecFgsManagerController( 1865): onForegroundStateChanged: [dialog:false]:[isForeground:true]:[packageName:com.toov1.dovizaltin]:[token:android.os.BinderProxy@7190934]:[userId:0]
04-23 13:20:42.611 D/SecFgsManagerController( 1865): updateUiControl[com.toov1.dovizaltin]: -1
04-23 13:20:42.815 D/NotificationReminder( 1426): addNotificationRecord record com.toov1.dovizaltin
04-23 13:20:42.817 D/InterruptionStateProvider( 1865):  no Heads up : edgelighting enabled app. 0|com.toov1.dovizaltin|-169915944|null|10472
04-23 13:20:42.818 I/HoneySpace.NotificationListener(23211): onNotificationPosted com.toov1.dovizaltin: 0|com.toov1.dovizaltin|-169915944|null|10472: 0
04-23 13:20:42.818 I/HoneySpace.BadgeDataSourceImpl(23211): Get notification count. PK(p='com.toov1.dovizaltin', u=UserHandle{0}) - forceBadgeCount: false, notification listener: 1, badge provider: 0
04-23 13:20:42.818 I/HoneySpace.PackageEventOperator(23211): [ApplistViewModel] badge count is updated. com.toov1.dovizaltin/.MainActivity#UserHandle{0}|36880 : 1
04-23 13:20:42.818 D/InterruptionStateProvider( 1865):  no Heads up : edgelighting enabled app. 0|com.toov1.dovizaltin|-169915944|null|10472
04-23 13:20:42.834 I/AppIconSolution( 1865): return adaptive icon for com.toov1.dovizaltin, isNight = true
04-23 13:20:42.839 D/ExpandableNotifRow( 1865): mMaxSmallHeight different before reInflateViews mMaxSmallHeight: 203 mTempSmallHeight:0 0|com.toov1.dovizaltin|-169915944|null|10472
04-23 13:20:42.839 D/ExpandableNotifRow( 1865): mMaxSmallHeight different before reInflateViews mMaxSmallHeight: 203 mTempSmallHeight:0 0|com.toov1.dovizaltin|-169915944|null|10472
04-23 13:20:42.839 D/ExpandableNotifRow( 1865): mMaxSmallHeight different before reInflateViews mMaxSmallHeight: 203 mTempSmallHeight:0 0|com.toov1.dovizaltin|-169915944|null|10472
04-23 13:20:42.839 D/ExpandableNotifRow( 1865): mMaxSmallHeight different before reInflateViews mMaxSmallHeight: 203 mTempSmallHeight:0 0|com.toov1.dovizaltin|-169915944|null|10472
04-23 13:20:42.839 D/S.S.N.  ( 1865): entryViewBound parent :0|com.toov1.dovizaltin|-169915944|null|10472
04-23 13:20:42.840 I/AppIconSolution( 1865): return adaptive icon for com.toov1.dovizaltin, isNight = true
04-23 13:20:42.844 I/View    ( 1865): setRequestedFrameRate frameRate=-2.0, this=StatusBarIconView(slot='com.toov1.dovizaltin/0xf5df49d8' alpha=1.0 icon=StatusBarIcon(icon=Icon(typ=RESOURCE pkg=com.toov1.dovizaltin id=0x7f070106) visible user=0 ) visibleState=ICON iconColor=#0 staticDrawableColor=#0 decorColor=#ff1b6cf7 animationStartColor=#0 currentSetColor=#0 notification=StatusBarNotification(pkg=com.toov1.dovizaltin user=UserHandle{0} id=-169915944 tag=null key=0|com.toov1.dovizaltin|-169915944|null|10472: Notification(channel=carsi-ongoing shortcut=null contentView=null vibrate=null sound=null defaults=0 flags=ONGOING_EVENT|ONLY_ALERT_ONCE|NO_CLEAR|FOREGROUND_SERVICE color=0xff0b3d91 vis=PRIVATE semFlags=0x0 semPriority=0 semMissedCount=0))), caller=com.android.systemui.statusbar.StatusBarIconView.onAttachedToWindow:6 android.view.View.dispatchAttachedToWindow:24320 android.view.ViewGroup.addViewInner:5582 android.view.ViewGroup.addView:5358 com.android.systemui.statusbar.phone.LegacyNotificationIconAreaControllerImpl.updateIconsForLayout:468 
04-23 13:20:42.845 I/View    ( 1865): setRequestedFrameRate frameRate=-2.0, this=StatusBarIconView(slot='com.toov1.dovizaltin/0xf5df49d8' alpha=1.0 icon=StatusBarIcon(icon=Icon(typ=RESOURCE pkg=com.toov1.dovizaltin id=0x7f070106) visible user=0 ) visibleState=ICON iconColor=#0 staticDrawableColor=#0 decorColor=#ff1b6cf7 animationStartColor=#0 currentSetColor=#0 notification=StatusBarNotification(pkg=com.toov1.dovizaltin user=UserHandle{0} id=-169915944 tag=null key=0|com.toov1.dovizaltin|-169915944|null|10472: Notification(channel=carsi-ongoing shortcut=null contentView=null vibrate=null sound=null defaults=0 flags=ONGOING_EVENT|ONLY_ALERT_ONCE|NO_CLEAR|FOREGROUND_SERVICE color=0xff0b3d91 vis=PRIVATE semFlags=0x0 semPriority=0 semMissedCount=0))), caller=com.android.systemui.statusbar.StatusBarIconView.onAttachedToWindow:6 android.view.View.dispatchAttachedToWindow:24320 android.view.ViewGroup.addViewInner:5582 android.view.ViewGroup.addView:5358 com.android.systemui.statusbar.phone.LegacyNotificationIconAreaControllerImpl.updateIconsForLayout:468 
04-23 13:20:42.847 D/ExpandableNotifRow( 1865): mMaxSmallHeight different before reInflateViews mMaxSmallHeight: 203 mTempSmallHeight:0 0|com.toov1.dovizaltin|-169915944|null|10472
04-23 13:20:42.847 D/ExpandableNotifRow( 1865): mMaxSmallHeight different before reInflateViews mMaxSmallHeight: 203 mTempSmallHeight:0 0|com.toov1.dovizaltin|-169915944|null|10472
04-23 13:20:42.990 D/SGM:GameManager( 1426): identifyForegroundApp. com.toov1.dovizaltin, mCurrentUserId: 0, callerUserId: 0
04-23 13:20:43.107 I/LayerHistory( 1101): com.toov1.dovizaltin/com.toov1.dovizaltin.MainActivity$_7922#5882 voted ExplicitCategory with category: HighHint
04-23 13:20:43.381 I/LayerHistory( 1101): com.toov1.dovizaltin/com.toov1.dovizaltin.MainActivity$_7922#5882 voted ExplicitCategory with category: HighHint
04-23 13:20:43.467 D/VibratorManagerService( 1426): vibrate - uid: 10472, opPkg: com.toov1.dovizaltin, effect: Mono{mEffect=Composed{segments=[Step{amplitude=0.0, frequencyHz=0.0, duration=0}, Step{amplitude=0.19607843, frequencyHz=0.0, duration=40}, Step{amplitude=0.0, frequencyHz=0.0, duration=100}, Step{amplitude=0.23529412, frequencyHz=0.0, duration=40}], repeat=-1, mMagnitudeType=TYPE_EXTRA}}, attrs: VibrationAttributes{mUsage=MEDIA, mAudioUsage= USAGE_UNKNOWN, mFlags=0, tags=}, reason: null, token: android.os.BinderProxy@cf0804a
04-23 13:20:43.467 D/VibratorManagerService( 1426): Check AppOp mode VIBRATE for uid 10472 and package com.toov1.dovizaltin returned audio=allow, op=allow
04-23 13:20:43.468 D/VibratorManagerService( 1426): Start AppOp mode VIBRATE for uid 10472 and package com.toov1.dovizaltin returned allow
04-23 13:20:43.633 I/AppWidgetServiceImpl( 1426): getInstalledProvidersForProfiles lock in null
04-23 13:20:43.634 I/AppWidgetServiceImpl( 1426): getInstalledProvidersForProfiles lock exit 39
04-23 13:20:43.655 D/VibratorManagerService( 1426): Finish AppOp mode VIBRATE for uid 10472 and package com.toov1.dovizaltin
04-23 13:20:43.660 I/ReactNativeJS( 7922): [CARSI-WIDGET] refresh OK field=sell rows=4 err=-
04-23 13:20:43.673 I/Kumiho-Kumiho( 7922): getPackageName: com.toov1.dovizaltin
04-23 13:20:43.749 I/Kumiho-Kumiho( 7922): getPackageName: com.toov1.dovizaltin
04-23 13:20:43.785 I/Kumiho-Kumiho( 7922): getPackageName: com.toov1.dovizaltin
04-23 13:20:43.807 I/LayerHistory( 1101): com.toov1.dovizaltin/com.toov1.dovizaltin.MainActivity$_7922#5882 voted ExplicitCategory with category: HighHint
04-23 13:20:43.843 I/LayerHistory( 1101): com.toov1.dovizaltin/com.toov1.dovizaltin.MainActivity$_7922#5882 voted ExplicitCategory with category: HighHint
04-23 13:20:43.850 I/Kumiho-Kumiho( 7922): getPackageName: com.toov1.dovizaltin
04-23 13:20:43.874 I/AppWidgetServiceImpl( 1426): getInstalledProvidersForProfiles lock in null
04-23 13:20:43.875 I/AppWidgetServiceImpl( 1426): getInstalledProvidersForProfiles lock exit 39
04-23 13:20:43.877 I/AppWidgetServiceImpl( 1426): getInstalledProvidersForProfiles lock in null
04-23 13:20:43.877 I/AppWidgetServiceImpl( 1426): getInstalledProvidersForProfiles lock exit 39
04-23 13:20:43.878 I/AppWidgetManager( 7922): updateAppWidget() appWidgetIds = [25]
04-23 13:20:43.878 I/AppWidgetServiceImpl( 1426): Null RemoteViews on updateAppWidgetIds
04-23 13:20:43.905 D/ActivityTaskManager( 1426): scheduleTopResumedActivityChanged, onTop=false, r=ActivityRecord{110282812 u0 com.toov1.dovizaltin/.MainActivity t6210}, caller=com.android.server.wm.ActivityTaskSupervisor.scheduleTopResumedActivityStateLossIfNeeded:19 com.android.server.wm.ActivityTaskSupervisor.updateTopResumedActivityIfNeeded:20 com.android.server.wm.TaskDisplayArea.positionChildAt:252 com.android.server.wm.WindowContainer.positionChildAt:84 com.android.server.wm.Task.positionChildAt:19 com.android.server.wm.Task.moveToFront:40 
04-23 13:20:43.906 V/WindowManager( 1426): Collecting in transition 464: ActivityRecord{110282812 u0 com.toov1.dovizaltin/.MainActivity t6210}, caller=com.android.server.wm.TransitionController.collect:7 com.android.server.wm.ActivityRecord.setVisibility:132 com.android.server.wm.ActivityRecord.makeInvisible:32 com.android.server.wm.EnsureActivitiesVisibleHelper.process:542 com.android.server.wm.TaskFragment.updateActivityVisibilities:12 
04-23 13:20:43.906 D/WindowManager( 1426): prepareSync <SYNC_STATE_WAITING_FOR_DRAW>, mPrepareSyncSeqId=0, win=Window{3baeb93 u0 com.toov1.dovizaltin/com.toov1.dovizaltin.MainActivity}
04-23 13:20:43.908 D/WindowManager( 1426): Changing focus from Window{3baeb93 u0 com.toov1.dovizaltin/com.toov1.dovizaltin.MainActivity} to null displayId=0 Callers=com.android.server.wm.ActivityTaskManagerService.setLastResumedActivityUncheckLocked:264 com.android.server.wm.ActivityTaskSupervisor.updateTopResumedActivityIfNeeded:51 com.android.server.wm.TaskFragment.setResumedActivity:30 com.android.server.wm.ActivityRecord.setState:100 
04-23 13:20:43.909 V/WindowManager( 1426):    ChangeInfo{c73542e container=ActivityRecord{110282812 u0 com.toov1.dovizaltin/.MainActivity t6210} flags=0x0}
04-23 13:20:43.909 V/WindowManager( 1426):    ChangeInfo{de4853a container=Task{fe9b9c5 #6210 type=standard A=10472:com.toov1.dovizaltin} flags=0x0}
04-23 13:20:43.912 D/SGM:FgCheckThread( 1426): notePauseComponent(), received pkgName: com.toov1.dovizaltin, userId: 0
04-23 13:20:43.914 I/HoneySpace.HoneyAppWidgetHost(23211): called startListening, host: 67f3c29, hostId: 1024
04-23 13:20:43.914 I/AppWidgetHost(23211): semStartListening()
04-23 13:20:43.914 I/AppWidgetServiceImpl( 1426): startListening() 
04-23 13:20:43.915 I/AppWidgetServiceImpl( 1426): startListening callbacks : com.android.internal.appwidget.IAppWidgetHost$Stub$Proxy@c05bb06 intervalEnsure:41808216 intervalHostLock:41808216 LhostId:HostId{user:0, app:10153, hostId:1024, pkg:com.sec.android.app.launcher}
04-23 13:20:43.915 I/AppWidgetServiceImpl( 1426): startListening() finish
04-23 13:20:43.916 I/HoneySpace.HoneyAppWidgetHost(23211): success hidden_semStartListening - result: true, host: 67f3c29, hostId: 1024
04-23 13:20:43.922 D/WindowManager( 1426): updateSystemBarAttributes: displayId=0, focusedCanBeNavColorWin=false, win=Window{f2bbc10 u0 com.sec.android.app.launcher/com.sec.android.app.launcher.activities.LauncherActivity}, navColorWin=Window{3baeb93 u0 com.toov1.dovizaltin/com.toov1.dovizaltin.MainActivity}, caller=com.android.server.wm.WindowManagerService.updateFocusedWindowLocked:372 com.android.server.wm.WindowManagerService.relayoutWindow:1350 com.android.server.wm.Session.relayout:27 
04-23 13:20:43.932 D/InputDispatcher( 1426): Focus left window (0): 3baeb93 com.toov1.dovizaltin/com.toov1.dovizaltin.MainActivity
04-23 13:20:43.936 D/ChangeTransitionController( 1426):    ChangeInfo{c73542e container=ActivityRecord{110282812 u0 com.toov1.dovizaltin/.MainActivity t6210} flags=0x0}
04-23 13:20:43.936 D/ChangeTransitionController( 1426):    ChangeInfo{de4853a container=Task{fe9b9c5 #6210 type=standard A=10472:com.toov1.dovizaltin} flags=0x0}
04-23 13:20:43.936 V/WindowManager( 1426): Start calculating TransitionInfo based on participants: {ActivityRecord{35192115 u0 com.sec.android.app.launcher/.activities.LauncherActivity t6198}, ActivityRecord{110282812 u0 com.toov1.dovizaltin/.MainActivity t6210}, ActivityRecord{142171309 u0 com.sec.android.app.launcher/.activities.LauncherActivity t-1}, Task{8b29e69 #6197 type=home}, Task{a3b88f0 #6198 type=home I=com.sec.android.app.launcher/.activities.LauncherActivity}, WallpaperWindowToken{a7595d3 showWhenLocked=true}_<lock>}
04-23 13:20:43.936 V/WindowManager( 1426):   Final targets: [ChangeInfo{e9495c container=Task{8b29e69 #6197 type=home} flags=0x30}, ChangeInfo{de4853a container=Task{fe9b9c5 #6210 type=standard A=10472:com.toov1.dovizaltin} flags=0x10}, ChangeInfo{496cfdb container=WallpaperWindowToken{a7595d3 showWhenLocked=true}_<lock> flags=0x0}]
04-23 13:20:43.937 I/AppWidgetHost(23211): updateAppWidgetView, appWidgetId = 25, v = com.honeyspace.ui.common.widget.HoneyAppWidgetHostView{4c3860a VFE...... R....... 30,30-1158,299} - span boundary: (4, 1) ~ (4, 6), appWidgetSize: 0, flag: 1, lastAppliedInfo: RemoteViewInfo(packages=com.toov1.dovizaltin), cachedImageView: false
04-23 13:20:43.937 I/HoneySpace.HoneyAppWidgetHostView(23211): [updateAppWidget id=25] receive event - isAnimating: false, remoteViews: android.widget.RemoteViews@8996254, hostView: @4c3860a
04-23 13:20:43.937 I/HoneySpace.HoneyAppWidgetHostView(23211): [updateAppWidget id=25] start update job for widget
04-23 13:20:43.937 I/HoneySpace.HoneyAppWidgetHostView(23211): [updateAppWidget id=25] apply resume delay - 77 ms
04-23 13:20:43.938 V/WindowManager( 1426):         {WCT{RemoteToken{e00f6a0 Task{fe9b9c5 #6210 type=standard A=10472:com.toov1.dovizaltin}}} m=TO_BACK f=NONE leash=Surface(name=Task=6210)/@0x60dc6d2 sb=Rect(0, 0 - 1080, 2340) eb=Rect(0, 0 - 1080, 2340) epz=Point(1080, 2340) d=0 taskParent=-1 inset=Rect(0, 80 - 0, 135)},
04-23 13:20:43.955 I/SurfaceFlinger( 1101): Capture layer list: 	 com.toov1.dovizaltin/com.toov1.dovizaltin.MainActivity$_7922#5882(seamlessTransition:0)
04-23 13:20:43.955 D/RenderEngine( 1101): [SEC_SF_EFFECTS] drawLayersInternal,1494, Rendering layer com.toov1.dovizaltin/com.toov1.dovizaltin.MainActivity$_7922#5882 at index 1
04-23 13:20:43.960 V/WindowManager( 1426):         {WCT{RemoteToken{e00f6a0 Task{fe9b9c5 #6210 type=standard A=10472:com.toov1.dovizaltin}}} m=TO_BACK f=NONE leash=Surface(name=Task=6210)/@0x60dc6d2 sb=Rect(0, 0 - 1080, 2340) eb=Rect(0, 0 - 1080, 2340) epz=Point(1080, 2340) d=0 taskParent=-1 inset=Rect(0, 80 - 0, 135)},
04-23 13:20:43.962 I/HoneySpace.AppCloseAnimationDelegate(23211): findTargetValue [cookie-36880, pkgName-com.toov1.dovizaltin]
04-23 13:20:43.990 D/SurfaceFlinger( 1101):        CLIENT |           34024730918914 | 00002102 | RGBA_8888    |    0.0    0.0 1080.0 2340.0 |    1    3 1079 2338 | com.toov1.dovizaltin/com.toov1.dovizaltin.MainActivity$_7922#5882 (610)
04-23 13:20:44.317 V/WindowManager( 1426):    ChangeInfo{c73542e container=ActivityRecord{110282812 u0 com.toov1.dovizaltin/.MainActivity t6210} flags=0x0}
04-23 13:20:44.317 V/WindowManager( 1426):    ChangeInfo{de4853a container=Task{fe9b9c5 #6210 type=standard A=10472:com.toov1.dovizaltin} flags=0x10}
04-23 13:20:44.317 V/WindowManager( 1426): Setting visibility of Window{3baeb93 u0 com.toov1.dovizaltin/com.toov1.dovizaltin.MainActivity}: false, caller=com.android.server.wm.WindowContainer.sendAppVisibilityToClients:19 com.android.server.wm.WindowToken.setClientVisible:48 com.android.server.wm.ActivityRecord.commitVisibility:186 com.android.server.wm.TransitionController.finishTransition:846 com.android.server.wm.WindowOrganizerController.finishTransitionInner:31 
04-23 13:20:44.318 D/ChangeTransitionController( 1426):    ChangeInfo{c73542e container=ActivityRecord{110282812 u0 com.toov1.dovizaltin/.MainActivity t6210} flags=0x0}
04-23 13:20:44.318 D/ChangeTransitionController( 1426):    ChangeInfo{de4853a container=Task{fe9b9c5 #6210 type=standard A=10472:com.toov1.dovizaltin} flags=0x10}
04-23 13:20:44.325 I/HoneySpace.HoneyAppWidgetHostView(23211): [updateAppWidget id=25] update after transition animation
04-23 13:20:44.325 I/HoneySpace.HoneyAppWidgetHostView(23211): [updateAppWidget id=25] perform updateAppWidget - remoteViews: android.widget.RemoteViews@8996254, hostView: @4c3860a
04-23 13:20:44.332 I/SurfaceFlinger( 1101): RequestedLayer [com.toov1.dovizaltin/com.toov1.dovizaltin.MainActivity$_7922#5882] hidden!! flag  from(0) --> to(1)
04-23 13:20:44.332 I/SurfaceFlinger( 1101): RequestedLayer [ActivityRecord{110282812 u0 com.toov1.dovizaltin/.MainActivity t6210}#5873] hidden!! flag  from(0) --> to(1)
04-23 13:20:44.333 I/WindowManager( 1426): Relayout Window{3baeb93 u0 com.toov1.dovizaltin/com.toov1.dovizaltin.MainActivity}: viewVisibility=8 req=1080x2340 ty=1 d0
04-23 13:20:44.336 D/VRI[MainActivity]@48f0dcf( 7922): WindowStopped on com.toov1.dovizaltin/com.toov1.dovizaltin.MainActivity set to true
04-23 13:20:44.339 E/WindowManager( 1426): win=Window{3baeb93 u0 com.toov1.dovizaltin/com.toov1.dovizaltin.MainActivity} destroySurfaces: appStopped=true cleanupOnResume=false win.mWindowRemovalAllowed=false win.mRemoveOnExit=false win.mViewVisibility=8 caller=com.android.server.wm.ActivityRecord.destroySurfaces:25 com.android.server.wm.ActivityRecord.activityStopped:192 com.android.server.wm.ActivityClientController.activityStopped:97 android.app.IActivityClientController$Stub.onTransact:740 com.android.server.wm.ActivityClientController.onTransact:1 android.os.Binder.execTransactInternal:1462 android.os.Binder.execTransact:1401 
04-23 13:20:44.339 D/SGM:FgCheckThread( 1426): pkgName: com.toov1.dovizaltin is in foreground
04-23 13:20:44.340 I/SurfaceFlinger( 1101): [LayerHierarchy{RequestedLayerState{com.toov1.dovizaltin/com.toov1.dovizaltin.MainActivity$_7922#5882} no children}] reparent to OffscreenRoot
04-23 13:20:44.340 I/SurfaceFlinger( 1101): [LayerHierarchy{RequestedLayerState{com.toov1.dovizaltin/com.toov1.dovizaltin.MainActivity$_7922#5882} no children}] RelativeParent to null
04-23 13:20:44.341 I/SurfaceFlinger( 1101): id=5882 Removed com.toov1.dovizaltin/com.toov1.dovizaltin.MainActivity$_7922#5882 (147)
04-23 13:20:44.342 D/PkgPredictorService-SecIpmManagerServiceImpl( 1426): bg information pid:7922 uid:10472 pkgName:com.toov1.dovizaltin
04-23 13:20:44.349 I/SurfaceFlinger( 1101): destroyed com.toov1.dovizaltin/com.toov1.dovizaltin.MainActivity$_7922#5882
04-23 13:20:44.349 I/Layer   ( 1101): id=5882 Destroyed com.toov1.dovizaltin/com.toov1.dovizaltin.MainActivity$_7922#5882
04-23 13:20:46.738 I/ComplicationWidgetPluginController( 1865): requestAppWidgetListening false , true false true
04-23 13:20:46.738 I/SharedAppWidgetFacade( 1865):  startAppWidgetListening
04-23 13:20:46.740 I/AppWidgetServiceImpl( 1426): startListening() 
04-23 13:20:46.740 I/AppWidgetServiceImpl( 1426): lookupOrAddHostLocked = HostId{user:0, app:10050, hostId:2304, pkg:com.android.systemui}
04-23 13:20:46.740 I/AppWidgetServiceImpl( 1426): startListening callbacks : com.android.internal.appwidget.IAppWidgetHost$Stub$Proxy@2f9d512 intervalEnsure:41811042 intervalHostLock:41811042 LhostId:HostId{user:0, app:10050, hostId:2304, pkg:com.android.systemui}
04-23 13:20:46.741 I/AppWidgetServiceImpl( 1426): startListening() finish
04-23 13:20:47.667 I/ReactNativeJS( 7922): [CARSI-WIDGET] taskHandler ENTER action=WIDGET_CLICK id=25 name=PriceWidget w=401 h=95
04-23 13:20:47.689 I/ReactNativeJS( 7922): [CARSI-WIDGET] renderWidget OK stage=cache+refreshing field=sell rows=4 loading=false err=-
04-23 13:20:47.689 I/ReactNativeJS( 7922): [CARSI-WIDGET] fetching prices… codes=USD,EUR,ALTIN,CEYREK
04-23 13:20:47.694 I/Kumiho-Kumiho( 7922): getPackageName: com.toov1.dovizaltin
04-23 13:20:47.785 I/Kumiho-Kumiho( 7922): getPackageName: com.toov1.dovizaltin
04-23 13:20:47.816 I/Kumiho-Kumiho( 7922): getPackageName: com.toov1.dovizaltin
04-23 13:20:47.876 I/Kumiho-Kumiho( 7922): getPackageName: com.toov1.dovizaltin
04-23 13:20:47.901 I/AppWidgetServiceImpl( 1426): getInstalledProvidersForProfiles lock in null
04-23 13:20:47.904 I/AppWidgetServiceImpl( 1426): getInstalledProvidersForProfiles lock exit 39
04-23 13:20:47.909 I/AppWidgetServiceImpl( 1426): getInstalledProvidersForProfiles lock in null
04-23 13:20:47.910 I/AppWidgetServiceImpl( 1426): getInstalledProvidersForProfiles lock exit 39
04-23 13:20:47.913 I/AppWidgetManager( 7922): updateAppWidget() appWidgetIds = [25]
04-23 13:20:47.914 I/AppWidgetServiceImpl( 1426): Null RemoteViews on updateAppWidgetIds
04-23 13:20:47.919 D/AppWidgetServiceImpl( 1426): handleNotifyUpdateAppWidget, appWidgetId = 25
04-23 13:20:47.919 D/AppWidgetServiceImpl( 1426): Trying to notify widget update for package com.toov1.dovizaltin with widget id: 25
04-23 13:20:47.921 I/AppWidgetHost(23211): updateAppWidgetView, appWidgetId = 25, v = com.honeyspace.ui.common.widget.HoneyAppWidgetHostView{4c3860a VFE...... R....... 30,30-1158,299} - span boundary: (4, 1) ~ (4, 6), appWidgetSize: 0, flag: 1, lastAppliedInfo: RemoteViewInfo(packages=com.toov1.dovizaltin), cachedImageView: false
04-23 13:20:47.921 I/HoneySpace.HoneyAppWidgetHostView(23211): [updateAppWidget id=25] receive event - isAnimating: false, remoteViews: android.widget.RemoteViews@71bbf30, hostView: @4c3860a
04-23 13:20:47.921 I/HoneySpace.HoneyAppWidgetHostView(23211): [updateAppWidget id=25] start update job for widget
04-23 13:20:47.921 I/HoneySpace.HoneyAppWidgetHostView(23211): [updateAppWidget id=25] update after transition animation
04-23 13:20:47.921 I/HoneySpace.HoneyAppWidgetHostView(23211): [updateAppWidget id=25] perform updateAppWidget - remoteViews: android.widget.RemoteViews@71bbf30, hostView: @4c3860a
04-23 13:20:48.160 I/ComplicationWidgetPluginController( 1865): requestAppWidgetListening false , false false true
04-23 13:20:48.160 I/SharedAppWidgetFacade( 1865):  stopAppWidgetListening
04-23 13:20:48.161 I/AppWidgetServiceImpl( 1426): stopListening callbacks : null
04-23 13:20:48.276 I/ReactNativeJS( 7922): [CARSI-WIDGET] fetched rows=4 err=-
04-23 13:20:48.289 I/ReactNativeJS( 7922): [CARSI-WIDGET] renderWidget OK stage=data field=sell rows=4 loading=false err=-
04-23 13:20:48.289 I/ReactNativeJS( 7922): [CARSI-WIDGET] taskHandler EXIT action=WIDGET_CLICK
04-23 13:20:48.298 I/Kumiho-Kumiho( 7922): getPackageName: com.toov1.dovizaltin
04-23 13:20:48.371 I/Kumiho-Kumiho( 7922): getPackageName: com.toov1.dovizaltin
04-23 13:20:48.404 I/Kumiho-Kumiho( 7922): getPackageName: com.toov1.dovizaltin
04-23 13:20:48.468 I/Kumiho-Kumiho( 7922): getPackageName: com.toov1.dovizaltin
04-23 13:20:48.492 I/AppWidgetServiceImpl( 1426): getInstalledProvidersForProfiles lock in null
04-23 13:20:48.493 I/AppWidgetServiceImpl( 1426): getInstalledProvidersForProfiles lock exit 39
04-23 13:20:48.495 I/AppWidgetServiceImpl( 1426): getInstalledProvidersForProfiles lock in null
04-23 13:20:48.495 I/AppWidgetServiceImpl( 1426): getInstalledProvidersForProfiles lock exit 39
04-23 13:20:48.496 I/AppWidgetManager( 7922): updateAppWidget() appWidgetIds = [25]
04-23 13:20:48.496 I/AppWidgetServiceImpl( 1426): Null RemoteViews on updateAppWidgetIds
04-23 13:20:48.497 D/AppWidgetServiceImpl( 1426): handleNotifyUpdateAppWidget, appWidgetId = 25
04-23 13:20:48.497 D/AppWidgetServiceImpl( 1426): Trying to notify widget update for package com.toov1.dovizaltin with widget id: 25
04-23 13:20:48.498 I/AppWidgetHost(23211): updateAppWidgetView, appWidgetId = 25, v = com.honeyspace.ui.common.widget.HoneyAppWidgetHostView{4c3860a VFE...... R....... 30,30-1158,299} - span boundary: (4, 1) ~ (4, 6), appWidgetSize: 0, flag: 1, lastAppliedInfo: RemoteViewInfo(packages=com.toov1.dovizaltin), cachedImageView: false
04-23 13:20:48.498 I/HoneySpace.HoneyAppWidgetHostView(23211): [updateAppWidget id=25] receive event - isAnimating: false, remoteViews: android.widget.RemoteViews@2161063, hostView: @4c3860a
04-23 13:20:48.498 I/HoneySpace.HoneyAppWidgetHostView(23211): [updateAppWidget id=25] start update job for widget
04-23 13:20:48.498 I/HoneySpace.HoneyAppWidgetHostView(23211): [updateAppWidget id=25] update after transition animation
04-23 13:20:48.498 I/HoneySpace.HoneyAppWidgetHostView(23211): [updateAppWidget id=25] perform updateAppWidget - remoteViews: android.widget.RemoteViews@2161063, hostView: @4c3860a
04-23 13:20:50.345 D/FreecessHandler( 1426): freeze com.toov1.dovizaltin(10472) result : 40
04-23 13:20:50.345 D/FreecessHandler( 1426): stop trying to freeze com.toov1.dovizaltin
04-23 13:20:51.855 I/HoneySpace.HoneyAppWidgetHostView(23211): touch up, widgetId : 25
04-23 13:20:51.855 I/HoneySpace.SALoggingUtils(23211): SA Logging screenID: 101 eventId: 1003 detail: {PackageName=com.toov1.dovizaltin, det=1} value: -1
04-23 13:20:51.859 I/HoneySpace.WidgetInteractionHandlerImpl(23211): [findHostViewAncestor] - com.honeyspace.ui.common.widget.HoneyAppWidgetHostView{4c3860a VFE...... R....... 30,30-1158,299} - span boundary: (4, 1) ~ (4, 6), appWidgetSize: 0, flag: 1, lastAppliedInfo: RemoteViewInfo(packages=com.toov1.dovizaltin), cachedImageView: false
04-23 13:20:51.859 I/HoneySpace.WidgetInteractionHandlerImpl(23211): [getActivityLaunchOptions] hostView-com.honeyspace.ui.common.widget.HoneyAppWidgetHostView{4c3860a VFE...... R....... 30,30-1158,299} - span boundary: (4, 1) ~ (4, 6), appWidgetSize: 0, flag: 1, lastAppliedInfo: RemoteViewInfo(packages=com.toov1.dovizaltin), cachedImageView: false, targetView-com.honeyspace.ui.common.widget.WidgetHostViewContainer{a56da4f VFE...CL. ........ 0,0-1000,284} - Çarşı Piyasa - Canlı Döviz & Altın, appWidgetId=25, alpha=1.0, spanX=4, spanY=1, isStandardized: false, lastLabel: null, lastCornerRadius: null, lastBackgroundOpacity: 0, lastTransparent: true, x=0, y=0, cookieId-36881, intent-Intent { cmp=com.toov1.dovizaltin/.widget.PriceWidget }
04-23 13:20:51.861 I/HoneySpace.ShellAnimationRunner(23211): setDelegate, delegate-com.honeyspace.transition.delegate.AppWidgetLaunchAnimationDelegate@69fdeb6, strong-false
04-23 13:20:51.865 D/ActivityManager( 1426): Received BROADCAST intent 0x372f206 Key{broadcastIntent pkg=com.toov1.dovizaltin intent=act=com.toov1.dovizaltin.WIDGET_CLICK xflg=0x4 cmp=com.toov1.dovizaltin/.widget.PriceWidget flags=0x2000000 u=0} requestCode=-1176812048 sent=0 from uid 10153
04-23 13:20:51.869 D/AppWidgetProvider( 7922): onReceive:com.toov1.dovizaltin.WIDGET_CLICK
04-23 13:20:51.870 I/AppWidgetServiceImpl( 1426): getInstalledProvidersForProfiles lock in com.toov1.dovizaltin
04-23 13:20:51.870 I/AppWidgetServiceImpl( 1426): getInstalledProvidersForProfiles lock exit 1
04-23 13:20:51.871 I/AppWidgetServiceImpl( 1426): handleSaveMessage 0
04-23 13:20:51.881 D/PackageManager( 1426): setEnabledSetting : userId = 0 packageName = com.toov1.dovizaltin cmp = androidx.work.impl.background.systemalarm.RescheduleReceiver newState = 1 callingPackage = com.toov1.dovizaltin
04-23 13:20:51.881 D/ApplicationPolicy( 1426): getApplicationStateEnabled : pkg = com.toov1.dovizaltin userId : 0
04-23 13:20:51.882 D/ApplicationPolicy( 1426): getApplicationComponentState : pkg = com.toov1.dovizaltin userId : 0
04-23 13:20:51.885 D/PackageManager( 1426): setEnabledSetting : userId = 0 packageName = com.toov1.dovizaltin cmp = androidx.work.impl.background.systemalarm.RescheduleReceiver newState = 1 callingPackage = com.toov1.dovizaltin
04-23 13:20:51.886 D/ApplicationPolicy( 1426): getApplicationStateEnabled : pkg = com.toov1.dovizaltin userId : 0
04-23 13:20:51.886 D/ApplicationPolicy( 1426): getApplicationComponentState : pkg = com.toov1.dovizaltin userId : 0
04-23 13:20:51.894 I/ReactNativeJS( 7922): [CARSI-WIDGET] taskHandler ENTER action=WIDGET_CLICK id=25 name=PriceWidget w=401 h=95
04-23 13:20:51.909 I/ReactNativeJS( 7922): [CARSI-WIDGET] renderWidget OK stage=cache+refreshing field=sell rows=4 loading=false err=-
04-23 13:20:51.909 I/ReactNativeJS( 7922): [CARSI-WIDGET] fetching prices… codes=USD,EUR,ALTIN,CEYREK
04-23 13:20:51.916 I/Kumiho-Kumiho( 7922): getPackageName: com.toov1.dovizaltin
04-23 13:20:51.990 I/Kumiho-Kumiho( 7922): getPackageName: com.toov1.dovizaltin
04-23 13:20:52.020 I/Kumiho-Kumiho( 7922): getPackageName: com.toov1.dovizaltin
04-23 13:20:52.080 I/Kumiho-Kumiho( 7922): getPackageName: com.toov1.dovizaltin
04-23 13:20:52.104 I/AppWidgetServiceImpl( 1426): getInstalledProvidersForProfiles lock in null
04-23 13:20:52.105 I/AppWidgetServiceImpl( 1426): getInstalledProvidersForProfiles lock exit 39
04-23 13:20:52.107 I/AppWidgetServiceImpl( 1426): getInstalledProvidersForProfiles lock in null
04-23 13:20:52.107 I/AppWidgetServiceImpl( 1426): getInstalledProvidersForProfiles lock exit 39
04-23 13:20:52.109 I/AppWidgetManager( 7922): updateAppWidget() appWidgetIds = [25]
04-23 13:20:52.109 I/AppWidgetServiceImpl( 1426): Null RemoteViews on updateAppWidgetIds
04-23 13:20:52.110 D/AppWidgetServiceImpl( 1426): handleNotifyUpdateAppWidget, appWidgetId = 25
04-23 13:20:52.110 D/AppWidgetServiceImpl( 1426): Trying to notify widget update for package com.toov1.dovizaltin with widget id: 25
04-23 13:20:52.110 I/AppWidgetHost(23211): updateAppWidgetView, appWidgetId = 25, v = com.honeyspace.ui.common.widget.HoneyAppWidgetHostView{4c3860a VFE...... R....... 30,30-1158,299} - span boundary: (4, 1) ~ (4, 6), appWidgetSize: 0, flag: 1, lastAppliedInfo: RemoteViewInfo(packages=com.toov1.dovizaltin), cachedImageView: false
04-23 13:20:52.110 I/HoneySpace.HoneyAppWidgetHostView(23211): [updateAppWidget id=25] receive event - isAnimating: false, remoteViews: android.widget.RemoteViews@293eb24, hostView: @4c3860a
04-23 13:20:52.110 I/HoneySpace.HoneyAppWidgetHostView(23211): [updateAppWidget id=25] start update job for widget
04-23 13:20:52.110 I/HoneySpace.HoneyAppWidgetHostView(23211): [updateAppWidget id=25] update after transition animation
04-23 13:20:52.110 I/HoneySpace.HoneyAppWidgetHostView(23211): [updateAppWidget id=25] perform updateAppWidget - remoteViews: android.widget.RemoteViews@293eb24, hostView: @4c3860a
04-23 13:21:00.496 I/HoneySpace.HoneyAppWidgetHostView(23211): touch up, widgetId : 25
04-23 13:21:00.496 I/HoneySpace.SALoggingUtils(23211): SA Logging screenID: 101 eventId: 1003 detail: {PackageName=com.toov1.dovizaltin, det=1} value: -1
04-23 13:21:00.503 I/HoneySpace.WidgetInteractionHandlerImpl(23211): [findHostViewAncestor] - com.honeyspace.ui.common.widget.HoneyAppWidgetHostView{4c3860a VFE...... R....... 30,30-1158,299} - span boundary: (4, 1) ~ (4, 6), appWidgetSize: 0, flag: 1, lastAppliedInfo: RemoteViewInfo(packages=com.toov1.dovizaltin), cachedImageView: false
04-23 13:21:00.503 I/HoneySpace.WidgetInteractionHandlerImpl(23211): [getActivityLaunchOptions] hostView-com.honeyspace.ui.common.widget.HoneyAppWidgetHostView{4c3860a VFE...... R....... 30,30-1158,299} - span boundary: (4, 1) ~ (4, 6), appWidgetSize: 0, flag: 1, lastAppliedInfo: RemoteViewInfo(packages=com.toov1.dovizaltin), cachedImageView: false, targetView-com.honeyspace.ui.common.widget.WidgetHostViewContainer{a56da4f VFE...CL. ........ 0,0-1000,284} - Çarşı Piyasa - Canlı Döviz & Altın, appWidgetId=25, alpha=1.0, spanX=4, spanY=1, isStandardized: false, lastLabel: null, lastCornerRadius: null, lastBackgroundOpacity: 0, lastTransparent: true, x=0, y=0, cookieId-36881, intent-Intent { cmp=com.toov1.dovizaltin/.widget.PriceWidget }
04-23 13:21:00.504 I/HoneySpace.ShellAnimationRunner(23211): setDelegate, delegate-com.honeyspace.transition.delegate.AppWidgetLaunchAnimationDelegate@3b5c1, strong-false
04-23 13:21:00.509 D/ActivityManager( 1426): Received BROADCAST intent 0xeb3f69e Key{broadcastIntent pkg=com.toov1.dovizaltin intent=act=com.toov1.dovizaltin.WIDGET_CLICK xflg=0x4 cmp=com.toov1.dovizaltin/.widget.PriceWidget flags=0x2000000 u=0} requestCode=-1176808435 sent=0 from uid 10153
04-23 13:21:00.511 D/AppWidgetProvider( 7922): onReceive:com.toov1.dovizaltin.WIDGET_CLICK
04-23 13:21:00.512 I/AppWidgetServiceImpl( 1426): getInstalledProvidersForProfiles lock in com.toov1.dovizaltin
04-23 13:21:00.513 I/AppWidgetServiceImpl( 1426): getInstalledProvidersForProfiles lock exit 1
04-23 13:21:00.514 I/AppWidgetServiceImpl( 1426): handleSaveMessage 0
04-23 13:21:00.527 D/PackageManager( 1426): setEnabledSetting : userId = 0 packageName = com.toov1.dovizaltin cmp = androidx.work.impl.background.systemalarm.RescheduleReceiver newState = 1 callingPackage = com.toov1.dovizaltin
04-23 13:21:00.527 D/ApplicationPolicy( 1426): getApplicationStateEnabled : pkg = com.toov1.dovizaltin userId : 0
04-23 13:21:00.528 D/ApplicationPolicy( 1426): getApplicationComponentState : pkg = com.toov1.dovizaltin userId : 0
04-23 13:21:00.535 D/PackageManager( 1426): setEnabledSetting : userId = 0 packageName = com.toov1.dovizaltin cmp = androidx.work.impl.background.systemalarm.RescheduleReceiver newState = 1 callingPackage = com.toov1.dovizaltin
04-23 13:21:00.536 D/ApplicationPolicy( 1426): getApplicationStateEnabled : pkg = com.toov1.dovizaltin userId : 0
04-23 13:21:00.536 D/ApplicationPolicy( 1426): getApplicationComponentState : pkg = com.toov1.dovizaltin userId : 0
04-23 13:21:00.553 I/ReactNativeJS( 7922): [CARSI-WIDGET] taskHandler ENTER action=WIDGET_CLICK id=25 name=PriceWidget w=401 h=95
04-23 13:21:00.570 I/ReactNativeJS( 7922): [CARSI-WIDGET] renderWidget OK stage=cache+refreshing field=sell rows=4 loading=false err=-
04-23 13:21:00.570 I/ReactNativeJS( 7922): [CARSI-WIDGET] fetching prices… codes=USD,EUR,ALTIN,CEYREK
04-23 13:21:00.581 I/Kumiho-Kumiho( 7922): getPackageName: com.toov1.dovizaltin
04-23 13:21:00.681 I/Kumiho-Kumiho( 7922): getPackageName: com.toov1.dovizaltin
04-23 13:21:00.719 I/Kumiho-Kumiho( 7922): getPackageName: com.toov1.dovizaltin
04-23 13:21:00.806 I/Kumiho-Kumiho( 7922): getPackageName: com.toov1.dovizaltin
04-23 13:21:00.836 I/AppWidgetServiceImpl( 1426): getInstalledProvidersForProfiles lock in null
04-23 13:21:00.837 I/AppWidgetServiceImpl( 1426): getInstalledProvidersForProfiles lock exit 39
04-23 13:21:00.841 I/AppWidgetServiceImpl( 1426): getInstalledProvidersForProfiles lock in null
04-23 13:21:00.842 I/AppWidgetServiceImpl( 1426): getInstalledProvidersForProfiles lock exit 39
04-23 13:21:00.845 I/AppWidgetManager( 7922): updateAppWidget() appWidgetIds = [25]
04-23 13:21:00.845 I/AppWidgetServiceImpl( 1426): Null RemoteViews on updateAppWidgetIds
04-23 13:21:00.846 D/AppWidgetServiceImpl( 1426): handleNotifyUpdateAppWidget, appWidgetId = 25
04-23 13:21:00.846 D/AppWidgetServiceImpl( 1426): Trying to notify widget update for package com.toov1.dovizaltin with widget id: 25
04-23 13:21:00.846 I/AppWidgetHost(23211): updateAppWidgetView, appWidgetId = 25, v = com.honeyspace.ui.common.widget.HoneyAppWidgetHostView{4c3860a VFE...... R....... 30,30-1158,299} - span boundary: (4, 1) ~ (4, 6), appWidgetSize: 0, flag: 1, lastAppliedInfo: RemoteViewInfo(packages=com.toov1.dovizaltin), cachedImageView: false
04-23 13:21:00.846 I/HoneySpace.HoneyAppWidgetHostView(23211): [updateAppWidget id=25] receive event - isAnimating: false, remoteViews: android.widget.RemoteViews@6d9bca7, hostView: @4c3860a
04-23 13:21:00.846 I/HoneySpace.HoneyAppWidgetHostView(23211): [updateAppWidget id=25] start update job for widget
04-23 13:21:00.846 I/HoneySpace.HoneyAppWidgetHostView(23211): [updateAppWidget id=25] update after transition animation
04-23 13:21:00.846 I/HoneySpace.HoneyAppWidgetHostView(23211): [updateAppWidget id=25] perform updateAppWidget - remoteViews: android.widget.RemoteViews@6d9bca7, hostView: @4c3860a
